interactions:
- request:
    body: null
    headers:
      Accept:
      - application/json;version=2
      Accept-Encoding:
      - gzip, deflate
      Connection:
      - keep-alive
      User-Agent:
      - apypie (https://github.com/Apipie/apypie)
    method: GET
    uri: https://centos7-katello-3-13.yatsu.example.com/api/status
  response:
    body:
      string: !!python/unicode '{"result":"ok","status":200,"version":"1.23.0","api_version":2}'
    headers:
      cache-control:
      - max-age=0, private, must-revalidate
      connection:
      - Keep-Alive
      content-length:
      - '63'
      content-security-policy:
      - 'default-src ''self''; child-src ''self''; connect-src ''self'' ws: wss:;
        img-src ''self'' data: *.gravatar.com; script-src ''unsafe-eval'' ''unsafe-inline''
        ''self''; style-src ''unsafe-inline'' ''self'''
      content-type:
      - application/json; charset=utf-8
      date:
      - Thu, 31 Oct 2019 14:51:55 GMT
      etag:
      - W/"e155d3039d3e53c9bd4f09acfe48e637"
      foreman_api_version:
      - '2'
      foreman_current_location:
      - ; ANY
      foreman_current_organization:
      - ; ANY
      foreman_version:
      - 1.23.0
      keep-alive:
      - timeout=5, max=10000
      server:
      - Apache
      set-cookie:
      - _session_id=718bf8d3f67cf3e6e534b1c323f8f412; path=/; secure; HttpOnly; SameSite=Lax
      status:
      - 200 OK
      strict-transport-security:
      - max-age=631139040; includeSubdomains
      x-content-type-options:
      - nosniff
      x-download-options:
      - noopen
      x-frame-options:
      - sameorigin
      x-permitted-cross-domain-policies:
      - none
      x-powered-by:
      - Phusion Passenger 4.0.53
      x-request-id:
      - 33dacd01-4b2c-42f3-9aec-2646a9544188
      x-runtime:
      - '0.135169'
      x-xss-protection:
      - 1; mode=block
    status:
      code: 200
      message: OK
- request:
    body: null
    headers:
      Accept:
      - application/json;version=2
      Accept-Encoding:
      - gzip, deflate
      Connection:
      - keep-alive
      Cookie:
      - _session_id=718bf8d3f67cf3e6e534b1c323f8f412
      User-Agent:
      - apypie (https://github.com/Apipie/apypie)
    method: GET
    uri: https://centos7-katello-3-13.yatsu.example.com/katello/api/organizations?per_page=4294967296&search=name%3D%22Test+Organization%22
  response:
    body:
      string: !!python/unicode "{\n  \"total\": 2,\n  \"subtotal\": 1,\n  \"page\":
        1,\n  \"per_page\": 4294967296,\n  \"search\": \"name=\\\"Test Organization\\\"\",\n
        \ \"sort\": {\n    \"by\": null,\n    \"order\": null\n  },\n  \"results\":
        [{\"label\":\"Test_Organization\",\"created_at\":\"2019-10-31 14:51:37 UTC\",\"updated_at\":\"2019-10-31
        14:51:37 UTC\",\"id\":5,\"name\":\"Test Organization\",\"title\":\"Test Organization\",\"description\":\"A
        test organization\"}]\n}\n"
    headers:
      cache-control:
      - max-age=0, private, must-revalidate
      connection:
      - Keep-Alive
      content-length:
      - '388'
      content-security-policy:
      - 'default-src ''self''; child-src ''self''; connect-src ''self'' ws: wss:;
        img-src ''self'' data: *.gravatar.com; script-src ''unsafe-eval'' ''unsafe-inline''
        ''self''; style-src ''unsafe-inline'' ''self'''
      content-type:
      - application/json; charset=utf-8
      date:
      - Thu, 31 Oct 2019 14:51:55 GMT
      etag:
      - W/"38880766b055fe195bf04d7bc014c190-gzip"
      foreman_api_version:
      - '2'
      foreman_current_location:
      - ; ANY
      foreman_current_organization:
      - ; ANY
      foreman_version:
      - 1.23.0
      keep-alive:
      - timeout=5, max=9999
      server:
      - Apache
      status:
      - 200 OK
      strict-transport-security:
      - max-age=631139040; includeSubdomains
      vary:
      - Accept-Encoding
      x-content-type-options:
      - nosniff
      x-download-options:
      - noopen
      x-frame-options:
      - sameorigin
      x-permitted-cross-domain-policies:
      - none
      x-powered-by:
      - Phusion Passenger 4.0.53
      x-request-id:
      - 706e0f35-f69a-48e5-bf47-9f4d16783474
      x-runtime:
      - '0.018968'
      x-xss-protection:
      - 1; mode=block
    status:
      code: 200
      message: OK
- request:
    body: null
    headers:
      Accept:
      - application/json;version=2
      Accept-Encoding:
      - gzip, deflate
      Connection:
      - keep-alive
      Cookie:
      - _session_id=718bf8d3f67cf3e6e534b1c323f8f412
      User-Agent:
      - apypie (https://github.com/Apipie/apypie)
    method: GET
    uri: https://centos7-katello-3-13.yatsu.example.com/katello/api/organizations/5/environments?per_page=4294967296&search=name%3D%22Library%22
  response:
    body:
      string: !!python/unicode '{"total":1,"subtotal":1,"page":1,"per_page":"4294967296","error":null,"search":"name=\"Library\"","sort":{"by":"name","order":"asc"},"results":[{"library":true,"registry_name_pattern":null,"registry_unauthenticated_pull":false,"id":10,"name":"Library","label":"Library","description":null,"organization_id":5,"organization":{"name":"Test
        Organization","label":"Test_Organization","id":5},"created_at":"2019-10-31
        14:51:38 UTC","updated_at":"2019-10-31 14:51:38 UTC","prior":null,"successor":null,"counts":{"content_hosts":0,"content_views":0,"packages":0,"puppet_modules":0,"module_streams":0,"errata":{"security":null,"bugfix":0,"enhancement":0,"total":null},"yum_repositories":1,"docker_repositories":0,"ostree_repositories":0,"products":1},"permissions":{"create_lifecycle_environments":true,"view_lifecycle_environments":true,"edit_lifecycle_environments":true,"destroy_lifecycle_environments":false,"promote_or_remove_content_views_to_environments":true}}]}

'
    headers:
      cache-control:
      - max-age=0, private, must-revalidate
      connection:
      - Keep-Alive
      content-length:
      - '963'
      content-security-policy:
      - 'default-src ''self''; child-src ''self''; connect-src ''self'' ws: wss:;
        img-src ''self'' data: *.gravatar.com; script-src ''unsafe-eval'' ''unsafe-inline''
        ''self''; style-src ''unsafe-inline'' ''self'''
      content-type:
      - application/json; charset=utf-8
      date:
      - Thu, 31 Oct 2019 14:51:55 GMT
      etag:
      - W/"d1eafd7c030b3b31d08b481c4f95b94b-gzip"
      foreman_api_version:
      - '2'
      foreman_current_location:
      - ; ANY
      foreman_current_organization:
      - 5; Test Organization
      foreman_version:
      - 1.23.0
      keep-alive:
      - timeout=5, max=9998
      server:
      - Apache
      status:
      - 200 OK
      strict-transport-security:
      - max-age=631139040; includeSubdomains
      vary:
      - Accept-Encoding
      x-content-type-options:
      - nosniff
      x-download-options:
      - noopen
      x-frame-options:
      - sameorigin
      x-permitted-cross-domain-policies:
      - none
      x-powered-by:
      - Phusion Passenger 4.0.53
      x-request-id:
      - 878d23f7-3c45-4390-b786-f1608c79c0ed
      x-runtime:
      - '0.054499'
      x-xss-protection:
      - 1; mode=block
    status:
      code: 200
      message: OK
- request:
    body: null
    headers:
      Accept:
      - application/json;version=2
      Accept-Encoding:
      - gzip, deflate
      Connection:
      - keep-alive
      Cookie:
      - _session_id=718bf8d3f67cf3e6e534b1c323f8f412
      User-Agent:
      - apypie (https://github.com/Apipie/apypie)
    method: GET
    uri: https://centos7-katello-3-13.yatsu.example.com/katello/api/organizations/5/content_views?per_page=4294967296&search=name%3D%22Default+Organization+View%22
  response:
    body:
      string: !!python/unicode '{"total":1,"subtotal":1,"page":1,"per_page":"4294967296","error":null,"search":"name=\"Default
        Organization View\"","sort":{"by":"name","order":"asc"},"results":[{"composite":false,"component_ids":[],"default":true,"force_puppet_environment":false,"version_count":1,"latest_version":"1.0","auto_publish":false,"solve_dependencies":false,"repository_ids":[],"id":6,"name":"Default
        Organization View","label":"a039e2c5-8b12-45ed-92f3-d3df0ce1968e","description":null,"organization_id":5,"organization":{"name":"Test
        Organization","label":"Test_Organization","id":5},"created_at":"2019-10-31
        14:51:38 UTC","updated_at":"2019-10-31 14:51:38 UTC","environments":[{"id":10,"name":"Library","label":"Library","permissions":{"readable":true}}],"repositories":[],"puppet_modules":[],"versions":[{"id":9,"version":"1.0","published":"2019-10-31
        14:51:38 UTC","environment_ids":[10]}],"components":[],"content_view_components":[],"activation_keys":[{"id":2,"name":"Test
        Activation Key"}],"next_version":"1.0","last_published":"2019-10-31 14:51:38
        UTC","permissions":{"view_content_views":true,"edit_content_views":true,"destroy_content_views":true,"publish_content_views":true,"promote_or_remove_content_views":true}}]}

'
    headers:
      cache-control:
      - max-age=0, private, must-revalidate
      connection:
      - Keep-Alive
      content-length:
      - '1208'
      content-security-policy:
      - 'default-src ''self''; child-src ''self''; connect-src ''self'' ws: wss:;
        img-src ''self'' data: *.gravatar.com; script-src ''unsafe-eval'' ''unsafe-inline''
        ''self''; style-src ''unsafe-inline'' ''self'''
      content-type:
      - application/json; charset=utf-8
      date:
      - Thu, 31 Oct 2019 14:51:55 GMT
      etag:
      - W/"65db8411b14660ae7f1a5aeea7626aae-gzip"
      foreman_api_version:
      - '2'
      foreman_current_location:
      - ; ANY
      foreman_current_organization:
      - 5; Test Organization
      foreman_version:
      - 1.23.0
      keep-alive:
      - timeout=5, max=9997
      server:
      - Apache
      status:
      - 200 OK
      strict-transport-security:
      - max-age=631139040; includeSubdomains
      vary:
      - Accept-Encoding
      x-content-type-options:
      - nosniff
      x-download-options:
      - noopen
      x-frame-options:
      - sameorigin
      x-permitted-cross-domain-policies:
      - none
      x-powered-by:
      - Phusion Passenger 4.0.53
      x-request-id:
      - 63f14272-7a89-464c-aa75-afe1186343fc
      x-runtime:
      - '0.038223'
      x-xss-protection:
      - 1; mode=block
    status:
      code: 200
      message: OK
- request:
    body: null
    headers:
      Accept:
      - application/json;version=2
      Accept-Encoding:
      - gzip, deflate
      Connection:
      - keep-alive
      Cookie:
      - _session_id=718bf8d3f67cf3e6e534b1c323f8f412
      User-Agent:
      - apypie (https://github.com/Apipie/apypie)
    method: GET
    uri: https://centos7-katello-3-13.yatsu.example.com/katello/api/organizations/5/activation_keys?per_page=4294967296&search=name%3D%22Test+Activation+Key%22
  response:
    body:
      string: !!python/unicode '{"total":1,"subtotal":1,"page":1,"per_page":"4294967296","error":null,"search":"name=\"Test
        Activation Key\"","sort":{"by":"name","order":"asc"},"results":[{"id":2,"name":"Test
        Activation Key","description":null,"unlimited_hosts":true,"auto_attach":true,"content_view_id":6,"environment_id":10,"usage_count":0,"user_id":4,"max_hosts":null,"release_version":null,"purpose_usage":null,"purpose_role":null,"organization_id":5,"organization":{"name":"Test
        Organization","label":"Test_Organization","id":5},"created_at":"2019-10-31
        14:51:53 UTC","updated_at":"2019-10-31 14:51:54 UTC","content_view":{"id":6,"name":"Default
        Organization View"},"environment":{"name":"Library","id":10},"products":[{"id":3,"name":"Test
        Product"}],"host_collections":[],"purpose_addons":[],"permissions":{"view_activation_keys":true,"edit_activation_keys":true,"destroy_activation_keys":true}}]}

'
    headers:
      cache-control:
      - max-age=0, private, must-revalidate
      connection:
      - Keep-Alive
      content-length:
      - '872'
      content-security-policy:
      - 'default-src ''self''; child-src ''self''; connect-src ''self'' ws: wss:;
        img-src ''self'' data: *.gravatar.com; script-src ''unsafe-eval'' ''unsafe-inline''
        ''self''; style-src ''unsafe-inline'' ''self'''
      content-type:
      - application/json; charset=utf-8
      date:
      - Thu, 31 Oct 2019 14:51:55 GMT
      etag:
      - W/"75fdd0a3b791d88918f180abbfe1c800-gzip"
      foreman_api_version:
      - '2'
      foreman_current_location:
      - ; ANY
      foreman_current_organization:
      - ; ANY
      foreman_version:
      - 1.23.0
      keep-alive:
      - timeout=5, max=9996
      server:
      - Apache
      status:
      - 200 OK
      strict-transport-security:
      - max-age=631139040; includeSubdomains
      vary:
      - Accept-Encoding
      x-content-type-options:
      - nosniff
      x-download-options:
      - noopen
      x-frame-options:
      - sameorigin
      x-permitted-cross-domain-policies:
      - none
      x-powered-by:
      - Phusion Passenger 4.0.53
      x-request-id:
      - f7e94a66-58b4-4a68-9f7f-bc140a1d0892
      x-runtime:
      - '0.040119'
      x-xss-protection:
      - 1; mode=block
    status:
      code: 200
      message: OK
- request:
    body: null
    headers:
      Accept:
      - application/json;version=2
      Accept-Encoding:
      - gzip, deflate
      Connection:
      - keep-alive
      Cookie:
      - _session_id=718bf8d3f67cf3e6e534b1c323f8f412
      User-Agent:
      - apypie (https://github.com/Apipie/apypie)
    method: GET
    uri: https://centos7-katello-3-13.yatsu.example.com/katello/api/activation_keys/2?organization_id=5
  response:
    body:
      string: !!python/unicode '  {"service_level":null,"content_overrides":[{"content_label":"Test_Organization_Test_Product_Test_Repository","name":"enabled","value":"0"}],"id":2,"name":"Test
        Activation Key","description":null,"unlimited_hosts":true,"auto_attach":true,"content_view_id":6,"environment_id":10,"usage_count":0,"user_id":4,"max_hosts":null,"release_version":null,"purpose_usage":null,"purpose_role":null,"organization_id":5,"organization":{"name":"Test
        Organization","label":"Test_Organization","id":5},"created_at":"2019-10-31
        14:51:53 UTC","updated_at":"2019-10-31 14:51:54 UTC","content_view":{"id":6,"name":"Default
        Organization View"},"environment":{"name":"Library","id":10},"products":[{"id":3,"name":"Test
        Product"}],"host_collections":[],"purpose_addons":[],"permissions":{"view_activation_keys":true,"edit_activation_keys":true,"destroy_activation_keys":true}}

'
    headers:
      cache-control:
      - max-age=0, private, must-revalidate
      connection:
      - Keep-Alive
      content-length:
      - '855'
      content-security-policy:
      - 'default-src ''self''; child-src ''self''; connect-src ''self'' ws: wss:;
        img-src ''self'' data: *.gravatar.com; script-src ''unsafe-eval'' ''unsafe-inline''
        ''self''; style-src ''unsafe-inline'' ''self'''
      content-type:
      - application/json; charset=utf-8
      date:
      - Thu, 31 Oct 2019 14:51:55 GMT
      etag:
      - W/"b77ce1023b0f29f420a4cbdccda4328a-gzip"
      foreman_api_version:
      - '2'
      foreman_current_location:
      - ; ANY
      foreman_current_organization:
      - ; ANY
      foreman_version:
      - 1.23.0
      keep-alive:
      - timeout=5, max=9995
      server:
      - Apache
      status:
      - 200 OK
      strict-transport-security:
      - max-age=631139040; includeSubdomains
      vary:
      - Accept-Encoding
      x-content-type-options:
      - nosniff
      x-download-options:
      - noopen
      x-frame-options:
      - sameorigin
      x-permitted-cross-domain-policies:
      - none
      x-powered-by:
      - Phusion Passenger 4.0.53
      x-request-id:
      - 8e1306a7-0328-499c-a037-77b2bd0136ff
      x-runtime:
      - '0.093105'
      x-xss-protection:
      - 1; mode=block
    status:
      code: 200
      message: OK
- request:
    body: null
    headers:
      Accept:
      - application/json;version=2
      Accept-Encoding:
      - gzip, deflate
      Connection:
      - keep-alive
      Cookie:
      - _session_id=718bf8d3f67cf3e6e534b1c323f8f412
      User-Agent:
      - apypie (https://github.com/Apipie/apypie)
    method: GET
    uri: https://centos7-katello-3-13.yatsu.example.com/katello/api/organizations/5/subscriptions?per_page=4294967296&search=name%3D%22Test+Product%22
  response:
    body:
      string: !!python/unicode '{"organization":{},"total":1,"subtotal":1,"page":1,"per_page":"4294967296","error":null,"search":"name=\"Test
        Product\"","sort":{"by":"name","order":"asc"},"results":[{"id":3,"cp_id":"4028fa836e2249ac016e224d01ae0004","subscription_id":3,"name":"Test
        Product","start_date":"2019-10-31 14:51:42 UTC","end_date":"2049-10-23 14:51:42
        UTC","available":-1,"quantity":-1,"consumed":0,"account_number":null,"contract_number":null,"support_level":null,"product_id":"938039403271","sockets":null,"cores":null,"ram":null,"instance_multiplier":1,"stacking_id":null,"multi_entitlement":false,"type":"NORMAL","product_name":"Test
        Product","unmapped_guest":false,"virt_only":false,"virt_who":false,"upstream":false,"upstream_pool_id":null}]}

'
    headers:
      cache-control:
      - max-age=0, private, must-revalidate
      connection:
      - Keep-Alive
      content-length:
      - '728'
      content-security-policy:
      - 'default-src ''self''; child-src ''self''; connect-src ''self'' ws: wss:;
        img-src ''self'' data: *.gravatar.com; script-src ''unsafe-eval'' ''unsafe-inline''
        ''self''; style-src ''unsafe-inline'' ''self'''
      content-type:
      - application/json; charset=utf-8
      date:
      - Thu, 31 Oct 2019 14:51:55 GMT
      etag:
      - W/"7c13193ee0e1fb66a8c7723582b516ca-gzip"
      foreman_api_version:
      - '2'
      foreman_current_location:
      - ; ANY
      foreman_current_organization:
      - 5; Test Organization
      foreman_version:
      - 1.23.0
      keep-alive:
      - timeout=5, max=9994
      server:
      - Apache
      status:
      - 200 OK
      strict-transport-security:
      - max-age=631139040; includeSubdomains
      vary:
      - Accept-Encoding
      x-content-type-options:
      - nosniff
      x-download-options:
      - noopen
      x-frame-options:
      - sameorigin
      x-permitted-cross-domain-policies:
      - none
      x-powered-by:
      - Phusion Passenger 4.0.53
      x-request-id:
      - c5590cd2-2108-4dec-bca9-5ad39798f5bd
      x-runtime:
      - '0.125473'
      x-xss-protection:
      - 1; mode=block
    status:
      code: 200
      message: OK
- request:
    body: null
    headers:
      Accept:
      - application/json;version=2
      Accept-Encoding:
      - gzip, deflate
      Connection:
      - keep-alive
      Cookie:
      - _session_id=718bf8d3f67cf3e6e534b1c323f8f412
      User-Agent:
      - apypie (https://github.com/Apipie/apypie)
    method: GET
    uri: https://centos7-katello-3-13.yatsu.example.com/katello/api/activation_keys/2/subscriptions?per_page=4294967296
  response:
    body:
      string: !!python/unicode '{"organization":{},"total":1,"subtotal":1,"page":1,"per_page":"4294967296","error":null,"search":null,"sort":{"by":"name","order":"asc"},"results":[{"quantity_attached":1,"id":3,"cp_id":"4028fa836e2249ac016e224d01ae0004","subscription_id":3,"name":"Test
        Product","start_date":"2019-10-31 14:51:42 UTC","end_date":"2049-10-23 14:51:42
        UTC","available":-1,"quantity":-1,"consumed":0,"account_number":null,"contract_number":null,"support_level":null,"product_id":"938039403271","sockets":null,"cores":null,"ram":null,"instance_multiplier":1,"stacking_id":null,"multi_entitlement":false,"type":"NORMAL","product_name":"Test
        Product","unmapped_guest":false,"virt_only":false,"virt_who":false,"upstream":false,"upstream_pool_id":null}]}

'
    headers:
      cache-control:
      - max-age=0, private, must-revalidate
      connection:
      - Keep-Alive
      content-length:
      - '731'
      content-security-policy:
      - 'default-src ''self''; child-src ''self''; connect-src ''self'' ws: wss:;
        img-src ''self'' data: *.gravatar.com; script-src ''unsafe-eval'' ''unsafe-inline''
        ''self''; style-src ''unsafe-inline'' ''self'''
      content-type:
      - application/json; charset=utf-8
      date:
      - Thu, 31 Oct 2019 14:51:56 GMT
      etag:
      - W/"9520e1beac2124b95d88e834072b214a-gzip"
      foreman_api_version:
      - '2'
      foreman_current_location:
      - ; ANY
      foreman_current_organization:
      - ; ANY
      foreman_version:
      - 1.23.0
      keep-alive:
      - timeout=5, max=9993
      server:
      - Apache
      status:
      - 200 OK
      strict-transport-security:
      - max-age=631139040; includeSubdomains
      vary:
      - Accept-Encoding
      x-content-type-options:
      - nosniff
      x-download-options:
      - noopen
      x-frame-options:
      - sameorigin
      x-permitted-cross-domain-policies:
      - none
      x-powered-by:
      - Phusion Passenger 4.0.53
      x-request-id:
      - 9e989742-5ccb-4afb-b062-2c0b34703552
      x-runtime:
      - '0.129640'
      x-xss-protection:
      - 1; mode=block
    status:
      code: 200
      message: OK
- request:
    body: null
    headers:
      Accept:
      - application/json;version=2
      Accept-Encoding:
      - gzip, deflate
      Connection:
      - keep-alive
      Cookie:
      - _session_id=718bf8d3f67cf3e6e534b1c323f8f412
      User-Agent:
      - apypie (https://github.com/Apipie/apypie)
    method: GET
    uri: https://centos7-katello-3-13.yatsu.example.com/katello/api/activation_keys/2/product_content
  response:
    body:
      string: !!python/unicode '{"total":1,"subtotal":1,"page":null,"per_page":null,"error":null,"search":null,"sort":{"by":null,"order":null},"results":[{"enabled":true,"product":{"id":3,"name":"Test
        Product"},"content":{"id":3,"name":"Test Repository","label":"Test_Organization_Test_Product_Test_Repository","vendor":"Custom","content_type":"yum","content_url":"/custom/Test_Product/Test_Repository","gpg_url":null},"override":"0","overrides":[{"name":"enabled","value":false}],"enabled_content_override":false}]}

'
    headers:
      cache-control:
      - max-age=0, private, must-revalidate
      connection:
      - Keep-Alive
      content-length:
      - '485'
      content-security-policy:
      - 'default-src ''self''; child-src ''self''; connect-src ''self'' ws: wss:;
        img-src ''self'' data: *.gravatar.com; script-src ''unsafe-eval'' ''unsafe-inline''
        ''self''; style-src ''unsafe-inline'' ''self'''
      content-type:
      - application/json; charset=utf-8
      date:
      - Thu, 31 Oct 2019 14:51:56 GMT
      etag:
      - W/"b0655f114c59acba8e6cddd807564b0d-gzip"
      foreman_api_version:
      - '2'
      foreman_current_location:
      - ; ANY
      foreman_current_organization:
      - ; ANY
      foreman_version:
      - 1.23.0
      keep-alive:
      - timeout=5, max=9992
      server:
      - Apache
      status:
      - 200 OK
      strict-transport-security:
      - max-age=631139040; includeSubdomains
      vary:
      - Accept-Encoding
      x-content-type-options:
      - nosniff
      x-download-options:
      - noopen
      x-frame-options:
      - sameorigin
      x-permitted-cross-domain-policies:
      - none
      x-powered-by:
      - Phusion Passenger 4.0.53
      x-request-id:
      - 2fc208f8-f8f5-48c0-b6d2-71095cdaed55
      x-runtime:
      - '0.058831'
      x-xss-protection:
      - 1; mode=block
    status:
      code: 200
      message: OK
version: 1
