interactions:
- request:
    body: null
    headers:
      Accept:
      - application/json;version=2
      Accept-Encoding:
      - gzip, deflate
      Connection:
      - keep-alive
      User-Agent:
      - apypie (https://github.com/Apipie/apypie)
    method: GET
    uri: https://centos7-katello-3-14.yatsu.example.com/api/status
  response:
    body:
      string: '{"result":"ok","status":200,"version":"1.24.0","api_version":2}'
    headers:
      Cache-Control:
      - max-age=0, private, must-revalidate
      Connection:
      - Keep-Alive
      Content-Length:
      - '63'
      Content-Security-Policy:
      - 'default-src ''self''; child-src ''self''; connect-src ''self'' ws: wss:;
        img-src ''self'' data: *.gravatar.com; script-src ''unsafe-eval'' ''unsafe-inline''
        ''self''; style-src ''unsafe-inline'' ''self'''
      Content-Type:
      - application/json; charset=utf-8
      Date:
      - Thu, 12 Dec 2019 15:14:01 GMT
      ETag:
      - W/"53b0d6d0bf9fce118840f03bbd316797"
      Foreman_api_version:
      - '2'
      Foreman_current_location:
      - ; ANY
      Foreman_current_organization:
      - ; ANY
      Foreman_version:
      - 1.24.0
      Keep-Alive:
      - timeout=5, max=10000
      Server:
      - Apache
      Set-Cookie:
      - _session_id=44e54e4c29d1695695bf97f60b879acf; path=/; secure; HttpOnly; SameSite=Lax
      Status:
      - 200 OK
      Strict-Transport-Security:
      - max-age=631139040; includeSubdomains
      X-Content-Type-Options:
      - nosniff
      X-Download-Options:
      - noopen
      X-Frame-Options:
      - sameorigin
      X-Permitted-Cross-Domain-Policies:
      - none
      X-Powered-By:
      - Phusion Passenger 4.0.53
      X-Request-Id:
      - 96ccd130-2149-499f-a701-d2939ca9543d
      X-Runtime:
      - '0.101263'
      X-XSS-Protection:
      - 1; mode=block
    status:
      code: 200
      message: OK
- request:
    body: null
    headers:
      Accept:
      - application/json;version=2
      Accept-Encoding:
      - gzip, deflate
      Connection:
      - keep-alive
      Cookie:
      - _session_id=44e54e4c29d1695695bf97f60b879acf
      User-Agent:
      - apypie (https://github.com/Apipie/apypie)
    method: GET
    uri: https://centos7-katello-3-14.yatsu.example.com/katello/api/organizations?search=name%3D%22Test+Organization%22&per_page=4294967296
  response:
    body:
      string: "{\n  \"total\": 2,\n  \"subtotal\": 1,\n  \"page\": 1,\n  \"per_page\"\
        : 4294967296,\n  \"search\": \"name=\\\"Test Organization\\\"\",\n  \"sort\"\
        : {\n    \"by\": null,\n    \"order\": null\n  },\n  \"results\": [{\"label\"\
        :\"Test_Organization\",\"created_at\":\"2019-12-12 15:13:35 UTC\",\"updated_at\"\
        :\"2019-12-12 15:13:35 UTC\",\"id\":3,\"name\":\"Test Organization\",\"title\"\
        :\"Test Organization\",\"description\":\"A test organization\"}]\n}\n"
    headers:
      Cache-Control:
      - max-age=0, private, must-revalidate
      Connection:
      - Keep-Alive
      Content-Security-Policy:
      - 'default-src ''self''; child-src ''self''; connect-src ''self'' ws: wss:;
        img-src ''self'' data: *.gravatar.com; script-src ''unsafe-eval'' ''unsafe-inline''
        ''self''; style-src ''unsafe-inline'' ''self'''
      Content-Type:
      - application/json; charset=utf-8
      Date:
      - Thu, 12 Dec 2019 15:14:01 GMT
      ETag:
      - W/"8163b611dd00b4069fdd125dbb79385f-gzip"
      Foreman_api_version:
      - '2'
      Foreman_current_location:
      - ; ANY
      Foreman_current_organization:
      - ; ANY
      Foreman_version:
      - 1.24.0
      Keep-Alive:
      - timeout=5, max=9999
      Server:
      - Apache
      Status:
      - 200 OK
      Strict-Transport-Security:
      - max-age=631139040; includeSubdomains
      Vary:
      - Accept-Encoding
      X-Content-Type-Options:
      - nosniff
      X-Download-Options:
      - noopen
      X-Frame-Options:
      - sameorigin
      X-Permitted-Cross-Domain-Policies:
      - none
      X-Powered-By:
      - Phusion Passenger 4.0.53
      X-Request-Id:
      - 96eb2481-de37-4412-8bcc-6841c20795a2
      X-Runtime:
      - '0.053431'
      X-XSS-Protection:
      - 1; mode=block
      content-length:
      - '388'
    status:
      code: 200
      message: OK
- request:
    body: null
    headers:
      Accept:
      - application/json;version=2
      Accept-Encoding:
      - gzip, deflate
      Connection:
      - keep-alive
      Cookie:
      - _session_id=44e54e4c29d1695695bf97f60b879acf
      User-Agent:
      - apypie (https://github.com/Apipie/apypie)
    method: GET
    uri: https://centos7-katello-3-14.yatsu.example.com/katello/api/organizations/3/activation_keys?search=name%3D%22Test+Activation+Key%22&per_page=4294967296
  response:
    body:
      string: '{"total":1,"subtotal":1,"page":1,"per_page":"4294967296","error":null,"search":"name=\"Test
        Activation Key\"","sort":{"by":"name","order":"asc"},"results":[{"id":3,"name":"Test
        Activation Key","description":null,"unlimited_hosts":true,"auto_attach":null,"content_view_id":2,"environment_id":2,"usage_count":0,"user_id":4,"max_hosts":null,"release_version":null,"purpose_usage":null,"purpose_role":null,"organization_id":3,"organization":{"name":"Test
        Organization","label":"Test_Organization","id":3},"created_at":"2019-12-12
        15:13:59 UTC","updated_at":"2019-12-12 15:13:59 UTC","content_view":{"id":2,"name":"Default
        Organization View"},"environment":{"name":"Library","id":2},"products":[{"id":1,"name":"Test
        Product"}],"host_collections":[],"purpose_addons":[],"permissions":{"view_activation_keys":true,"edit_activation_keys":true,"destroy_activation_keys":true}}]}

        '
    headers:
      Cache-Control:
      - max-age=0, private, must-revalidate
      Connection:
      - Keep-Alive
      Content-Security-Policy:
      - 'default-src ''self''; child-src ''self''; connect-src ''self'' ws: wss:;
        img-src ''self'' data: *.gravatar.com; script-src ''unsafe-eval'' ''unsafe-inline''
        ''self''; style-src ''unsafe-inline'' ''self'''
      Content-Type:
      - application/json; charset=utf-8
      Date:
      - Thu, 12 Dec 2019 15:14:02 GMT
      ETag:
      - W/"cd2bdf532130aa64741448ee437af571-gzip"
      Foreman_api_version:
      - '2'
      Foreman_current_location:
      - ; ANY
      Foreman_current_organization:
      - ; ANY
      Foreman_version:
      - 1.24.0
      Keep-Alive:
      - timeout=5, max=9998
      Server:
      - Apache
      Status:
      - 200 OK
      Strict-Transport-Security:
      - max-age=631139040; includeSubdomains
      Vary:
      - Accept-Encoding
      X-Content-Type-Options:
      - nosniff
      X-Download-Options:
      - noopen
      X-Frame-Options:
      - sameorigin
      X-Permitted-Cross-Domain-Policies:
      - none
      X-Powered-By:
      - Phusion Passenger 4.0.53
      X-Request-Id:
      - 856d4991-358f-488b-9c44-f77200355f81
      X-Runtime:
      - '0.042906'
      X-XSS-Protection:
      - 1; mode=block
      content-length:
      - '870'
    status:
      code: 200
      message: OK
- request:
    body: null
    headers:
      Accept:
      - application/json;version=2
      Accept-Encoding:
      - gzip, deflate
      Connection:
      - keep-alive
      Cookie:
      - _session_id=44e54e4c29d1695695bf97f60b879acf
      User-Agent:
      - apypie (https://github.com/Apipie/apypie)
    method: GET
    uri: https://centos7-katello-3-14.yatsu.example.com/katello/api/activation_keys/3?organization_id=3
  response:
    body:
      string: '  {"service_level":null,"content_overrides":[{"content_label":"Test_Organization_Test_Product_Test_Repository","name":"enabled","value":"0"}],"id":3,"name":"Test
        Activation Key","description":null,"unlimited_hosts":true,"auto_attach":null,"content_view_id":2,"environment_id":2,"usage_count":0,"user_id":4,"max_hosts":null,"release_version":null,"purpose_usage":null,"purpose_role":null,"organization_id":3,"organization":{"name":"Test
        Organization","label":"Test_Organization","id":3},"created_at":"2019-12-12
        15:13:59 UTC","updated_at":"2019-12-12 15:13:59 UTC","content_view":{"id":2,"name":"Default
        Organization View"},"environment":{"name":"Library","id":2},"products":[{"id":1,"name":"Test
        Product"}],"host_collections":[],"purpose_addons":[],"permissions":{"view_activation_keys":true,"edit_activation_keys":true,"destroy_activation_keys":true}}

        '
    headers:
      Cache-Control:
      - max-age=0, private, must-revalidate
      Connection:
      - Keep-Alive
      Content-Security-Policy:
      - 'default-src ''self''; child-src ''self''; connect-src ''self'' ws: wss:;
        img-src ''self'' data: *.gravatar.com; script-src ''unsafe-eval'' ''unsafe-inline''
        ''self''; style-src ''unsafe-inline'' ''self'''
      Content-Type:
      - application/json; charset=utf-8
      Date:
      - Thu, 12 Dec 2019 15:14:02 GMT
      ETag:
      - W/"09d0b8c4d2c7e3518c71cd3dfaf4bc74-gzip"
      Foreman_api_version:
      - '2'
      Foreman_current_location:
      - ; ANY
      Foreman_current_organization:
      - ; ANY
      Foreman_version:
      - 1.24.0
      Keep-Alive:
      - timeout=5, max=9997
      Server:
      - Apache
      Status:
      - 200 OK
      Strict-Transport-Security:
      - max-age=631139040; includeSubdomains
      Vary:
      - Accept-Encoding
      X-Content-Type-Options:
      - nosniff
      X-Download-Options:
      - noopen
      X-Frame-Options:
      - sameorigin
      X-Permitted-Cross-Domain-Policies:
      - none
      X-Powered-By:
      - Phusion Passenger 4.0.53
      X-Request-Id:
      - 65e2dbaf-aa16-48ac-970b-2d5fea6cf2bb
      X-Runtime:
      - '0.096775'
      X-XSS-Protection:
      - 1; mode=block
      content-length:
      - '853'
    status:
      code: 200
      message: OK
- request:
    body: null
    headers:
      Accept:
      - application/json;version=2
      Accept-Encoding:
      - gzip, deflate
      Connection:
      - keep-alive
      Cookie:
      - _session_id=44e54e4c29d1695695bf97f60b879acf
      User-Agent:
      - apypie (https://github.com/Apipie/apypie)
    method: GET
    uri: https://centos7-katello-3-14.yatsu.example.com/katello/api/activation_keys/3/product_content?content_access_mode_all=true
  response:
    body:
      string: '{"total":1,"subtotal":1,"page":null,"per_page":null,"error":null,"search":null,"sort":{"by":null,"order":null},"results":[{"enabled":true,"product":{"id":1,"name":"Test
        Product"},"content":{"id":1,"name":"Test Repository","label":"Test_Organization_Test_Product_Test_Repository","vendor":"Custom","content_type":"yum","content_url":"/custom/Test_Product/Test_Repository","gpg_url":null},"override":"0","overrides":[{"name":"enabled","value":false}],"enabled_content_override":false}]}

        '
    headers:
      Cache-Control:
      - max-age=0, private, must-revalidate
      Connection:
      - Keep-Alive
      Content-Security-Policy:
      - 'default-src ''self''; child-src ''self''; connect-src ''self'' ws: wss:;
        img-src ''self'' data: *.gravatar.com; script-src ''unsafe-eval'' ''unsafe-inline''
        ''self''; style-src ''unsafe-inline'' ''self'''
      Content-Type:
      - application/json; charset=utf-8
      Date:
      - Thu, 12 Dec 2019 15:14:02 GMT
      ETag:
      - W/"754d5217354e01b94cdf46ee18a797b9-gzip"
      Foreman_api_version:
      - '2'
      Foreman_current_location:
      - ; ANY
      Foreman_current_organization:
      - ; ANY
      Foreman_version:
      - 1.24.0
      Keep-Alive:
      - timeout=5, max=9996
      Server:
      - Apache
      Status:
      - 200 OK
      Strict-Transport-Security:
      - max-age=631139040; includeSubdomains
      Vary:
      - Accept-Encoding
      X-Content-Type-Options:
      - nosniff
      X-Download-Options:
      - noopen
      X-Frame-Options:
      - sameorigin
      X-Permitted-Cross-Domain-Policies:
      - none
      X-Powered-By:
      - Phusion Passenger 4.0.53
      X-Request-Id:
      - 9f97d376-6b11-4c80-99e3-f0d1a21f34a8
      X-Runtime:
      - '0.047117'
      X-XSS-Protection:
      - 1; mode=block
      content-length:
      - '485'
    status:
      code: 200
      message: OK
- request:
    body: '{"content_overrides": [{"content_label": "Test_Organization_Test_Product_Test_Repository",
      "remove": true}]}'
    headers:
      Accept:
      - application/json;version=2
      Accept-Encoding:
      - gzip, deflate
      Connection:
      - keep-alive
      Content-Length:
      - '108'
      Content-Type:
      - application/json
      Cookie:
      - _session_id=44e54e4c29d1695695bf97f60b879acf
      User-Agent:
      - apypie (https://github.com/Apipie/apypie)
    method: PUT
    uri: https://centos7-katello-3-14.yatsu.example.com/katello/api/activation_keys/3/content_override
  response:
    body:
      string: '  {"service_level":null,"content_overrides":[],"id":3,"name":"Test
        Activation Key","description":null,"unlimited_hosts":true,"auto_attach":null,"content_view_id":2,"environment_id":2,"usage_count":0,"user_id":4,"max_hosts":null,"release_version":null,"purpose_usage":null,"purpose_role":null,"organization_id":3,"organization":{"name":"Test
        Organization","label":"Test_Organization","id":3},"created_at":"2019-12-12
        15:13:59 UTC","updated_at":"2019-12-12 15:13:59 UTC","content_view":{"id":2,"name":"Default
        Organization View"},"environment":{"name":"Library","id":2},"products":[{"id":1,"name":"Test
        Product"}],"host_collections":[],"purpose_addons":[],"permissions":{"view_activation_keys":true,"edit_activation_keys":true,"destroy_activation_keys":true}}

        '
    headers:
      Cache-Control:
      - max-age=0, private, must-revalidate
      Connection:
      - Keep-Alive
      Content-Security-Policy:
      - 'default-src ''self''; child-src ''self''; connect-src ''self'' ws: wss:;
        img-src ''self'' data: *.gravatar.com; script-src ''unsafe-eval'' ''unsafe-inline''
        ''self''; style-src ''unsafe-inline'' ''self'''
      Content-Type:
      - application/json; charset=utf-8
      Date:
      - Thu, 12 Dec 2019 15:14:03 GMT
      ETag:
      - W/"d1bebe972da2d223fb120472179ae204-gzip"
      Foreman_api_version:
      - '2'
      Foreman_current_location:
      - ; ANY
      Foreman_current_organization:
      - ; ANY
      Foreman_version:
      - 1.24.0
      Keep-Alive:
      - timeout=5, max=9995
      Server:
      - Apache
      Set-Cookie:
      - request_method=PUT; path=/; secure; HttpOnly; SameSite=Lax
      Status:
      - 200 OK
      Strict-Transport-Security:
      - max-age=631139040; includeSubdomains
      Vary:
      - Accept-Encoding
      X-Content-Type-Options:
      - nosniff
      X-Download-Options:
      - noopen
      X-Frame-Options:
      - sameorigin
      X-Permitted-Cross-Domain-Policies:
      - none
      X-Powered-By:
      - Phusion Passenger 4.0.53
      X-Request-Id:
      - 6f647d2f-abc8-43ec-8874-7be38728494e
      X-Runtime:
      - '0.103678'
      X-XSS-Protection:
      - 1; mode=block
      content-length:
      - '758'
    status:
      code: 200
      message: OK
version: 1
