interactions:
- request:
    body: null
    headers:
      Accept:
      - application/json;version=2
      Accept-Encoding:
      - gzip, deflate
      Connection:
      - keep-alive
      User-Agent:
      - apypie (https://github.com/Apipie/apypie)
    method: GET
    uri: https://foreman.example.org/api/status
  response:
    body:
      string: '{"result":"ok","status":200,"version":"2.5.0","api_version":2}'
    headers:
      Cache-Control:
      - max-age=0, private, must-revalidate
      Connection:
      - Keep-Alive
      Content-Security-Policy:
      - 'default-src ''self''; child-src ''self''; connect-src ''self'' ws: wss:;
        img-src ''self'' data:; script-src ''unsafe-eval'' ''unsafe-inline'' ''self'';
        style-src ''unsafe-inline'' ''self'''
      Content-Type:
      - application/json; charset=utf-8
      Foreman_api_version:
      - '2'
      Foreman_current_location:
      - ; ANY
      Foreman_current_organization:
      - ; ANY
      Foreman_version:
      - 2.5.0
      Keep-Alive:
      - timeout=15, max=100
      Strict-Transport-Security:
      - max-age=631139040; includeSubdomains
      Vary:
      - Accept-Encoding
      X-Content-Type-Options:
      - nosniff
      X-Download-Options:
      - noopen
      X-Frame-Options:
      - sameorigin
      X-Permitted-Cross-Domain-Policies:
      - none
      X-XSS-Protection:
      - 1; mode=block
      content-length:
      - '62'
    status:
      code: 200
      message: OK
- request:
    body: null
    headers:
      Accept:
      - application/json;version=2
      Accept-Encoding:
      - gzip, deflate
      Connection:
      - keep-alive
      User-Agent:
      - apypie (https://github.com/Apipie/apypie)
    method: GET
    uri: https://foreman.example.org/katello/api/organizations?search=name%3D%22Test+Organization%22&per_page=4294967296
  response:
    body:
      string: "{\n  \"total\": 2,\n  \"subtotal\": 1,\n  \"page\": 1,\n  \"per_page\"\
        : 4294967296,\n  \"search\": \"name=\\\"Test Organization\\\"\",\n  \"sort\"\
        : {\n    \"by\": null,\n    \"order\": null\n  },\n  \"results\": [{\"label\"\
        :\"Test_Organization\",\"created_at\":\"2021-06-22 14:20:36 UTC\",\"updated_at\"\
        :\"2021-06-22 14:20:38 UTC\",\"id\":4,\"name\":\"Test Organization\",\"title\"\
        :\"Test Organization\",\"description\":\"A test organization\"}]\n}\n"
    headers:
      Cache-Control:
      - max-age=0, private, must-revalidate
      Connection:
      - Keep-Alive
      Content-Security-Policy:
      - 'default-src ''self''; child-src ''self''; connect-src ''self'' ws: wss:;
        img-src ''self'' data:; script-src ''unsafe-eval'' ''unsafe-inline'' ''self'';
        style-src ''unsafe-inline'' ''self'''
      Content-Type:
      - application/json; charset=utf-8
      Foreman_api_version:
      - '2'
      Foreman_current_location:
      - ; ANY
      Foreman_current_organization:
      - ; ANY
      Foreman_version:
      - 2.5.0
      Keep-Alive:
      - timeout=15, max=99
      Strict-Transport-Security:
      - max-age=631139040; includeSubdomains
      Vary:
      - Accept-Encoding
      X-Content-Type-Options:
      - nosniff
      X-Download-Options:
      - noopen
      X-Frame-Options:
      - sameorigin
      X-Permitted-Cross-Domain-Policies:
      - none
      X-XSS-Protection:
      - 1; mode=block
      content-length:
      - '388'
    status:
      code: 200
      message: OK
- request:
    body: null
    headers:
      Accept:
      - application/json;version=2
      Accept-Encoding:
      - gzip, deflate
      Connection:
      - keep-alive
      User-Agent:
      - apypie (https://github.com/Apipie/apypie)
    method: GET
    uri: https://foreman.example.org/katello/api/organizations/4/activation_keys?search=name%3D%22Test+Activation+Key%22&per_page=4294967296
  response:
    body:
      string: '{"total":1,"subtotal":1,"page":1,"per_page":"4294967296","error":null,"search":"name=\"Test
        Activation Key\"","sort":{"by":"name","order":"asc"},"results":[{"id":4,"name":"Test
        Activation Key","description":null,"unlimited_hosts":true,"auto_attach":true,"content_view_id":null,"environment_id":null,"usage_count":0,"user_id":4,"max_hosts":null,"release_version":null,"purpose_usage":null,"purpose_role":null,"organization_id":4,"organization":{"name":"Test
        Organization","label":"Test_Organization","id":4},"created_at":"2021-06-22
        14:21:05 UTC","updated_at":"2021-06-22 14:21:05 UTC","content_view":null,"environment":null,"products":[],"host_collections":[],"purpose_addons":[],"permissions":{"view_activation_keys":true,"edit_activation_keys":true,"destroy_activation_keys":true}}]}

        '
    headers:
      Cache-Control:
      - max-age=0, private, must-revalidate
      Connection:
      - Keep-Alive
      Content-Security-Policy:
      - 'default-src ''self''; child-src ''self''; connect-src ''self'' ws: wss:;
        img-src ''self'' data:; script-src ''unsafe-eval'' ''unsafe-inline'' ''self'';
        style-src ''unsafe-inline'' ''self'''
      Content-Type:
      - application/json; charset=utf-8
      Foreman_api_version:
      - '2'
      Foreman_current_location:
      - ; ANY
      Foreman_current_organization:
      - 4; Test Organization
      Foreman_version:
      - 2.5.0
      Keep-Alive:
      - timeout=15, max=98
      Strict-Transport-Security:
      - max-age=631139040; includeSubdomains
      Vary:
      - Accept-Encoding
      X-Content-Type-Options:
      - nosniff
      X-Download-Options:
      - noopen
      X-Frame-Options:
      - sameorigin
      X-Permitted-Cross-Domain-Policies:
      - none
      X-XSS-Protection:
      - 1; mode=block
      content-length:
      - '786'
    status:
      code: 200
      message: OK
- request:
    body: null
    headers:
      Accept:
      - application/json;version=2
      Accept-Encoding:
      - gzip, deflate
      Connection:
      - keep-alive
      Content-Length:
      - '0'
      User-Agent:
      - apypie (https://github.com/Apipie/apypie)
    method: DELETE
    uri: https://foreman.example.org/katello/api/activation_keys/4
  response:
    body:
      string: '  {"id":"f09f17d2-58c3-4c9b-a8c3-c6e5d21cb004","label":"Actions::Katello::ActivationKey::Destroy","pending":false,"action":"Delete
        Activation Key activation key ''Test Activation Key''; organization ''Test
        Organization''","username":"admin","started_at":"2021-06-22 14:21:07 UTC","ended_at":"2021-06-22
        14:21:07 UTC","state":"stopped","result":"success","progress":1.0,"input":{"activation_key":{"id":4,"name":"Test
        Activation Key"},"organization":{"id":4,"name":"Test Organization","label":"Test_Organization"},"services_checked":["candlepin","candlepin_auth"],"current_request_id":"2ebbe9af-0bd0-47f0-b5b4-aacc8429db9c","current_timezone":"UTC","current_organization_id":null,"current_location_id":null,"current_user_id":4},"output":{},"humanized":{"action":"Delete
        Activation Key","input":[["activation_key",{"text":"activation key ''Test
        Activation Key''","link":"/activation_keys/4/info"}],["organization",{"text":"organization
        ''Test Organization''","link":"/organizations/4/edit"}]],"output":"","errors":[]},"cli_example":null,"start_at":"2021-06-22
        14:21:07 UTC","available_actions":{"cancellable":false,"resumable":false}}

        '
    headers:
      Cache-Control:
      - no-cache
      Connection:
      - Keep-Alive
      Content-Security-Policy:
      - 'default-src ''self''; child-src ''self''; connect-src ''self'' ws: wss:;
        img-src ''self'' data:; script-src ''unsafe-eval'' ''unsafe-inline'' ''self'';
        style-src ''unsafe-inline'' ''self'''
      Content-Type:
      - application/json; charset=utf-8
      Foreman_api_version:
      - '2'
      Foreman_current_location:
      - ; ANY
      Foreman_current_organization:
      - ; ANY
      Foreman_version:
      - 2.5.0
      Keep-Alive:
      - timeout=15, max=97
      Strict-Transport-Security:
      - max-age=631139040; includeSubdomains
      Transfer-Encoding:
      - chunked
      X-Content-Type-Options:
      - nosniff
      X-Download-Options:
      - noopen
      X-Frame-Options:
      - sameorigin
      X-Permitted-Cross-Domain-Policies:
      - none
      X-XSS-Protection:
      - 1; mode=block
    status:
      code: 202
      message: Accepted
version: 1
