interactions:
- request:
    body: null
    headers:
      Accept: [application/json;version=2]
    method: GET
    uri: https://centos7-katello-3-12/api/status
  response:
    body: {string: !!python/unicode '{"result":"ok","status":200,"version":"1.22.0","api_version":2}'}
    headers:
      apipie-checksum: [5adea7a94ce02bd4ebd4e9df5046899d962d1188]
      cache-control: ['max-age=0, private, must-revalidate']
      content-length: ['63']
      content-security-policy: ['default-src ''self''; child-src ''self''; connect-src
          ''self'' ws: wss:; img-src ''self'' data: *.gravatar.com; script-src ''unsafe-eval''
          ''unsafe-inline'' ''self''; style-src ''unsafe-inline'' ''self''']
      content-type: [application/json; charset=utf-8]
      date: ['Wed, 07 Aug 2019 16:08:01 GMT']
      etag: [W/"674e9dbc2140c688b559566b581c5c09"]
      foreman_api_version: ['2']
      foreman_version: [1.22.0]
      server: [Apache]
      set-cookie: [_session_id=c2b094221d5d12aa137b457e673161d3; path=/; secure; HttpOnly;
          SameSite=Lax]
      status: [200 OK]
      strict-transport-security: [max-age=631139040; includeSubdomains]
      x-content-type-options: [nosniff]
      x-download-options: [noopen]
      x-frame-options: [sameorigin]
      x-permitted-cross-domain-policies: [none]
      x-powered-by: [Phusion Passenger 4.0.53]
      x-request-id: [b8b73898-41e2-4485-be90-182fe530ea1c]
      x-runtime: ['0.030335']
      x-xss-protection: [1; mode=block]
    status: {code: 200, message: OK}
- request:
    body: null
    headers:
      Accept: [application/json;version=2]
      Cookie: [_session_id=c2b094221d5d12aa137b457e673161d3]
    method: GET
    uri: https://centos7-katello-3-12/katello/api/organizations?per_page=4294967296&search=name%3D%22Test+Organization%22&thin=True
  response:
    body: {string: !!python/unicode "{\n  \"total\": 2,\n  \"subtotal\": 1,\n  \"page\":
        1,\n  \"per_page\": 4294967296,\n  \"search\": \"name=\\\"Test Organization\\\"\",\n
        \ \"sort\": {\n    \"by\": null,\n    \"order\": null\n  },\n  \"results\":
        [{\"label\":\"Test_Organization\",\"created_at\":\"2019-08-06 19:20:35 UTC\",\"updated_at\":\"2019-08-06
        19:20:35 UTC\",\"id\":5,\"name\":\"Test Organization\",\"title\":\"Test Organization\",\"description\":\"A
        test organization\"}]\n}\n"}
    headers:
      apipie-checksum: [5adea7a94ce02bd4ebd4e9df5046899d962d1188]
      cache-control: ['max-age=0, private, must-revalidate']
      content-security-policy: ['default-src ''self''; child-src ''self''; connect-src
          ''self'' ws: wss:; img-src ''self'' data: *.gravatar.com; script-src ''unsafe-eval''
          ''unsafe-inline'' ''self''; style-src ''unsafe-inline'' ''self''']
      content-type: [application/json; charset=utf-8]
      date: ['Wed, 07 Aug 2019 16:08:01 GMT']
      etag: [W/"2719a2fa2659c047d7a041d9ac70c028"]
      foreman_api_version: ['2']
      foreman_version: [1.22.0]
      server: [Apache]
      status: [200 OK]
      strict-transport-security: [max-age=631139040; includeSubdomains]
      transfer-encoding: [chunked]
      vary: [Accept-Encoding]
      x-content-type-options: [nosniff]
      x-download-options: [noopen]
      x-frame-options: [sameorigin]
      x-permitted-cross-domain-policies: [none]
      x-powered-by: [Phusion Passenger 4.0.53]
      x-request-id: [1f89e251-cefc-448b-b526-f9314c7a36c8]
      x-runtime: ['0.017485']
      x-xss-protection: [1; mode=block]
    status: {code: 200, message: OK}
- request:
    body: null
    headers:
      Accept: [application/json;version=2]
      Cookie: [_session_id=c2b094221d5d12aa137b457e673161d3]
    method: GET
    uri: https://centos7-katello-3-12/katello/api/organizations/5/environments?per_page=4294967296&search=name%3D%22Library%22&thin=True
  response:
    body: {string: !!python/unicode '{"total":1,"subtotal":1,"page":1,"per_page":"4294967296","error":null,"search":"name=\"Library\"","sort":{"by":"name","order":"asc"},"results":[{"library":true,"registry_name_pattern":null,"registry_unauthenticated_pull":false,"id":4,"name":"Library","label":"Library","description":null,"organization_id":5,"organization":{"name":"Test
        Organization","label":"Test_Organization","id":5},"created_at":"2019-08-06
        19:20:36 UTC","updated_at":"2019-08-06 19:20:36 UTC","prior":null,"successor":null,"counts":{"content_hosts":0,"content_views":0,"packages":0,"puppet_modules":0,"module_streams":0,"errata":{"security":null,"bugfix":0,"enhancement":0,"total":null},"yum_repositories":1,"docker_repositories":0,"ostree_repositories":0,"products":1},"permissions":{"create_lifecycle_environments":true,"view_lifecycle_environments":true,"edit_lifecycle_environments":true,"destroy_lifecycle_environments":false,"promote_or_remove_content_views_to_environments":true}}]}

'}
    headers:
      apipie-checksum: [5adea7a94ce02bd4ebd4e9df5046899d962d1188]
      cache-control: ['max-age=0, private, must-revalidate']
      content-security-policy: ['default-src ''self''; child-src ''self''; connect-src
          ''self'' ws: wss:; img-src ''self'' data: *.gravatar.com; script-src ''unsafe-eval''
          ''unsafe-inline'' ''self''; style-src ''unsafe-inline'' ''self''']
      content-type: [application/json; charset=utf-8]
      date: ['Wed, 07 Aug 2019 16:08:01 GMT']
      etag: [W/"3b87f993c12a247079404b8de30c884f"]
      foreman_api_version: ['2']
      foreman_version: [1.22.0]
      server: [Apache]
      status: [200 OK]
      strict-transport-security: [max-age=631139040; includeSubdomains]
      transfer-encoding: [chunked]
      vary: [Accept-Encoding]
      x-content-type-options: [nosniff]
      x-download-options: [noopen]
      x-frame-options: [sameorigin]
      x-permitted-cross-domain-policies: [none]
      x-powered-by: [Phusion Passenger 4.0.53]
      x-request-id: [8bc3ce16-e6a3-459a-8030-49fad6b7d479]
      x-runtime: ['0.043889']
      x-xss-protection: [1; mode=block]
    status: {code: 200, message: OK}
- request:
    body: null
    headers:
      Accept: [application/json;version=2]
      Cookie: [_session_id=c2b094221d5d12aa137b457e673161d3]
    method: GET
    uri: https://centos7-katello-3-12/katello/api/organizations/5/content_views?per_page=4294967296&search=name%3D%22Default+Organization+View%22&thin=True
  response:
    body: {string: !!python/unicode '{"total":1,"subtotal":1,"page":1,"per_page":"4294967296","error":null,"search":"name=\"Default
        Organization View\"","sort":{"by":"name","order":"asc"},"results":[{"composite":false,"component_ids":[],"default":true,"force_puppet_environment":false,"version_count":1,"latest_version":"1.0","auto_publish":false,"solve_dependencies":false,"repository_ids":[],"id":4,"name":"Default
        Organization View","label":"5c1f766c-cd37-4d6d-8337-4420a134e7bd","description":null,"organization_id":5,"organization":{"name":"Test
        Organization","label":"Test_Organization","id":5},"created_at":"2019-08-06
        19:20:36 UTC","updated_at":"2019-08-06 19:20:36 UTC","environments":[{"id":4,"name":"Library","label":"Library","permissions":{"readable":true}}],"repositories":[],"puppet_modules":[],"versions":[{"id":4,"version":"1.0","published":"2019-08-06
        19:20:36 UTC","environment_ids":[4]}],"components":[],"content_view_components":[],"activation_keys":[],"next_version":"1.0","last_published":"2019-08-06
        19:20:36 UTC","permissions":{"view_content_views":true,"edit_content_views":true,"destroy_content_views":true,"publish_content_views":true,"promote_or_remove_content_views":true}}]}

'}
    headers:
      apipie-checksum: [5adea7a94ce02bd4ebd4e9df5046899d962d1188]
      cache-control: ['max-age=0, private, must-revalidate']
      content-security-policy: ['default-src ''self''; child-src ''self''; connect-src
          ''self'' ws: wss:; img-src ''self'' data: *.gravatar.com; script-src ''unsafe-eval''
          ''unsafe-inline'' ''self''; style-src ''unsafe-inline'' ''self''']
      content-type: [application/json; charset=utf-8]
      date: ['Wed, 07 Aug 2019 16:08:01 GMT']
      etag: [W/"3c056e279f67219a686304d77129e275"]
      foreman_api_version: ['2']
      foreman_version: [1.22.0]
      server: [Apache]
      status: [200 OK]
      strict-transport-security: [max-age=631139040; includeSubdomains]
      transfer-encoding: [chunked]
      vary: [Accept-Encoding]
      x-content-type-options: [nosniff]
      x-download-options: [noopen]
      x-frame-options: [sameorigin]
      x-permitted-cross-domain-policies: [none]
      x-powered-by: [Phusion Passenger 4.0.53]
      x-request-id: [2176e36c-73ea-4a63-8c84-c9e1e23df469]
      x-runtime: ['0.030538']
      x-xss-protection: [1; mode=block]
    status: {code: 200, message: OK}
- request:
    body: null
    headers:
      Accept: [application/json;version=2]
      Cookie: [_session_id=c2b094221d5d12aa137b457e673161d3]
    method: GET
    uri: https://centos7-katello-3-12/katello/api/organizations/5/activation_keys?per_page=4294967296&search=name%3D%22Test+Activation+Key%22&thin=False
  response:
    body: {string: !!python/unicode '{"total":0,"subtotal":0,"page":1,"per_page":"4294967296","error":null,"search":"name=\"Test
        Activation Key\"","sort":{"by":"name","order":"asc"},"results":[]}

'}
    headers:
      apipie-checksum: [5adea7a94ce02bd4ebd4e9df5046899d962d1188]
      cache-control: ['max-age=0, private, must-revalidate']
      content-security-policy: ['default-src ''self''; child-src ''self''; connect-src
          ''self'' ws: wss:; img-src ''self'' data: *.gravatar.com; script-src ''unsafe-eval''
          ''unsafe-inline'' ''self''; style-src ''unsafe-inline'' ''self''']
      content-type: [application/json; charset=utf-8]
      date: ['Wed, 07 Aug 2019 16:08:01 GMT']
      etag: [W/"654689cec84b94eec4bd8af1e8960bb6"]
      foreman_api_version: ['2']
      foreman_version: [1.22.0]
      server: [Apache]
      status: [200 OK]
      strict-transport-security: [max-age=631139040; includeSubdomains]
      transfer-encoding: [chunked]
      vary: [Accept-Encoding]
      x-content-type-options: [nosniff]
      x-download-options: [noopen]
      x-frame-options: [sameorigin]
      x-permitted-cross-domain-policies: [none]
      x-powered-by: [Phusion Passenger 4.0.53]
      x-request-id: [a1205e97-0bff-47bc-92e8-54d4f2e5495e]
      x-runtime: ['0.015235']
      x-xss-protection: [1; mode=block]
    status: {code: 200, message: OK}
- request:
    body: !!python/unicode '{"organization_id": 5, "content_view_id": 4, "environment_id":
      4, "name": "Test Activation Key"}'
    headers:
      Accept: [application/json;version=2]
      Content-Length: ['96']
      Content-Type: [application/json]
      Cookie: [_session_id=c2b094221d5d12aa137b457e673161d3]
    method: POST
    uri: https://centos7-katello-3-12/katello/api/activation_keys
  response:
    body: {string: !!python/unicode '  {"service_level":null,"content_overrides":[],"id":68,"name":"Test
        Activation Key","description":null,"unlimited_hosts":true,"auto_attach":true,"content_view_id":4,"environment_id":4,"usage_count":0,"user_id":4,"max_hosts":null,"release_version":null,"organization_id":5,"organization":{"name":"Test
        Organization","label":"Test_Organization","id":5},"created_at":"2019-08-07
        16:08:01 UTC","updated_at":"2019-08-07 16:08:02 UTC","content_view":{"id":4,"name":"Default
        Organization View"},"environment":{"name":"Library","id":4},"products":[],"host_collections":[],"permissions":{"view_activation_keys":true,"edit_activation_keys":true,"destroy_activation_keys":true}}

'}
    headers:
      apipie-checksum: [5adea7a94ce02bd4ebd4e9df5046899d962d1188]
      cache-control: ['max-age=0, private, must-revalidate']
      content-security-policy: ['default-src ''self''; child-src ''self''; connect-src
          ''self'' ws: wss:; img-src ''self'' data: *.gravatar.com; script-src ''unsafe-eval''
          ''unsafe-inline'' ''self''; style-src ''unsafe-inline'' ''self''']
      content-type: [application/json; charset=utf-8]
      date: ['Wed, 07 Aug 2019 16:08:01 GMT']
      etag: [W/"cb7a8018498a01ab712b4c6d1234a1ae"]
      foreman_api_version: ['2']
      foreman_version: [1.22.0]
      server: [Apache]
      set-cookie: [request_method=POST; path=/; secure; HttpOnly; SameSite=Lax]
      status: [200 OK]
      strict-transport-security: [max-age=631139040; includeSubdomains]
      transfer-encoding: [chunked]
      vary: [Accept-Encoding]
      x-content-type-options: [nosniff]
      x-download-options: [noopen]
      x-frame-options: [sameorigin]
      x-permitted-cross-domain-policies: [none]
      x-powered-by: [Phusion Passenger 4.0.53]
      x-request-id: [292a0339-e90d-449f-afe2-5f6b796322ed]
      x-runtime: ['1.318713']
      x-xss-protection: [1; mode=block]
    status: {code: 200, message: OK}
- request:
    body: null
    headers:
      Accept: [application/json;version=2]
      Cookie: [request_method=POST; _session_id=c2b094221d5d12aa137b457e673161d3]
    method: GET
    uri: https://centos7-katello-3-12/katello/api/organizations/5/subscriptions?per_page=4294967296&search=name%3D%22Test+Product%22&thin=True
  response:
    body: {string: !!python/unicode '{"organization":{},"total":1,"subtotal":1,"page":1,"per_page":"4294967296","error":null,"search":"name=\"Test
        Product\"","sort":{"by":"name","order":"asc"},"results":[{"id":3,"cp_id":"4028f91d6c685fc3016c686075db0005","subscription_id":3,"name":"Test
        Product","start_date":"2019-08-06 19:20:46 UTC","end_date":"2049-07-29 19:20:46
        UTC","available":-1,"quantity":-1,"consumed":0,"account_number":null,"contract_number":null,"support_level":null,"product_id":"917465964982","sockets":null,"cores":null,"ram":null,"instance_multiplier":1,"stacking_id":null,"multi_entitlement":false,"type":"NORMAL","product_name":"Test
        Product","unmapped_guest":false,"virt_only":false,"virt_who":false,"upstream":false,"upstream_pool_id":null}]}

'}
    headers:
      apipie-checksum: [5adea7a94ce02bd4ebd4e9df5046899d962d1188]
      cache-control: ['max-age=0, private, must-revalidate']
      content-security-policy: ['default-src ''self''; child-src ''self''; connect-src
          ''self'' ws: wss:; img-src ''self'' data: *.gravatar.com; script-src ''unsafe-eval''
          ''unsafe-inline'' ''self''; style-src ''unsafe-inline'' ''self''']
      content-type: [application/json; charset=utf-8]
      date: ['Wed, 07 Aug 2019 16:08:02 GMT']
      etag: [W/"03ab9ba1f840a037212240de5dd79bd5"]
      foreman_api_version: ['2']
      foreman_version: [1.22.0]
      server: [Apache]
      set-cookie: ['request_method=; path=/; max-age=0; expires=Thu, 01 Jan 1970 00:00:00
          -0000; secure; HttpOnly; SameSite=Lax']
      status: [200 OK]
      strict-transport-security: [max-age=631139040; includeSubdomains]
      transfer-encoding: [chunked]
      vary: [Accept-Encoding]
      x-content-type-options: [nosniff]
      x-download-options: [noopen]
      x-frame-options: [sameorigin]
      x-permitted-cross-domain-policies: [none]
      x-powered-by: [Phusion Passenger 4.0.53]
      x-request-id: [4ca1edb5-7244-4fd7-83d9-baefe4d4c73c]
      x-runtime: ['0.082203']
      x-xss-protection: [1; mode=block]
    status: {code: 200, message: OK}
- request:
    body: null
    headers:
      Accept: [application/json;version=2]
      Cookie: [_session_id=c2b094221d5d12aa137b457e673161d3]
    method: GET
    uri: https://centos7-katello-3-12/katello/api/activation_keys/68/subscriptions?per_page=4294967296
  response:
    body: {string: !!python/unicode '{"organization":{},"total":0,"subtotal":0,"page":1,"per_page":"4294967296","error":null,"search":null,"sort":{"by":"name","order":"asc"},"results":[]}

'}
    headers:
      apipie-checksum: [5adea7a94ce02bd4ebd4e9df5046899d962d1188]
      cache-control: ['max-age=0, private, must-revalidate']
      content-security-policy: ['default-src ''self''; child-src ''self''; connect-src
          ''self'' ws: wss:; img-src ''self'' data: *.gravatar.com; script-src ''unsafe-eval''
          ''unsafe-inline'' ''self''; style-src ''unsafe-inline'' ''self''']
      content-type: [application/json; charset=utf-8]
      date: ['Wed, 07 Aug 2019 16:08:02 GMT']
      etag: [W/"519b919e7bf3eb457a3cd4b315e4db71"]
      foreman_api_version: ['2']
      foreman_version: [1.22.0]
      server: [Apache]
      status: [200 OK]
      strict-transport-security: [max-age=631139040; includeSubdomains]
      transfer-encoding: [chunked]
      vary: [Accept-Encoding]
      x-content-type-options: [nosniff]
      x-download-options: [noopen]
      x-frame-options: [sameorigin]
      x-permitted-cross-domain-policies: [none]
      x-powered-by: [Phusion Passenger 4.0.53]
      x-request-id: [7062f3ab-2332-45f2-a719-b942545ee4a0]
      x-runtime: ['0.038299']
      x-xss-protection: [1; mode=block]
    status: {code: 200, message: OK}
- request:
    body: !!python/unicode '{"subscriptions": [{"id": 3, "quantity": 1}]}'
    headers:
      Accept: [application/json;version=2]
      Content-Length: ['45']
      Content-Type: [application/json]
      Cookie: [_session_id=c2b094221d5d12aa137b457e673161d3]
    method: PUT
    uri: https://centos7-katello-3-12/katello/api/activation_keys/68/add_subscriptions
  response:
    body: {string: !!python/unicode '{"total":1,"subtotal":1,"page":1,"per_page":1,"error":null,"search":null,"sort":{"by":null,"order":null},"results":[{"id":3,"cp_id":"917465964982","name":"Test
        Product","support_level":null,"sockets":null,"cores":null,"instance_multiplier":1,"multi_entitlement":false,"product_name":"Test
        Product"}]}

'}
    headers:
      apipie-checksum: [5adea7a94ce02bd4ebd4e9df5046899d962d1188]
      cache-control: ['max-age=0, private, must-revalidate']
      content-security-policy: ['default-src ''self''; child-src ''self''; connect-src
          ''self'' ws: wss:; img-src ''self'' data: *.gravatar.com; script-src ''unsafe-eval''
          ''unsafe-inline'' ''self''; style-src ''unsafe-inline'' ''self''']
      content-type: [application/json; charset=utf-8]
      date: ['Wed, 07 Aug 2019 16:08:02 GMT']
      etag: [W/"f3c671ea8445431c0a9c96435acc92b5"]
      foreman_api_version: ['2']
      foreman_version: [1.22.0]
      server: [Apache]
      set-cookie: [request_method=PUT; path=/; secure; HttpOnly; SameSite=Lax]
      status: [200 OK]
      strict-transport-security: [max-age=631139040; includeSubdomains]
      transfer-encoding: [chunked]
      vary: [Accept-Encoding]
      x-content-type-options: [nosniff]
      x-download-options: [noopen]
      x-frame-options: [sameorigin]
      x-permitted-cross-domain-policies: [none]
      x-powered-by: [Phusion Passenger 4.0.53]
      x-request-id: [a47f97b0-108f-4507-bb1c-25f1a169f544]
      x-runtime: ['0.132012']
      x-xss-protection: [1; mode=block]
    status: {code: 200, message: OK}
- request:
    body: null
    headers:
      Accept: [application/json;version=2]
      Cookie: [request_method=PUT; _session_id=c2b094221d5d12aa137b457e673161d3]
    method: GET
    uri: https://centos7-katello-3-12/katello/api/activation_keys/68/product_content
  response:
    body: {string: !!python/unicode '{"total":1,"subtotal":1,"page":null,"per_page":null,"error":null,"search":null,"sort":{"by":null,"order":null},"results":[{"enabled":true,"product":{"id":3,"name":"Test
        Product"},"content":{"id":1,"name":"Test Repository","label":"Test_Organization_Test_Product_Test_Repository","vendor":"Custom","content_type":"yum","content_url":"/custom/Test_Product/Test_Repository","gpg_url":null},"override":"default","overrides":[],"enabled_content_override":null}]}

'}
    headers:
      apipie-checksum: [5adea7a94ce02bd4ebd4e9df5046899d962d1188]
      cache-control: ['max-age=0, private, must-revalidate']
      content-security-policy: ['default-src ''self''; child-src ''self''; connect-src
          ''self'' ws: wss:; img-src ''self'' data: *.gravatar.com; script-src ''unsafe-eval''
          ''unsafe-inline'' ''self''; style-src ''unsafe-inline'' ''self''']
      content-type: [application/json; charset=utf-8]
      date: ['Wed, 07 Aug 2019 16:08:02 GMT']
      etag: [W/"8aaf89c21b84602e404262307e4d5bf6"]
      foreman_api_version: ['2']
      foreman_version: [1.22.0]
      server: [Apache]
      set-cookie: ['request_method=; path=/; max-age=0; expires=Thu, 01 Jan 1970 00:00:00
          -0000; secure; HttpOnly; SameSite=Lax']
      status: [200 OK]
      strict-transport-security: [max-age=631139040; includeSubdomains]
      transfer-encoding: [chunked]
      vary: [Accept-Encoding]
      x-content-type-options: [nosniff]
      x-download-options: [noopen]
      x-frame-options: [sameorigin]
      x-permitted-cross-domain-policies: [none]
      x-powered-by: [Phusion Passenger 4.0.53]
      x-request-id: [536a55ca-f4cd-4804-8154-20a7ebaa7377]
      x-runtime: ['0.037848']
      x-xss-protection: [1; mode=block]
    status: {code: 200, message: OK}
- request:
    body: !!python/unicode '{"content_overrides": [{"content_label": "Test_Organization_Test_Product_Test_Repository",
      "value": false}]}'
    headers:
      Accept: [application/json;version=2]
      Content-Length: ['108']
      Content-Type: [application/json]
      Cookie: [_session_id=c2b094221d5d12aa137b457e673161d3]
    method: PUT
    uri: https://centos7-katello-3-12/katello/api/activation_keys/68/content_override
  response:
    body: {string: !!python/unicode '  {"service_level":null,"content_overrides":[{"content_label":"Test_Organization_Test_Product_Test_Repository","name":"enabled","value":"0"}],"id":68,"name":"Test
        Activation Key","description":null,"unlimited_hosts":true,"auto_attach":true,"content_view_id":4,"environment_id":4,"usage_count":0,"user_id":4,"max_hosts":null,"release_version":null,"organization_id":5,"organization":{"name":"Test
        Organization","label":"Test_Organization","id":5},"created_at":"2019-08-07
        16:08:01 UTC","updated_at":"2019-08-07 16:08:02 UTC","content_view":{"id":4,"name":"Default
        Organization View"},"environment":{"name":"Library","id":4},"products":[{"id":3,"name":"Test
        Product"}],"host_collections":[],"permissions":{"view_activation_keys":true,"edit_activation_keys":true,"destroy_activation_keys":true}}

'}
    headers:
      apipie-checksum: [5adea7a94ce02bd4ebd4e9df5046899d962d1188]
      cache-control: ['max-age=0, private, must-revalidate']
      content-security-policy: ['default-src ''self''; child-src ''self''; connect-src
          ''self'' ws: wss:; img-src ''self'' data: *.gravatar.com; script-src ''unsafe-eval''
          ''unsafe-inline'' ''self''; style-src ''unsafe-inline'' ''self''']
      content-type: [application/json; charset=utf-8]
      date: ['Wed, 07 Aug 2019 16:08:02 GMT']
      etag: [W/"8bc85f4094adc42c7dfd841842d9b5e3"]
      foreman_api_version: ['2']
      foreman_version: [1.22.0]
      server: [Apache]
      set-cookie: [request_method=PUT; path=/; secure; HttpOnly; SameSite=Lax]
      status: [200 OK]
      strict-transport-security: [max-age=631139040; includeSubdomains]
      transfer-encoding: [chunked]
      vary: [Accept-Encoding]
      x-content-type-options: [nosniff]
      x-download-options: [noopen]
      x-frame-options: [sameorigin]
      x-permitted-cross-domain-policies: [none]
      x-powered-by: [Phusion Passenger 4.0.53]
      x-request-id: [08c9850f-9c27-46db-a1d3-237ad1aa1e35]
      x-runtime: ['0.076045']
      x-xss-protection: [1; mode=block]
    status: {code: 200, message: OK}
- request:
    body: null
    headers:
      Accept: [application/json;version=2]
      Cookie: [request_method=PUT; _session_id=c2b094221d5d12aa137b457e673161d3]
    method: GET
    uri: https://centos7-katello-3-12/katello/api/organizations/5/host_collections?per_page=4294967296&search=name%3D%22TheAnswer%22&thin=True
  response:
    body: {string: !!python/unicode '{"total":1,"subtotal":1,"page":1,"per_page":"4294967296","error":null,"search":"name=\"TheAnswer\"","sort":{"by":"name","order":"asc"},"results":[{"name":"TheAnswer","organization_id":5,"max_hosts":null,"description":"Foo
        host collection for Foo servers","total_hosts":0,"unlimited_hosts":true,"created_at":"2019-08-06
        19:22:43 UTC","updated_at":"2019-08-06 19:22:43 UTC","id":1,"permissions":{"deletable":true,"editable":true}}]}

'}
    headers:
      apipie-checksum: [5adea7a94ce02bd4ebd4e9df5046899d962d1188]
      cache-control: ['max-age=0, private, must-revalidate']
      content-security-policy: ['default-src ''self''; child-src ''self''; connect-src
          ''self'' ws: wss:; img-src ''self'' data: *.gravatar.com; script-src ''unsafe-eval''
          ''unsafe-inline'' ''self''; style-src ''unsafe-inline'' ''self''']
      content-type: [application/json; charset=utf-8]
      date: ['Wed, 07 Aug 2019 16:08:03 GMT']
      etag: [W/"05fd778e8cc7ff1cca36bb68ece774ac"]
      foreman_api_version: ['2']
      foreman_version: [1.22.0]
      server: [Apache]
      set-cookie: ['request_method=; path=/; max-age=0; expires=Thu, 01 Jan 1970 00:00:00
          -0000; secure; HttpOnly; SameSite=Lax']
      status: [200 OK]
      strict-transport-security: [max-age=631139040; includeSubdomains]
      transfer-encoding: [chunked]
      vary: [Accept-Encoding]
      x-content-type-options: [nosniff]
      x-download-options: [noopen]
      x-frame-options: [sameorigin]
      x-permitted-cross-domain-policies: [none]
      x-powered-by: [Phusion Passenger 4.0.53]
      x-request-id: [7d388c9f-58df-4fbd-b92b-673e518e60d5]
      x-runtime: ['0.025612']
      x-xss-protection: [1; mode=block]
    status: {code: 200, message: OK}
- request:
    body: !!python/unicode '{"host_collection_ids": [1]}'
    headers:
      Accept: [application/json;version=2]
      Content-Length: ['28']
      Content-Type: [application/json]
      Cookie: [_session_id=c2b094221d5d12aa137b457e673161d3]
    method: POST
    uri: https://centos7-katello-3-12/katello/api/activation_keys/68/host_collections
  response:
    body: {string: !!python/unicode '  {"service_level":null,"content_overrides":[{"content_label":"Test_Organization_Test_Product_Test_Repository","name":"enabled","value":"0"}],"id":68,"name":"Test
        Activation Key","description":null,"unlimited_hosts":true,"auto_attach":true,"content_view_id":4,"environment_id":4,"usage_count":0,"user_id":4,"max_hosts":null,"release_version":null,"organization_id":5,"organization":{"name":"Test
        Organization","label":"Test_Organization","id":5},"created_at":"2019-08-07
        16:08:01 UTC","updated_at":"2019-08-07 16:08:02 UTC","content_view":{"id":4,"name":"Default
        Organization View"},"environment":{"name":"Library","id":4},"products":[{"id":3,"name":"Test
        Product"}],"host_collections":[{"id":1,"name":"TheAnswer"}],"permissions":{"view_activation_keys":true,"edit_activation_keys":true,"destroy_activation_keys":true}}

'}
    headers:
      apipie-checksum: [5adea7a94ce02bd4ebd4e9df5046899d962d1188]
      cache-control: ['max-age=0, private, must-revalidate']
      content-security-policy: ['default-src ''self''; child-src ''self''; connect-src
          ''self'' ws: wss:; img-src ''self'' data: *.gravatar.com; script-src ''unsafe-eval''
          ''unsafe-inline'' ''self''; style-src ''unsafe-inline'' ''self''']
      content-type: [application/json; charset=utf-8]
      date: ['Wed, 07 Aug 2019 16:08:03 GMT']
      etag: [W/"c048c009150cc554802589171c9ce1d1"]
      foreman_api_version: ['2']
      foreman_version: [1.22.0]
      server: [Apache]
      set-cookie: [request_method=POST; path=/; secure; HttpOnly; SameSite=Lax]
      status: [200 OK]
      strict-transport-security: [max-age=631139040; includeSubdomains]
      transfer-encoding: [chunked]
      vary: [Accept-Encoding]
      x-content-type-options: [nosniff]
      x-download-options: [noopen]
      x-frame-options: [sameorigin]
      x-permitted-cross-domain-policies: [none]
      x-powered-by: [Phusion Passenger 4.0.53]
      x-request-id: [7aa3e8b6-0d76-4eb6-9ddd-55801db6a3aa]
      x-runtime: ['0.081072']
      x-xss-protection: [1; mode=block]
    status: {code: 200, message: OK}
version: 1
