interactions:
- request:
    body: null
    headers:
      Accept: [application/json;version=2]
    method: GET
    uri: https://foreman.example.com/api/status
  response:
    body: {string: !!python/unicode '{"result":"ok","status":200,"version":"1.22.0","api_version":2}'}
    headers:
      apipie-checksum: [f287e71ef7536ad92a99a61830ffabc07a800b26]
      cache-control: ['max-age=0, private, must-revalidate']
      content-length: ['63']
      content-security-policy: ['default-src ''self''; child-src ''self''; connect-src
          ''self'' ws: wss:; img-src ''self'' data: *.gravatar.com; script-src ''unsafe-eval''
          ''unsafe-inline'' ''self''; style-src ''unsafe-inline'' ''self''']
      content-type: [application/json; charset=utf-8]
      date: ['Thu, 15 Aug 2019 09:02:58 GMT']
      etag: [W/"674e9dbc2140c688b559566b581c5c09"]
      foreman_api_version: ['2']
      foreman_version: [1.22.0]
      server: [Apache]
      set-cookie: [_session_id=9553ed3d20220a38d3ac10b31c68bd7a; path=/; secure; HttpOnly;
          SameSite=Lax]
      status: [200 OK]
      strict-transport-security: [max-age=631139040; includeSubdomains]
      x-content-type-options: [nosniff]
      x-download-options: [noopen]
      x-frame-options: [sameorigin]
      x-permitted-cross-domain-policies: [none]
      x-powered-by: [Phusion Passenger 4.0.53]
      x-request-id: [2959345d-cc9e-40a6-9279-ccc6ed5f41fd]
      x-runtime: ['0.032625']
      x-xss-protection: [1; mode=block]
    status: {code: 200, message: OK}
- request:
    body: null
    headers:
      Accept: [application/json;version=2]
      Cookie: [_session_id=9553ed3d20220a38d3ac10b31c68bd7a]
    method: GET
    uri: https://foreman.example.com/katello/api/organizations?per_page=4294967296&search=name%3D%22Test+Organization%22&thin=True
  response:
    body: {string: !!python/unicode "{\n  \"total\": 2,\n  \"subtotal\": 1,\n  \"\
        page\": 1,\n  \"per_page\": 4294967296,\n  \"search\": \"name=\\\"Test Organization\\\
        \"\",\n  \"sort\": {\n    \"by\": null,\n    \"order\": null\n  },\n  \"results\"\
        : [{\"label\":\"Test_Organization\",\"created_at\":\"2019-08-12 09:44:14 UTC\"\
        ,\"updated_at\":\"2019-08-12 09:44:14 UTC\",\"id\":11,\"name\":\"Test Organization\"\
        ,\"title\":\"Test Organization\",\"description\":\"A test organization\"}]\n\
        }\n"}
    headers:
      apipie-checksum: [f287e71ef7536ad92a99a61830ffabc07a800b26]
      cache-control: ['max-age=0, private, must-revalidate']
      content-security-policy: ['default-src ''self''; child-src ''self''; connect-src
          ''self'' ws: wss:; img-src ''self'' data: *.gravatar.com; script-src ''unsafe-eval''
          ''unsafe-inline'' ''self''; style-src ''unsafe-inline'' ''self''']
      content-type: [application/json; charset=utf-8]
      date: ['Thu, 15 Aug 2019 09:02:58 GMT']
      etag: [W/"20beb3ba185331a8e3737f6d04f38ed4"]
      foreman_api_version: ['2']
      foreman_version: [1.22.0]
      server: [Apache]
      status: [200 OK]
      strict-transport-security: [max-age=631139040; includeSubdomains]
      transfer-encoding: [chunked]
      vary: [Accept-Encoding]
      x-content-type-options: [nosniff]
      x-download-options: [noopen]
      x-frame-options: [sameorigin]
      x-permitted-cross-domain-policies: [none]
      x-powered-by: [Phusion Passenger 4.0.53]
      x-request-id: [4681dafe-ca83-40ae-8c45-846a58ce31f0]
      x-runtime: ['0.018268']
      x-xss-protection: [1; mode=block]
    status: {code: 200, message: OK}
- request:
    body: null
    headers:
      Accept: [application/json;version=2]
      Cookie: [_session_id=9553ed3d20220a38d3ac10b31c68bd7a]
    method: GET
    uri: https://foreman.example.com/katello/api/organizations/11/environments?per_page=4294967296&search=name%3D%22Library%22&thin=True
  response:
    body: {string: !!python/unicode '{"total":1,"subtotal":1,"page":1,"per_page":"4294967296","error":null,"search":"name=\"Library\"","sort":{"by":"name","order":"asc"},"results":[{"library":true,"registry_name_pattern":null,"registry_unauthenticated_pull":false,"id":9,"name":"Library","label":"Library","description":null,"organization_id":11,"organization":{"name":"Test
        Organization","label":"Test_Organization","id":11},"created_at":"2019-08-12
        09:44:14 UTC","updated_at":"2019-08-12 09:44:14 UTC","prior":null,"successor":null,"counts":{"content_hosts":0,"content_views":0,"packages":0,"puppet_modules":0,"module_streams":0,"errata":{"security":null,"bugfix":0,"enhancement":0,"total":null},"yum_repositories":1,"docker_repositories":0,"ostree_repositories":0,"products":1},"permissions":{"create_lifecycle_environments":true,"view_lifecycle_environments":true,"edit_lifecycle_environments":true,"destroy_lifecycle_environments":false,"promote_or_remove_content_views_to_environments":true}}]}

        '}
    headers:
      apipie-checksum: [f287e71ef7536ad92a99a61830ffabc07a800b26]
      cache-control: ['max-age=0, private, must-revalidate']
      content-security-policy: ['default-src ''self''; child-src ''self''; connect-src
          ''self'' ws: wss:; img-src ''self'' data: *.gravatar.com; script-src ''unsafe-eval''
          ''unsafe-inline'' ''self''; style-src ''unsafe-inline'' ''self''']
      content-type: [application/json; charset=utf-8]
      date: ['Thu, 15 Aug 2019 09:02:58 GMT']
      etag: [W/"81d84ac50c59bc7f3add9cd9e0a2cd6a"]
      foreman_api_version: ['2']
      foreman_version: [1.22.0]
      server: [Apache]
      status: [200 OK]
      strict-transport-security: [max-age=631139040; includeSubdomains]
      transfer-encoding: [chunked]
      vary: [Accept-Encoding]
      x-content-type-options: [nosniff]
      x-download-options: [noopen]
      x-frame-options: [sameorigin]
      x-permitted-cross-domain-policies: [none]
      x-powered-by: [Phusion Passenger 4.0.53]
      x-request-id: [0dcb47ad-8e3e-4f13-b42d-7deca6601ed1]
      x-runtime: ['0.045927']
      x-xss-protection: [1; mode=block]
    status: {code: 200, message: OK}
- request:
    body: null
    headers:
      Accept: [application/json;version=2]
      Cookie: [_session_id=9553ed3d20220a38d3ac10b31c68bd7a]
    method: GET
    uri: https://foreman.example.com/katello/api/organizations/11/content_views?per_page=4294967296&search=name%3D%22Default+Organization+View%22&thin=True
  response:
    body: {string: !!python/unicode '{"total":1,"subtotal":1,"page":1,"per_page":"4294967296","error":null,"search":"name=\"Default
        Organization View\"","sort":{"by":"name","order":"asc"},"results":[{"composite":false,"component_ids":[],"default":true,"force_puppet_environment":false,"version_count":1,"latest_version":"1.0","auto_publish":false,"solve_dependencies":false,"repository_ids":[],"id":9,"name":"Default
        Organization View","label":"bf71e730-b028-47c0-8536-d3f7ef168df6","description":null,"organization_id":11,"organization":{"name":"Test
        Organization","label":"Test_Organization","id":11},"created_at":"2019-08-12
        09:44:15 UTC","updated_at":"2019-08-12 09:44:15 UTC","environments":[{"id":9,"name":"Library","label":"Library","permissions":{"readable":true}}],"repositories":[],"puppet_modules":[],"versions":[{"id":9,"version":"1.0","published":"2019-08-12
        09:44:15 UTC","environment_ids":[9]}],"components":[],"content_view_components":[],"activation_keys":[{"id":22,"name":"Test
        Activation Key"},{"id":23,"name":"Test Activation Key Copy"}],"next_version":"1.0","last_published":"2019-08-12
        09:44:15 UTC","permissions":{"view_content_views":true,"edit_content_views":true,"destroy_content_views":true,"publish_content_views":true,"promote_or_remove_content_views":true}}]}

        '}
    headers:
      apipie-checksum: [f287e71ef7536ad92a99a61830ffabc07a800b26]
      cache-control: ['max-age=0, private, must-revalidate']
      content-security-policy: ['default-src ''self''; child-src ''self''; connect-src
          ''self'' ws: wss:; img-src ''self'' data: *.gravatar.com; script-src ''unsafe-eval''
          ''unsafe-inline'' ''self''; style-src ''unsafe-inline'' ''self''']
      content-type: [application/json; charset=utf-8]
      date: ['Thu, 15 Aug 2019 09:02:58 GMT']
      etag: [W/"5a172f5eef92ee709fce133d5814aa35"]
      foreman_api_version: ['2']
      foreman_version: [1.22.0]
      server: [Apache]
      status: [200 OK]
      strict-transport-security: [max-age=631139040; includeSubdomains]
      transfer-encoding: [chunked]
      vary: [Accept-Encoding]
      x-content-type-options: [nosniff]
      x-download-options: [noopen]
      x-frame-options: [sameorigin]
      x-permitted-cross-domain-policies: [none]
      x-powered-by: [Phusion Passenger 4.0.53]
      x-request-id: [e48dae59-68ab-44ec-8d75-b0d137daf50b]
      x-runtime: ['0.032130']
      x-xss-protection: [1; mode=block]
    status: {code: 200, message: OK}
- request:
    body: null
    headers:
      Accept: [application/json;version=2]
      Cookie: [_session_id=9553ed3d20220a38d3ac10b31c68bd7a]
    method: GET
    uri: https://foreman.example.com/katello/api/organizations/11/activation_keys?per_page=4294967296&search=name%3D%22Test+Activation+Key%22&thin=False
  response:
    body: {string: !!python/unicode '{"total":2,"subtotal":1,"page":1,"per_page":"4294967296","error":null,"search":"name=\"Test
        Activation Key\"","sort":{"by":"name","order":"asc"},"results":[{"id":22,"name":"Test
        Activation Key","description":null,"unlimited_hosts":true,"auto_attach":false,"content_view_id":9,"environment_id":9,"usage_count":0,"user_id":4,"max_hosts":null,"release_version":null,"organization_id":11,"organization":{"name":"Test
        Organization","label":"Test_Organization","id":11},"created_at":"2019-08-15
        09:02:48 UTC","updated_at":"2019-08-15 09:02:52 UTC","content_view":{"id":9,"name":"Default
        Organization View"},"environment":{"name":"Library","id":9},"products":[{"id":193,"name":"Test
        Product"}],"host_collections":[{"id":1,"name":"TheAnswer"}],"permissions":{"view_activation_keys":true,"edit_activation_keys":true,"destroy_activation_keys":true}}]}

        '}
    headers:
      apipie-checksum: [f287e71ef7536ad92a99a61830ffabc07a800b26]
      cache-control: ['max-age=0, private, must-revalidate']
      content-security-policy: ['default-src ''self''; child-src ''self''; connect-src
          ''self'' ws: wss:; img-src ''self'' data: *.gravatar.com; script-src ''unsafe-eval''
          ''unsafe-inline'' ''self''; style-src ''unsafe-inline'' ''self''']
      content-type: [application/json; charset=utf-8]
      date: ['Thu, 15 Aug 2019 09:02:58 GMT']
      etag: [W/"c0ed7883c9917d54a8f3087784045f77"]
      foreman_api_version: ['2']
      foreman_version: [1.22.0]
      server: [Apache]
      status: [200 OK]
      strict-transport-security: [max-age=631139040; includeSubdomains]
      transfer-encoding: [chunked]
      vary: [Accept-Encoding]
      x-content-type-options: [nosniff]
      x-download-options: [noopen]
      x-frame-options: [sameorigin]
      x-permitted-cross-domain-policies: [none]
      x-powered-by: [Phusion Passenger 4.0.53]
      x-request-id: [309b2a6e-3256-4088-b5b5-016b53876931]
      x-runtime: ['0.033464']
      x-xss-protection: [1; mode=block]
    status: {code: 200, message: OK}
- request:
    body: null
    headers:
      Accept: [application/json;version=2]
      Cookie: [_session_id=9553ed3d20220a38d3ac10b31c68bd7a]
    method: GET
    uri: https://foreman.example.com/katello/api/activation_keys/22?organization_id=11
  response:
    body: {string: !!python/unicode '  {"service_level":null,"content_overrides":[{"content_label":"Test_Organization_Test_Product_Test_Repository","name":"enabled","value":"0"}],"id":22,"name":"Test
        Activation Key","description":null,"unlimited_hosts":true,"auto_attach":false,"content_view_id":9,"environment_id":9,"usage_count":0,"user_id":4,"max_hosts":null,"release_version":null,"organization_id":11,"organization":{"name":"Test
        Organization","label":"Test_Organization","id":11},"created_at":"2019-08-15
        09:02:48 UTC","updated_at":"2019-08-15 09:02:52 UTC","content_view":{"id":9,"name":"Default
        Organization View"},"environment":{"name":"Library","id":9},"products":[{"id":193,"name":"Test
        Product"}],"host_collections":[{"id":1,"name":"TheAnswer"}],"permissions":{"view_activation_keys":true,"edit_activation_keys":true,"destroy_activation_keys":true}}

        '}
    headers:
      apipie-checksum: [f287e71ef7536ad92a99a61830ffabc07a800b26]
      cache-control: ['max-age=0, private, must-revalidate']
      content-security-policy: ['default-src ''self''; child-src ''self''; connect-src
          ''self'' ws: wss:; img-src ''self'' data: *.gravatar.com; script-src ''unsafe-eval''
          ''unsafe-inline'' ''self''; style-src ''unsafe-inline'' ''self''']
      content-type: [application/json; charset=utf-8]
      date: ['Thu, 15 Aug 2019 09:02:58 GMT']
      etag: [W/"f7c5312a6e255dc4db3c8fff65b0b7bd"]
      foreman_api_version: ['2']
      foreman_version: [1.22.0]
      server: [Apache]
      status: [200 OK]
      strict-transport-security: [max-age=631139040; includeSubdomains]
      transfer-encoding: [chunked]
      vary: [Accept-Encoding]
      x-content-type-options: [nosniff]
      x-download-options: [noopen]
      x-frame-options: [sameorigin]
      x-permitted-cross-domain-policies: [none]
      x-powered-by: [Phusion Passenger 4.0.53]
      x-request-id: [6a5da3a0-ae3a-4e6a-9623-e2faab6bbd01]
      x-runtime: ['0.058932']
      x-xss-protection: [1; mode=block]
    status: {code: 200, message: OK}
- request:
    body: null
    headers:
      Accept: [application/json;version=2]
      Cookie: [_session_id=9553ed3d20220a38d3ac10b31c68bd7a]
    method: GET
    uri: https://foreman.example.com/katello/api/organizations/11/activation_keys?per_page=4294967296&search=name%3D%22Test+Activation+Key+Copy%22&id=22&thin=False
  response:
    body: {string: !!python/unicode '{"total":2,"subtotal":1,"page":1,"per_page":"4294967296","error":null,"search":"name=\"Test
        Activation Key Copy\"","sort":{"by":"name","order":"asc"},"results":[{"id":23,"name":"Test
        Activation Key Copy","description":null,"unlimited_hosts":true,"auto_attach":false,"content_view_id":9,"environment_id":9,"usage_count":0,"user_id":4,"max_hosts":null,"release_version":null,"organization_id":11,"organization":{"name":"Test
        Organization","label":"Test_Organization","id":11},"created_at":"2019-08-15
        09:02:56 UTC","updated_at":"2019-08-15 09:02:57 UTC","content_view":{"id":9,"name":"Default
        Organization View"},"environment":{"name":"Library","id":9},"products":[{"id":193,"name":"Test
        Product"}],"host_collections":[{"id":1,"name":"TheAnswer"}],"permissions":{"view_activation_keys":true,"edit_activation_keys":true,"destroy_activation_keys":true}}]}

        '}
    headers:
      apipie-checksum: [f287e71ef7536ad92a99a61830ffabc07a800b26]
      cache-control: ['max-age=0, private, must-revalidate']
      content-security-policy: ['default-src ''self''; child-src ''self''; connect-src
          ''self'' ws: wss:; img-src ''self'' data: *.gravatar.com; script-src ''unsafe-eval''
          ''unsafe-inline'' ''self''; style-src ''unsafe-inline'' ''self''']
      content-type: [application/json; charset=utf-8]
      date: ['Thu, 15 Aug 2019 09:02:58 GMT']
      etag: [W/"37730f672f36bbc168701dcacc2a4854"]
      foreman_api_version: ['2']
      foreman_version: [1.22.0]
      server: [Apache]
      status: [200 OK]
      strict-transport-security: [max-age=631139040; includeSubdomains]
      transfer-encoding: [chunked]
      vary: [Accept-Encoding]
      x-content-type-options: [nosniff]
      x-download-options: [noopen]
      x-frame-options: [sameorigin]
      x-permitted-cross-domain-policies: [none]
      x-powered-by: [Phusion Passenger 4.0.53]
      x-request-id: [019bf72b-07f4-4cb3-ab51-5ef0eca338da]
      x-runtime: ['0.032990']
      x-xss-protection: [1; mode=block]
    status: {code: 200, message: OK}
- request:
    body: null
    headers:
      Accept: [application/json;version=2]
      Cookie: [_session_id=9553ed3d20220a38d3ac10b31c68bd7a]
    method: GET
    uri: https://foreman.example.com/katello/api/activation_keys/23?organization_id=11
  response:
    body: {string: !!python/unicode '  {"service_level":null,"content_overrides":[{"content_label":"Test_Organization_Test_Product_Test_Repository","name":"enabled","value":"0"}],"id":23,"name":"Test
        Activation Key Copy","description":null,"unlimited_hosts":true,"auto_attach":false,"content_view_id":9,"environment_id":9,"usage_count":0,"user_id":4,"max_hosts":null,"release_version":null,"organization_id":11,"organization":{"name":"Test
        Organization","label":"Test_Organization","id":11},"created_at":"2019-08-15
        09:02:56 UTC","updated_at":"2019-08-15 09:02:57 UTC","content_view":{"id":9,"name":"Default
        Organization View"},"environment":{"name":"Library","id":9},"products":[{"id":193,"name":"Test
        Product"}],"host_collections":[{"id":1,"name":"TheAnswer"}],"permissions":{"view_activation_keys":true,"edit_activation_keys":true,"destroy_activation_keys":true}}

        '}
    headers:
      apipie-checksum: [f287e71ef7536ad92a99a61830ffabc07a800b26]
      cache-control: ['max-age=0, private, must-revalidate']
      content-security-policy: ['default-src ''self''; child-src ''self''; connect-src
          ''self'' ws: wss:; img-src ''self'' data: *.gravatar.com; script-src ''unsafe-eval''
          ''unsafe-inline'' ''self''; style-src ''unsafe-inline'' ''self''']
      content-type: [application/json; charset=utf-8]
      date: ['Thu, 15 Aug 2019 09:02:58 GMT']
      etag: [W/"a2fcedd162af6f0e5b423e850ae4c543"]
      foreman_api_version: ['2']
      foreman_version: [1.22.0]
      server: [Apache]
      status: [200 OK]
      strict-transport-security: [max-age=631139040; includeSubdomains]
      transfer-encoding: [chunked]
      vary: [Accept-Encoding]
      x-content-type-options: [nosniff]
      x-download-options: [noopen]
      x-frame-options: [sameorigin]
      x-permitted-cross-domain-policies: [none]
      x-powered-by: [Phusion Passenger 4.0.53]
      x-request-id: [458c9d1e-6ba6-4334-9514-53433518a66c]
      x-runtime: ['0.054475']
      x-xss-protection: [1; mode=block]
    status: {code: 200, message: OK}
version: 1
