interactions:
- request:
    body: null
    headers:
      Accept: [application/json;version=2]
    method: GET
    uri: https://centos7-foreman-1-22/api/status
  response:
    body: {string: !!python/unicode '{"result":"ok","status":200,"version":"1.22.0-RC2","api_version":2}'}
    headers:
      apipie-checksum: [9f3fe04d3a1b506370bbd7924e81c1ffa9070904]
      cache-control: ['max-age=0, private, must-revalidate']
      content-length: ['67']
      content-security-policy: ['default-src ''self''; child-src ''self''; connect-src
          ''self'' ws: wss:; img-src ''self'' data: *.gravatar.com; script-src ''unsafe-eval''
          ''unsafe-inline'' ''self''; style-src ''unsafe-inline'' ''self''']
      content-type: [application/json; charset=utf-8]
      date: ['Thu, 11 Jul 2019 14:48:41 GMT']
      etag: [W/"a15604a8fd6a96137136604ae49efef3"]
      foreman_api_version: ['2']
      foreman_version: [1.22.0-RC2]
      server: [Apache]
      set-cookie: [_session_id=24c3ae8438d408c2f120efad5120d1c8; path=/; secure; HttpOnly;
          SameSite=Lax]
      status: [200 OK]
      strict-transport-security: [max-age=631139040; includeSubdomains]
      x-content-type-options: [nosniff]
      x-download-options: [noopen]
      x-frame-options: [sameorigin]
      x-permitted-cross-domain-policies: [none]
      x-powered-by: [Phusion Passenger 4.0.53]
      x-request-id: [086ec7e6-f3d9-4b5e-bed3-13442f4937d4]
      x-runtime: ['0.039891']
      x-xss-protection: [1; mode=block]
    status: {code: 200, message: OK}
- request:
    body: null
    headers:
      Accept: [application/json;version=2]
      Cookie: [_session_id=24c3ae8438d408c2f120efad5120d1c8]
    method: GET
    uri: https://centos7-foreman-1-22/api/operatingsystems?per_page=4294967296&search=title~TestOS2&thin=True
  response:
    body: {string: !!python/unicode "{\n  \"total\": 5,\n  \"subtotal\": 1,\n  \"page\":
        1,\n  \"per_page\": 4294967296,\n  \"search\": \"title~TestOS2\",\n  \"sort\":
        {\n    \"by\": null,\n    \"order\": null\n  },\n  \"results\": [{\"description\":null,\"major\":\"1\",\"minor\":\"2\",\"family\":\"Debian\",\"release_name\":\"reverse
        whip\",\"password_hash\":\"SHA256\",\"created_at\":\"2019-07-11 14:48:39 UTC\",\"updated_at\":\"2019-07-11
        14:48:39 UTC\",\"id\":5,\"name\":\"TestOS2\",\"title\":\"TestOS2 1.2\"}]\n}\n"}
    headers:
      apipie-checksum: [9f3fe04d3a1b506370bbd7924e81c1ffa9070904]
      cache-control: ['max-age=0, private, must-revalidate']
      content-security-policy: ['default-src ''self''; child-src ''self''; connect-src
          ''self'' ws: wss:; img-src ''self'' data: *.gravatar.com; script-src ''unsafe-eval''
          ''unsafe-inline'' ''self''; style-src ''unsafe-inline'' ''self''']
      content-type: [application/json; charset=utf-8]
      date: ['Thu, 11 Jul 2019 14:48:41 GMT']
      etag: [W/"3803eda0a6e9861cabc6c5d15e6893cf"]
      foreman_api_version: ['2']
      foreman_version: [1.22.0-RC2]
      server: [Apache]
      status: [200 OK]
      strict-transport-security: [max-age=631139040; includeSubdomains]
      transfer-encoding: [chunked]
      vary: [Accept-Encoding]
      x-content-type-options: [nosniff]
      x-download-options: [noopen]
      x-frame-options: [sameorigin]
      x-permitted-cross-domain-policies: [none]
      x-powered-by: [Phusion Passenger 4.0.53]
      x-request-id: [fe437a71-6934-4d72-8bbb-05356a60a19f]
      x-runtime: ['0.019223']
      x-xss-protection: [1; mode=block]
    status: {code: 200, message: OK}
- request:
    body: null
    headers:
      Accept: [application/json;version=2]
      Cookie: [_session_id=24c3ae8438d408c2f120efad5120d1c8]
    method: GET
    uri: https://centos7-foreman-1-22/api/architectures?per_page=4294967296&search=name%3D%22Test_Architecture%22&thin=False
  response:
    body: {string: !!python/unicode "{\n  \"total\": 3,\n  \"subtotal\": 1,\n  \"page\":
        1,\n  \"per_page\": 4294967296,\n  \"search\": \"name=\\\"Test_Architecture\\\"\",\n
        \ \"sort\": {\n    \"by\": null,\n    \"order\": null\n  },\n  \"results\":
        [{\"created_at\":\"2019-07-11 14:48:40 UTC\",\"updated_at\":\"2019-07-11 14:48:40
        UTC\",\"name\":\"Test_Architecture\",\"id\":3}]\n}\n"}
    headers:
      apipie-checksum: [9f3fe04d3a1b506370bbd7924e81c1ffa9070904]
      cache-control: ['max-age=0, private, must-revalidate']
      content-security-policy: ['default-src ''self''; child-src ''self''; connect-src
          ''self'' ws: wss:; img-src ''self'' data: *.gravatar.com; script-src ''unsafe-eval''
          ''unsafe-inline'' ''self''; style-src ''unsafe-inline'' ''self''']
      content-type: [application/json; charset=utf-8]
      date: ['Thu, 11 Jul 2019 14:48:41 GMT']
      etag: [W/"c49d7bd8afb6f187bc0e60bcc46b77db"]
      foreman_api_version: ['2']
      foreman_version: [1.22.0-RC2]
      server: [Apache]
      status: [200 OK]
      strict-transport-security: [max-age=631139040; includeSubdomains]
      transfer-encoding: [chunked]
      vary: [Accept-Encoding]
      x-content-type-options: [nosniff]
      x-download-options: [noopen]
      x-frame-options: [sameorigin]
      x-permitted-cross-domain-policies: [none]
      x-powered-by: [Phusion Passenger 4.0.53]
      x-request-id: [5fe62774-0b74-4c9e-aa2a-168dc76908ad]
      x-runtime: ['0.014265']
      x-xss-protection: [1; mode=block]
    status: {code: 200, message: OK}
- request:
    body: null
    headers:
      Accept: [application/json;version=2]
      Cookie: [_session_id=24c3ae8438d408c2f120efad5120d1c8]
    method: GET
    uri: https://centos7-foreman-1-22/api/architectures/3
  response:
    body: {string: !!python/unicode '{"created_at":"2019-07-11 14:48:40 UTC","updated_at":"2019-07-11
        14:48:40 UTC","name":"Test_Architecture","id":3,"operatingsystems":[{"id":4,"name":"TestOS1","title":"TestOS1
        1.2"}],"images":[]}'}
    headers:
      apipie-checksum: [9f3fe04d3a1b506370bbd7924e81c1ffa9070904]
      cache-control: ['max-age=0, private, must-revalidate']
      content-security-policy: ['default-src ''self''; child-src ''self''; connect-src
          ''self'' ws: wss:; img-src ''self'' data: *.gravatar.com; script-src ''unsafe-eval''
          ''unsafe-inline'' ''self''; style-src ''unsafe-inline'' ''self''']
      content-type: [application/json; charset=utf-8]
      date: ['Thu, 11 Jul 2019 14:48:41 GMT']
      etag: [W/"2947a0625c3e6aad55f22f4a29e4ba5e"]
      foreman_api_version: ['2']
      foreman_version: [1.22.0-RC2]
      server: [Apache]
      status: [200 OK]
      strict-transport-security: [max-age=631139040; includeSubdomains]
      transfer-encoding: [chunked]
      vary: [Accept-Encoding]
      x-content-type-options: [nosniff]
      x-download-options: [noopen]
      x-frame-options: [sameorigin]
      x-permitted-cross-domain-policies: [none]
      x-powered-by: [Phusion Passenger 4.0.53]
      x-request-id: [cb028690-7500-4e05-87cb-0ec710f5e69f]
      x-runtime: ['0.016670']
      x-xss-protection: [1; mode=block]
    status: {code: 200, message: OK}
- request:
    body: !!python/unicode '{"architecture": {"operatingsystem_ids": [5]}}'
    headers:
      Accept: [application/json;version=2]
      Content-Length: ['46']
      Content-Type: [application/json]
      Cookie: [_session_id=24c3ae8438d408c2f120efad5120d1c8]
    method: PUT
    uri: https://centos7-foreman-1-22/api/architectures/3
  response:
    body: {string: !!python/unicode '{"created_at":"2019-07-11 14:48:40 UTC","updated_at":"2019-07-11
        14:48:40 UTC","name":"Test_Architecture","id":3,"operatingsystems":[{"id":5,"name":"TestOS2","title":"TestOS2
        1.2"}],"images":[]}'}
    headers:
      apipie-checksum: [9f3fe04d3a1b506370bbd7924e81c1ffa9070904]
      cache-control: ['max-age=0, private, must-revalidate']
      content-security-policy: ['default-src ''self''; child-src ''self''; connect-src
          ''self'' ws: wss:; img-src ''self'' data: *.gravatar.com; script-src ''unsafe-eval''
          ''unsafe-inline'' ''self''; style-src ''unsafe-inline'' ''self''']
      content-type: [application/json; charset=utf-8]
      date: ['Thu, 11 Jul 2019 14:48:41 GMT']
      etag: [W/"2a173854633194076dc51368eef98422"]
      foreman_api_version: ['2']
      foreman_version: [1.22.0-RC2]
      server: [Apache]
      set-cookie: [request_method=PUT; path=/; secure; HttpOnly; SameSite=Lax]
      status: [200 OK]
      strict-transport-security: [max-age=631139040; includeSubdomains]
      transfer-encoding: [chunked]
      vary: [Accept-Encoding]
      x-content-type-options: [nosniff]
      x-download-options: [noopen]
      x-frame-options: [sameorigin]
      x-permitted-cross-domain-policies: [none]
      x-powered-by: [Phusion Passenger 4.0.53]
      x-request-id: [859abbf2-eff0-4374-82d8-d4d9ee9704ae]
      x-runtime: ['0.031957']
      x-xss-protection: [1; mode=block]
    status: {code: 200, message: OK}
version: 1
