interactions:
- request:
    body: null
    headers:
      Accept:
      - application/json;version=2
      Accept-Encoding:
      - gzip, deflate
      Connection:
      - keep-alive
      User-Agent:
      - apypie (https://github.com/Apipie/apypie)
    method: GET
    uri: https://centos7-foreman-1-22/api/status
  response:
    body:
      string: '{"result":"ok","status":200,"version":"1.22.1","api_version":2}'
    headers:
      Cache-Control:
      - max-age=0, private, must-revalidate
      Connection:
      - Keep-Alive
      Content-Length:
      - '63'
      Content-Security-Policy:
      - 'default-src ''self''; child-src ''self''; connect-src ''self'' ws: wss:;
        img-src ''self'' data: *.gravatar.com; script-src ''unsafe-eval'' ''unsafe-inline''
        ''self''; style-src ''unsafe-inline'' ''self'''
      Content-Type:
      - application/json; charset=utf-8
      Date:
      - Fri, 22 Nov 2019 12:35:13 GMT
      ETag:
      - W/"7462024e111aafa1fe0b7de16a6757f0"
      Foreman_api_version:
      - '2'
      Foreman_version:
      - 1.22.1
      Keep-Alive:
      - timeout=5, max=100
      Server:
      - Apache
      Set-Cookie:
      - _session_id=a171571475a82761f7f59b9380531eec; path=/; secure; HttpOnly; SameSite=Lax
      Status:
      - 200 OK
      Strict-Transport-Security:
      - max-age=631139040; includeSubdomains
      X-Content-Type-Options:
      - nosniff
      X-Download-Options:
      - noopen
      X-Frame-Options:
      - sameorigin
      X-Permitted-Cross-Domain-Policies:
      - none
      X-Powered-By:
      - Phusion Passenger 4.0.53
      X-Request-Id:
      - 328399aa-9319-4006-97fa-4b2a7d49bee3
      X-Runtime:
      - '0.033477'
      X-XSS-Protection:
      - 1; mode=block
    status:
      code: 200
      message: OK
- request:
    body: null
    headers:
      Accept:
      - application/json;version=2
      Accept-Encoding:
      - gzip, deflate
      Connection:
      - keep-alive
      Cookie:
      - _session_id=a171571475a82761f7f59b9380531eec
      User-Agent:
      - apypie (https://github.com/Apipie/apypie)
    method: GET
    uri: https://centos7-foreman-1-22/api/architectures?search=name%3D%22aarch64-2%22&per_page=4294967296
  response:
    body:
      string: "{\n  \"total\": 4,\n  \"subtotal\": 1,\n  \"page\": 1,\n  \"per_page\":
        4294967296,\n  \"search\": \"name=\\\"aarch64-2\\\"\",\n  \"sort\": {\n    \"by\":
        null,\n    \"order\": null\n  },\n  \"results\": [{\"created_at\":\"2019-11-22
        12:35:12 UTC\",\"updated_at\":\"2019-11-22 12:35:12 UTC\",\"name\":\"aarch64-2\",\"id\":5}]\n}\n"
    headers:
      Cache-Control:
      - max-age=0, private, must-revalidate
      Connection:
      - Keep-Alive
      Content-Security-Policy:
      - 'default-src ''self''; child-src ''self''; connect-src ''self'' ws: wss:;
        img-src ''self'' data: *.gravatar.com; script-src ''unsafe-eval'' ''unsafe-inline''
        ''self''; style-src ''unsafe-inline'' ''self'''
      Content-Type:
      - application/json; charset=utf-8
      Date:
      - Fri, 22 Nov 2019 12:35:13 GMT
      ETag:
      - W/"158d11cd9a476b52fedf462efc4c1e4b-gzip"
      Foreman_api_version:
      - '2'
      Foreman_version:
      - 1.22.1
      Keep-Alive:
      - timeout=5, max=99
      Server:
      - Apache
      Status:
      - 200 OK
      Strict-Transport-Security:
      - max-age=631139040; includeSubdomains
      Vary:
      - Accept-Encoding
      X-Content-Type-Options:
      - nosniff
      X-Download-Options:
      - noopen
      X-Frame-Options:
      - sameorigin
      X-Permitted-Cross-Domain-Policies:
      - none
      X-Powered-By:
      - Phusion Passenger 4.0.53
      X-Request-Id:
      - d12d7e39-7563-4977-a1fc-6f73c9b9b0f1
      X-Runtime:
      - '0.016825'
      X-XSS-Protection:
      - 1; mode=block
      content-length:
      - '280'
    status:
      code: 200
      message: OK
- request:
    body: null
    headers:
      Accept:
      - application/json;version=2
      Accept-Encoding:
      - gzip, deflate
      Connection:
      - keep-alive
      Cookie:
      - _session_id=a171571475a82761f7f59b9380531eec
      User-Agent:
      - apypie (https://github.com/Apipie/apypie)
    method: GET
    uri: https://centos7-foreman-1-22/api/architectures/5
  response:
    body:
      string: '{"created_at":"2019-11-22 12:35:12 UTC","updated_at":"2019-11-22 12:35:12
        UTC","name":"aarch64-2","id":5,"operatingsystems":[],"images":[]}'
    headers:
      Cache-Control:
      - max-age=0, private, must-revalidate
      Connection:
      - Keep-Alive
      Content-Security-Policy:
      - 'default-src ''self''; child-src ''self''; connect-src ''self'' ws: wss:;
        img-src ''self'' data: *.gravatar.com; script-src ''unsafe-eval'' ''unsafe-inline''
        ''self''; style-src ''unsafe-inline'' ''self'''
      Content-Type:
      - application/json; charset=utf-8
      Date:
      - Fri, 22 Nov 2019 12:35:13 GMT
      ETag:
      - W/"3f2c971966947deeb374597c143604a5-gzip"
      Foreman_api_version:
      - '2'
      Foreman_version:
      - 1.22.1
      Keep-Alive:
      - timeout=5, max=98
      Server:
      - Apache
      Status:
      - 200 OK
      Strict-Transport-Security:
      - max-age=631139040; includeSubdomains
      Vary:
      - Accept-Encoding
      X-Content-Type-Options:
      - nosniff
      X-Download-Options:
      - noopen
      X-Frame-Options:
      - sameorigin
      X-Permitted-Cross-Domain-Policies:
      - none
      X-Powered-By:
      - Phusion Passenger 4.0.53
      X-Request-Id:
      - 814ade36-4066-4147-8a4c-68fe0be1f240
      X-Runtime:
      - '0.017012'
      X-XSS-Protection:
      - 1; mode=block
      content-length:
      - '139'
    status:
      code: 200
      message: OK
version: 1
