interactions:
- request:
    body: null
    headers:
      Accept:
      - application/json;version=2
    method: GET
    uri: https://foreman.example.com/api/status
  response:
    body:
      string: !!python/unicode '{"result":"ok","status":200,"version":"1.22.0","api_version":2}'
    headers:
      apipie-checksum:
      - 57b27c3a1eb004e5a0fe05ef2b2a8b0d9a6baae5
      cache-control:
      - max-age=0, private, must-revalidate
      content-length:
      - '63'
      content-security-policy:
      - 'default-src ''self''; child-src ''self''; connect-src ''self'' ws: wss:;
        img-src ''self'' data: *.gravatar.com; script-src ''unsafe-eval'' ''unsafe-inline''
        ''self''; style-src ''unsafe-inline'' ''self'''
      content-type:
      - application/json; charset=utf-8
      date:
      - Mon, 16 Sep 2019 07:46:10 GMT
      etag:
      - W/"674e9dbc2140c688b559566b581c5c09"
      foreman_api_version:
      - '2'
      foreman_version:
      - 1.22.0
      server:
      - Apache
      set-cookie:
      - _session_id=934fa2b15a8efdd95d83d24b79b08d7a; path=/; secure; HttpOnly; SameSite=Lax
      status:
      - 200 OK
      strict-transport-security:
      - max-age=631139040; includeSubdomains
      x-content-type-options:
      - nosniff
      x-download-options:
      - noopen
      x-frame-options:
      - sameorigin
      x-permitted-cross-domain-policies:
      - none
      x-powered-by:
      - Phusion Passenger 4.0.53
      x-request-id:
      - cd728cb6-021d-4a77-a060-a7f5cf75bb1c
      x-runtime:
      - '0.034794'
      x-xss-protection:
      - 1; mode=block
    status:
      code: 200
      message: OK
- request:
    body: null
    headers:
      Accept:
      - application/json;version=2
      Cookie:
      - _session_id=934fa2b15a8efdd95d83d24b79b08d7a
    method: GET
    uri: https://foreman.example.com/katello/api/organizations?per_page=4294967296&search=name%3D%22Test+Organization%22&thin=True
  response:
    body:
      string: !!python/unicode "{\n  \"total\": 2,\n  \"subtotal\": 1,\n  \"page\":
        1,\n  \"per_page\": 4294967296,\n  \"search\": \"name=\\\"Test Organization\\\"\",\n
        \ \"sort\": {\n    \"by\": null,\n    \"order\": null\n  },\n  \"results\":
        [{\"label\":\"Test_Organization\",\"created_at\":\"2019-09-13 10:32:44 UTC\",\"updated_at\":\"2019-09-13
        10:32:44 UTC\",\"id\":65,\"name\":\"Test Organization\",\"title\":\"Test Organization\",\"description\":\"A
        test organization\"}]\n}\n"
    headers:
      apipie-checksum:
      - 57b27c3a1eb004e5a0fe05ef2b2a8b0d9a6baae5
      cache-control:
      - max-age=0, private, must-revalidate
      content-security-policy:
      - 'default-src ''self''; child-src ''self''; connect-src ''self'' ws: wss:;
        img-src ''self'' data: *.gravatar.com; script-src ''unsafe-eval'' ''unsafe-inline''
        ''self''; style-src ''unsafe-inline'' ''self'''
      content-type:
      - application/json; charset=utf-8
      date:
      - Mon, 16 Sep 2019 07:46:10 GMT
      etag:
      - W/"b8db9adee6fdd75ce8651ab599b6103d"
      foreman_api_version:
      - '2'
      foreman_version:
      - 1.22.0
      server:
      - Apache
      status:
      - 200 OK
      strict-transport-security:
      - max-age=631139040; includeSubdomains
      transfer-encoding:
      - chunked
      vary:
      - Accept-Encoding
      x-content-type-options:
      - nosniff
      x-download-options:
      - noopen
      x-frame-options:
      - sameorigin
      x-permitted-cross-domain-policies:
      - none
      x-powered-by:
      - Phusion Passenger 4.0.53
      x-request-id:
      - 924e8a9f-94c1-4a3b-8512-427a129241cc
      x-runtime:
      - '0.018255'
      x-xss-protection:
      - 1; mode=block
    status:
      code: 200
      message: OK
- request:
    body: null
    headers:
      Accept:
      - application/json;version=2
      Cookie:
      - _session_id=934fa2b15a8efdd95d83d24b79b08d7a
    method: GET
    uri: https://foreman.example.com/katello/api/organizations/65/content_views?per_page=4294967296&search=name%3D%22Test+Content+View%22&thin=True
  response:
    body:
      string: !!python/unicode '{"total":2,"subtotal":1,"page":1,"per_page":"4294967296","error":null,"search":"name=\"Test
        Content View\"","sort":{"by":"name","order":"asc"},"results":[{"composite":false,"component_ids":[],"default":false,"force_puppet_environment":false,"version_count":0,"latest_version":null,"auto_publish":false,"solve_dependencies":false,"repository_ids":[43],"id":21,"name":"Test
        Content View","label":"Test_Content_View","description":null,"organization_id":65,"organization":{"name":"Test
        Organization","label":"Test_Organization","id":65},"created_at":"2019-09-16
        07:45:49 UTC","updated_at":"2019-09-16 07:45:49 UTC","environments":[],"repositories":[{"id":43,"name":"Test
        Repository","label":"Test_Repository","content_type":"yum"}],"puppet_modules":[],"versions":[],"components":[],"content_view_components":[],"activation_keys":[],"next_version":"1.0","last_published":null,"permissions":{"view_content_views":true,"edit_content_views":true,"destroy_content_views":true,"publish_content_views":true,"promote_or_remove_content_views":true}}]}

'
    headers:
      apipie-checksum:
      - 57b27c3a1eb004e5a0fe05ef2b2a8b0d9a6baae5
      cache-control:
      - max-age=0, private, must-revalidate
      content-security-policy:
      - 'default-src ''self''; child-src ''self''; connect-src ''self'' ws: wss:;
        img-src ''self'' data: *.gravatar.com; script-src ''unsafe-eval'' ''unsafe-inline''
        ''self''; style-src ''unsafe-inline'' ''self'''
      content-type:
      - application/json; charset=utf-8
      date:
      - Mon, 16 Sep 2019 07:46:10 GMT
      etag:
      - W/"f5e624eca9489e29f858b5aed7d0edcd"
      foreman_api_version:
      - '2'
      foreman_version:
      - 1.22.0
      server:
      - Apache
      status:
      - 200 OK
      strict-transport-security:
      - max-age=631139040; includeSubdomains
      transfer-encoding:
      - chunked
      vary:
      - Accept-Encoding
      x-content-type-options:
      - nosniff
      x-download-options:
      - noopen
      x-frame-options:
      - sameorigin
      x-permitted-cross-domain-policies:
      - none
      x-powered-by:
      - Phusion Passenger 4.0.53
      x-request-id:
      - f1ae0f0b-e749-4d5a-852b-35669ae6d68a
      x-runtime:
      - '0.029180'
      x-xss-protection:
      - 1; mode=block
    status:
      code: 200
      message: OK
- request:
    body: null
    headers:
      Accept:
      - application/json;version=2
      Cookie:
      - _session_id=934fa2b15a8efdd95d83d24b79b08d7a
    method: GET
    uri: https://foreman.example.com/katello/api/content_views/21/filters?per_page=4294967296&search=name%3D%22Test+Package+Group+Content+View+Filter%22&thin=False
  response:
    body:
      string: !!python/unicode '{"total":1,"subtotal":1,"page":1,"per_page":"4294967296","error":null,"search":"name=\"Test
        Package Group Content View Filter\"","sort":{"by":"name","order":"asc"},"results":[{"inclusion":false,"id":19,"name":"Test
        Package Group Content View Filter","description":null,"created_at":"2019-09-16
        07:46:08 UTC","updated_at":"2019-09-16 07:46:08 UTC","content_view":{"composite":false,"component_ids":[],"default":false,"force_puppet_environment":false,"version_count":0,"latest_version":null,"auto_publish":false,"solve_dependencies":false,"repository_ids":[43],"id":21,"name":"Test
        Content View","label":"Test_Content_View","description":null,"organization_id":65,"organization":{"name":"Test
        Organization","label":"Test_Organization","id":65},"created_at":"2019-09-16
        07:45:49 UTC","updated_at":"2019-09-16 07:45:49 UTC","environments":[],"repositories":[{"id":43,"name":"Test
        Repository","label":"Test_Repository","content_type":"yum"}],"puppet_modules":[],"versions":[],"components":[],"content_view_components":[],"activation_keys":[],"next_version":"1.0","last_published":null,"permissions":{"view_content_views":true,"edit_content_views":true,"destroy_content_views":true,"publish_content_views":true,"promote_or_remove_content_views":true}},"repositories":[],"type":"package_group","rules":[{"content_view_filter_id":19,"uuid":"0d547e04-adec-4235-9d08-c7068a3888a0","id":1,"name":"birds","created_at":"2019-09-16
        07:46:09 UTC","updated_at":"2019-09-16 07:46:09 UTC"}]}]}

'
    headers:
      apipie-checksum:
      - 57b27c3a1eb004e5a0fe05ef2b2a8b0d9a6baae5
      cache-control:
      - max-age=0, private, must-revalidate
      content-security-policy:
      - 'default-src ''self''; child-src ''self''; connect-src ''self'' ws: wss:;
        img-src ''self'' data: *.gravatar.com; script-src ''unsafe-eval'' ''unsafe-inline''
        ''self''; style-src ''unsafe-inline'' ''self'''
      content-type:
      - application/json; charset=utf-8
      date:
      - Mon, 16 Sep 2019 07:46:10 GMT
      etag:
      - W/"2257633151f7290d8501e4f944830e43"
      foreman_api_version:
      - '2'
      foreman_version:
      - 1.22.0
      server:
      - Apache
      status:
      - 200 OK
      strict-transport-security:
      - max-age=631139040; includeSubdomains
      transfer-encoding:
      - chunked
      vary:
      - Accept-Encoding
      x-content-type-options:
      - nosniff
      x-download-options:
      - noopen
      x-frame-options:
      - sameorigin
      x-permitted-cross-domain-policies:
      - none
      x-powered-by:
      - Phusion Passenger 4.0.53
      x-request-id:
      - 004e8c6a-97bd-4d14-a690-c5b15d4954b3
      x-runtime:
      - '0.044526'
      x-xss-protection:
      - 1; mode=block
    status:
      code: 200
      message: OK
- request:
    body: null
    headers:
      Accept:
      - application/json;version=2
      Cookie:
      - _session_id=934fa2b15a8efdd95d83d24b79b08d7a
    method: GET
    uri: https://foreman.example.com/katello/api/content_views/21/filters/19
  response:
    body:
      string: !!python/unicode '  {"inclusion":false,"id":19,"name":"Test Package
        Group Content View Filter","description":null,"created_at":"2019-09-16 07:46:08
        UTC","updated_at":"2019-09-16 07:46:08 UTC","content_view":{"composite":false,"component_ids":[],"default":false,"force_puppet_environment":false,"version_count":0,"latest_version":null,"auto_publish":false,"solve_dependencies":false,"repository_ids":[43],"id":21,"name":"Test
        Content View","label":"Test_Content_View","description":null,"organization_id":65,"organization":{"name":"Test
        Organization","label":"Test_Organization","id":65},"created_at":"2019-09-16
        07:45:49 UTC","updated_at":"2019-09-16 07:45:49 UTC","environments":[],"repositories":[{"id":43,"name":"Test
        Repository","label":"Test_Repository","content_type":"yum","product":{"id":487,"name":"Test
        Product"},"content_counts":{"ostree_branch":0,"docker_manifest":0,"docker_tag":0,"rpm":32,"package":32,"package_group":2,"erratum":4,"puppet_module":0}}],"puppet_modules":[],"versions":[],"components":[],"content_view_components":[],"activation_keys":[],"next_version":"1.0","last_published":null,"permissions":{"view_content_views":true,"edit_content_views":true,"destroy_content_views":true,"publish_content_views":true,"promote_or_remove_content_views":true}},"repositories":[],"type":"package_group","rules":[{"content_view_filter_id":19,"uuid":"0d547e04-adec-4235-9d08-c7068a3888a0","id":1,"name":"birds","created_at":"2019-09-16
        07:46:09 UTC","updated_at":"2019-09-16 07:46:09 UTC"}]}

'
    headers:
      apipie-checksum:
      - 57b27c3a1eb004e5a0fe05ef2b2a8b0d9a6baae5
      cache-control:
      - max-age=0, private, must-revalidate
      content-security-policy:
      - 'default-src ''self''; child-src ''self''; connect-src ''self'' ws: wss:;
        img-src ''self'' data: *.gravatar.com; script-src ''unsafe-eval'' ''unsafe-inline''
        ''self''; style-src ''unsafe-inline'' ''self'''
      content-type:
      - application/json; charset=utf-8
      date:
      - Mon, 16 Sep 2019 07:46:10 GMT
      etag:
      - W/"c94dd07b989ded47aa74d194ba6accaa"
      foreman_api_version:
      - '2'
      foreman_version:
      - 1.22.0
      server:
      - Apache
      status:
      - 200 OK
      strict-transport-security:
      - max-age=631139040; includeSubdomains
      transfer-encoding:
      - chunked
      vary:
      - Accept-Encoding
      x-content-type-options:
      - nosniff
      x-download-options:
      - noopen
      x-frame-options:
      - sameorigin
      x-permitted-cross-domain-policies:
      - none
      x-powered-by:
      - Phusion Passenger 4.0.53
      x-request-id:
      - 3b3f4871-1662-45a0-b68a-77f91f55f444
      x-runtime:
      - '0.050250'
      x-xss-protection:
      - 1; mode=block
    status:
      code: 200
      message: OK
- request:
    body: null
    headers:
      Accept:
      - application/json;version=2
      Content-Length:
      - '0'
      Cookie:
      - _session_id=934fa2b15a8efdd95d83d24b79b08d7a
    method: DELETE
    uri: https://foreman.example.com/katello/api/content_views/21/filters/19
  response:
    body:
      string: !!python/unicode '  {"inclusion":false,"id":19,"name":"Test Package
        Group Content View Filter","description":null,"created_at":"2019-09-16 07:46:08
        UTC","updated_at":"2019-09-16 07:46:08 UTC","content_view":{"composite":false,"component_ids":[],"default":false,"force_puppet_environment":false,"version_count":0,"latest_version":null,"auto_publish":false,"solve_dependencies":false,"repository_ids":[43],"id":21,"name":"Test
        Content View","label":"Test_Content_View","description":null,"organization_id":65,"organization":{"name":"Test
        Organization","label":"Test_Organization","id":65},"created_at":"2019-09-16
        07:45:49 UTC","updated_at":"2019-09-16 07:45:49 UTC","environments":[],"repositories":[{"id":43,"name":"Test
        Repository","label":"Test_Repository","content_type":"yum","product":{"id":487,"name":"Test
        Product"},"content_counts":{"ostree_branch":0,"docker_manifest":0,"docker_tag":0,"rpm":32,"package":32,"package_group":2,"erratum":4,"puppet_module":0}}],"puppet_modules":[],"versions":[],"components":[],"content_view_components":[],"activation_keys":[],"next_version":"1.0","last_published":null,"permissions":{"view_content_views":true,"edit_content_views":true,"destroy_content_views":true,"publish_content_views":true,"promote_or_remove_content_views":true}},"repositories":[],"type":"package_group","rules":[]}

'
    headers:
      apipie-checksum:
      - 57b27c3a1eb004e5a0fe05ef2b2a8b0d9a6baae5
      cache-control:
      - max-age=0, private, must-revalidate
      content-security-policy:
      - 'default-src ''self''; child-src ''self''; connect-src ''self'' ws: wss:;
        img-src ''self'' data: *.gravatar.com; script-src ''unsafe-eval'' ''unsafe-inline''
        ''self''; style-src ''unsafe-inline'' ''self'''
      content-type:
      - application/json; charset=utf-8
      date:
      - Mon, 16 Sep 2019 07:46:10 GMT
      etag:
      - W/"5ee1f089b159c158220f041b6283a8a1"
      foreman_api_version:
      - '2'
      foreman_version:
      - 1.22.0
      server:
      - Apache
      set-cookie:
      - request_method=DELETE; path=/; secure; HttpOnly; SameSite=Lax
      status:
      - 200 OK
      strict-transport-security:
      - max-age=631139040; includeSubdomains
      transfer-encoding:
      - chunked
      vary:
      - Accept-Encoding
      x-content-type-options:
      - nosniff
      x-download-options:
      - noopen
      x-frame-options:
      - sameorigin
      x-permitted-cross-domain-policies:
      - none
      x-powered-by:
      - Phusion Passenger 4.0.53
      x-request-id:
      - f8743058-3c02-4b33-a958-3e9a9e9d9cb2
      x-runtime:
      - '0.051195'
      x-xss-protection:
      - 1; mode=block
    status:
      code: 200
      message: OK
version: 1
