interactions:
- request:
    body: null
    headers:
      Accept:
      - application/json;version=2
      Accept-Encoding:
      - gzip, deflate
      Connection:
      - keep-alive
      User-Agent:
      - apypie (https://github.com/Apipie/apypie)
    method: GET
    uri: https://centos7-katello-3-13.yatsu.example.com/api/status
  response:
    body:
      string: !!python/unicode '{"result":"ok","status":200,"version":"1.23.0","api_version":2}'
    headers:
      cache-control:
      - max-age=0, private, must-revalidate
      connection:
      - Keep-Alive
      content-length:
      - '63'
      content-security-policy:
      - 'default-src ''self''; child-src ''self''; connect-src ''self'' ws: wss:;
        img-src ''self'' data: *.gravatar.com; script-src ''unsafe-eval'' ''unsafe-inline''
        ''self''; style-src ''unsafe-inline'' ''self'''
      content-type:
      - application/json; charset=utf-8
      date:
      - Thu, 31 Oct 2019 14:53:46 GMT
      etag:
      - W/"e155d3039d3e53c9bd4f09acfe48e637"
      foreman_api_version:
      - '2'
      foreman_current_location:
      - ; ANY
      foreman_current_organization:
      - ; ANY
      foreman_version:
      - 1.23.0
      keep-alive:
      - timeout=5, max=10000
      server:
      - Apache
      set-cookie:
      - _session_id=ca340819a1df95496991e16adf9d8547; path=/; secure; HttpOnly; SameSite=Lax
      status:
      - 200 OK
      strict-transport-security:
      - max-age=631139040; includeSubdomains
      x-content-type-options:
      - nosniff
      x-download-options:
      - noopen
      x-frame-options:
      - sameorigin
      x-permitted-cross-domain-policies:
      - none
      x-powered-by:
      - Phusion Passenger 4.0.53
      x-request-id:
      - 34e9a5c8-d5c7-4d07-a15c-d731b763a9e3
      x-runtime:
      - '0.140972'
      x-xss-protection:
      - 1; mode=block
    status:
      code: 200
      message: OK
- request:
    body: null
    headers:
      Accept:
      - application/json;version=2
      Accept-Encoding:
      - gzip, deflate
      Connection:
      - keep-alive
      Cookie:
      - _session_id=ca340819a1df95496991e16adf9d8547
      User-Agent:
      - apypie (https://github.com/Apipie/apypie)
    method: GET
    uri: https://centos7-katello-3-13.yatsu.example.com/katello/api/organizations?per_page=4294967296&search=name%3D%22Test+Organization%22
  response:
    body:
      string: !!python/unicode "{\n  \"total\": 2,\n  \"subtotal\": 1,\n  \"page\":
        1,\n  \"per_page\": 4294967296,\n  \"search\": \"name=\\\"Test Organization\\\"\",\n
        \ \"sort\": {\n    \"by\": null,\n    \"order\": null\n  },\n  \"results\":
        [{\"label\":\"Test_Organization\",\"created_at\":\"2019-10-31 14:53:08 UTC\",\"updated_at\":\"2019-10-31
        14:53:08 UTC\",\"id\":6,\"name\":\"Test Organization\",\"title\":\"Test Organization\",\"description\":\"A
        test organization\"}]\n}\n"
    headers:
      cache-control:
      - max-age=0, private, must-revalidate
      connection:
      - Keep-Alive
      content-length:
      - '388'
      content-security-policy:
      - 'default-src ''self''; child-src ''self''; connect-src ''self'' ws: wss:;
        img-src ''self'' data: *.gravatar.com; script-src ''unsafe-eval'' ''unsafe-inline''
        ''self''; style-src ''unsafe-inline'' ''self'''
      content-type:
      - application/json; charset=utf-8
      date:
      - Thu, 31 Oct 2019 14:53:46 GMT
      etag:
      - W/"13f2ee3de30a6deb5914a0bf818752f4-gzip"
      foreman_api_version:
      - '2'
      foreman_current_location:
      - ; ANY
      foreman_current_organization:
      - ; ANY
      foreman_version:
      - 1.23.0
      keep-alive:
      - timeout=5, max=9999
      server:
      - Apache
      status:
      - 200 OK
      strict-transport-security:
      - max-age=631139040; includeSubdomains
      vary:
      - Accept-Encoding
      x-content-type-options:
      - nosniff
      x-download-options:
      - noopen
      x-frame-options:
      - sameorigin
      x-permitted-cross-domain-policies:
      - none
      x-powered-by:
      - Phusion Passenger 4.0.53
      x-request-id:
      - de8635bf-3a13-4ec3-badd-58fbc4014768
      x-runtime:
      - '0.022532'
      x-xss-protection:
      - 1; mode=block
    status:
      code: 200
      message: OK
- request:
    body: null
    headers:
      Accept:
      - application/json;version=2
      Accept-Encoding:
      - gzip, deflate
      Connection:
      - keep-alive
      Cookie:
      - _session_id=ca340819a1df95496991e16adf9d8547
      User-Agent:
      - apypie (https://github.com/Apipie/apypie)
    method: GET
    uri: https://centos7-katello-3-13.yatsu.example.com/katello/api/organizations/6/content_views?per_page=4294967296&search=name%3D%22Test+Composite+Content+View%22
  response:
    body:
      string: !!python/unicode '{"total":3,"subtotal":1,"page":1,"per_page":"4294967296","error":null,"search":"name=\"Test
        Composite Content View\"","sort":{"by":"name","order":"asc"},"results":[{"composite":true,"component_ids":[11],"default":false,"force_puppet_environment":false,"version_count":0,"latest_version":null,"auto_publish":true,"solve_dependencies":false,"repository_ids":[17],"id":10,"name":"Test
        Composite Content View","label":"Test_Composite_Content_View","description":null,"organization_id":6,"organization":{"name":"Test
        Organization","label":"Test_Organization","id":6},"created_at":"2019-10-31
        14:53:41 UTC","updated_at":"2019-10-31 14:53:43 UTC","environments":[],"repositories":[{"id":17,"name":"Test
        Repository","label":"Test_Repository","content_type":"yum"}],"puppet_modules":[],"versions":[],"components":[{"id":11,"name":"Test
        Content View 1.0","content_view_id":9,"version":"1.0","puppet_module_count":0,"environments":[{"id":11,"name":"Library","label":"Library"}],"content_view":{"id":9,"name":"Test
        Content View","label":"Test_Content_View","description":null,"next_version":2,"latest_version":"1.0"},"repositories":[{"id":17,"name":"Test
        Repository","label":"Test_Repository","description":null}]}],"content_view_components":[{"latest":false,"id":1,"created_at":"2019-10-31
        14:53:41 UTC","updated_at":"2019-10-31 14:53:41 UTC","composite_content_view":{"id":10,"name":"Test
        Composite Content View","label":"Test_Composite_Content_View","description":null,"next_version":1,"latest_version":null,"version_count":0},"content_view":{"id":9,"name":"Test
        Content View","label":"Test_Content_View","description":null,"next_version":2,"latest_version":"1.0","version_count":1},"content_view_version":{"id":11,"name":"Test
        Content View 1.0","content_view_id":9,"version":"1.0","puppet_module_count":0,"content_view":{"id":9,"name":"Test
        Content View","label":"Test_Content_View","description":null},"environments":[{"id":11,"name":"Library","label":"Library"}],"repositories":[{"id":17,"name":"Test
        Repository","label":"Test_Repository","description":null}]}}],"activation_keys":[],"next_version":"1.0","last_published":null,"permissions":{"view_content_views":true,"edit_content_views":true,"destroy_content_views":true,"publish_content_views":true,"promote_or_remove_content_views":true}}]}

'
    headers:
      cache-control:
      - max-age=0, private, must-revalidate
      connection:
      - Keep-Alive
      content-length:
      - '2289'
      content-security-policy:
      - 'default-src ''self''; child-src ''self''; connect-src ''self'' ws: wss:;
        img-src ''self'' data: *.gravatar.com; script-src ''unsafe-eval'' ''unsafe-inline''
        ''self''; style-src ''unsafe-inline'' ''self'''
      content-type:
      - application/json; charset=utf-8
      date:
      - Thu, 31 Oct 2019 14:53:46 GMT
      etag:
      - W/"0bccf318003e7714c8ca4c8637880296-gzip"
      foreman_api_version:
      - '2'
      foreman_current_location:
      - ; ANY
      foreman_current_organization:
      - 6; Test Organization
      foreman_version:
      - 1.23.0
      keep-alive:
      - timeout=5, max=9998
      server:
      - Apache
      status:
      - 200 OK
      strict-transport-security:
      - max-age=631139040; includeSubdomains
      vary:
      - Accept-Encoding
      x-content-type-options:
      - nosniff
      x-download-options:
      - noopen
      x-frame-options:
      - sameorigin
      x-permitted-cross-domain-policies:
      - none
      x-powered-by:
      - Phusion Passenger 4.0.53
      x-request-id:
      - 417eb2e2-7edc-40a6-aa91-890f052ce7f8
      x-runtime:
      - '0.054520'
      x-xss-protection:
      - 1; mode=block
    status:
      code: 200
      message: OK
- request:
    body: null
    headers:
      Accept:
      - application/json;version=2
      Accept-Encoding:
      - gzip, deflate
      Connection:
      - keep-alive
      Cookie:
      - _session_id=ca340819a1df95496991e16adf9d8547
      User-Agent:
      - apypie (https://github.com/Apipie/apypie)
    method: GET
    uri: https://centos7-katello-3-13.yatsu.example.com/katello/api/content_views/10?organization_id=6
  response:
    body:
      string: !!python/unicode '  {"content_host_count":0,"composite":true,"component_ids":[11],"default":false,"force_puppet_environment":false,"version_count":0,"latest_version":null,"auto_publish":true,"solve_dependencies":false,"repository_ids":[17],"id":10,"name":"Test
        Composite Content View","label":"Test_Composite_Content_View","description":null,"organization_id":6,"organization":{"name":"Test
        Organization","label":"Test_Organization","id":6},"created_at":"2019-10-31
        14:53:41 UTC","updated_at":"2019-10-31 14:53:43 UTC","environments":[],"repositories":[{"id":17,"name":"Test
        Repository","label":"Test_Repository","content_type":"yum"}],"puppet_modules":[],"versions":[],"components":[{"id":11,"name":"Test
        Content View 1.0","content_view_id":9,"version":"1.0","puppet_module_count":0,"environments":[{"id":11,"name":"Library","label":"Library"}],"content_view":{"id":9,"name":"Test
        Content View","label":"Test_Content_View","description":null,"next_version":2,"latest_version":"1.0"},"repositories":[{"id":17,"name":"Test
        Repository","label":"Test_Repository","description":null}]}],"content_view_components":[{"latest":false,"id":1,"created_at":"2019-10-31
        14:53:41 UTC","updated_at":"2019-10-31 14:53:41 UTC","composite_content_view":{"id":10,"name":"Test
        Composite Content View","label":"Test_Composite_Content_View","description":null,"next_version":1,"latest_version":null,"version_count":0},"content_view":{"id":9,"name":"Test
        Content View","label":"Test_Content_View","description":null,"next_version":2,"latest_version":"1.0","version_count":1},"content_view_version":{"id":11,"name":"Test
        Content View 1.0","content_view_id":9,"version":"1.0","puppet_module_count":0,"content_view":{"id":9,"name":"Test
        Content View","label":"Test_Content_View","description":null},"environments":[{"id":11,"name":"Library","label":"Library"}],"repositories":[{"id":17,"name":"Test
        Repository","label":"Test_Repository","description":null}]}}],"activation_keys":[],"next_version":"1.0","last_published":null,"permissions":{"view_content_views":true,"edit_content_views":true,"destroy_content_views":true,"publish_content_views":true,"promote_or_remove_content_views":true},"duplicate_repositories_to_publish":[]}

'
    headers:
      cache-control:
      - max-age=0, private, must-revalidate
      connection:
      - Keep-Alive
      content-length:
      - '2187'
      content-security-policy:
      - 'default-src ''self''; child-src ''self''; connect-src ''self'' ws: wss:;
        img-src ''self'' data: *.gravatar.com; script-src ''unsafe-eval'' ''unsafe-inline''
        ''self''; style-src ''unsafe-inline'' ''self'''
      content-type:
      - application/json; charset=utf-8
      date:
      - Thu, 31 Oct 2019 14:53:46 GMT
      etag:
      - W/"9549a0a9b4bedecdc7af1ceeb94242d0-gzip"
      foreman_api_version:
      - '2'
      foreman_current_location:
      - ; ANY
      foreman_current_organization:
      - 6; Test Organization
      foreman_version:
      - 1.23.0
      keep-alive:
      - timeout=5, max=9997
      server:
      - Apache
      status:
      - 200 OK
      strict-transport-security:
      - max-age=631139040; includeSubdomains
      vary:
      - Accept-Encoding
      x-content-type-options:
      - nosniff
      x-download-options:
      - noopen
      x-frame-options:
      - sameorigin
      x-permitted-cross-domain-policies:
      - none
      x-powered-by:
      - Phusion Passenger 4.0.53
      x-request-id:
      - 42f2e9d2-bd37-4c17-82e8-917c5a81ccb1
      x-runtime:
      - '0.058752'
      x-xss-protection:
      - 1; mode=block
    status:
      code: 200
      message: OK
- request:
    body: null
    headers:
      Accept:
      - application/json;version=2
      Accept-Encoding:
      - gzip, deflate
      Connection:
      - keep-alive
      Cookie:
      - _session_id=ca340819a1df95496991e16adf9d8547
      User-Agent:
      - apypie (https://github.com/Apipie/apypie)
    method: GET
    uri: https://centos7-katello-3-13.yatsu.example.com/katello/api/organizations/6/content_views?per_page=4294967296&search=name%3D%22Test+Content+View%22
  response:
    body:
      string: !!python/unicode '{"total":3,"subtotal":1,"page":1,"per_page":"4294967296","error":null,"search":"name=\"Test
        Content View\"","sort":{"by":"name","order":"asc"},"results":[{"composite":false,"component_ids":[],"default":false,"force_puppet_environment":false,"version_count":1,"latest_version":"1.0","auto_publish":false,"solve_dependencies":false,"repository_ids":[15],"id":9,"name":"Test
        Content View","label":"Test_Content_View","description":null,"organization_id":6,"organization":{"name":"Test
        Organization","label":"Test_Organization","id":6},"created_at":"2019-10-31
        14:53:30 UTC","updated_at":"2019-10-31 14:53:31 UTC","environments":[{"id":11,"name":"Library","label":"Library","permissions":{"readable":true}}],"repositories":[{"id":15,"name":"Test
        Repository","label":"Test_Repository","content_type":"yum"}],"puppet_modules":[],"versions":[{"id":11,"version":"1.0","published":"2019-10-31
        14:53:31 UTC","environment_ids":[11]}],"components":[],"content_view_components":[],"activation_keys":[],"next_version":"2.0","last_published":"2019-10-31
        14:53:31 UTC","permissions":{"view_content_views":true,"edit_content_views":true,"destroy_content_views":true,"publish_content_views":true,"promote_or_remove_content_views":true}}]}

'
    headers:
      cache-control:
      - max-age=0, private, must-revalidate
      connection:
      - Keep-Alive
      content-length:
      - '1221'
      content-security-policy:
      - 'default-src ''self''; child-src ''self''; connect-src ''self'' ws: wss:;
        img-src ''self'' data: *.gravatar.com; script-src ''unsafe-eval'' ''unsafe-inline''
        ''self''; style-src ''unsafe-inline'' ''self'''
      content-type:
      - application/json; charset=utf-8
      date:
      - Thu, 31 Oct 2019 14:53:46 GMT
      etag:
      - W/"a75a6477ea5b7eaa7f758c9a4d4593d7-gzip"
      foreman_api_version:
      - '2'
      foreman_current_location:
      - ; ANY
      foreman_current_organization:
      - 6; Test Organization
      foreman_version:
      - 1.23.0
      keep-alive:
      - timeout=5, max=9996
      server:
      - Apache
      status:
      - 200 OK
      strict-transport-security:
      - max-age=631139040; includeSubdomains
      vary:
      - Accept-Encoding
      x-content-type-options:
      - nosniff
      x-download-options:
      - noopen
      x-frame-options:
      - sameorigin
      x-permitted-cross-domain-policies:
      - none
      x-powered-by:
      - Phusion Passenger 4.0.53
      x-request-id:
      - f482449f-4330-4f41-9422-71e637c3fbd1
      x-runtime:
      - '0.039590'
      x-xss-protection:
      - 1; mode=block
    status:
      code: 200
      message: OK
- request:
    body: null
    headers:
      Accept:
      - application/json;version=2
      Accept-Encoding:
      - gzip, deflate
      Connection:
      - keep-alive
      Cookie:
      - _session_id=ca340819a1df95496991e16adf9d8547
      User-Agent:
      - apypie (https://github.com/Apipie/apypie)
    method: GET
    uri: https://centos7-katello-3-13.yatsu.example.com/katello/api/content_views/9?organization_id=6
  response:
    body:
      string: !!python/unicode '  {"content_host_count":0,"composite":false,"component_ids":[],"default":false,"force_puppet_environment":false,"version_count":1,"latest_version":"1.0","auto_publish":false,"solve_dependencies":false,"repository_ids":[15],"id":9,"name":"Test
        Content View","label":"Test_Content_View","description":null,"organization_id":6,"organization":{"name":"Test
        Organization","label":"Test_Organization","id":6},"created_at":"2019-10-31
        14:53:30 UTC","updated_at":"2019-10-31 14:53:31 UTC","environments":[{"id":11,"name":"Library","label":"Library","permissions":{"readable":true}}],"repositories":[{"id":15,"name":"Test
        Repository","label":"Test_Repository","content_type":"yum"}],"puppet_modules":[],"versions":[{"id":11,"version":"1.0","published":"2019-10-31
        14:53:31 UTC","environment_ids":[11]}],"components":[],"content_view_components":[],"activation_keys":[],"next_version":"2.0","last_published":"2019-10-31
        14:53:31 UTC","permissions":{"view_content_views":true,"edit_content_views":true,"destroy_content_views":true,"publish_content_views":true,"promote_or_remove_content_views":true},"duplicate_repositories_to_publish":[]}

'
    headers:
      cache-control:
      - max-age=0, private, must-revalidate
      connection:
      - Keep-Alive
      content-length:
      - '1129'
      content-security-policy:
      - 'default-src ''self''; child-src ''self''; connect-src ''self'' ws: wss:;
        img-src ''self'' data: *.gravatar.com; script-src ''unsafe-eval'' ''unsafe-inline''
        ''self''; style-src ''unsafe-inline'' ''self'''
      content-type:
      - application/json; charset=utf-8
      date:
      - Thu, 31 Oct 2019 14:53:46 GMT
      etag:
      - W/"215742d2572e82e59642fd8fea966197-gzip"
      foreman_api_version:
      - '2'
      foreman_current_location:
      - ; ANY
      foreman_current_organization:
      - 6; Test Organization
      foreman_version:
      - 1.23.0
      keep-alive:
      - timeout=5, max=9995
      server:
      - Apache
      status:
      - 200 OK
      strict-transport-security:
      - max-age=631139040; includeSubdomains
      vary:
      - Accept-Encoding
      x-content-type-options:
      - nosniff
      x-download-options:
      - noopen
      x-frame-options:
      - sameorigin
      x-permitted-cross-domain-policies:
      - none
      x-powered-by:
      - Phusion Passenger 4.0.53
      x-request-id:
      - 45fff3de-4c6c-4496-ba48-df247319d580
      x-runtime:
      - '0.041819'
      x-xss-protection:
      - 1; mode=block
    status:
      code: 200
      message: OK
- request:
    body: !!python/unicode '{"latest": true}'
    headers:
      Accept:
      - application/json;version=2
      Accept-Encoding:
      - gzip, deflate
      Connection:
      - keep-alive
      Content-Length:
      - '16'
      Content-Type:
      - application/json
      Cookie:
      - _session_id=ca340819a1df95496991e16adf9d8547
      User-Agent:
      - apypie (https://github.com/Apipie/apypie)
    method: PUT
    uri: https://centos7-katello-3-13.yatsu.example.com/katello/api/content_views/10/content_view_components/1
  response:
    body:
      string: !!python/unicode '  {"latest":true,"id":1,"created_at":"2019-10-31 14:53:41
        UTC","updated_at":"2019-10-31 14:53:46 UTC","composite_content_view":{"id":10,"name":"Test
        Composite Content View","label":"Test_Composite_Content_View","description":null,"next_version":1,"latest_version":null,"version_count":0},"content_view":{"id":9,"name":"Test
        Content View","label":"Test_Content_View","description":null,"next_version":2,"latest_version":"1.0","version_count":1},"content_view_version":{"id":11,"name":"Test
        Content View 1.0","content_view_id":9,"version":"1.0","puppet_module_count":0,"content_view":{"id":9,"name":"Test
        Content View","label":"Test_Content_View","description":null},"environments":[{"id":11,"name":"Library","label":"Library"}],"repositories":[{"id":17,"name":"Test
        Repository","label":"Test_Repository","description":null}]}}

'
    headers:
      cache-control:
      - max-age=0, private, must-revalidate
      connection:
      - Keep-Alive
      content-length:
      - '826'
      content-security-policy:
      - 'default-src ''self''; child-src ''self''; connect-src ''self'' ws: wss:;
        img-src ''self'' data: *.gravatar.com; script-src ''unsafe-eval'' ''unsafe-inline''
        ''self''; style-src ''unsafe-inline'' ''self'''
      content-type:
      - application/json; charset=utf-8
      date:
      - Thu, 31 Oct 2019 14:53:46 GMT
      etag:
      - W/"07e8c9414497ab6a6d7a51fee39934ec-gzip"
      foreman_api_version:
      - '2'
      foreman_current_location:
      - ; ANY
      foreman_current_organization:
      - ; ANY
      foreman_version:
      - 1.23.0
      keep-alive:
      - timeout=5, max=9994
      server:
      - Apache
      set-cookie:
      - request_method=PUT; path=/; secure; HttpOnly; SameSite=Lax
      status:
      - 200 OK
      strict-transport-security:
      - max-age=631139040; includeSubdomains
      vary:
      - Accept-Encoding
      x-content-type-options:
      - nosniff
      x-download-options:
      - noopen
      x-frame-options:
      - sameorigin
      x-permitted-cross-domain-policies:
      - none
      x-powered-by:
      - Phusion Passenger 4.0.53
      x-request-id:
      - 5a237b79-ed21-4529-a67b-da32eb735659
      x-runtime:
      - '0.052904'
      x-xss-protection:
      - 1; mode=block
    status:
      code: 200
      message: OK
version: 1
