interactions:
- request:
    body: null
    headers:
      Accept:
      - application/json;version=2
    method: GET
    uri: https://centos7-katello-3-12/api/status
  response:
    body:
      string: !!python/unicode '{"result":"ok","status":200,"version":"1.22.0","api_version":2}'
    headers:
      apipie-checksum:
      - 5adea7a94ce02bd4ebd4e9df5046899d962d1188
      cache-control:
      - max-age=0, private, must-revalidate
      content-length:
      - '63'
      content-security-policy:
      - 'default-src ''self''; child-src ''self''; connect-src ''self'' ws: wss:;
        img-src ''self'' data: *.gravatar.com; script-src ''unsafe-eval'' ''unsafe-inline''
        ''self''; style-src ''unsafe-inline'' ''self'''
      content-type:
      - application/json; charset=utf-8
      date:
      - Fri, 30 Aug 2019 10:06:12 GMT
      etag:
      - W/"674e9dbc2140c688b559566b581c5c09"
      foreman_api_version:
      - '2'
      foreman_version:
      - 1.22.0
      server:
      - Apache
      set-cookie:
      - _session_id=6ba8d5e06afcd595081fd8f06f95e29f; path=/; secure; HttpOnly; SameSite=Lax
      status:
      - 200 OK
      strict-transport-security:
      - max-age=631139040; includeSubdomains
      x-content-type-options:
      - nosniff
      x-download-options:
      - noopen
      x-frame-options:
      - sameorigin
      x-permitted-cross-domain-policies:
      - none
      x-powered-by:
      - Phusion Passenger 4.0.53
      x-request-id:
      - ae3b0f55-7a74-40cb-98f6-5cba9747aa64
      x-runtime:
      - '0.033545'
      x-xss-protection:
      - 1; mode=block
    status:
      code: 200
      message: OK
- request:
    body: null
    headers:
      Accept:
      - application/json;version=2
      Cookie:
      - _session_id=6ba8d5e06afcd595081fd8f06f95e29f
    method: GET
    uri: https://centos7-katello-3-12/katello/api/organizations?per_page=4294967296&search=name%3D%22Test+Organization%22&thin=True
  response:
    body:
      string: !!python/unicode "{\n  \"total\": 2,\n  \"subtotal\": 1,\n  \"page\":
        1,\n  \"per_page\": 4294967296,\n  \"search\": \"name=\\\"Test Organization\\\"\",\n
        \ \"sort\": {\n    \"by\": null,\n    \"order\": null\n  },\n  \"results\":
        [{\"label\":\"Test_Organization\",\"created_at\":\"2019-08-30 10:05:39 UTC\",\"updated_at\":\"2019-08-30
        10:05:39 UTC\",\"id\":5,\"name\":\"Test Organization\",\"title\":\"Test Organization\",\"description\":\"A
        test organization\"}]\n}\n"
    headers:
      apipie-checksum:
      - 5adea7a94ce02bd4ebd4e9df5046899d962d1188
      cache-control:
      - max-age=0, private, must-revalidate
      content-security-policy:
      - 'default-src ''self''; child-src ''self''; connect-src ''self'' ws: wss:;
        img-src ''self'' data: *.gravatar.com; script-src ''unsafe-eval'' ''unsafe-inline''
        ''self''; style-src ''unsafe-inline'' ''self'''
      content-type:
      - application/json; charset=utf-8
      date:
      - Fri, 30 Aug 2019 10:06:12 GMT
      etag:
      - W/"aaf1262c0328af315b977b463d76249f"
      foreman_api_version:
      - '2'
      foreman_version:
      - 1.22.0
      server:
      - Apache
      status:
      - 200 OK
      strict-transport-security:
      - max-age=631139040; includeSubdomains
      transfer-encoding:
      - chunked
      vary:
      - Accept-Encoding
      x-content-type-options:
      - nosniff
      x-download-options:
      - noopen
      x-frame-options:
      - sameorigin
      x-permitted-cross-domain-policies:
      - none
      x-powered-by:
      - Phusion Passenger 4.0.53
      x-request-id:
      - f06476f0-793a-4dc0-be2d-f5cef490e2b5
      x-runtime:
      - '0.016711'
      x-xss-protection:
      - 1; mode=block
    status:
      code: 200
      message: OK
- request:
    body: null
    headers:
      Accept:
      - application/json;version=2
      Cookie:
      - _session_id=6ba8d5e06afcd595081fd8f06f95e29f
    method: GET
    uri: https://centos7-katello-3-12/katello/api/organizations/5/content_views?per_page=4294967296&search=name%3D%22Test+Composite+Content+View%22&thin=False
  response:
    body:
      string: !!python/unicode '{"total":3,"subtotal":1,"page":1,"per_page":"4294967296","error":null,"search":"name=\"Test
        Composite Content View\"","sort":{"by":"name","order":"asc"},"results":[{"composite":true,"component_ids":[7],"default":false,"force_puppet_environment":false,"version_count":0,"latest_version":null,"auto_publish":false,"solve_dependencies":false,"repository_ids":[11],"id":19,"name":"Test
        Composite Content View","label":"Test_Composite_Content_View","description":null,"organization_id":5,"organization":{"name":"Test
        Organization","label":"Test_Organization","id":5},"created_at":"2019-08-30
        10:06:10 UTC","updated_at":"2019-08-30 10:06:10 UTC","environments":[],"repositories":[{"id":11,"name":"Test
        Repository","label":"Test_Repository","content_type":"yum"}],"puppet_modules":[],"versions":[],"components":[{"id":7,"name":"Test
        Content View 1.0","content_view_id":18,"version":"1.0","puppet_module_count":0,"environments":[{"id":3,"name":"Library","label":"Library"}],"content_view":{"id":18,"name":"Test
        Content View","label":"Test_Content_View","description":null,"next_version":2,"latest_version":"1.0"},"repositories":[{"id":11,"name":"Test
        Repository","label":"Test_Repository","description":null}]}],"content_view_components":[{"latest":false,"id":2,"created_at":"2019-08-30
        10:06:11 UTC","updated_at":"2019-08-30 10:06:11 UTC","composite_content_view":{"id":19,"name":"Test
        Composite Content View","label":"Test_Composite_Content_View","description":null,"next_version":1,"latest_version":null,"version_count":0},"content_view":{"id":18,"name":"Test
        Content View","label":"Test_Content_View","description":null,"next_version":2,"latest_version":"1.0","version_count":1},"content_view_version":{"id":7,"name":"Test
        Content View 1.0","content_view_id":18,"version":"1.0","puppet_module_count":0,"content_view":{"id":18,"name":"Test
        Content View","label":"Test_Content_View","description":null},"environments":[{"id":3,"name":"Library","label":"Library"}],"repositories":[{"id":11,"name":"Test
        Repository","label":"Test_Repository","description":null}]}}],"activation_keys":[],"next_version":"1.0","last_published":null,"permissions":{"view_content_views":true,"edit_content_views":true,"destroy_content_views":true,"publish_content_views":true,"promote_or_remove_content_views":true}}]}

'
    headers:
      apipie-checksum:
      - 5adea7a94ce02bd4ebd4e9df5046899d962d1188
      cache-control:
      - max-age=0, private, must-revalidate
      content-security-policy:
      - 'default-src ''self''; child-src ''self''; connect-src ''self'' ws: wss:;
        img-src ''self'' data: *.gravatar.com; script-src ''unsafe-eval'' ''unsafe-inline''
        ''self''; style-src ''unsafe-inline'' ''self'''
      content-type:
      - application/json; charset=utf-8
      date:
      - Fri, 30 Aug 2019 10:06:12 GMT
      etag:
      - W/"75d51323e15550d107a17a5e2cfe0d0e"
      foreman_api_version:
      - '2'
      foreman_version:
      - 1.22.0
      server:
      - Apache
      status:
      - 200 OK
      strict-transport-security:
      - max-age=631139040; includeSubdomains
      transfer-encoding:
      - chunked
      vary:
      - Accept-Encoding
      x-content-type-options:
      - nosniff
      x-download-options:
      - noopen
      x-frame-options:
      - sameorigin
      x-permitted-cross-domain-policies:
      - none
      x-powered-by:
      - Phusion Passenger 4.0.53
      x-request-id:
      - c1edd67b-a141-4d82-a820-463b8a790db1
      x-runtime:
      - '0.074208'
      x-xss-protection:
      - 1; mode=block
    status:
      code: 200
      message: OK
- request:
    body: null
    headers:
      Accept:
      - application/json;version=2
      Cookie:
      - _session_id=6ba8d5e06afcd595081fd8f06f95e29f
    method: GET
    uri: https://centos7-katello-3-12/katello/api/content_views/19?organization_id=5
  response:
    body:
      string: !!python/unicode '  {"content_host_count":0,"composite":true,"component_ids":[7],"default":false,"force_puppet_environment":false,"version_count":0,"latest_version":null,"auto_publish":false,"solve_dependencies":false,"repository_ids":[11],"id":19,"name":"Test
        Composite Content View","label":"Test_Composite_Content_View","description":null,"organization_id":5,"organization":{"name":"Test
        Organization","label":"Test_Organization","id":5},"created_at":"2019-08-30
        10:06:10 UTC","updated_at":"2019-08-30 10:06:10 UTC","environments":[],"repositories":[{"id":11,"name":"Test
        Repository","label":"Test_Repository","content_type":"yum"}],"puppet_modules":[],"versions":[],"components":[{"id":7,"name":"Test
        Content View 1.0","content_view_id":18,"version":"1.0","puppet_module_count":0,"environments":[{"id":3,"name":"Library","label":"Library"}],"content_view":{"id":18,"name":"Test
        Content View","label":"Test_Content_View","description":null,"next_version":2,"latest_version":"1.0"},"repositories":[{"id":11,"name":"Test
        Repository","label":"Test_Repository","description":null}]}],"content_view_components":[{"latest":false,"id":2,"created_at":"2019-08-30
        10:06:11 UTC","updated_at":"2019-08-30 10:06:11 UTC","composite_content_view":{"id":19,"name":"Test
        Composite Content View","label":"Test_Composite_Content_View","description":null,"next_version":1,"latest_version":null,"version_count":0},"content_view":{"id":18,"name":"Test
        Content View","label":"Test_Content_View","description":null,"next_version":2,"latest_version":"1.0","version_count":1},"content_view_version":{"id":7,"name":"Test
        Content View 1.0","content_view_id":18,"version":"1.0","puppet_module_count":0,"content_view":{"id":18,"name":"Test
        Content View","label":"Test_Content_View","description":null},"environments":[{"id":3,"name":"Library","label":"Library"}],"repositories":[{"id":11,"name":"Test
        Repository","label":"Test_Repository","description":null}]}}],"activation_keys":[],"next_version":"1.0","last_published":null,"permissions":{"view_content_views":true,"edit_content_views":true,"destroy_content_views":true,"publish_content_views":true,"promote_or_remove_content_views":true},"duplicate_repositories_to_publish":[]}

'
    headers:
      apipie-checksum:
      - 5adea7a94ce02bd4ebd4e9df5046899d962d1188
      cache-control:
      - max-age=0, private, must-revalidate
      content-security-policy:
      - 'default-src ''self''; child-src ''self''; connect-src ''self'' ws: wss:;
        img-src ''self'' data: *.gravatar.com; script-src ''unsafe-eval'' ''unsafe-inline''
        ''self''; style-src ''unsafe-inline'' ''self'''
      content-type:
      - application/json; charset=utf-8
      date:
      - Fri, 30 Aug 2019 10:06:12 GMT
      etag:
      - W/"c56c7d5012f654c61d5173ae9f25b803"
      foreman_api_version:
      - '2'
      foreman_version:
      - 1.22.0
      server:
      - Apache
      status:
      - 200 OK
      strict-transport-security:
      - max-age=631139040; includeSubdomains
      transfer-encoding:
      - chunked
      vary:
      - Accept-Encoding
      x-content-type-options:
      - nosniff
      x-download-options:
      - noopen
      x-frame-options:
      - sameorigin
      x-permitted-cross-domain-policies:
      - none
      x-powered-by:
      - Phusion Passenger 4.0.53
      x-request-id:
      - 1c0d18f4-6790-4795-9c55-fa948753f3ca
      x-runtime:
      - '0.053576'
      x-xss-protection:
      - 1; mode=block
    status:
      code: 200
      message: OK
- request:
    body: !!python/unicode '{"auto_publish": true}'
    headers:
      Accept:
      - application/json;version=2
      Content-Length:
      - '22'
      Content-Type:
      - application/json
      Cookie:
      - _session_id=6ba8d5e06afcd595081fd8f06f95e29f
    method: PUT
    uri: https://centos7-katello-3-12/katello/api/content_views/19
  response:
    body:
      string: !!python/unicode '  {"content_host_count":0,"composite":true,"component_ids":[7],"default":false,"force_puppet_environment":false,"version_count":0,"latest_version":null,"auto_publish":true,"solve_dependencies":false,"repository_ids":[11],"id":19,"name":"Test
        Composite Content View","label":"Test_Composite_Content_View","description":null,"organization_id":5,"organization":{"name":"Test
        Organization","label":"Test_Organization","id":5},"created_at":"2019-08-30
        10:06:10 UTC","updated_at":"2019-08-30 10:06:12 UTC","environments":[],"repositories":[{"id":11,"name":"Test
        Repository","label":"Test_Repository","content_type":"yum"}],"puppet_modules":[],"versions":[],"components":[{"id":7,"name":"Test
        Content View 1.0","content_view_id":18,"version":"1.0","puppet_module_count":0,"environments":[{"id":3,"name":"Library","label":"Library"}],"content_view":{"id":18,"name":"Test
        Content View","label":"Test_Content_View","description":null,"next_version":2,"latest_version":"1.0"},"repositories":[{"id":11,"name":"Test
        Repository","label":"Test_Repository","description":null}]}],"content_view_components":[{"latest":false,"id":2,"created_at":"2019-08-30
        10:06:11 UTC","updated_at":"2019-08-30 10:06:11 UTC","composite_content_view":{"id":19,"name":"Test
        Composite Content View","label":"Test_Composite_Content_View","description":null,"next_version":1,"latest_version":null,"version_count":0},"content_view":{"id":18,"name":"Test
        Content View","label":"Test_Content_View","description":null,"next_version":2,"latest_version":"1.0","version_count":1},"content_view_version":{"id":7,"name":"Test
        Content View 1.0","content_view_id":18,"version":"1.0","puppet_module_count":0,"content_view":{"id":18,"name":"Test
        Content View","label":"Test_Content_View","description":null},"environments":[{"id":3,"name":"Library","label":"Library"}],"repositories":[{"id":11,"name":"Test
        Repository","label":"Test_Repository","description":null}]}}],"activation_keys":[],"next_version":"1.0","last_published":null,"permissions":{"view_content_views":true,"edit_content_views":true,"destroy_content_views":true,"publish_content_views":true,"promote_or_remove_content_views":true},"duplicate_repositories_to_publish":[]}

'
    headers:
      apipie-checksum:
      - 5adea7a94ce02bd4ebd4e9df5046899d962d1188
      cache-control:
      - max-age=0, private, must-revalidate
      content-security-policy:
      - 'default-src ''self''; child-src ''self''; connect-src ''self'' ws: wss:;
        img-src ''self'' data: *.gravatar.com; script-src ''unsafe-eval'' ''unsafe-inline''
        ''self''; style-src ''unsafe-inline'' ''self'''
      content-type:
      - application/json; charset=utf-8
      date:
      - Fri, 30 Aug 2019 10:06:12 GMT
      etag:
      - W/"2e44612c65b55f3f47000c7e8e4ac38e"
      foreman_api_version:
      - '2'
      foreman_version:
      - 1.22.0
      server:
      - Apache
      set-cookie:
      - request_method=PUT; path=/; secure; HttpOnly; SameSite=Lax
      status:
      - 200 OK
      strict-transport-security:
      - max-age=631139040; includeSubdomains
      transfer-encoding:
      - chunked
      vary:
      - Accept-Encoding
      x-content-type-options:
      - nosniff
      x-download-options:
      - noopen
      x-frame-options:
      - sameorigin
      x-permitted-cross-domain-policies:
      - none
      x-powered-by:
      - Phusion Passenger 4.0.53
      x-request-id:
      - d445790c-cd34-4880-9ec0-165c93c6bbc6
      x-runtime:
      - '0.510666'
      x-xss-protection:
      - 1; mode=block
    status:
      code: 200
      message: OK
- request:
    body: null
    headers:
      Accept:
      - application/json;version=2
      Cookie:
      - request_method=PUT; _session_id=6ba8d5e06afcd595081fd8f06f95e29f
    method: GET
    uri: https://centos7-katello-3-12/katello/api/organizations/5/content_views?per_page=4294967296&search=name%3D%22Test+Content+View%22&id=19&thin=False
  response:
    body:
      string: !!python/unicode '{"total":3,"subtotal":1,"page":1,"per_page":"4294967296","error":null,"search":"name=\"Test
        Content View\"","sort":{"by":"name","order":"asc"},"results":[{"composite":false,"component_ids":[],"default":false,"force_puppet_environment":false,"version_count":1,"latest_version":"1.0","auto_publish":false,"solve_dependencies":false,"repository_ids":[9],"id":18,"name":"Test
        Content View","label":"Test_Content_View","description":null,"organization_id":5,"organization":{"name":"Test
        Organization","label":"Test_Organization","id":5},"created_at":"2019-08-30
        10:05:59 UTC","updated_at":"2019-08-30 10:06:00 UTC","environments":[{"id":3,"name":"Library","label":"Library","permissions":{"readable":true}}],"repositories":[{"id":9,"name":"Test
        Repository","label":"Test_Repository","content_type":"yum"}],"puppet_modules":[],"versions":[{"id":7,"version":"1.0","published":"2019-08-30
        10:06:00 UTC","environment_ids":[3]}],"components":[],"content_view_components":[],"activation_keys":[],"next_version":"2.0","last_published":"2019-08-30
        10:06:00 UTC","permissions":{"view_content_views":true,"edit_content_views":true,"destroy_content_views":true,"publish_content_views":true,"promote_or_remove_content_views":true}}]}

'
    headers:
      apipie-checksum:
      - 5adea7a94ce02bd4ebd4e9df5046899d962d1188
      cache-control:
      - max-age=0, private, must-revalidate
      content-security-policy:
      - 'default-src ''self''; child-src ''self''; connect-src ''self'' ws: wss:;
        img-src ''self'' data: *.gravatar.com; script-src ''unsafe-eval'' ''unsafe-inline''
        ''self''; style-src ''unsafe-inline'' ''self'''
      content-type:
      - application/json; charset=utf-8
      date:
      - Fri, 30 Aug 2019 10:06:13 GMT
      etag:
      - W/"154448b7b59f883a882c1164ad57b9c6"
      foreman_api_version:
      - '2'
      foreman_version:
      - 1.22.0
      server:
      - Apache
      set-cookie:
      - request_method=; path=/; max-age=0; expires=Thu, 01 Jan 1970 00:00:00 -0000;
        secure; HttpOnly; SameSite=Lax
      status:
      - 200 OK
      strict-transport-security:
      - max-age=631139040; includeSubdomains
      transfer-encoding:
      - chunked
      vary:
      - Accept-Encoding
      x-content-type-options:
      - nosniff
      x-download-options:
      - noopen
      x-frame-options:
      - sameorigin
      x-permitted-cross-domain-policies:
      - none
      x-powered-by:
      - Phusion Passenger 4.0.53
      x-request-id:
      - 908bf6e6-e31b-454a-a8e6-0bd1c5531261
      x-runtime:
      - '0.045854'
      x-xss-protection:
      - 1; mode=block
    status:
      code: 200
      message: OK
- request:
    body: null
    headers:
      Accept:
      - application/json;version=2
      Cookie:
      - _session_id=6ba8d5e06afcd595081fd8f06f95e29f
    method: GET
    uri: https://centos7-katello-3-12/katello/api/content_views/18?organization_id=5
  response:
    body:
      string: !!python/unicode '  {"content_host_count":0,"composite":false,"component_ids":[],"default":false,"force_puppet_environment":false,"version_count":1,"latest_version":"1.0","auto_publish":false,"solve_dependencies":false,"repository_ids":[9],"id":18,"name":"Test
        Content View","label":"Test_Content_View","description":null,"organization_id":5,"organization":{"name":"Test
        Organization","label":"Test_Organization","id":5},"created_at":"2019-08-30
        10:05:59 UTC","updated_at":"2019-08-30 10:06:00 UTC","environments":[{"id":3,"name":"Library","label":"Library","permissions":{"readable":true}}],"repositories":[{"id":9,"name":"Test
        Repository","label":"Test_Repository","content_type":"yum"}],"puppet_modules":[],"versions":[{"id":7,"version":"1.0","published":"2019-08-30
        10:06:00 UTC","environment_ids":[3]}],"components":[],"content_view_components":[],"activation_keys":[],"next_version":"2.0","last_published":"2019-08-30
        10:06:00 UTC","permissions":{"view_content_views":true,"edit_content_views":true,"destroy_content_views":true,"publish_content_views":true,"promote_or_remove_content_views":true},"duplicate_repositories_to_publish":[]}

'
    headers:
      apipie-checksum:
      - 5adea7a94ce02bd4ebd4e9df5046899d962d1188
      cache-control:
      - max-age=0, private, must-revalidate
      content-security-policy:
      - 'default-src ''self''; child-src ''self''; connect-src ''self'' ws: wss:;
        img-src ''self'' data: *.gravatar.com; script-src ''unsafe-eval'' ''unsafe-inline''
        ''self''; style-src ''unsafe-inline'' ''self'''
      content-type:
      - application/json; charset=utf-8
      date:
      - Fri, 30 Aug 2019 10:06:13 GMT
      etag:
      - W/"2636b783c025aafea21f8e89361378d1"
      foreman_api_version:
      - '2'
      foreman_version:
      - 1.22.0
      server:
      - Apache
      status:
      - 200 OK
      strict-transport-security:
      - max-age=631139040; includeSubdomains
      transfer-encoding:
      - chunked
      vary:
      - Accept-Encoding
      x-content-type-options:
      - nosniff
      x-download-options:
      - noopen
      x-frame-options:
      - sameorigin
      x-permitted-cross-domain-policies:
      - none
      x-powered-by:
      - Phusion Passenger 4.0.53
      x-request-id:
      - 383a4d9b-46fc-4d87-8e61-1729573745a7
      x-runtime:
      - '0.056850'
      x-xss-protection:
      - 1; mode=block
    status:
      code: 200
      message: OK
- request:
    body: null
    headers:
      Accept:
      - application/json;version=2
      Cookie:
      - _session_id=6ba8d5e06afcd595081fd8f06f95e29f
    method: GET
    uri: https://centos7-katello-3-12/katello/api/content_view_versions?per_page=4294967296&search=content_view_id%3D18%2Cversion%3D1.0&thin=True
  response:
    body:
      string: !!python/unicode '{"total":3,"subtotal":1,"page":1,"per_page":"4294967296","error":null,"search":"content_view_id=18,version=1.0","sort":{"by":"version","order":"desc"},"results":[{"version":"1.0","major":1,"minor":0,"composite_content_view_ids":[19],"published_in_composite_content_view_ids":[],"content_view_id":18,"default":false,"description":null,"package_count":0,"module_stream_count":0,"srpm_count":0,"file_count":0,"package_group_count":0,"puppet_module_count":0,"docker_manifest_count":0,"docker_manifest_list_count":0,"docker_tag_count":0,"ostree_branch_count":0,"deb_count":0,"id":7,"name":"Test
        Content View 1.0","created_at":"2019-08-30 10:06:00 UTC","updated_at":"2019-08-30
        10:06:00 UTC","content_view":{"id":18,"name":"Test Content View","label":"Test_Content_View"},"composite_content_views":[{"id":19,"name":"Test
        Composite Content View","label":"Test_Composite_Content_View"}],"composite_content_view_versions":[],"published_in_composite_content_views":[],"environments":[{"id":3,"name":"Library","label":"Library","puppet_environment_id":null,"permissions":{"readable":true,"promotable_or_removable":true,"all_hosts_editable":true,"all_keys_editable":true},"host_count":0,"activation_key_count":0}],"repositories":[{"id":11,"name":"Test
        Repository","label":"Test_Repository","content_type":"yum","library_instance_id":9}],"last_event":{"user":"admin","status":"successful","description":null,"action":"publish","created_at":"2019-08-30
        10:06:00 UTC","updated_at":"2019-08-30 10:06:09 UTC","environment":null,"task":{"id":"23518ac7-d448-41ce-9987-592a1e403a53","label":"Actions::Katello::ContentView::Publish","pending":false,"action":"Publish
        content view ''Test Content View''; organization ''Test Organization''","username":"admin","started_at":"2019-08-30
        10:06:00 UTC","ended_at":"2019-08-30 10:06:09 UTC","state":"stopped","result":"success","progress":1.0,"input":{"content_view":{"id":18,"name":"Test
        Content View","label":"Test_Content_View"},"organization":{"id":5,"name":"Test
        Organization","label":"Test_Organization"},"services_checked":["candlepin","candlepin_auth","pulp","pulp_auth"],"history_id":10,"content_view_id":18,"content_view_version_id":7,"environment_id":3,"user_id":4,"current_request_id":null,"current_timezone":"UTC","current_user_id":4,"current_organization_id":null,"current_location_id":null},"output":{"content_view_id":18,"content_view_version_id":7,"composite_version_auto_published":[],"composite_view_publish_failed":[],"composite_auto_publish_task_id":[]},"humanized":{"action":"Publish","input":[["content_view",{"text":"content
        view ''Test Content View''","link":"/content_views/18/versions"}],["organization",{"text":"organization
        ''Test Organization''","link":"/organizations/5/edit"}]],"output":"","errors":[]},"cli_example":null},"version":"1.0","publish":true,"version_id":7,"triggered_by":null,"triggered_by_id":null},"active_history":[],"errata_counts":{"security":null,"bugfix":0,"enhancement":0,"total":null},"permissions":{"deletable":true}}]}

'
    headers:
      apipie-checksum:
      - 5adea7a94ce02bd4ebd4e9df5046899d962d1188
      cache-control:
      - max-age=0, private, must-revalidate
      content-security-policy:
      - 'default-src ''self''; child-src ''self''; connect-src ''self'' ws: wss:;
        img-src ''self'' data: *.gravatar.com; script-src ''unsafe-eval'' ''unsafe-inline''
        ''self''; style-src ''unsafe-inline'' ''self'''
      content-type:
      - application/json; charset=utf-8
      date:
      - Fri, 30 Aug 2019 10:06:13 GMT
      etag:
      - W/"0c59ea801e71d6a2a5e370bed6fd487e"
      foreman_api_version:
      - '2'
      foreman_version:
      - 1.22.0
      server:
      - Apache
      status:
      - 200 OK
      strict-transport-security:
      - max-age=631139040; includeSubdomains
      transfer-encoding:
      - chunked
      vary:
      - Accept-Encoding
      x-content-type-options:
      - nosniff
      x-download-options:
      - noopen
      x-frame-options:
      - sameorigin
      x-permitted-cross-domain-policies:
      - none
      x-powered-by:
      - Phusion Passenger 4.0.53
      x-request-id:
      - 0b52a419-5f61-4a7a-8cea-a81bd64bda61
      x-runtime:
      - '0.088654'
      x-xss-protection:
      - 1; mode=block
    status:
      code: 200
      message: OK
version: 1
