interactions:
- request:
    body: null
    headers:
      Accept:
      - application/json;version=2
      Accept-Encoding:
      - gzip, deflate
      Connection:
      - keep-alive
      User-Agent:
      - apypie (https://github.com/Apipie/apypie)
    method: GET
    uri: https://centos7-katello-3-13.yatsu.example.com/api/status
  response:
    body:
      string: !!python/unicode '{"result":"ok","status":200,"version":"1.23.0","api_version":2}'
    headers:
      cache-control:
      - max-age=0, private, must-revalidate
      connection:
      - Keep-Alive
      content-length:
      - '63'
      content-security-policy:
      - 'default-src ''self''; child-src ''self''; connect-src ''self'' ws: wss:;
        img-src ''self'' data: *.gravatar.com; script-src ''unsafe-eval'' ''unsafe-inline''
        ''self''; style-src ''unsafe-inline'' ''self'''
      content-type:
      - application/json; charset=utf-8
      date:
      - Thu, 31 Oct 2019 14:55:22 GMT
      etag:
      - W/"e155d3039d3e53c9bd4f09acfe48e637"
      foreman_api_version:
      - '2'
      foreman_current_location:
      - ; ANY
      foreman_current_organization:
      - ; ANY
      foreman_version:
      - 1.23.0
      keep-alive:
      - timeout=5, max=10000
      server:
      - Apache
      set-cookie:
      - _session_id=dae0459da5c2ce2411720084c1938c76; path=/; secure; HttpOnly; SameSite=Lax
      status:
      - 200 OK
      strict-transport-security:
      - max-age=631139040; includeSubdomains
      x-content-type-options:
      - nosniff
      x-download-options:
      - noopen
      x-frame-options:
      - sameorigin
      x-permitted-cross-domain-policies:
      - none
      x-powered-by:
      - Phusion Passenger 4.0.53
      x-request-id:
      - 525e488f-dda7-484f-ad62-71b9da84bf87
      x-runtime:
      - '0.136701'
      x-xss-protection:
      - 1; mode=block
    status:
      code: 200
      message: OK
- request:
    body: null
    headers:
      Accept:
      - application/json;version=2
      Accept-Encoding:
      - gzip, deflate
      Connection:
      - keep-alive
      Cookie:
      - _session_id=dae0459da5c2ce2411720084c1938c76
      User-Agent:
      - apypie (https://github.com/Apipie/apypie)
    method: GET
    uri: https://centos7-katello-3-13.yatsu.example.com/katello/api/organizations?per_page=4294967296&search=name%3D%22Test+Organization%22&thin=True
  response:
    body:
      string: !!python/unicode "{\n  \"total\": 2,\n  \"subtotal\": 1,\n  \"page\":
        1,\n  \"per_page\": 4294967296,\n  \"search\": \"name=\\\"Test Organization\\\"\",\n
        \ \"sort\": {\n    \"by\": null,\n    \"order\": null\n  },\n  \"results\":
        [{\"label\":\"Test_Organization\",\"created_at\":\"2019-10-31 14:54:44 UTC\",\"updated_at\":\"2019-10-31
        14:54:44 UTC\",\"id\":7,\"name\":\"Test Organization\",\"title\":\"Test Organization\",\"description\":\"A
        test organization\"}]\n}\n"
    headers:
      cache-control:
      - max-age=0, private, must-revalidate
      connection:
      - Keep-Alive
      content-length:
      - '388'
      content-security-policy:
      - 'default-src ''self''; child-src ''self''; connect-src ''self'' ws: wss:;
        img-src ''self'' data: *.gravatar.com; script-src ''unsafe-eval'' ''unsafe-inline''
        ''self''; style-src ''unsafe-inline'' ''self'''
      content-type:
      - application/json; charset=utf-8
      date:
      - Thu, 31 Oct 2019 14:55:22 GMT
      etag:
      - W/"8127cdbd184d0d6c9f1bce8c79020d4f-gzip"
      foreman_api_version:
      - '2'
      foreman_current_location:
      - ; ANY
      foreman_current_organization:
      - ; ANY
      foreman_version:
      - 1.23.0
      keep-alive:
      - timeout=5, max=9999
      server:
      - Apache
      status:
      - 200 OK
      strict-transport-security:
      - max-age=631139040; includeSubdomains
      vary:
      - Accept-Encoding
      x-content-type-options:
      - nosniff
      x-download-options:
      - noopen
      x-frame-options:
      - sameorigin
      x-permitted-cross-domain-policies:
      - none
      x-powered-by:
      - Phusion Passenger 4.0.53
      x-request-id:
      - 7e732c39-614b-452a-89b9-8f3ad8f37eb2
      x-runtime:
      - '0.018920'
      x-xss-protection:
      - 1; mode=block
    status:
      code: 200
      message: OK
- request:
    body: null
    headers:
      Accept:
      - application/json;version=2
      Accept-Encoding:
      - gzip, deflate
      Connection:
      - keep-alive
      Cookie:
      - _session_id=dae0459da5c2ce2411720084c1938c76
      User-Agent:
      - apypie (https://github.com/Apipie/apypie)
    method: GET
    uri: https://centos7-katello-3-13.yatsu.example.com/katello/api/organizations/7/content_views?per_page=4294967296&search=name%3D%22Test+Content+View%22&thin=True
  response:
    body:
      string: !!python/unicode '{"total":2,"subtotal":1,"page":1,"per_page":"4294967296","error":null,"search":"name=\"Test
        Content View\"","sort":{"by":"name","order":"asc"},"results":[{"composite":false,"component_ids":[],"default":false,"force_puppet_environment":false,"version_count":1,"latest_version":"2.0","auto_publish":false,"solve_dependencies":false,"repository_ids":[19],"id":12,"name":"Test
        Content View","label":"Test_Content_View","description":null,"organization_id":7,"organization":{"name":"Test
        Organization","label":"Test_Organization","id":7},"created_at":"2019-10-31
        14:54:55 UTC","updated_at":"2019-10-31 14:55:08 UTC","environments":[{"id":12,"name":"Library","label":"Library","permissions":{"readable":true}}],"repositories":[{"id":19,"name":"Test
        Repository","label":"Test_Repository","content_type":"yum"}],"puppet_modules":[],"versions":[{"id":14,"version":"2.0","published":"2019-10-31
        14:55:08 UTC","environment_ids":[12]}],"components":[],"content_view_components":[],"activation_keys":[],"next_version":"3.0","last_published":"2019-10-31
        14:55:08 UTC","permissions":{"view_content_views":true,"edit_content_views":true,"destroy_content_views":true,"publish_content_views":true,"promote_or_remove_content_views":true}}]}

'
    headers:
      cache-control:
      - max-age=0, private, must-revalidate
      connection:
      - Keep-Alive
      content-length:
      - '1222'
      content-security-policy:
      - 'default-src ''self''; child-src ''self''; connect-src ''self'' ws: wss:;
        img-src ''self'' data: *.gravatar.com; script-src ''unsafe-eval'' ''unsafe-inline''
        ''self''; style-src ''unsafe-inline'' ''self'''
      content-type:
      - application/json; charset=utf-8
      date:
      - Thu, 31 Oct 2019 14:55:22 GMT
      etag:
      - W/"91f91e7e210572f39c2eda3b9abeaa3e-gzip"
      foreman_api_version:
      - '2'
      foreman_current_location:
      - ; ANY
      foreman_current_organization:
      - 7; Test Organization
      foreman_version:
      - 1.23.0
      keep-alive:
      - timeout=5, max=9998
      server:
      - Apache
      status:
      - 200 OK
      strict-transport-security:
      - max-age=631139040; includeSubdomains
      vary:
      - Accept-Encoding
      x-content-type-options:
      - nosniff
      x-download-options:
      - noopen
      x-frame-options:
      - sameorigin
      x-permitted-cross-domain-policies:
      - none
      x-powered-by:
      - Phusion Passenger 4.0.53
      x-request-id:
      - be2b5ed1-e1ed-4eeb-a7b7-99f6daa60b03
      x-runtime:
      - '0.040099'
      x-xss-protection:
      - 1; mode=block
    status:
      code: 200
      message: OK
- request:
    body: null
    headers:
      Accept:
      - application/json;version=2
      Accept-Encoding:
      - gzip, deflate
      Connection:
      - keep-alive
      Cookie:
      - _session_id=dae0459da5c2ce2411720084c1938c76
      User-Agent:
      - apypie (https://github.com/Apipie/apypie)
    method: GET
    uri: https://centos7-katello-3-13.yatsu.example.com/katello/api/content_view_versions?per_page=4294967296&search=content_view_id%3D12%2Cversion%3D1.0&thin=True
  response:
    body:
      string: !!python/unicode '{"total":3,"subtotal":0,"page":1,"per_page":"4294967296","error":null,"search":"content_view_id=12,version=1.0","sort":{"by":"version","order":"desc"},"results":[]}

'
    headers:
      cache-control:
      - max-age=0, private, must-revalidate
      connection:
      - Keep-Alive
      content-length:
      - '165'
      content-security-policy:
      - 'default-src ''self''; child-src ''self''; connect-src ''self'' ws: wss:;
        img-src ''self'' data: *.gravatar.com; script-src ''unsafe-eval'' ''unsafe-inline''
        ''self''; style-src ''unsafe-inline'' ''self'''
      content-type:
      - application/json; charset=utf-8
      date:
      - Thu, 31 Oct 2019 14:55:23 GMT
      etag:
      - W/"8b679132d639331151121b3d35d5d2a2-gzip"
      foreman_api_version:
      - '2'
      foreman_current_location:
      - ; ANY
      foreman_current_organization:
      - ; ANY
      foreman_version:
      - 1.23.0
      keep-alive:
      - timeout=5, max=9997
      server:
      - Apache
      status:
      - 200 OK
      strict-transport-security:
      - max-age=631139040; includeSubdomains
      vary:
      - Accept-Encoding
      x-content-type-options:
      - nosniff
      x-download-options:
      - noopen
      x-frame-options:
      - sameorigin
      x-permitted-cross-domain-policies:
      - none
      x-powered-by:
      - Phusion Passenger 4.0.53
      x-request-id:
      - e584a1bb-078a-4c8b-92f6-85f7e9c6d2e8
      x-runtime:
      - '0.023208'
      x-xss-protection:
      - 1; mode=block
    status:
      code: 200
      message: OK
version: 1
