interactions:
- request:
    body: null
    headers:
      Accept: [application/json;version=2]
    method: GET
    uri: https://centos7-katello-3-12/api/status
  response:
    body: {string: !!python/unicode '{"result":"ok","status":200,"version":"1.22.0","api_version":2}'}
    headers:
      apipie-checksum: [5adea7a94ce02bd4ebd4e9df5046899d962d1188]
      cache-control: ['max-age=0, private, must-revalidate']
      content-length: ['63']
      content-security-policy: ['default-src ''self''; child-src ''self''; connect-src
          ''self'' ws: wss:; img-src ''self'' data: *.gravatar.com; script-src ''unsafe-eval''
          ''unsafe-inline'' ''self''; style-src ''unsafe-inline'' ''self''']
      content-type: [application/json; charset=utf-8]
      date: ['Wed, 14 Aug 2019 21:07:19 GMT']
      etag: [W/"674e9dbc2140c688b559566b581c5c09"]
      foreman_api_version: ['2']
      foreman_version: [1.22.0]
      server: [Apache]
      set-cookie: [_session_id=04d277d326f227d0ac4fac1392eec308; path=/; secure; HttpOnly;
          SameSite=Lax]
      status: [200 OK]
      strict-transport-security: [max-age=631139040; includeSubdomains]
      x-content-type-options: [nosniff]
      x-download-options: [noopen]
      x-frame-options: [sameorigin]
      x-permitted-cross-domain-policies: [none]
      x-powered-by: [Phusion Passenger 4.0.53]
      x-request-id: [8dea74f8-96f6-47b7-a759-f9715c0d2c89]
      x-runtime: ['0.029880']
      x-xss-protection: [1; mode=block]
    status: {code: 200, message: OK}
- request:
    body: null
    headers:
      Accept: [application/json;version=2]
      Cookie: [_session_id=04d277d326f227d0ac4fac1392eec308]
    method: GET
    uri: https://centos7-katello-3-12/katello/api/organizations?per_page=4294967296&search=name%3D%22Test+Organization%22&thin=True
  response:
    body: {string: !!python/unicode "{\n  \"total\": 2,\n  \"subtotal\": 1,\n  \"page\":
        1,\n  \"per_page\": 4294967296,\n  \"search\": \"name=\\\"Test Organization\\\"\",\n
        \ \"sort\": {\n    \"by\": null,\n    \"order\": null\n  },\n  \"results\":
        [{\"label\":\"Test_Organization\",\"created_at\":\"2019-08-06 19:20:35 UTC\",\"updated_at\":\"2019-08-06
        19:20:35 UTC\",\"id\":5,\"name\":\"Test Organization\",\"title\":\"Test Organization\",\"description\":\"A
        test organization\"}]\n}\n"}
    headers:
      apipie-checksum: [5adea7a94ce02bd4ebd4e9df5046899d962d1188]
      cache-control: ['max-age=0, private, must-revalidate']
      content-security-policy: ['default-src ''self''; child-src ''self''; connect-src
          ''self'' ws: wss:; img-src ''self'' data: *.gravatar.com; script-src ''unsafe-eval''
          ''unsafe-inline'' ''self''; style-src ''unsafe-inline'' ''self''']
      content-type: [application/json; charset=utf-8]
      date: ['Wed, 14 Aug 2019 21:07:19 GMT']
      etag: [W/"2719a2fa2659c047d7a041d9ac70c028"]
      foreman_api_version: ['2']
      foreman_version: [1.22.0]
      server: [Apache]
      status: [200 OK]
      strict-transport-security: [max-age=631139040; includeSubdomains]
      transfer-encoding: [chunked]
      vary: [Accept-Encoding]
      x-content-type-options: [nosniff]
      x-download-options: [noopen]
      x-frame-options: [sameorigin]
      x-permitted-cross-domain-policies: [none]
      x-powered-by: [Phusion Passenger 4.0.53]
      x-request-id: [b1b7c698-824d-4cf4-8811-e0e695bfa760]
      x-runtime: ['0.018869']
      x-xss-protection: [1; mode=block]
    status: {code: 200, message: OK}
- request:
    body: null
    headers:
      Accept: [application/json;version=2]
      Cookie: [_session_id=04d277d326f227d0ac4fac1392eec308]
    method: GET
    uri: https://centos7-katello-3-12/katello/api/organizations/5/products?per_page=4294967296&search=name%3D%22Test+Product%22&thin=True
  response:
    body: {string: !!python/unicode '{"total":2,"subtotal":1,"page":1,"per_page":"4294967296","error":null,"search":"name=\"Test
        Product\"","sort":{"by":"name","order":"asc"},"results":[{"id":4,"cp_id":"1427766100","name":"Test
        Product","label":"Test_Product","description":"A happy little test product","provider_id":7,"sync_plan_id":null,"sync_summary":{},"gpg_key_id":null,"ssl_ca_cert_id":null,"ssl_client_cert_id":null,"ssl_client_key_id":null,"sync_state":null,"last_sync":null,"last_sync_words":null,"organization_id":5,"organization":{"name":"Test
        Organization","label":"Test_Organization","id":5},"sync_plan":null,"repository_count":1}]}

'}
    headers:
      apipie-checksum: [5adea7a94ce02bd4ebd4e9df5046899d962d1188]
      cache-control: ['max-age=0, private, must-revalidate']
      content-security-policy: ['default-src ''self''; child-src ''self''; connect-src
          ''self'' ws: wss:; img-src ''self'' data: *.gravatar.com; script-src ''unsafe-eval''
          ''unsafe-inline'' ''self''; style-src ''unsafe-inline'' ''self''']
      content-type: [application/json; charset=utf-8]
      date: ['Wed, 14 Aug 2019 21:07:19 GMT']
      etag: [W/"519b334f40ea8e4438f2febf56c48736"]
      foreman_api_version: ['2']
      foreman_version: [1.22.0]
      server: [Apache]
      status: [200 OK]
      strict-transport-security: [max-age=631139040; includeSubdomains]
      transfer-encoding: [chunked]
      vary: [Accept-Encoding]
      x-content-type-options: [nosniff]
      x-download-options: [noopen]
      x-frame-options: [sameorigin]
      x-permitted-cross-domain-policies: [none]
      x-powered-by: [Phusion Passenger 4.0.53]
      x-request-id: [c2e9a2ad-1466-4a4b-b5c6-821ea405befb]
      x-runtime: ['0.044904']
      x-xss-protection: [1; mode=block]
    status: {code: 200, message: OK}
- request:
    body: null
    headers:
      Accept: [application/json;version=2]
      Cookie: [_session_id=04d277d326f227d0ac4fac1392eec308]
    method: GET
    uri: https://centos7-katello-3-12/katello/api/products/4/repositories?per_page=4294967296&search=name%3D%22Test+Repository%22&thin=True
  response:
    body: {string: !!python/unicode '{"total":1,"subtotal":1,"page":1,"per_page":"4294967296","error":null,"search":"name=\"Test
        Repository\"","sort":{"by":"name","order":"asc"},"results":[{"backend_identifier":"2e7b736f-2da4-476c-a006-3be9dc08260e","relative_path":"Test_Organization/Library/custom/Test_Product/Test_Repository","container_repository_name":null,"full_path":"http://centos7-katello-3-12.anubis.example.com/pulp/repos/Test_Organization/Library/custom/Test_Product/Test_Repository/","id":2,"name":"Test
        Repository","label":"Test_Repository","description":null,"last_sync":null,"content_view":{"id":4,"name":"Default
        Organization View"},"content_type":"yum","url":"https://repos.fedorapeople.org/pulp/pulp/demo_repos/zoo/","arch":"noarch","content_id":"1565635425284","major":null,"minor":null,"product":{"id":4,"cp_id":"1427766100","name":"Test
        Product","orphaned":false,"redhat":false,"sync_plan":null},"content_label":"Test_Organization_Test_Product_Test_Repository","content_counts":{"ostree_branch":0,"docker_manifest":0,"docker_manifest_list":0,"docker_tag":0,"rpm":0,"srpm":0,"package":0,"package_group":0,"erratum":0,"puppet_module":0,"file":0,"deb":0,"module_stream":0},"last_sync_words":null}]}

'}
    headers:
      apipie-checksum: [5adea7a94ce02bd4ebd4e9df5046899d962d1188]
      cache-control: ['max-age=0, private, must-revalidate']
      content-security-policy: ['default-src ''self''; child-src ''self''; connect-src
          ''self'' ws: wss:; img-src ''self'' data: *.gravatar.com; script-src ''unsafe-eval''
          ''unsafe-inline'' ''self''; style-src ''unsafe-inline'' ''self''']
      content-type: [application/json; charset=utf-8]
      date: ['Wed, 14 Aug 2019 21:07:19 GMT']
      etag: [W/"3bf8fa141dc7b867e4389f7b7956f0f2"]
      foreman_api_version: ['2']
      foreman_version: [1.22.0]
      server: [Apache]
      status: [200 OK]
      strict-transport-security: [max-age=631139040; includeSubdomains]
      transfer-encoding: [chunked]
      vary: [Accept-Encoding]
      x-content-type-options: [nosniff]
      x-download-options: [noopen]
      x-frame-options: [sameorigin]
      x-permitted-cross-domain-policies: [none]
      x-powered-by: [Phusion Passenger 4.0.53]
      x-request-id: [6131b1b9-e6e4-4b2e-b1aa-97368ef7d154]
      x-runtime: ['0.068811']
      x-xss-protection: [1; mode=block]
    status: {code: 200, message: OK}
- request:
    body: null
    headers:
      Accept: [application/json;version=2]
      Cookie: [_session_id=04d277d326f227d0ac4fac1392eec308]
    method: GET
    uri: https://centos7-katello-3-12/katello/api/organizations/5/content_views?per_page=4294967296&search=name%3D%22Test+Content+View%22&thin=False
  response:
    body: {string: !!python/unicode '{"total":2,"subtotal":1,"page":1,"per_page":"4294967296","error":null,"search":"name=\"Test
        Content View\"","sort":{"by":"name","order":"asc"},"results":[{"composite":false,"component_ids":[],"default":false,"force_puppet_environment":false,"version_count":0,"latest_version":null,"auto_publish":false,"solve_dependencies":false,"repository_ids":[2],"id":45,"name":"Test
        Content View","label":"Test_Content_View","description":null,"organization_id":5,"organization":{"name":"Test
        Organization","label":"Test_Organization","id":5},"created_at":"2019-08-14
        21:07:19 UTC","updated_at":"2019-08-14 21:07:19 UTC","environments":[],"repositories":[{"id":2,"name":"Test
        Repository","label":"Test_Repository","content_type":"yum"}],"puppet_modules":[],"versions":[],"components":[],"content_view_components":[],"activation_keys":[],"next_version":"1.0","last_published":null,"permissions":{"view_content_views":true,"edit_content_views":true,"destroy_content_views":true,"publish_content_views":true,"promote_or_remove_content_views":true}}]}

'}
    headers:
      apipie-checksum: [5adea7a94ce02bd4ebd4e9df5046899d962d1188]
      cache-control: ['max-age=0, private, must-revalidate']
      content-security-policy: ['default-src ''self''; child-src ''self''; connect-src
          ''self'' ws: wss:; img-src ''self'' data: *.gravatar.com; script-src ''unsafe-eval''
          ''unsafe-inline'' ''self''; style-src ''unsafe-inline'' ''self''']
      content-type: [application/json; charset=utf-8]
      date: ['Wed, 14 Aug 2019 21:07:19 GMT']
      etag: [W/"b9b11885f5b6e63bce365603ed66875c"]
      foreman_api_version: ['2']
      foreman_version: [1.22.0]
      server: [Apache]
      status: [200 OK]
      strict-transport-security: [max-age=631139040; includeSubdomains]
      transfer-encoding: [chunked]
      vary: [Accept-Encoding]
      x-content-type-options: [nosniff]
      x-download-options: [noopen]
      x-frame-options: [sameorigin]
      x-permitted-cross-domain-policies: [none]
      x-powered-by: [Phusion Passenger 4.0.53]
      x-request-id: [b6ad7e68-78e5-438d-9dc0-f361ea3e05de]
      x-runtime: ['0.036256']
      x-xss-protection: [1; mode=block]
    status: {code: 200, message: OK}
- request:
    body: null
    headers:
      Accept: [application/json;version=2]
      Cookie: [_session_id=04d277d326f227d0ac4fac1392eec308]
    method: GET
    uri: https://centos7-katello-3-12/katello/api/content_views/45?organization_id=5
  response:
    body: {string: !!python/unicode '  {"content_host_count":0,"composite":false,"component_ids":[],"default":false,"force_puppet_environment":false,"version_count":0,"latest_version":null,"auto_publish":false,"solve_dependencies":false,"repository_ids":[2],"id":45,"name":"Test
        Content View","label":"Test_Content_View","description":null,"organization_id":5,"organization":{"name":"Test
        Organization","label":"Test_Organization","id":5},"created_at":"2019-08-14
        21:07:19 UTC","updated_at":"2019-08-14 21:07:19 UTC","environments":[],"repositories":[{"id":2,"name":"Test
        Repository","label":"Test_Repository","content_type":"yum"}],"puppet_modules":[],"versions":[],"components":[],"content_view_components":[],"activation_keys":[],"next_version":"1.0","last_published":null,"permissions":{"view_content_views":true,"edit_content_views":true,"destroy_content_views":true,"publish_content_views":true,"promote_or_remove_content_views":true},"duplicate_repositories_to_publish":[]}

'}
    headers:
      apipie-checksum: [5adea7a94ce02bd4ebd4e9df5046899d962d1188]
      cache-control: ['max-age=0, private, must-revalidate']
      content-security-policy: ['default-src ''self''; child-src ''self''; connect-src
          ''self'' ws: wss:; img-src ''self'' data: *.gravatar.com; script-src ''unsafe-eval''
          ''unsafe-inline'' ''self''; style-src ''unsafe-inline'' ''self''']
      content-type: [application/json; charset=utf-8]
      date: ['Wed, 14 Aug 2019 21:07:19 GMT']
      etag: [W/"786a4042e85c897271fa8967c0b17961"]
      foreman_api_version: ['2']
      foreman_version: [1.22.0]
      server: [Apache]
      status: [200 OK]
      strict-transport-security: [max-age=631139040; includeSubdomains]
      transfer-encoding: [chunked]
      vary: [Accept-Encoding]
      x-content-type-options: [nosniff]
      x-download-options: [noopen]
      x-frame-options: [sameorigin]
      x-permitted-cross-domain-policies: [none]
      x-powered-by: [Phusion Passenger 4.0.53]
      x-request-id: [6391b4e2-1ae2-4d0b-ad91-e0bda8d8de18]
      x-runtime: ['0.035363']
      x-xss-protection: [1; mode=block]
    status: {code: 200, message: OK}
version: 1
