interactions:
- request:
    body: null
    headers:
      Accept:
      - application/json;version=2
      Accept-Encoding:
      - gzip, deflate
      Connection:
      - keep-alive
      User-Agent:
      - apypie (https://github.com/Apipie/apypie)
    method: GET
    uri: https://foreman.example.org/api/status
  response:
    body:
      string: '{"result":"ok","status":200,"version":"2.1.2","api_version":2}'
    headers:
      Cache-Control:
      - max-age=0, private, must-revalidate
      Connection:
      - Keep-Alive
      Content-Security-Policy:
      - 'default-src ''self''; child-src ''self''; connect-src ''self'' ws: wss:;
        img-src ''self'' data:; script-src ''unsafe-eval'' ''unsafe-inline'' ''self'';
        style-src ''unsafe-inline'' ''self'''
      Content-Type:
      - application/json; charset=utf-8
      Foreman_api_version:
      - '2'
      Foreman_current_location:
      - ; ANY
      Foreman_current_organization:
      - ; ANY
      Foreman_version:
      - 2.1.2
      Keep-Alive:
      - timeout=15, max=100
      Strict-Transport-Security:
      - max-age=631139040; includeSubdomains
      Vary:
      - Accept-Encoding
      X-Content-Type-Options:
      - nosniff
      X-Download-Options:
      - noopen
      X-Frame-Options:
      - sameorigin
      X-Permitted-Cross-Domain-Policies:
      - none
      X-XSS-Protection:
      - 1; mode=block
      content-length:
      - '62'
    status:
      code: 200
      message: OK
- request:
    body: null
    headers:
      Accept:
      - application/json;version=2
      Accept-Encoding:
      - gzip, deflate
      Connection:
      - keep-alive
      User-Agent:
      - apypie (https://github.com/Apipie/apypie)
    method: GET
    uri: https://foreman.example.org/katello/api/organizations?search=name%3D%22Test+Organization%22&per_page=4294967296
  response:
    body:
      string: "{\n  \"total\": 2,\n  \"subtotal\": 1,\n  \"page\": 1,\n  \"per_page\"\
        : 4294967296,\n  \"search\": \"name=\\\"Test Organization\\\"\",\n  \"sort\"\
        : {\n    \"by\": null,\n    \"order\": null\n  },\n  \"results\": [{\"label\"\
        :\"Test_Organization\",\"created_at\":\"2020-09-24 09:00:11 UTC\",\"updated_at\"\
        :\"2020-09-24 09:00:11 UTC\",\"id\":15,\"name\":\"Test Organization\",\"title\"\
        :\"Test Organization\",\"description\":\"A test organization\"}]\n}\n"
    headers:
      Cache-Control:
      - max-age=0, private, must-revalidate
      Connection:
      - Keep-Alive
      Content-Security-Policy:
      - 'default-src ''self''; child-src ''self''; connect-src ''self'' ws: wss:;
        img-src ''self'' data:; script-src ''unsafe-eval'' ''unsafe-inline'' ''self'';
        style-src ''unsafe-inline'' ''self'''
      Content-Type:
      - application/json; charset=utf-8
      Foreman_api_version:
      - '2'
      Foreman_current_location:
      - ; ANY
      Foreman_current_organization:
      - ; ANY
      Foreman_version:
      - 2.1.2
      Keep-Alive:
      - timeout=15, max=99
      Strict-Transport-Security:
      - max-age=631139040; includeSubdomains
      Vary:
      - Accept-Encoding
      X-Content-Type-Options:
      - nosniff
      X-Download-Options:
      - noopen
      X-Frame-Options:
      - sameorigin
      X-Permitted-Cross-Domain-Policies:
      - none
      X-XSS-Protection:
      - 1; mode=block
      content-length:
      - '389'
    status:
      code: 200
      message: OK
- request:
    body: null
    headers:
      Accept:
      - application/json;version=2
      Accept-Encoding:
      - gzip, deflate
      Connection:
      - keep-alive
      User-Agent:
      - apypie (https://github.com/Apipie/apypie)
    method: GET
    uri: https://foreman.example.org/katello/api/organizations/15/content_views?search=name%3D%22Test+Content+View%22&per_page=4294967296
  response:
    body:
      string: '{"total":2,"subtotal":1,"page":1,"per_page":"4294967296","error":null,"search":"name=\"Test
        Content View\"","sort":{"by":"name","order":"asc"},"results":[{"composite":false,"component_ids":[],"default":false,"force_puppet_environment":false,"version_count":0,"latest_version":null,"auto_publish":false,"solve_dependencies":false,"repository_ids":[34],"id":34,"name":"Test
        Content View","label":"Test_Content_View","description":null,"organization_id":15,"organization":{"name":"Test
        Organization","label":"Test_Organization","id":15},"created_at":"2020-09-24
        09:04:08 UTC","updated_at":"2020-09-24 09:04:08 UTC","environments":[],"repositories":[{"id":34,"name":"Test
        Repository","label":"Test_Repository","content_type":"yum"}],"puppet_modules":[],"versions":[],"components":[],"content_view_components":[],"activation_keys":[],"next_version":"1.0","last_published":null,"permissions":{"view_content_views":true,"edit_content_views":true,"destroy_content_views":true,"publish_content_views":true,"promote_or_remove_content_views":true}}]}

        '
    headers:
      Cache-Control:
      - max-age=0, private, must-revalidate
      Connection:
      - Keep-Alive
      Content-Security-Policy:
      - 'default-src ''self''; child-src ''self''; connect-src ''self'' ws: wss:;
        img-src ''self'' data:; script-src ''unsafe-eval'' ''unsafe-inline'' ''self'';
        style-src ''unsafe-inline'' ''self'''
      Content-Type:
      - application/json; charset=utf-8
      Foreman_api_version:
      - '2'
      Foreman_current_location:
      - ; ANY
      Foreman_current_organization:
      - 15; Test Organization
      Foreman_version:
      - 2.1.2
      Keep-Alive:
      - timeout=15, max=98
      Strict-Transport-Security:
      - max-age=631139040; includeSubdomains
      Vary:
      - Accept-Encoding
      X-Content-Type-Options:
      - nosniff
      X-Download-Options:
      - noopen
      X-Frame-Options:
      - sameorigin
      X-Permitted-Cross-Domain-Policies:
      - none
      X-XSS-Protection:
      - 1; mode=block
      content-length:
      - '1040'
    status:
      code: 200
      message: OK
- request:
    body: null
    headers:
      Accept:
      - application/json;version=2
      Accept-Encoding:
      - gzip, deflate
      Connection:
      - keep-alive
      User-Agent:
      - apypie (https://github.com/Apipie/apypie)
    method: GET
    uri: https://foreman.example.org/katello/api/organizations/15/products?search=name%3D%22Test+Product%22&per_page=4294967296
  response:
    body:
      string: '{"total":1,"subtotal":1,"page":1,"per_page":"4294967296","error":null,"search":"name=\"Test
        Product\"","sort":{"by":"name","order":"asc"},"results":[{"id":20,"cp_id":"58141694614","name":"Test
        Product","label":"Test_Product","description":"A happy little test product","provider_id":27,"sync_plan_id":null,"sync_summary":{"success":2},"gpg_key_id":null,"ssl_ca_cert_id":null,"ssl_client_cert_id":null,"ssl_client_key_id":null,"sync_state":"Syncing
        Complete.","last_sync":"2020-09-24 09:03:18 UTC","last_sync_words":"1 minute","organization_id":15,"organization":{"name":"Test
        Organization","label":"Test_Organization","id":15},"sync_plan":null,"repository_count":2}]}

        '
    headers:
      Cache-Control:
      - max-age=0, private, must-revalidate
      Connection:
      - Keep-Alive
      Content-Security-Policy:
      - 'default-src ''self''; child-src ''self''; connect-src ''self'' ws: wss:;
        img-src ''self'' data:; script-src ''unsafe-eval'' ''unsafe-inline'' ''self'';
        style-src ''unsafe-inline'' ''self'''
      Content-Type:
      - application/json; charset=utf-8
      Foreman_api_version:
      - '2'
      Foreman_current_location:
      - ; ANY
      Foreman_current_organization:
      - 15; Test Organization
      Foreman_version:
      - 2.1.2
      Keep-Alive:
      - timeout=15, max=97
      Strict-Transport-Security:
      - max-age=631139040; includeSubdomains
      Vary:
      - Accept-Encoding
      X-Content-Type-Options:
      - nosniff
      X-Download-Options:
      - noopen
      X-Frame-Options:
      - sameorigin
      X-Permitted-Cross-Domain-Policies:
      - none
      X-XSS-Protection:
      - 1; mode=block
      content-length:
      - '668'
    status:
      code: 200
      message: OK
- request:
    body: null
    headers:
      Accept:
      - application/json;version=2
      Accept-Encoding:
      - gzip, deflate
      Connection:
      - keep-alive
      User-Agent:
      - apypie (https://github.com/Apipie/apypie)
    method: GET
    uri: https://foreman.example.org/katello/api/products/20/repositories?search=name%3D%22Test+Repository%22&per_page=4294967296
  response:
    body:
      string: '{"total":2,"subtotal":1,"page":1,"per_page":"4294967296","error":null,"search":"name=\"Test
        Repository\"","sort":{"by":"name","order":"asc"},"results":[{"backend_identifier":"6a60ad42-f71a-45dd-9fcc-4579ed71c6d5","relative_path":"Test_Organization/Library/custom/Test_Product/Test_Repository","container_repository_name":null,"full_path":"http://centos7-katello-3-16.yatsu.example.com/pulp/repos/Test_Organization/Library/custom/Test_Product/Test_Repository/","library_instance_id":null,"id":34,"name":"Test
        Repository","label":"Test_Repository","description":null,"last_sync":{"id":"4420396e-f4d3-4553-b407-ec21ff180200","username":"admin","started_at":"2020-09-24
        09:00:40 UTC","ended_at":"2020-09-24 09:00:51 UTC","state":"stopped","result":"success","progress":1.0},"content_view":{"id":33,"name":"Default
        Organization View"},"content_view_version":{"id":20,"name":"Default Organization
        View 1.0","content_view_id":33},"kt_environment":{"id":14,"name":"Library"},"content_type":"yum","url":"https://repos.fedorapeople.org/pulp/pulp/demo_repos/zoo/","arch":"noarch","content_id":"1600938031891","major":null,"minor":null,"product":{"id":20,"cp_id":"58141694614","name":"Test
        Product","orphaned":false,"redhat":false,"sync_plan":null},"content_label":"Test_Organization_Test_Product_Test_Repository","content_counts":{"ostree_branch":0,"docker_manifest":0,"docker_manifest_list":0,"docker_tag":0,"rpm":32,"srpm":0,"package":32,"package_group":2,"erratum":4,"puppet_module":0,"file":0,"deb":0,"module_stream":0,"ansible_collection":0},"last_sync_words":"4
        minutes"}]}

        '
    headers:
      Cache-Control:
      - max-age=0, private, must-revalidate
      Connection:
      - Keep-Alive
      Content-Security-Policy:
      - 'default-src ''self''; child-src ''self''; connect-src ''self'' ws: wss:;
        img-src ''self'' data:; script-src ''unsafe-eval'' ''unsafe-inline'' ''self'';
        style-src ''unsafe-inline'' ''self'''
      Content-Type:
      - application/json; charset=utf-8
      Foreman_api_version:
      - '2'
      Foreman_current_location:
      - ; ANY
      Foreman_current_organization:
      - ; ANY
      Foreman_version:
      - 2.1.2
      Keep-Alive:
      - timeout=15, max=96
      Strict-Transport-Security:
      - max-age=631139040; includeSubdomains
      Vary:
      - Accept-Encoding
      X-Content-Type-Options:
      - nosniff
      X-Download-Options:
      - noopen
      X-Frame-Options:
      - sameorigin
      X-Permitted-Cross-Domain-Policies:
      - none
      X-XSS-Protection:
      - 1; mode=block
      content-length:
      - '1569'
    status:
      code: 200
      message: OK
- request:
    body: null
    headers:
      Accept:
      - application/json;version=2
      Accept-Encoding:
      - gzip, deflate
      Connection:
      - keep-alive
      User-Agent:
      - apypie (https://github.com/Apipie/apypie)
    method: GET
    uri: https://foreman.example.org/katello/api/content_views/34/filters?search=name%3D%22Test+Errata+date+Content+View+Filter%22&per_page=4294967296
  response:
    body:
      string: '{"total":1,"subtotal":1,"page":1,"per_page":"4294967296","error":null,"search":"name=\"Test
        Errata date Content View Filter\"","sort":{"by":"name","order":"asc"},"results":[{"inclusion":false,"id":12,"name":"Test
        Errata date Content View Filter","description":null,"created_at":"2020-09-24
        09:04:29 UTC","updated_at":"2020-09-24 09:04:29 UTC","content_view":{"composite":false,"component_ids":[],"default":false,"force_puppet_environment":false,"version_count":0,"latest_version":null,"auto_publish":false,"solve_dependencies":false,"repository_ids":[34],"id":34,"name":"Test
        Content View","label":"Test_Content_View","description":null,"organization_id":15,"organization":{"name":"Test
        Organization","label":"Test_Organization","id":15},"created_at":"2020-09-24
        09:04:08 UTC","updated_at":"2020-09-24 09:04:08 UTC","environments":[],"repositories":[{"id":34,"name":"Test
        Repository","label":"Test_Repository","content_type":"yum"}],"puppet_modules":[],"versions":[],"components":[],"content_view_components":[],"activation_keys":[],"next_version":"1.0","last_published":null,"permissions":{"view_content_views":true,"edit_content_views":true,"destroy_content_views":true,"publish_content_views":true,"promote_or_remove_content_views":true}},"repositories":[{"backend_identifier":"6a60ad42-f71a-45dd-9fcc-4579ed71c6d5","relative_path":"Test_Organization/Library/custom/Test_Product/Test_Repository","container_repository_name":null,"full_path":"http://centos7-katello-3-16.yatsu.example.com/pulp/repos/Test_Organization/Library/custom/Test_Product/Test_Repository/","library_instance_id":null,"id":34,"name":"Test
        Repository","label":"Test_Repository","description":null,"last_sync":{"id":"4420396e-f4d3-4553-b407-ec21ff180200","username":"admin","started_at":"2020-09-24
        09:00:40 UTC","ended_at":"2020-09-24 09:00:51 UTC","state":"stopped","result":"success","progress":1.0},"content_view":{"id":33,"name":"Default
        Organization View"},"content_view_version":{"id":20,"name":"Default Organization
        View 1.0","content_view_id":33},"kt_environment":{"id":14,"name":"Library"},"content_type":"yum","url":"https://repos.fedorapeople.org/pulp/pulp/demo_repos/zoo/","arch":"noarch","content_id":"1600938031891","major":null,"minor":null,"product":{"id":20,"cp_id":"58141694614","name":"Test
        Product","orphaned":false,"redhat":false,"sync_plan":null},"content_label":"Test_Organization_Test_Product_Test_Repository","content_counts":{"ostree_branch":0,"docker_manifest":0,"docker_manifest_list":0,"docker_tag":0,"rpm":32,"srpm":0,"package":32,"package_group":2,"erratum":4,"puppet_module":0,"file":0,"deb":0,"module_stream":0,"ansible_collection":0},"last_sync_words":"4
        minutes"}],"type":"erratum","rules":[{"content_view_filter_id":12,"start_date":"2017-01-03","end_date":"2018-01-03","types":["bugfix","enhancement","security"],"date_type":"issued","id":6,"created_at":"2020-09-24
        09:04:29 UTC","updated_at":"2020-09-24 09:04:31 UTC"}]}]}

        '
    headers:
      Cache-Control:
      - max-age=0, private, must-revalidate
      Connection:
      - Keep-Alive
      Content-Security-Policy:
      - 'default-src ''self''; child-src ''self''; connect-src ''self'' ws: wss:;
        img-src ''self'' data:; script-src ''unsafe-eval'' ''unsafe-inline'' ''self'';
        style-src ''unsafe-inline'' ''self'''
      Content-Type:
      - application/json; charset=utf-8
      Foreman_api_version:
      - '2'
      Foreman_current_location:
      - ; ANY
      Foreman_current_organization:
      - ; ANY
      Foreman_version:
      - 2.1.2
      Keep-Alive:
      - timeout=15, max=95
      Strict-Transport-Security:
      - max-age=631139040; includeSubdomains
      Vary:
      - Accept-Encoding
      X-Content-Type-Options:
      - nosniff
      X-Download-Options:
      - noopen
      X-Frame-Options:
      - sameorigin
      X-Permitted-Cross-Domain-Policies:
      - none
      X-XSS-Protection:
      - 1; mode=block
      content-length:
      - '2934'
    status:
      code: 200
      message: OK
- request:
    body: null
    headers:
      Accept:
      - application/json;version=2
      Accept-Encoding:
      - gzip, deflate
      Connection:
      - keep-alive
      User-Agent:
      - apypie (https://github.com/Apipie/apypie)
    method: GET
    uri: https://foreman.example.org/katello/api/content_views/34/filters/12
  response:
    body:
      string: '  {"inclusion":false,"id":12,"name":"Test Errata date Content View
        Filter","description":null,"created_at":"2020-09-24 09:04:29 UTC","updated_at":"2020-09-24
        09:04:29 UTC","content_view":{"composite":false,"component_ids":[],"default":false,"force_puppet_environment":false,"version_count":0,"latest_version":null,"auto_publish":false,"solve_dependencies":false,"repository_ids":[34],"id":34,"name":"Test
        Content View","label":"Test_Content_View","description":null,"organization_id":15,"organization":{"name":"Test
        Organization","label":"Test_Organization","id":15},"created_at":"2020-09-24
        09:04:08 UTC","updated_at":"2020-09-24 09:04:08 UTC","environments":[],"repositories":[{"id":34,"name":"Test
        Repository","label":"Test_Repository","content_type":"yum","product":{"id":20,"name":"Test
        Product"},"content_counts":{"ostree_branch":0,"docker_manifest":0,"docker_tag":0,"rpm":32,"package":32,"package_group":2,"erratum":4,"puppet_module":0,"module_stream":0}}],"puppet_modules":[],"versions":[],"components":[],"content_view_components":[],"activation_keys":[],"next_version":"1.0","last_published":null,"permissions":{"view_content_views":true,"edit_content_views":true,"destroy_content_views":true,"publish_content_views":true,"promote_or_remove_content_views":true}},"repositories":[{"backend_identifier":"6a60ad42-f71a-45dd-9fcc-4579ed71c6d5","relative_path":"Test_Organization/Library/custom/Test_Product/Test_Repository","container_repository_name":null,"full_path":"http://centos7-katello-3-16.yatsu.example.com/pulp/repos/Test_Organization/Library/custom/Test_Product/Test_Repository/","library_instance_id":null,"id":34,"name":"Test
        Repository","label":"Test_Repository","description":null,"last_sync":{"id":"4420396e-f4d3-4553-b407-ec21ff180200","username":"admin","started_at":"2020-09-24
        09:00:40 UTC","ended_at":"2020-09-24 09:00:51 UTC","state":"stopped","result":"success","progress":1.0},"content_view":{"id":33,"name":"Default
        Organization View"},"content_view_version":{"id":20,"name":"Default Organization
        View 1.0","content_view_id":33},"kt_environment":{"id":14,"name":"Library"},"content_type":"yum","url":"https://repos.fedorapeople.org/pulp/pulp/demo_repos/zoo/","arch":"noarch","content_id":"1600938031891","major":null,"minor":null,"product":{"id":20,"cp_id":"58141694614","name":"Test
        Product","orphaned":false,"redhat":false,"sync_plan":null},"content_label":"Test_Organization_Test_Product_Test_Repository","content_counts":{"ostree_branch":0,"docker_manifest":0,"docker_manifest_list":0,"docker_tag":0,"rpm":32,"srpm":0,"package":32,"package_group":2,"erratum":4,"puppet_module":0,"file":0,"deb":0,"module_stream":0,"ansible_collection":0},"last_sync_words":"4
        minutes"}],"type":"erratum","rules":[{"content_view_filter_id":12,"start_date":"2017-01-03","end_date":"2018-01-03","types":["bugfix","enhancement","security"],"date_type":"issued","id":6,"created_at":"2020-09-24
        09:04:29 UTC","updated_at":"2020-09-24 09:04:31 UTC"}]}

        '
    headers:
      Cache-Control:
      - max-age=0, private, must-revalidate
      Connection:
      - Keep-Alive
      Content-Security-Policy:
      - 'default-src ''self''; child-src ''self''; connect-src ''self'' ws: wss:;
        img-src ''self'' data:; script-src ''unsafe-eval'' ''unsafe-inline'' ''self'';
        style-src ''unsafe-inline'' ''self'''
      Content-Type:
      - application/json; charset=utf-8
      Foreman_api_version:
      - '2'
      Foreman_current_location:
      - ; ANY
      Foreman_current_organization:
      - ; ANY
      Foreman_version:
      - 2.1.2
      Keep-Alive:
      - timeout=15, max=94
      Strict-Transport-Security:
      - max-age=631139040; includeSubdomains
      Vary:
      - Accept-Encoding
      X-Content-Type-Options:
      - nosniff
      X-Download-Options:
      - noopen
      X-Frame-Options:
      - sameorigin
      X-Permitted-Cross-Domain-Policies:
      - none
      X-XSS-Protection:
      - 1; mode=block
      content-length:
      - '2963'
    status:
      code: 200
      message: OK
- request:
    body: null
    headers:
      Accept:
      - application/json;version=2
      Accept-Encoding:
      - gzip, deflate
      Connection:
      - keep-alive
      User-Agent:
      - apypie (https://github.com/Apipie/apypie)
    method: GET
    uri: https://foreman.example.org/katello/api/content_view_filters/12/rules?per_page=4294967296
  response:
    body:
      string: '{"total":1,"subtotal":1,"page":1,"per_page":"4294967296","error":null,"search":null,"sort":{"by":"id","order":"asc"},"results":[{"content_view_filter_id":12,"start_date":"2017-01-03","end_date":"2018-01-03","types":["bugfix","enhancement","security"],"date_type":"issued","id":6,"created_at":"2020-09-24
        09:04:29 UTC","updated_at":"2020-09-24 09:04:31 UTC"}]}

        '
    headers:
      Cache-Control:
      - max-age=0, private, must-revalidate
      Connection:
      - Keep-Alive
      Content-Security-Policy:
      - 'default-src ''self''; child-src ''self''; connect-src ''self'' ws: wss:;
        img-src ''self'' data:; script-src ''unsafe-eval'' ''unsafe-inline'' ''self'';
        style-src ''unsafe-inline'' ''self'''
      Content-Type:
      - application/json; charset=utf-8
      Foreman_api_version:
      - '2'
      Foreman_current_location:
      - ; ANY
      Foreman_current_organization:
      - ; ANY
      Foreman_version:
      - 2.1.2
      Keep-Alive:
      - timeout=15, max=93
      Strict-Transport-Security:
      - max-age=631139040; includeSubdomains
      Vary:
      - Accept-Encoding
      X-Content-Type-Options:
      - nosniff
      X-Download-Options:
      - noopen
      X-Frame-Options:
      - sameorigin
      X-Permitted-Cross-Domain-Policies:
      - none
      X-XSS-Protection:
      - 1; mode=block
      content-length:
      - '360'
    status:
      code: 200
      message: OK
- request:
    body: null
    headers:
      Accept:
      - application/json;version=2
      Accept-Encoding:
      - gzip, deflate
      Connection:
      - keep-alive
      User-Agent:
      - apypie (https://github.com/Apipie/apypie)
    method: GET
    uri: https://foreman.example.org/katello/api/content_view_filters/12/rules/6
  response:
    body:
      string: '  {"content_view_filter_id":12,"start_date":"2017-01-03","end_date":"2018-01-03","types":["bugfix","enhancement","security"],"date_type":"issued","id":6,"created_at":"2020-09-24
        09:04:29 UTC","updated_at":"2020-09-24 09:04:31 UTC"}

        '
    headers:
      Cache-Control:
      - max-age=0, private, must-revalidate
      Connection:
      - Keep-Alive
      Content-Security-Policy:
      - 'default-src ''self''; child-src ''self''; connect-src ''self'' ws: wss:;
        img-src ''self'' data:; script-src ''unsafe-eval'' ''unsafe-inline'' ''self'';
        style-src ''unsafe-inline'' ''self'''
      Content-Type:
      - application/json; charset=utf-8
      Foreman_api_version:
      - '2'
      Foreman_current_location:
      - ; ANY
      Foreman_current_organization:
      - ; ANY
      Foreman_version:
      - 2.1.2
      Keep-Alive:
      - timeout=15, max=92
      Strict-Transport-Security:
      - max-age=631139040; includeSubdomains
      Vary:
      - Accept-Encoding
      X-Content-Type-Options:
      - nosniff
      X-Download-Options:
      - noopen
      X-Frame-Options:
      - sameorigin
      X-Permitted-Cross-Domain-Policies:
      - none
      X-XSS-Protection:
      - 1; mode=block
      content-length:
      - '232'
    status:
      code: 200
      message: OK
- request:
    body: '{"types": ["security"], "date_type": "updated"}'
    headers:
      Accept:
      - application/json;version=2
      Accept-Encoding:
      - gzip, deflate
      Connection:
      - keep-alive
      Content-Length:
      - '47'
      Content-Type:
      - application/json
      User-Agent:
      - apypie (https://github.com/Apipie/apypie)
    method: PUT
    uri: https://foreman.example.org/katello/api/content_view_filters/12/rules/6
  response:
    body:
      string: '  {"content_view_filter_id":12,"start_date":"2017-01-03","end_date":"2018-01-03","types":["security"],"date_type":"updated","id":6,"created_at":"2020-09-24
        09:04:29 UTC","updated_at":"2020-09-24 09:04:33 UTC"}

        '
    headers:
      Cache-Control:
      - max-age=0, private, must-revalidate
      Connection:
      - Keep-Alive
      Content-Security-Policy:
      - 'default-src ''self''; child-src ''self''; connect-src ''self'' ws: wss:;
        img-src ''self'' data:; script-src ''unsafe-eval'' ''unsafe-inline'' ''self'';
        style-src ''unsafe-inline'' ''self'''
      Content-Type:
      - application/json; charset=utf-8
      Foreman_api_version:
      - '2'
      Foreman_current_location:
      - ; ANY
      Foreman_current_organization:
      - ; ANY
      Foreman_version:
      - 2.1.2
      Keep-Alive:
      - timeout=15, max=91
      Strict-Transport-Security:
      - max-age=631139040; includeSubdomains
      Vary:
      - Accept-Encoding
      X-Content-Type-Options:
      - nosniff
      X-Download-Options:
      - noopen
      X-Frame-Options:
      - sameorigin
      X-Permitted-Cross-Domain-Policies:
      - none
      X-XSS-Protection:
      - 1; mode=block
      content-length:
      - '210'
    status:
      code: 200
      message: OK
version: 1
