interactions:
- request:
    body: null
    headers:
      Accept:
      - application/json;version=2
      Accept-Encoding:
      - gzip, deflate
      Connection:
      - keep-alive
      User-Agent:
      - apypie (https://github.com/Apipie/apypie)
    method: GET
    uri: https://foreman.example.com/api/status
  response:
    body:
      string: !!python/unicode '{"result":"ok","status":200,"version":"1.22.0","api_version":2}'
    headers:
      apipie-checksum:
      - 57b27c3a1eb004e5a0fe05ef2b2a8b0d9a6baae5
      cache-control:
      - max-age=0, private, must-revalidate
      connection:
      - Keep-Alive
      content-length:
      - '63'
      content-security-policy:
      - 'default-src ''self''; child-src ''self''; connect-src ''self'' ws: wss:;
        img-src ''self'' data: *.gravatar.com; script-src ''unsafe-eval'' ''unsafe-inline''
        ''self''; style-src ''unsafe-inline'' ''self'''
      content-type:
      - application/json; charset=utf-8
      date:
      - Tue, 17 Sep 2019 07:19:51 GMT
      etag:
      - W/"674e9dbc2140c688b559566b581c5c09"
      foreman_api_version:
      - '2'
      foreman_version:
      - 1.22.0
      keep-alive:
      - timeout=5, max=10000
      server:
      - Apache
      set-cookie:
      - _session_id=564923defb554864800f0fa5b58437ed; path=/; secure; HttpOnly; SameSite=Lax
      status:
      - 200 OK
      strict-transport-security:
      - max-age=631139040; includeSubdomains
      x-content-type-options:
      - nosniff
      x-download-options:
      - noopen
      x-frame-options:
      - sameorigin
      x-permitted-cross-domain-policies:
      - none
      x-powered-by:
      - Phusion Passenger 4.0.53
      x-request-id:
      - 289bd52f-ea7e-4ce9-b5a1-36c4607190e7
      x-runtime:
      - '0.030573'
      x-xss-protection:
      - 1; mode=block
    status:
      code: 200
      message: OK
- request:
    body: null
    headers:
      Accept:
      - application/json;version=2
      Accept-Encoding:
      - gzip, deflate
      Connection:
      - keep-alive
      Cookie:
      - _session_id=564923defb554864800f0fa5b58437ed
      User-Agent:
      - apypie (https://github.com/Apipie/apypie)
    method: GET
    uri: https://foreman.example.com/katello/api/organizations?per_page=4294967296&search=name%3D%22Test+Organization%22&thin=True
  response:
    body:
      string: !!python/unicode "{\n  \"total\": 2,\n  \"subtotal\": 1,\n  \"page\":
        1,\n  \"per_page\": 4294967296,\n  \"search\": \"name=\\\"Test Organization\\\"\",\n
        \ \"sort\": {\n    \"by\": null,\n    \"order\": null\n  },\n  \"results\":
        [{\"label\":\"Test_Organization\",\"created_at\":\"2019-09-17 06:56:26 UTC\",\"updated_at\":\"2019-09-17
        06:56:26 UTC\",\"id\":66,\"name\":\"Test Organization\",\"title\":\"Test Organization\",\"description\":\"A
        test organization\"}]\n}\n"
    headers:
      apipie-checksum:
      - 57b27c3a1eb004e5a0fe05ef2b2a8b0d9a6baae5
      cache-control:
      - max-age=0, private, must-revalidate
      connection:
      - Keep-Alive
      content-length:
      - '389'
      content-security-policy:
      - 'default-src ''self''; child-src ''self''; connect-src ''self'' ws: wss:;
        img-src ''self'' data: *.gravatar.com; script-src ''unsafe-eval'' ''unsafe-inline''
        ''self''; style-src ''unsafe-inline'' ''self'''
      content-type:
      - application/json; charset=utf-8
      date:
      - Tue, 17 Sep 2019 07:19:51 GMT
      etag:
      - W/"342cde919304092b2e573b981002d425-gzip"
      foreman_api_version:
      - '2'
      foreman_version:
      - 1.22.0
      keep-alive:
      - timeout=5, max=9999
      server:
      - Apache
      status:
      - 200 OK
      strict-transport-security:
      - max-age=631139040; includeSubdomains
      vary:
      - Accept-Encoding
      x-content-type-options:
      - nosniff
      x-download-options:
      - noopen
      x-frame-options:
      - sameorigin
      x-permitted-cross-domain-policies:
      - none
      x-powered-by:
      - Phusion Passenger 4.0.53
      x-request-id:
      - 45659e5f-4137-4a40-9525-112850b126e3
      x-runtime:
      - '0.018081'
      x-xss-protection:
      - 1; mode=block
    status:
      code: 200
      message: OK
- request:
    body: null
    headers:
      Accept:
      - application/json;version=2
      Accept-Encoding:
      - gzip, deflate
      Connection:
      - keep-alive
      Cookie:
      - _session_id=564923defb554864800f0fa5b58437ed
      User-Agent:
      - apypie (https://github.com/Apipie/apypie)
    method: GET
    uri: https://foreman.example.com/katello/api/organizations/66/content_views?per_page=4294967296&search=name%3D%22Test+Content+View%22&thin=False
  response:
    body:
      string: !!python/unicode '{"total":2,"subtotal":1,"page":1,"per_page":"4294967296","error":null,"search":"name=\"Test
        Content View\"","sort":{"by":"name","order":"asc"},"results":[{"composite":false,"component_ids":[],"default":false,"force_puppet_environment":false,"version_count":1,"latest_version":"1.0","auto_publish":false,"solve_dependencies":false,"repository_ids":[45],"id":23,"name":"Test
        Content View","label":"Test_Content_View","description":null,"organization_id":66,"organization":{"name":"Test
        Organization","label":"Test_Organization","id":66},"created_at":"2019-09-17
        06:56:36 UTC","updated_at":"2019-09-17 06:56:38 UTC","environments":[{"id":17,"name":"Library","label":"Library","permissions":{"readable":true}}],"repositories":[{"id":45,"name":"Test
        Repository","label":"Test_Repository","content_type":"yum"}],"puppet_modules":[],"versions":[{"id":19,"version":"1.0","published":"2019-09-17
        07:18:20 UTC","environment_ids":[17]}],"components":[],"content_view_components":[],"activation_keys":[],"next_version":"2.0","last_published":"2019-09-17
        07:18:20 UTC","permissions":{"view_content_views":true,"edit_content_views":true,"destroy_content_views":true,"publish_content_views":true,"promote_or_remove_content_views":true}}]}

'
    headers:
      apipie-checksum:
      - 57b27c3a1eb004e5a0fe05ef2b2a8b0d9a6baae5
      cache-control:
      - max-age=0, private, must-revalidate
      connection:
      - Keep-Alive
      content-length:
      - '1224'
      content-security-policy:
      - 'default-src ''self''; child-src ''self''; connect-src ''self'' ws: wss:;
        img-src ''self'' data: *.gravatar.com; script-src ''unsafe-eval'' ''unsafe-inline''
        ''self''; style-src ''unsafe-inline'' ''self'''
      content-type:
      - application/json; charset=utf-8
      date:
      - Tue, 17 Sep 2019 07:19:51 GMT
      etag:
      - W/"bd700aba38b94947793f4540ae117aa4-gzip"
      foreman_api_version:
      - '2'
      foreman_version:
      - 1.22.0
      keep-alive:
      - timeout=5, max=9998
      server:
      - Apache
      status:
      - 200 OK
      strict-transport-security:
      - max-age=631139040; includeSubdomains
      vary:
      - Accept-Encoding
      x-content-type-options:
      - nosniff
      x-download-options:
      - noopen
      x-frame-options:
      - sameorigin
      x-permitted-cross-domain-policies:
      - none
      x-powered-by:
      - Phusion Passenger 4.0.53
      x-request-id:
      - 29cb622a-7e71-44ae-9a3c-9be757872dce
      x-runtime:
      - '0.062482'
      x-xss-protection:
      - 1; mode=block
    status:
      code: 200
      message: OK
- request:
    body: null
    headers:
      Accept:
      - application/json;version=2
      Accept-Encoding:
      - gzip, deflate
      Connection:
      - keep-alive
      Cookie:
      - _session_id=564923defb554864800f0fa5b58437ed
      User-Agent:
      - apypie (https://github.com/Apipie/apypie)
    method: GET
    uri: https://foreman.example.com/katello/api/content_views/23?organization_id=66
  response:
    body:
      string: !!python/unicode '  {"content_host_count":0,"composite":false,"component_ids":[],"default":false,"force_puppet_environment":false,"version_count":1,"latest_version":"1.0","auto_publish":false,"solve_dependencies":false,"repository_ids":[45],"id":23,"name":"Test
        Content View","label":"Test_Content_View","description":null,"organization_id":66,"organization":{"name":"Test
        Organization","label":"Test_Organization","id":66},"created_at":"2019-09-17
        06:56:36 UTC","updated_at":"2019-09-17 06:56:38 UTC","environments":[{"id":17,"name":"Library","label":"Library","permissions":{"readable":true}}],"repositories":[{"id":45,"name":"Test
        Repository","label":"Test_Repository","content_type":"yum"}],"puppet_modules":[],"versions":[{"id":19,"version":"1.0","published":"2019-09-17
        07:18:20 UTC","environment_ids":[17]}],"components":[],"content_view_components":[],"activation_keys":[],"next_version":"2.0","last_published":"2019-09-17
        07:18:20 UTC","permissions":{"view_content_views":true,"edit_content_views":true,"destroy_content_views":true,"publish_content_views":true,"promote_or_remove_content_views":true},"duplicate_repositories_to_publish":[]}

'
    headers:
      apipie-checksum:
      - 57b27c3a1eb004e5a0fe05ef2b2a8b0d9a6baae5
      cache-control:
      - max-age=0, private, must-revalidate
      connection:
      - Keep-Alive
      content-length:
      - '1132'
      content-security-policy:
      - 'default-src ''self''; child-src ''self''; connect-src ''self'' ws: wss:;
        img-src ''self'' data: *.gravatar.com; script-src ''unsafe-eval'' ''unsafe-inline''
        ''self''; style-src ''unsafe-inline'' ''self'''
      content-type:
      - application/json; charset=utf-8
      date:
      - Tue, 17 Sep 2019 07:19:51 GMT
      etag:
      - W/"19f09ae643472587923f6a0ba86656ff-gzip"
      foreman_api_version:
      - '2'
      foreman_version:
      - 1.22.0
      keep-alive:
      - timeout=5, max=9997
      server:
      - Apache
      status:
      - 200 OK
      strict-transport-security:
      - max-age=631139040; includeSubdomains
      vary:
      - Accept-Encoding
      x-content-type-options:
      - nosniff
      x-download-options:
      - noopen
      x-frame-options:
      - sameorigin
      x-permitted-cross-domain-policies:
      - none
      x-powered-by:
      - Phusion Passenger 4.0.53
      x-request-id:
      - e291e3c1-6e40-4251-839d-5b20dfd0588b
      x-runtime:
      - '0.046794'
      x-xss-protection:
      - 1; mode=block
    status:
      code: 200
      message: OK
- request:
    body: null
    headers:
      Accept:
      - application/json;version=2
      Accept-Encoding:
      - gzip, deflate
      Connection:
      - keep-alive
      Cookie:
      - _session_id=564923defb554864800f0fa5b58437ed
      User-Agent:
      - apypie (https://github.com/Apipie/apypie)
    method: GET
    uri: https://foreman.example.com/katello/api/content_view_versions?per_page=4294967296&search=content_view_id%3D23%2Cversion%3D1.0&thin=True
  response:
    body:
      string: !!python/unicode '{"total":3,"subtotal":1,"page":1,"per_page":"4294967296","error":null,"search":"content_view_id=23,version=1.0","sort":{"by":"version","order":"desc"},"results":[{"version":"1.0","major":1,"minor":0,"composite_content_view_ids":[],"published_in_composite_content_view_ids":[],"content_view_id":23,"default":false,"description":null,"package_count":0,"module_stream_count":0,"srpm_count":0,"file_count":0,"package_group_count":0,"puppet_module_count":0,"docker_manifest_count":0,"docker_manifest_list_count":0,"docker_tag_count":0,"ostree_branch_count":0,"deb_count":0,"id":19,"name":"Test
        Content View 1.0","created_at":"2019-09-17 07:18:20 UTC","updated_at":"2019-09-17
        07:18:20 UTC","content_view":{"id":23,"name":"Test Content View","label":"Test_Content_View"},"composite_content_views":[],"composite_content_view_versions":[],"published_in_composite_content_views":[],"environments":[{"id":17,"name":"Library","label":"Library","puppet_environment_id":null,"permissions":{"readable":true,"promotable_or_removable":true,"all_hosts_editable":true,"all_keys_editable":true},"host_count":0,"activation_key_count":0}],"repositories":[{"id":48,"name":"Test
        Repository","label":"Test_Repository","content_type":"yum","library_instance_id":45}],"last_event":{"user":"admin","status":"successful","description":null,"action":"promotion","created_at":"2019-09-17
        07:19:24 UTC","updated_at":"2019-09-17 07:19:26 UTC","environment":{"id":17,"name":"Library"},"task":{"id":"b4fc63c4-26d1-448b-8f86-41034005ce0a","label":"Actions::Katello::ContentView::Promote","pending":false,"action":"Promote
        content view ''Test Content View''; organization ''Test Organization''","username":"admin","started_at":"2019-09-17
        07:19:24 UTC","ended_at":"2019-09-17 07:19:26 UTC","state":"stopped","result":"success","progress":1.0,"input":{"content_view":{"id":23,"name":"Test
        Content View","label":"Test_Content_View"},"organization":{"id":66,"name":"Test
        Organization","label":"Test_Organization"},"environments":["Library"],"services_checked":["pulp","pulp_auth","candlepin","candlepin_auth"],"current_request_id":null,"current_timezone":"UTC","current_user_id":4,"current_organization_id":null,"current_location_id":null},"output":{},"humanized":{"action":"Promote","input":[["content_view",{"text":"content
        view ''Test Content View''","link":"/content_views/23/versions"}],["organization",{"text":"organization
        ''Test Organization''","link":"/organizations/66/edit"}]],"output":"","errors":[]},"cli_example":null},"version":"1.0","publish":false,"version_id":19,"triggered_by":null,"triggered_by_id":null},"active_history":[],"errata_counts":{"security":null,"bugfix":0,"enhancement":0,"total":null},"permissions":{"deletable":true}}]}

'
    headers:
      apipie-checksum:
      - 57b27c3a1eb004e5a0fe05ef2b2a8b0d9a6baae5
      cache-control:
      - max-age=0, private, must-revalidate
      connection:
      - Keep-Alive
      content-length:
      - '2708'
      content-security-policy:
      - 'default-src ''self''; child-src ''self''; connect-src ''self'' ws: wss:;
        img-src ''self'' data: *.gravatar.com; script-src ''unsafe-eval'' ''unsafe-inline''
        ''self''; style-src ''unsafe-inline'' ''self'''
      content-type:
      - application/json; charset=utf-8
      date:
      - Tue, 17 Sep 2019 07:19:51 GMT
      etag:
      - W/"bd00a1f5060bb8296d42a267e24ad487-gzip"
      foreman_api_version:
      - '2'
      foreman_version:
      - 1.22.0
      keep-alive:
      - timeout=5, max=9996
      server:
      - Apache
      status:
      - 200 OK
      strict-transport-security:
      - max-age=631139040; includeSubdomains
      vary:
      - Accept-Encoding
      x-content-type-options:
      - nosniff
      x-download-options:
      - noopen
      x-frame-options:
      - sameorigin
      x-permitted-cross-domain-policies:
      - none
      x-powered-by:
      - Phusion Passenger 4.0.53
      x-request-id:
      - 63c9afb8-9550-4847-9e79-76c41124aee5
      x-runtime:
      - '0.076520'
      x-xss-protection:
      - 1; mode=block
    status:
      code: 200
      message: OK
- request:
    body: null
    headers:
      Accept:
      - application/json;version=2
      Accept-Encoding:
      - gzip, deflate
      Connection:
      - keep-alive
      Cookie:
      - _session_id=564923defb554864800f0fa5b58437ed
      User-Agent:
      - apypie (https://github.com/Apipie/apypie)
    method: GET
    uri: https://foreman.example.com/katello/api/organizations/66/environments?per_page=4294967296&search=name%3D%22Library%22&id=23&thin=False
  response:
    body:
      string: !!python/unicode '{"total":1,"subtotal":1,"page":1,"per_page":"4294967296","error":null,"search":"name=\"Library\"","sort":{"by":"name","order":"asc"},"results":[{"library":true,"registry_name_pattern":null,"registry_unauthenticated_pull":false,"id":17,"name":"Library","label":"Library","description":null,"organization_id":66,"organization":{"name":"Test
        Organization","label":"Test_Organization","id":66},"created_at":"2019-09-17
        06:56:26 UTC","updated_at":"2019-09-17 06:56:26 UTC","prior":null,"successor":null,"counts":{"content_hosts":0,"content_views":1,"packages":0,"puppet_modules":0,"module_streams":0,"errata":{"security":null,"bugfix":0,"enhancement":0,"total":null},"yum_repositories":1,"docker_repositories":0,"ostree_repositories":0,"products":1},"permissions":{"create_lifecycle_environments":true,"view_lifecycle_environments":true,"edit_lifecycle_environments":true,"destroy_lifecycle_environments":false,"promote_or_remove_content_views_to_environments":true}}]}

'
    headers:
      apipie-checksum:
      - 57b27c3a1eb004e5a0fe05ef2b2a8b0d9a6baae5
      cache-control:
      - max-age=0, private, must-revalidate
      connection:
      - Keep-Alive
      content-length:
      - '965'
      content-security-policy:
      - 'default-src ''self''; child-src ''self''; connect-src ''self'' ws: wss:;
        img-src ''self'' data: *.gravatar.com; script-src ''unsafe-eval'' ''unsafe-inline''
        ''self''; style-src ''unsafe-inline'' ''self'''
      content-type:
      - application/json; charset=utf-8
      date:
      - Tue, 17 Sep 2019 07:19:52 GMT
      etag:
      - W/"1292430004c0617fe665b2892f63b7d9-gzip"
      foreman_api_version:
      - '2'
      foreman_version:
      - 1.22.0
      keep-alive:
      - timeout=5, max=9995
      server:
      - Apache
      status:
      - 200 OK
      strict-transport-security:
      - max-age=631139040; includeSubdomains
      vary:
      - Accept-Encoding
      x-content-type-options:
      - nosniff
      x-download-options:
      - noopen
      x-frame-options:
      - sameorigin
      x-permitted-cross-domain-policies:
      - none
      x-powered-by:
      - Phusion Passenger 4.0.53
      x-request-id:
      - a8b8dbca-2e46-4f88-b231-52086418abc6
      x-runtime:
      - '0.077571'
      x-xss-protection:
      - 1; mode=block
    status:
      code: 200
      message: OK
- request:
    body: null
    headers:
      Accept:
      - application/json;version=2
      Accept-Encoding:
      - gzip, deflate
      Connection:
      - keep-alive
      Cookie:
      - _session_id=564923defb554864800f0fa5b58437ed
      User-Agent:
      - apypie (https://github.com/Apipie/apypie)
    method: GET
    uri: https://foreman.example.com/katello/api/environments/17?organization_id=66
  response:
    body:
      string: !!python/unicode '  {"library":true,"registry_name_pattern":null,"registry_unauthenticated_pull":false,"id":17,"name":"Library","label":"Library","description":null,"organization_id":66,"organization":{"name":"Test
        Organization","label":"Test_Organization","id":66},"created_at":"2019-09-17
        06:56:26 UTC","updated_at":"2019-09-17 06:56:26 UTC","prior":null,"successor":null,"counts":{"content_hosts":0,"content_views":1,"packages":0,"puppet_modules":0,"module_streams":0,"errata":{"security":null,"bugfix":0,"enhancement":0,"total":null},"yum_repositories":1,"docker_repositories":0,"ostree_repositories":0,"products":1},"permissions":{"create_lifecycle_environments":true,"view_lifecycle_environments":true,"edit_lifecycle_environments":true,"destroy_lifecycle_environments":false,"promote_or_remove_content_views_to_environments":true}}

'
    headers:
      apipie-checksum:
      - 57b27c3a1eb004e5a0fe05ef2b2a8b0d9a6baae5
      cache-control:
      - max-age=0, private, must-revalidate
      connection:
      - Keep-Alive
      content-length:
      - '821'
      content-security-policy:
      - 'default-src ''self''; child-src ''self''; connect-src ''self'' ws: wss:;
        img-src ''self'' data: *.gravatar.com; script-src ''unsafe-eval'' ''unsafe-inline''
        ''self''; style-src ''unsafe-inline'' ''self'''
      content-type:
      - application/json; charset=utf-8
      date:
      - Tue, 17 Sep 2019 07:19:52 GMT
      etag:
      - W/"1129ee8573ac8971a1a6202dda1cabdd-gzip"
      foreman_api_version:
      - '2'
      foreman_version:
      - 1.22.0
      keep-alive:
      - timeout=5, max=9994
      server:
      - Apache
      status:
      - 200 OK
      strict-transport-security:
      - max-age=631139040; includeSubdomains
      vary:
      - Accept-Encoding
      x-content-type-options:
      - nosniff
      x-download-options:
      - noopen
      x-frame-options:
      - sameorigin
      x-permitted-cross-domain-policies:
      - none
      x-powered-by:
      - Phusion Passenger 4.0.53
      x-request-id:
      - abff6a09-db6a-4618-b8d1-567f8988d649
      x-runtime:
      - '0.060203'
      x-xss-protection:
      - 1; mode=block
    status:
      code: 200
      message: OK
- request:
    body: !!python/unicode '{"environment_ids": [17], "force": true}'
    headers:
      Accept:
      - application/json;version=2
      Accept-Encoding:
      - gzip, deflate
      Connection:
      - keep-alive
      Content-Length:
      - '40'
      Content-Type:
      - application/json
      Cookie:
      - _session_id=564923defb554864800f0fa5b58437ed
      User-Agent:
      - apypie (https://github.com/Apipie/apypie)
    method: POST
    uri: https://foreman.example.com/katello/api/content_view_versions/19/promote
  response:
    body:
      string: !!python/unicode '  {"id":"2f239ca3-8296-4b78-8b32-1e440b8a24ba","label":"Actions::Katello::ContentView::Promote","pending":true,"action":"Promote
        content view ''Test Content View''; organization ''Test Organization''","username":"admin","started_at":"2019-09-17
        07:19:52 UTC","ended_at":null,"state":"planned","result":"pending","progress":0.0,"input":{"content_view":{"id":23,"name":"Test
        Content View","label":"Test_Content_View"},"organization":{"id":66,"name":"Test
        Organization","label":"Test_Organization"},"environments":["Library"],"services_checked":["pulp","pulp_auth","candlepin","candlepin_auth"],"current_request_id":null,"current_timezone":"UTC","current_user_id":4,"current_organization_id":null,"current_location_id":null},"output":{},"humanized":{"action":"Promote","input":[["content_view",{"text":"content
        view ''Test Content View''","link":"/content_views/23/versions"}],["organization",{"text":"organization
        ''Test Organization''","link":"/organizations/66/edit"}]],"output":"","errors":[]},"cli_example":null}

'
    headers:
      apipie-checksum:
      - 57b27c3a1eb004e5a0fe05ef2b2a8b0d9a6baae5
      cache-control:
      - no-cache
      connection:
      - Keep-Alive
      content-security-policy:
      - 'default-src ''self''; child-src ''self''; connect-src ''self'' ws: wss:;
        img-src ''self'' data: *.gravatar.com; script-src ''unsafe-eval'' ''unsafe-inline''
        ''self''; style-src ''unsafe-inline'' ''self'''
      content-type:
      - application/json; charset=utf-8
      date:
      - Tue, 17 Sep 2019 07:19:52 GMT
      foreman_api_version:
      - '2'
      foreman_version:
      - 1.22.0
      keep-alive:
      - timeout=5, max=9993
      server:
      - Apache
      set-cookie:
      - request_method=POST; path=/; secure; HttpOnly; SameSite=Lax
      status:
      - 202 Accepted
      strict-transport-security:
      - max-age=631139040; includeSubdomains
      transfer-encoding:
      - chunked
      x-content-type-options:
      - nosniff
      x-download-options:
      - noopen
      x-frame-options:
      - sameorigin
      x-permitted-cross-domain-policies:
      - none
      x-powered-by:
      - Phusion Passenger 4.0.53
      x-request-id:
      - f67ee433-3049-464e-9e58-ff3b229abba8
      x-runtime:
      - '0.495085'
      x-xss-protection:
      - 1; mode=block
    status:
      code: 202
      message: Accepted
- request:
    body: null
    headers:
      Accept:
      - application/json;version=2
      Accept-Encoding:
      - gzip, deflate
      Connection:
      - keep-alive
      Cookie:
      - request_method=POST; _session_id=564923defb554864800f0fa5b58437ed
      User-Agent:
      - apypie (https://github.com/Apipie/apypie)
    method: GET
    uri: https://foreman.example.com/foreman_tasks/api/tasks/2f239ca3-8296-4b78-8b32-1e440b8a24ba
  response:
    body:
      string: !!python/unicode '{"id":"2f239ca3-8296-4b78-8b32-1e440b8a24ba","label":"Actions::Katello::ContentView::Promote","pending":false,"action":"Promote
        content view ''Test Content View''; organization ''Test Organization''","username":"admin","started_at":"2019-09-17
        07:19:52 UTC","ended_at":"2019-09-17 07:19:53 UTC","state":"stopped","result":"success","progress":1.0,"input":{"content_view":{"id":23,"name":"Test
        Content View","label":"Test_Content_View"},"organization":{"id":66,"name":"Test
        Organization","label":"Test_Organization"},"environments":["Library"],"services_checked":["pulp","pulp_auth","candlepin","candlepin_auth"],"current_request_id":null,"current_timezone":"UTC","current_user_id":4,"current_organization_id":null,"current_location_id":null},"output":{},"humanized":{"action":"Promote","input":[["content_view",{"text":"content
        view ''Test Content View''","link":"/content_views/23/versions"}],["organization",{"text":"organization
        ''Test Organization''","link":"/organizations/66/edit"}]],"output":"","errors":[]},"cli_example":null}'
    headers:
      apipie-checksum:
      - 57b27c3a1eb004e5a0fe05ef2b2a8b0d9a6baae5
      cache-control:
      - max-age=0, private, must-revalidate
      connection:
      - Keep-Alive
      content-length:
      - '1026'
      content-security-policy:
      - 'default-src ''self''; child-src ''self''; connect-src ''self'' ws: wss:;
        img-src ''self'' data: *.gravatar.com; script-src ''unsafe-eval'' ''unsafe-inline''
        ''self''; style-src ''unsafe-inline'' ''self'''
      content-type:
      - application/json; charset=utf-8
      date:
      - Tue, 17 Sep 2019 07:19:56 GMT
      etag:
      - W/"2132d707d73bdd02ea7bfbbdfe1f3d14-gzip"
      foreman_api_version:
      - '2'
      foreman_version:
      - 1.22.0
      keep-alive:
      - timeout=5, max=9992
      server:
      - Apache
      set-cookie:
      - request_method=; path=/; max-age=0; expires=Thu, 01 Jan 1970 00:00:00 -0000;
        secure; HttpOnly; SameSite=Lax
      status:
      - 200 OK
      strict-transport-security:
      - max-age=631139040; includeSubdomains
      vary:
      - Accept-Encoding
      x-content-type-options:
      - nosniff
      x-download-options:
      - noopen
      x-frame-options:
      - sameorigin
      x-permitted-cross-domain-policies:
      - none
      x-powered-by:
      - Phusion Passenger 4.0.53
      x-request-id:
      - 0ea68fdd-4723-4b32-9836-d0d30521f02a
      x-runtime:
      - '0.062296'
      x-xss-protection:
      - 1; mode=block
    status:
      code: 200
      message: OK
version: 1
