interactions:
- request:
    body: null
    headers:
      Accept:
      - application/json;version=2
    method: GET
    uri: https://foreman.example.com/api/status
  response:
    body:
      string: !!python/unicode '{"result":"ok","status":200,"version":"1.23.0","api_version":2}'
    headers:
      cache-control:
      - max-age=0, private, must-revalidate
      content-length:
      - '63'
      content-security-policy:
      - 'default-src ''self''; child-src ''self''; connect-src ''self'' ws: wss:;
        img-src ''self'' data: *.gravatar.com; script-src ''unsafe-eval'' ''unsafe-inline''
        ''self''; style-src ''unsafe-inline'' ''self'''
      content-type:
      - application/json; charset=utf-8
      date:
      - Wed, 30 Oct 2019 19:56:43 GMT
      etag:
      - W/"e155d3039d3e53c9bd4f09acfe48e637"
      foreman_api_version:
      - '2'
      foreman_current_location:
      - ; ANY
      foreman_current_organization:
      - ; ANY
      foreman_version:
      - 1.23.0
      server:
      - Apache
      set-cookie:
      - _session_id=5f28e4a5cb25fd82a74354f461a773c2; path=/; secure; HttpOnly; SameSite=Lax
      status:
      - 200 OK
      strict-transport-security:
      - max-age=631139040; includeSubdomains
      x-content-type-options:
      - nosniff
      x-download-options:
      - noopen
      x-frame-options:
      - sameorigin
      x-permitted-cross-domain-policies:
      - none
      x-powered-by:
      - Phusion Passenger 4.0.53
      x-request-id:
      - ab8bd8ec-968e-4080-ae78-301caa89f59d
      x-runtime:
      - '0.101500'
      x-xss-protection:
      - 1; mode=block
    status:
      code: 200
      message: OK
- request:
    body: null
    headers:
      Accept:
      - application/json;version=2
      Cookie:
      - _session_id=5f28e4a5cb25fd82a74354f461a773c2
    method: GET
    uri: https://foreman.example.com/katello/api/organizations?per_page=4294967296&search=name%3D%22Test+Organization%22&thin=True
  response:
    body:
      string: !!python/unicode "{\n  \"total\": 2,\n  \"subtotal\": 1,\n  \"page\"\
        : 1,\n  \"per_page\": 4294967296,\n  \"search\": \"name=\\\"Test Organization\\\
        \"\",\n  \"sort\": {\n    \"by\": null,\n    \"order\": null\n  },\n  \"results\"\
        : [{\"label\":\"Test_Organization\",\"created_at\":\"2019-10-30 16:22:21 UTC\"\
        ,\"updated_at\":\"2019-10-30 16:22:21 UTC\",\"id\":8,\"name\":\"Test Organization\"\
        ,\"title\":\"Test Organization\",\"description\":\"A test organization\"}]\n\
        }\n"
    headers:
      cache-control:
      - max-age=0, private, must-revalidate
      content-security-policy:
      - 'default-src ''self''; child-src ''self''; connect-src ''self'' ws: wss:;
        img-src ''self'' data: *.gravatar.com; script-src ''unsafe-eval'' ''unsafe-inline''
        ''self''; style-src ''unsafe-inline'' ''self'''
      content-type:
      - application/json; charset=utf-8
      date:
      - Wed, 30 Oct 2019 19:56:43 GMT
      etag:
      - W/"2618cfde7529aa2884a99182362cef87"
      foreman_api_version:
      - '2'
      foreman_current_location:
      - ; ANY
      foreman_current_organization:
      - ; ANY
      foreman_version:
      - 1.23.0
      server:
      - Apache
      status:
      - 200 OK
      strict-transport-security:
      - max-age=631139040; includeSubdomains
      transfer-encoding:
      - chunked
      vary:
      - Accept-Encoding
      x-content-type-options:
      - nosniff
      x-download-options:
      - noopen
      x-frame-options:
      - sameorigin
      x-permitted-cross-domain-policies:
      - none
      x-powered-by:
      - Phusion Passenger 4.0.53
      x-request-id:
      - 9fdb3247-157d-4c46-a8ba-df8594a1f02b
      x-runtime:
      - '0.022736'
      x-xss-protection:
      - 1; mode=block
    status:
      code: 200
      message: OK
- request:
    body: null
    headers:
      Accept:
      - application/json;version=2
      Cookie:
      - _session_id=5f28e4a5cb25fd82a74354f461a773c2
    method: GET
    uri: https://foreman.example.com/katello/api/organizations/8/content_views?per_page=4294967296&search=name%3D%22Test+Content+View%22&thin=True
  response:
    body:
      string: !!python/unicode '{"total":2,"subtotal":1,"page":1,"per_page":"4294967296","error":null,"search":"name=\"Test
        Content View\"","sort":{"by":"name","order":"asc"},"results":[{"composite":false,"component_ids":[],"default":false,"force_puppet_environment":false,"version_count":0,"latest_version":null,"auto_publish":false,"solve_dependencies":false,"repository_ids":[10],"id":5,"name":"Test
        Content View","label":"Test_Content_View","description":null,"organization_id":8,"organization":{"name":"Test
        Organization","label":"Test_Organization","id":8},"created_at":"2019-10-30
        16:30:37 UTC","updated_at":"2019-10-30 16:30:37 UTC","environments":[],"repositories":[{"id":10,"name":"Test
        Repository","label":"Test_Repository","content_type":"yum"}],"puppet_modules":[],"versions":[],"components":[],"content_view_components":[],"activation_keys":[],"next_version":"1.0","last_published":null,"permissions":{"view_content_views":true,"edit_content_views":true,"destroy_content_views":true,"publish_content_views":true,"promote_or_remove_content_views":true}}]}

        '
    headers:
      cache-control:
      - max-age=0, private, must-revalidate
      content-security-policy:
      - 'default-src ''self''; child-src ''self''; connect-src ''self'' ws: wss:;
        img-src ''self'' data: *.gravatar.com; script-src ''unsafe-eval'' ''unsafe-inline''
        ''self''; style-src ''unsafe-inline'' ''self'''
      content-type:
      - application/json; charset=utf-8
      date:
      - Wed, 30 Oct 2019 19:56:43 GMT
      etag:
      - W/"441f4c91be2dd92cab8e4a03c7b8e096"
      foreman_api_version:
      - '2'
      foreman_current_location:
      - ; ANY
      foreman_current_organization:
      - 8; Test Organization
      foreman_version:
      - 1.23.0
      server:
      - Apache
      status:
      - 200 OK
      strict-transport-security:
      - max-age=631139040; includeSubdomains
      transfer-encoding:
      - chunked
      vary:
      - Accept-Encoding
      x-content-type-options:
      - nosniff
      x-download-options:
      - noopen
      x-frame-options:
      - sameorigin
      x-permitted-cross-domain-policies:
      - none
      x-powered-by:
      - Phusion Passenger 4.0.53
      x-request-id:
      - 55c4c702-13a6-4993-959f-adfdf14ba9db
      x-runtime:
      - '0.033583'
      x-xss-protection:
      - 1; mode=block
    status:
      code: 200
      message: OK
- request:
    body: null
    headers:
      Accept:
      - application/json;version=2
      Cookie:
      - _session_id=5f28e4a5cb25fd82a74354f461a773c2
    method: GET
    uri: https://foreman.example.com/katello/api/organizations/8/products?per_page=4294967296&search=name%3D%22Test+Product%22&thin=True
  response:
    body:
      string: !!python/unicode '{"total":1,"subtotal":1,"page":1,"per_page":"4294967296","error":null,"search":"name=\"Test
        Product\"","sort":{"by":"name","order":"asc"},"results":[{"id":2,"cp_id":"678554228323","name":"Test
        Product","label":"Test_Product","description":"A happy little test product","provider_id":3,"sync_plan_id":null,"sync_summary":{"success":1},"gpg_key_id":null,"ssl_ca_cert_id":null,"ssl_client_cert_id":null,"ssl_client_key_id":null,"sync_state":"Syncing
        Complete.","last_sync":"2019-10-30 19:53:38 UTC","last_sync_words":"3 minutes","organization_id":8,"organization":{"name":"Test
        Organization","label":"Test_Organization","id":8},"sync_plan":null,"repository_count":2}]}

        '
    headers:
      cache-control:
      - max-age=0, private, must-revalidate
      content-security-policy:
      - 'default-src ''self''; child-src ''self''; connect-src ''self'' ws: wss:;
        img-src ''self'' data: *.gravatar.com; script-src ''unsafe-eval'' ''unsafe-inline''
        ''self''; style-src ''unsafe-inline'' ''self'''
      content-type:
      - application/json; charset=utf-8
      date:
      - Wed, 30 Oct 2019 19:56:43 GMT
      etag:
      - W/"cba165290167c43cf59ad7498e16105b"
      foreman_api_version:
      - '2'
      foreman_current_location:
      - ; ANY
      foreman_current_organization:
      - 8; Test Organization
      foreman_version:
      - 1.23.0
      server:
      - Apache
      status:
      - 200 OK
      strict-transport-security:
      - max-age=631139040; includeSubdomains
      transfer-encoding:
      - chunked
      vary:
      - Accept-Encoding
      x-content-type-options:
      - nosniff
      x-download-options:
      - noopen
      x-frame-options:
      - sameorigin
      x-permitted-cross-domain-policies:
      - none
      x-powered-by:
      - Phusion Passenger 4.0.53
      x-request-id:
      - 33ea84a1-ab40-438b-8a72-ac637aeb0153
      x-runtime:
      - '0.069036'
      x-xss-protection:
      - 1; mode=block
    status:
      code: 200
      message: OK
- request:
    body: null
    headers:
      Accept:
      - application/json;version=2
      Cookie:
      - _session_id=5f28e4a5cb25fd82a74354f461a773c2
    method: GET
    uri: https://foreman.example.com/katello/api/products/2/repositories?per_page=4294967296&search=name%3D%22Test+Repository%22&thin=True
  response:
    body:
      string: !!python/unicode '{"total":2,"subtotal":1,"page":1,"per_page":"4294967296","error":null,"search":"name=\"Test
        Repository\"","sort":{"by":"name","order":"asc"},"results":[{"backend_identifier":"73fbca8f-5ffb-4b15-89b3-5931465bfafd","relative_path":"Test_Organization/Library/custom/Test_Product/Test_Repository","container_repository_name":null,"full_path":"http://foreman.example.com/pulp/repos/Test_Organization/Library/custom/Test_Product/Test_Repository/","library_instance_id":null,"id":10,"name":"Test
        Repository","label":"Test_Repository","description":null,"last_sync":{"id":"93abdeb3-6b93-45a6-83bb-913044fda7ca","username":"admin","started_at":"2019-10-30
        19:50:51 UTC","ended_at":"2019-10-30 19:50:59 UTC","state":"stopped","result":"success","progress":1.0},"content_view":{"id":4,"name":"Default
        Organization View"},"content_type":"yum","url":"https://repos.fedorapeople.org/pulp/pulp/demo_repos/zoo/","arch":"noarch","content_id":"1572452548966","major":null,"minor":null,"product":{"id":2,"cp_id":"678554228323","name":"Test
        Product","orphaned":false,"redhat":false,"sync_plan":null},"content_label":"Test_Organization_Test_Product_Test_Repository","content_counts":{"ostree_branch":0,"docker_manifest":0,"docker_manifest_list":0,"docker_tag":0,"rpm":32,"srpm":0,"package":32,"package_group":2,"erratum":4,"puppet_module":0,"file":0,"deb":0,"module_stream":0,"ansible_collection":0},"last_sync_words":"6
        minutes"}]}

        '
    headers:
      cache-control:
      - max-age=0, private, must-revalidate
      content-security-policy:
      - 'default-src ''self''; child-src ''self''; connect-src ''self'' ws: wss:;
        img-src ''self'' data: *.gravatar.com; script-src ''unsafe-eval'' ''unsafe-inline''
        ''self''; style-src ''unsafe-inline'' ''self'''
      content-type:
      - application/json; charset=utf-8
      date:
      - Wed, 30 Oct 2019 19:56:43 GMT
      etag:
      - W/"180027008c00506e2a4572f5213a1e83"
      foreman_api_version:
      - '2'
      foreman_current_location:
      - ; ANY
      foreman_current_organization:
      - ; ANY
      foreman_version:
      - 1.23.0
      server:
      - Apache
      status:
      - 200 OK
      strict-transport-security:
      - max-age=631139040; includeSubdomains
      transfer-encoding:
      - chunked
      vary:
      - Accept-Encoding
      x-content-type-options:
      - nosniff
      x-download-options:
      - noopen
      x-frame-options:
      - sameorigin
      x-permitted-cross-domain-policies:
      - none
      x-powered-by:
      - Phusion Passenger 4.0.53
      x-request-id:
      - d4406516-1049-425c-ae69-2c6a5d8d4bd1
      x-runtime:
      - '0.067748'
      x-xss-protection:
      - 1; mode=block
    status:
      code: 200
      message: OK
- request:
    body: null
    headers:
      Accept:
      - application/json;version=2
      Cookie:
      - _session_id=5f28e4a5cb25fd82a74354f461a773c2
    method: GET
    uri: https://foreman.example.com/katello/api/content_views/5/filters?per_page=4294967296&search=name%3D%22Test+Package+Content+View+Filter%22&thin=False
  response:
    body:
      string: !!python/unicode '{"total":1,"subtotal":1,"page":1,"per_page":"4294967296","error":null,"search":"name=\"Test
        Package Content View Filter\"","sort":{"by":"name","order":"asc"},"results":[{"inclusion":false,"id":6,"name":"Test
        Package Content View Filter","description":null,"created_at":"2019-10-30 19:56:28
        UTC","updated_at":"2019-10-30 19:56:32 UTC","content_view":{"composite":false,"component_ids":[],"default":false,"force_puppet_environment":false,"version_count":0,"latest_version":null,"auto_publish":false,"solve_dependencies":false,"repository_ids":[10],"id":5,"name":"Test
        Content View","label":"Test_Content_View","description":null,"organization_id":8,"organization":{"name":"Test
        Organization","label":"Test_Organization","id":8},"created_at":"2019-10-30
        16:30:37 UTC","updated_at":"2019-10-30 16:30:37 UTC","environments":[],"repositories":[{"id":10,"name":"Test
        Repository","label":"Test_Repository","content_type":"yum"}],"puppet_modules":[],"versions":[],"components":[],"content_view_components":[],"activation_keys":[],"next_version":"1.0","last_published":null,"permissions":{"view_content_views":true,"edit_content_views":true,"destroy_content_views":true,"publish_content_views":true,"promote_or_remove_content_views":true}},"repositories":[{"backend_identifier":"73fbca8f-5ffb-4b15-89b3-5931465bfafd","relative_path":"Test_Organization/Library/custom/Test_Product/Test_Repository","container_repository_name":null,"full_path":"http://foreman.example.com/pulp/repos/Test_Organization/Library/custom/Test_Product/Test_Repository/","library_instance_id":null,"id":10,"name":"Test
        Repository","label":"Test_Repository","description":null,"last_sync":{"id":"93abdeb3-6b93-45a6-83bb-913044fda7ca","username":"admin","started_at":"2019-10-30
        19:50:51 UTC","ended_at":"2019-10-30 19:50:59 UTC","state":"stopped","result":"success","progress":1.0},"content_view":{"id":4,"name":"Default
        Organization View"},"content_type":"yum","url":"https://repos.fedorapeople.org/pulp/pulp/demo_repos/zoo/","arch":"noarch","content_id":"1572452548966","major":null,"minor":null,"product":{"id":2,"cp_id":"678554228323","name":"Test
        Product","orphaned":false,"redhat":false,"sync_plan":null},"content_label":"Test_Organization_Test_Product_Test_Repository","content_counts":{"ostree_branch":0,"docker_manifest":0,"docker_manifest_list":0,"docker_tag":0,"rpm":32,"srpm":0,"package":32,"package_group":2,"erratum":4,"puppet_module":0,"file":0,"deb":0,"module_stream":0,"ansible_collection":0},"last_sync_words":"6
        minutes"}],"type":"rpm","rules":[{"content_view_filter_id":6,"min_version":"1","id":3,"name":"bear","created_at":"2019-10-30
        19:56:28 UTC","updated_at":"2019-10-30 19:56:41 UTC"}]}]}

        '
    headers:
      cache-control:
      - max-age=0, private, must-revalidate
      content-security-policy:
      - 'default-src ''self''; child-src ''self''; connect-src ''self'' ws: wss:;
        img-src ''self'' data: *.gravatar.com; script-src ''unsafe-eval'' ''unsafe-inline''
        ''self''; style-src ''unsafe-inline'' ''self'''
      content-type:
      - application/json; charset=utf-8
      date:
      - Wed, 30 Oct 2019 19:56:43 GMT
      etag:
      - W/"6d9c068f1f445792daa7ecb4fc025968"
      foreman_api_version:
      - '2'
      foreman_current_location:
      - ; ANY
      foreman_current_organization:
      - ; ANY
      foreman_version:
      - 1.23.0
      server:
      - Apache
      status:
      - 200 OK
      strict-transport-security:
      - max-age=631139040; includeSubdomains
      transfer-encoding:
      - chunked
      vary:
      - Accept-Encoding
      x-content-type-options:
      - nosniff
      x-download-options:
      - noopen
      x-frame-options:
      - sameorigin
      x-permitted-cross-domain-policies:
      - none
      x-powered-by:
      - Phusion Passenger 4.0.53
      x-request-id:
      - 8764bb1f-bcfa-4b77-8189-8a18d7b4236f
      x-runtime:
      - '0.074459'
      x-xss-protection:
      - 1; mode=block
    status:
      code: 200
      message: OK
- request:
    body: null
    headers:
      Accept:
      - application/json;version=2
      Cookie:
      - _session_id=5f28e4a5cb25fd82a74354f461a773c2
    method: GET
    uri: https://foreman.example.com/katello/api/content_views/5/filters/6
  response:
    body:
      string: !!python/unicode '  {"inclusion":false,"original_packages":false,"id":6,"name":"Test
        Package Content View Filter","description":null,"created_at":"2019-10-30 19:56:28
        UTC","updated_at":"2019-10-30 19:56:32 UTC","content_view":{"composite":false,"component_ids":[],"default":false,"force_puppet_environment":false,"version_count":0,"latest_version":null,"auto_publish":false,"solve_dependencies":false,"repository_ids":[10],"id":5,"name":"Test
        Content View","label":"Test_Content_View","description":null,"organization_id":8,"organization":{"name":"Test
        Organization","label":"Test_Organization","id":8},"created_at":"2019-10-30
        16:30:37 UTC","updated_at":"2019-10-30 16:30:37 UTC","environments":[],"repositories":[{"id":10,"name":"Test
        Repository","label":"Test_Repository","content_type":"yum","product":{"id":2,"name":"Test
        Product"},"content_counts":{"ostree_branch":0,"docker_manifest":0,"docker_tag":0,"rpm":32,"package":32,"package_group":2,"erratum":4,"puppet_module":0}}],"puppet_modules":[],"versions":[],"components":[],"content_view_components":[],"activation_keys":[],"next_version":"1.0","last_published":null,"permissions":{"view_content_views":true,"edit_content_views":true,"destroy_content_views":true,"publish_content_views":true,"promote_or_remove_content_views":true}},"repositories":[{"backend_identifier":"73fbca8f-5ffb-4b15-89b3-5931465bfafd","relative_path":"Test_Organization/Library/custom/Test_Product/Test_Repository","container_repository_name":null,"full_path":"http://foreman.example.com/pulp/repos/Test_Organization/Library/custom/Test_Product/Test_Repository/","library_instance_id":null,"id":10,"name":"Test
        Repository","label":"Test_Repository","description":null,"last_sync":{"id":"93abdeb3-6b93-45a6-83bb-913044fda7ca","username":"admin","started_at":"2019-10-30
        19:50:51 UTC","ended_at":"2019-10-30 19:50:59 UTC","state":"stopped","result":"success","progress":1.0},"content_view":{"id":4,"name":"Default
        Organization View"},"content_type":"yum","url":"https://repos.fedorapeople.org/pulp/pulp/demo_repos/zoo/","arch":"noarch","content_id":"1572452548966","major":null,"minor":null,"product":{"id":2,"cp_id":"678554228323","name":"Test
        Product","orphaned":false,"redhat":false,"sync_plan":null},"content_label":"Test_Organization_Test_Product_Test_Repository","content_counts":{"ostree_branch":0,"docker_manifest":0,"docker_manifest_list":0,"docker_tag":0,"rpm":32,"srpm":0,"package":32,"package_group":2,"erratum":4,"puppet_module":0,"file":0,"deb":0,"module_stream":0,"ansible_collection":0},"last_sync_words":"6
        minutes"}],"type":"rpm","rules":[{"content_view_filter_id":6,"min_version":"1","id":3,"name":"bear","created_at":"2019-10-30
        19:56:28 UTC","updated_at":"2019-10-30 19:56:41 UTC"}]}

        '
    headers:
      cache-control:
      - max-age=0, private, must-revalidate
      content-security-policy:
      - 'default-src ''self''; child-src ''self''; connect-src ''self'' ws: wss:;
        img-src ''self'' data: *.gravatar.com; script-src ''unsafe-eval'' ''unsafe-inline''
        ''self''; style-src ''unsafe-inline'' ''self'''
      content-type:
      - application/json; charset=utf-8
      date:
      - Wed, 30 Oct 2019 19:56:43 GMT
      etag:
      - W/"f56bc395097b188742f0e008bf743229"
      foreman_api_version:
      - '2'
      foreman_current_location:
      - ; ANY
      foreman_current_organization:
      - ; ANY
      foreman_version:
      - 1.23.0
      server:
      - Apache
      status:
      - 200 OK
      strict-transport-security:
      - max-age=631139040; includeSubdomains
      transfer-encoding:
      - chunked
      vary:
      - Accept-Encoding
      x-content-type-options:
      - nosniff
      x-download-options:
      - noopen
      x-frame-options:
      - sameorigin
      x-permitted-cross-domain-policies:
      - none
      x-powered-by:
      - Phusion Passenger 4.0.53
      x-request-id:
      - b89339dd-9f78-41de-a76d-6c0928e670d3
      x-runtime:
      - '0.068671'
      x-xss-protection:
      - 1; mode=block
    status:
      code: 200
      message: OK
- request:
    body: !!python/unicode '{"inclusion": true}'
    headers:
      Accept:
      - application/json;version=2
      Content-Length:
      - '19'
      Content-Type:
      - application/json
      Cookie:
      - _session_id=5f28e4a5cb25fd82a74354f461a773c2
    method: PUT
    uri: https://foreman.example.com/katello/api/content_views/5/filters/6
  response:
    body:
      string: !!python/unicode '  {"inclusion":true,"original_packages":false,"id":6,"name":"Test
        Package Content View Filter","description":null,"created_at":"2019-10-30 19:56:28
        UTC","updated_at":"2019-10-30 19:56:43 UTC","content_view":{"composite":false,"component_ids":[],"default":false,"force_puppet_environment":false,"version_count":0,"latest_version":null,"auto_publish":false,"solve_dependencies":false,"repository_ids":[10],"id":5,"name":"Test
        Content View","label":"Test_Content_View","description":null,"organization_id":8,"organization":{"name":"Test
        Organization","label":"Test_Organization","id":8},"created_at":"2019-10-30
        16:30:37 UTC","updated_at":"2019-10-30 16:30:37 UTC","environments":[],"repositories":[{"id":10,"name":"Test
        Repository","label":"Test_Repository","content_type":"yum","product":{"id":2,"name":"Test
        Product"},"content_counts":{"ostree_branch":0,"docker_manifest":0,"docker_tag":0,"rpm":32,"package":32,"package_group":2,"erratum":4,"puppet_module":0}}],"puppet_modules":[],"versions":[],"components":[],"content_view_components":[],"activation_keys":[],"next_version":"1.0","last_published":null,"permissions":{"view_content_views":true,"edit_content_views":true,"destroy_content_views":true,"publish_content_views":true,"promote_or_remove_content_views":true}},"repositories":[{"backend_identifier":"73fbca8f-5ffb-4b15-89b3-5931465bfafd","relative_path":"Test_Organization/Library/custom/Test_Product/Test_Repository","container_repository_name":null,"full_path":"http://foreman.example.com/pulp/repos/Test_Organization/Library/custom/Test_Product/Test_Repository/","library_instance_id":null,"id":10,"name":"Test
        Repository","label":"Test_Repository","description":null,"last_sync":{"id":"93abdeb3-6b93-45a6-83bb-913044fda7ca","username":"admin","started_at":"2019-10-30
        19:50:51 UTC","ended_at":"2019-10-30 19:50:59 UTC","state":"stopped","result":"success","progress":1.0},"content_view":{"id":4,"name":"Default
        Organization View"},"content_type":"yum","url":"https://repos.fedorapeople.org/pulp/pulp/demo_repos/zoo/","arch":"noarch","content_id":"1572452548966","major":null,"minor":null,"product":{"id":2,"cp_id":"678554228323","name":"Test
        Product","orphaned":false,"redhat":false,"sync_plan":null},"content_label":"Test_Organization_Test_Product_Test_Repository","content_counts":{"ostree_branch":0,"docker_manifest":0,"docker_manifest_list":0,"docker_tag":0,"rpm":32,"srpm":0,"package":32,"package_group":2,"erratum":4,"puppet_module":0,"file":0,"deb":0,"module_stream":0,"ansible_collection":0},"last_sync_words":"6
        minutes"}],"type":"rpm","rules":[{"content_view_filter_id":6,"min_version":"1","id":3,"name":"bear","created_at":"2019-10-30
        19:56:28 UTC","updated_at":"2019-10-30 19:56:41 UTC"}]}

        '
    headers:
      cache-control:
      - max-age=0, private, must-revalidate
      content-security-policy:
      - 'default-src ''self''; child-src ''self''; connect-src ''self'' ws: wss:;
        img-src ''self'' data: *.gravatar.com; script-src ''unsafe-eval'' ''unsafe-inline''
        ''self''; style-src ''unsafe-inline'' ''self'''
      content-type:
      - application/json; charset=utf-8
      date:
      - Wed, 30 Oct 2019 19:56:43 GMT
      etag:
      - W/"f67ea990be749bb441f37e069e7706a7"
      foreman_api_version:
      - '2'
      foreman_current_location:
      - ; ANY
      foreman_current_organization:
      - ; ANY
      foreman_version:
      - 1.23.0
      server:
      - Apache
      set-cookie:
      - request_method=PUT; path=/; secure; HttpOnly; SameSite=Lax
      status:
      - 200 OK
      strict-transport-security:
      - max-age=631139040; includeSubdomains
      transfer-encoding:
      - chunked
      vary:
      - Accept-Encoding
      x-content-type-options:
      - nosniff
      x-download-options:
      - noopen
      x-frame-options:
      - sameorigin
      x-permitted-cross-domain-policies:
      - none
      x-powered-by:
      - Phusion Passenger 4.0.53
      x-request-id:
      - 5ec5e715-6c5e-4f65-b4ff-9abfa8b6eccd
      x-runtime:
      - '0.131976'
      x-xss-protection:
      - 1; mode=block
    status:
      code: 200
      message: OK
- request:
    body: null
    headers:
      Accept:
      - application/json;version=2
      Cookie:
      - request_method=PUT; _session_id=5f28e4a5cb25fd82a74354f461a773c2
    method: GET
    uri: https://foreman.example.com/katello/api/content_view_filters/6/rules?per_page=4294967296&search=name%3D%22bear%22&thin=False
  response:
    body:
      string: !!python/unicode '{"total":1,"subtotal":1,"page":1,"per_page":"4294967296","error":null,"search":"name=\"bear\"","sort":{"by":"id","order":"asc"},"results":[{"content_view_filter_id":6,"min_version":"1","id":3,"name":"bear","created_at":"2019-10-30
        19:56:28 UTC","updated_at":"2019-10-30 19:56:41 UTC"}]}

        '
    headers:
      cache-control:
      - max-age=0, private, must-revalidate
      content-security-policy:
      - 'default-src ''self''; child-src ''self''; connect-src ''self'' ws: wss:;
        img-src ''self'' data: *.gravatar.com; script-src ''unsafe-eval'' ''unsafe-inline''
        ''self''; style-src ''unsafe-inline'' ''self'''
      content-type:
      - application/json; charset=utf-8
      date:
      - Wed, 30 Oct 2019 19:56:43 GMT
      etag:
      - W/"540070bca1c6100115b6e4098062b8ce"
      foreman_api_version:
      - '2'
      foreman_current_location:
      - ; ANY
      foreman_current_organization:
      - ; ANY
      foreman_version:
      - 1.23.0
      server:
      - Apache
      set-cookie:
      - request_method=; path=/; max-age=0; expires=Thu, 01 Jan 1970 00:00:00 -0000;
        secure; HttpOnly; SameSite=Lax
      status:
      - 200 OK
      strict-transport-security:
      - max-age=631139040; includeSubdomains
      transfer-encoding:
      - chunked
      vary:
      - Accept-Encoding
      x-content-type-options:
      - nosniff
      x-download-options:
      - noopen
      x-frame-options:
      - sameorigin
      x-permitted-cross-domain-policies:
      - none
      x-powered-by:
      - Phusion Passenger 4.0.53
      x-request-id:
      - 29c6e0ca-bb09-4daa-abcd-78a13d709792
      x-runtime:
      - '0.024610'
      x-xss-protection:
      - 1; mode=block
    status:
      code: 200
      message: OK
- request:
    body: null
    headers:
      Accept:
      - application/json;version=2
      Cookie:
      - _session_id=5f28e4a5cb25fd82a74354f461a773c2
    method: GET
    uri: https://foreman.example.com/katello/api/content_view_filters/6/rules/3
  response:
    body:
      string: !!python/unicode '  {"content_view_filter_id":6,"min_version":"1","id":3,"name":"bear","created_at":"2019-10-30
        19:56:28 UTC","updated_at":"2019-10-30 19:56:41 UTC"}

        '
    headers:
      cache-control:
      - max-age=0, private, must-revalidate
      content-security-policy:
      - 'default-src ''self''; child-src ''self''; connect-src ''self'' ws: wss:;
        img-src ''self'' data: *.gravatar.com; script-src ''unsafe-eval'' ''unsafe-inline''
        ''self''; style-src ''unsafe-inline'' ''self'''
      content-type:
      - application/json; charset=utf-8
      date:
      - Wed, 30 Oct 2019 19:56:43 GMT
      etag:
      - W/"145ef9b29fef1c4b57389601659a7f5d"
      foreman_api_version:
      - '2'
      foreman_current_location:
      - ; ANY
      foreman_current_organization:
      - ; ANY
      foreman_version:
      - 1.23.0
      server:
      - Apache
      status:
      - 200 OK
      strict-transport-security:
      - max-age=631139040; includeSubdomains
      transfer-encoding:
      - chunked
      vary:
      - Accept-Encoding
      x-content-type-options:
      - nosniff
      x-download-options:
      - noopen
      x-frame-options:
      - sameorigin
      x-permitted-cross-domain-policies:
      - none
      x-powered-by:
      - Phusion Passenger 4.0.53
      x-request-id:
      - 28766495-ab30-48db-9f91-9043dd8c59b5
      x-runtime:
      - '0.022796'
      x-xss-protection:
      - 1; mode=block
    status:
      code: 200
      message: OK
version: 1
