interactions:
- request:
    body: null
    headers:
      Accept:
      - application/json;version=2
      Accept-Encoding:
      - gzip, deflate
      Connection:
      - keep-alive
      User-Agent:
      - apypie (https://github.com/Apipie/apypie)
    method: GET
    uri: https://centos7-katello-3-13.yatsu.example.com/api/status
  response:
    body:
      string: !!python/unicode '{"result":"ok","status":200,"version":"1.23.0","api_version":2}'
    headers:
      cache-control:
      - max-age=0, private, must-revalidate
      connection:
      - Keep-Alive
      content-length:
      - '63'
      content-security-policy:
      - 'default-src ''self''; child-src ''self''; connect-src ''self'' ws: wss:;
        img-src ''self'' data: *.gravatar.com; script-src ''unsafe-eval'' ''unsafe-inline''
        ''self''; style-src ''unsafe-inline'' ''self'''
      content-type:
      - application/json; charset=utf-8
      date:
      - Thu, 31 Oct 2019 14:55:23 GMT
      etag:
      - W/"e155d3039d3e53c9bd4f09acfe48e637"
      foreman_api_version:
      - '2'
      foreman_current_location:
      - ; ANY
      foreman_current_organization:
      - ; ANY
      foreman_version:
      - 1.23.0
      keep-alive:
      - timeout=5, max=10000
      server:
      - Apache
      set-cookie:
      - _session_id=45a5886d8e2b275e02268a73cafce98d; path=/; secure; HttpOnly; SameSite=Lax
      status:
      - 200 OK
      strict-transport-security:
      - max-age=631139040; includeSubdomains
      x-content-type-options:
      - nosniff
      x-download-options:
      - noopen
      x-frame-options:
      - sameorigin
      x-permitted-cross-domain-policies:
      - none
      x-powered-by:
      - Phusion Passenger 4.0.53
      x-request-id:
      - 345e3886-6c4e-4b33-bea2-0f38f776f59c
      x-runtime:
      - '0.134184'
      x-xss-protection:
      - 1; mode=block
    status:
      code: 200
      message: OK
- request:
    body: null
    headers:
      Accept:
      - application/json;version=2
      Accept-Encoding:
      - gzip, deflate
      Connection:
      - keep-alive
      Cookie:
      - _session_id=45a5886d8e2b275e02268a73cafce98d
      User-Agent:
      - apypie (https://github.com/Apipie/apypie)
    method: GET
    uri: https://centos7-katello-3-13.yatsu.example.com/katello/api/organizations?per_page=4294967296&search=name%3D%22Test+Organization%22&thin=True
  response:
    body:
      string: !!python/unicode "{\n  \"total\": 2,\n  \"subtotal\": 1,\n  \"page\":
        1,\n  \"per_page\": 4294967296,\n  \"search\": \"name=\\\"Test Organization\\\"\",\n
        \ \"sort\": {\n    \"by\": null,\n    \"order\": null\n  },\n  \"results\":
        [{\"label\":\"Test_Organization\",\"created_at\":\"2019-10-31 14:54:44 UTC\",\"updated_at\":\"2019-10-31
        14:54:44 UTC\",\"id\":7,\"name\":\"Test Organization\",\"title\":\"Test Organization\",\"description\":\"A
        test organization\"}]\n}\n"
    headers:
      cache-control:
      - max-age=0, private, must-revalidate
      connection:
      - Keep-Alive
      content-length:
      - '388'
      content-security-policy:
      - 'default-src ''self''; child-src ''self''; connect-src ''self'' ws: wss:;
        img-src ''self'' data: *.gravatar.com; script-src ''unsafe-eval'' ''unsafe-inline''
        ''self''; style-src ''unsafe-inline'' ''self'''
      content-type:
      - application/json; charset=utf-8
      date:
      - Thu, 31 Oct 2019 14:55:23 GMT
      etag:
      - W/"8127cdbd184d0d6c9f1bce8c79020d4f-gzip"
      foreman_api_version:
      - '2'
      foreman_current_location:
      - ; ANY
      foreman_current_organization:
      - ; ANY
      foreman_version:
      - 1.23.0
      keep-alive:
      - timeout=5, max=9999
      server:
      - Apache
      status:
      - 200 OK
      strict-transport-security:
      - max-age=631139040; includeSubdomains
      vary:
      - Accept-Encoding
      x-content-type-options:
      - nosniff
      x-download-options:
      - noopen
      x-frame-options:
      - sameorigin
      x-permitted-cross-domain-policies:
      - none
      x-powered-by:
      - Phusion Passenger 4.0.53
      x-request-id:
      - efc61502-2014-4fad-b9fa-adc2bd7e371a
      x-runtime:
      - '0.018201'
      x-xss-protection:
      - 1; mode=block
    status:
      code: 200
      message: OK
- request:
    body: null
    headers:
      Accept:
      - application/json;version=2
      Accept-Encoding:
      - gzip, deflate
      Connection:
      - keep-alive
      Cookie:
      - _session_id=45a5886d8e2b275e02268a73cafce98d
      User-Agent:
      - apypie (https://github.com/Apipie/apypie)
    method: GET
    uri: https://centos7-katello-3-13.yatsu.example.com/katello/api/organizations/7/content_views?per_page=4294967296&search=name%3D%22Test+Content+View%22&thin=False
  response:
    body:
      string: !!python/unicode '{"total":2,"subtotal":1,"page":1,"per_page":"4294967296","error":null,"search":"name=\"Test
        Content View\"","sort":{"by":"name","order":"asc"},"results":[{"composite":false,"component_ids":[],"default":false,"force_puppet_environment":false,"version_count":1,"latest_version":"2.0","auto_publish":false,"solve_dependencies":false,"repository_ids":[19],"id":12,"name":"Test
        Content View","label":"Test_Content_View","description":null,"organization_id":7,"organization":{"name":"Test
        Organization","label":"Test_Organization","id":7},"created_at":"2019-10-31
        14:54:55 UTC","updated_at":"2019-10-31 14:55:08 UTC","environments":[{"id":12,"name":"Library","label":"Library","permissions":{"readable":true}}],"repositories":[{"id":19,"name":"Test
        Repository","label":"Test_Repository","content_type":"yum"}],"puppet_modules":[],"versions":[{"id":14,"version":"2.0","published":"2019-10-31
        14:55:08 UTC","environment_ids":[12]}],"components":[],"content_view_components":[],"activation_keys":[],"next_version":"3.0","last_published":"2019-10-31
        14:55:08 UTC","permissions":{"view_content_views":true,"edit_content_views":true,"destroy_content_views":true,"publish_content_views":true,"promote_or_remove_content_views":true}}]}

'
    headers:
      cache-control:
      - max-age=0, private, must-revalidate
      connection:
      - Keep-Alive
      content-length:
      - '1222'
      content-security-policy:
      - 'default-src ''self''; child-src ''self''; connect-src ''self'' ws: wss:;
        img-src ''self'' data: *.gravatar.com; script-src ''unsafe-eval'' ''unsafe-inline''
        ''self''; style-src ''unsafe-inline'' ''self'''
      content-type:
      - application/json; charset=utf-8
      date:
      - Thu, 31 Oct 2019 14:55:23 GMT
      etag:
      - W/"91f91e7e210572f39c2eda3b9abeaa3e-gzip"
      foreman_api_version:
      - '2'
      foreman_current_location:
      - ; ANY
      foreman_current_organization:
      - 7; Test Organization
      foreman_version:
      - 1.23.0
      keep-alive:
      - timeout=5, max=9998
      server:
      - Apache
      status:
      - 200 OK
      strict-transport-security:
      - max-age=631139040; includeSubdomains
      vary:
      - Accept-Encoding
      x-content-type-options:
      - nosniff
      x-download-options:
      - noopen
      x-frame-options:
      - sameorigin
      x-permitted-cross-domain-policies:
      - none
      x-powered-by:
      - Phusion Passenger 4.0.53
      x-request-id:
      - 571f1582-e946-425f-9e91-f84b2ea7f982
      x-runtime:
      - '0.043145'
      x-xss-protection:
      - 1; mode=block
    status:
      code: 200
      message: OK
- request:
    body: null
    headers:
      Accept:
      - application/json;version=2
      Accept-Encoding:
      - gzip, deflate
      Connection:
      - keep-alive
      Cookie:
      - _session_id=45a5886d8e2b275e02268a73cafce98d
      User-Agent:
      - apypie (https://github.com/Apipie/apypie)
    method: GET
    uri: https://centos7-katello-3-13.yatsu.example.com/katello/api/content_views/12?organization_id=7
  response:
    body:
      string: !!python/unicode '  {"content_host_count":0,"composite":false,"component_ids":[],"default":false,"force_puppet_environment":false,"version_count":1,"latest_version":"2.0","auto_publish":false,"solve_dependencies":false,"repository_ids":[19],"id":12,"name":"Test
        Content View","label":"Test_Content_View","description":null,"organization_id":7,"organization":{"name":"Test
        Organization","label":"Test_Organization","id":7},"created_at":"2019-10-31
        14:54:55 UTC","updated_at":"2019-10-31 14:55:08 UTC","environments":[{"id":12,"name":"Library","label":"Library","permissions":{"readable":true}}],"repositories":[{"id":19,"name":"Test
        Repository","label":"Test_Repository","content_type":"yum"}],"puppet_modules":[],"versions":[{"id":14,"version":"2.0","published":"2019-10-31
        14:55:08 UTC","environment_ids":[12]}],"components":[],"content_view_components":[],"activation_keys":[],"next_version":"3.0","last_published":"2019-10-31
        14:55:08 UTC","permissions":{"view_content_views":true,"edit_content_views":true,"destroy_content_views":true,"publish_content_views":true,"promote_or_remove_content_views":true},"duplicate_repositories_to_publish":[]}

'
    headers:
      cache-control:
      - max-age=0, private, must-revalidate
      connection:
      - Keep-Alive
      content-length:
      - '1130'
      content-security-policy:
      - 'default-src ''self''; child-src ''self''; connect-src ''self'' ws: wss:;
        img-src ''self'' data: *.gravatar.com; script-src ''unsafe-eval'' ''unsafe-inline''
        ''self''; style-src ''unsafe-inline'' ''self'''
      content-type:
      - application/json; charset=utf-8
      date:
      - Thu, 31 Oct 2019 14:55:23 GMT
      etag:
      - W/"75a83817742d56e8f4a6fcb02ec5ec17-gzip"
      foreman_api_version:
      - '2'
      foreman_current_location:
      - ; ANY
      foreman_current_organization:
      - 7; Test Organization
      foreman_version:
      - 1.23.0
      keep-alive:
      - timeout=5, max=9997
      server:
      - Apache
      status:
      - 200 OK
      strict-transport-security:
      - max-age=631139040; includeSubdomains
      vary:
      - Accept-Encoding
      x-content-type-options:
      - nosniff
      x-download-options:
      - noopen
      x-frame-options:
      - sameorigin
      x-permitted-cross-domain-policies:
      - none
      x-powered-by:
      - Phusion Passenger 4.0.53
      x-request-id:
      - efe604e9-fc7f-46bb-af94-c8581414931f
      x-runtime:
      - '0.044679'
      x-xss-protection:
      - 1; mode=block
    status:
      code: 200
      message: OK
- request:
    body: null
    headers:
      Accept:
      - application/json;version=2
      Accept-Encoding:
      - gzip, deflate
      Connection:
      - keep-alive
      Cookie:
      - _session_id=45a5886d8e2b275e02268a73cafce98d
      User-Agent:
      - apypie (https://github.com/Apipie/apypie)
    method: GET
    uri: https://centos7-katello-3-13.yatsu.example.com/katello/api/organizations/7/environments?per_page=4294967296&search=name%3D%22Library%22&thin=False
  response:
    body:
      string: !!python/unicode '{"total":4,"subtotal":1,"page":1,"per_page":"4294967296","error":null,"search":"name=\"Library\"","sort":{"by":"name","order":"asc"},"results":[{"library":true,"registry_name_pattern":null,"registry_unauthenticated_pull":false,"id":12,"name":"Library","label":"Library","description":null,"organization_id":7,"organization":{"name":"Test
        Organization","label":"Test_Organization","id":7},"created_at":"2019-10-31
        14:54:44 UTC","updated_at":"2019-10-31 14:54:44 UTC","prior":null,"successor":null,"counts":{"content_hosts":0,"content_views":1,"packages":0,"puppet_modules":0,"module_streams":0,"errata":{"security":null,"bugfix":0,"enhancement":0,"total":null},"yum_repositories":1,"docker_repositories":0,"ostree_repositories":0,"products":1},"permissions":{"create_lifecycle_environments":true,"view_lifecycle_environments":true,"edit_lifecycle_environments":true,"destroy_lifecycle_environments":false,"promote_or_remove_content_views_to_environments":true}}]}

'
    headers:
      cache-control:
      - max-age=0, private, must-revalidate
      connection:
      - Keep-Alive
      content-length:
      - '963'
      content-security-policy:
      - 'default-src ''self''; child-src ''self''; connect-src ''self'' ws: wss:;
        img-src ''self'' data: *.gravatar.com; script-src ''unsafe-eval'' ''unsafe-inline''
        ''self''; style-src ''unsafe-inline'' ''self'''
      content-type:
      - application/json; charset=utf-8
      date:
      - Thu, 31 Oct 2019 14:55:23 GMT
      etag:
      - W/"db87d778a2bba8d7474380865c8d0220-gzip"
      foreman_api_version:
      - '2'
      foreman_current_location:
      - ; ANY
      foreman_current_organization:
      - 7; Test Organization
      foreman_version:
      - 1.23.0
      keep-alive:
      - timeout=5, max=9996
      server:
      - Apache
      status:
      - 200 OK
      strict-transport-security:
      - max-age=631139040; includeSubdomains
      vary:
      - Accept-Encoding
      x-content-type-options:
      - nosniff
      x-download-options:
      - noopen
      x-frame-options:
      - sameorigin
      x-permitted-cross-domain-policies:
      - none
      x-powered-by:
      - Phusion Passenger 4.0.53
      x-request-id:
      - cd42af53-4bb7-45c1-8fb2-5644b6e1335c
      x-runtime:
      - '0.051890'
      x-xss-protection:
      - 1; mode=block
    status:
      code: 200
      message: OK
- request:
    body: null
    headers:
      Accept:
      - application/json;version=2
      Accept-Encoding:
      - gzip, deflate
      Connection:
      - keep-alive
      Cookie:
      - _session_id=45a5886d8e2b275e02268a73cafce98d
      User-Agent:
      - apypie (https://github.com/Apipie/apypie)
    method: GET
    uri: https://centos7-katello-3-13.yatsu.example.com/katello/api/environments/12?organization_id=7
  response:
    body:
      string: !!python/unicode '  {"library":true,"registry_name_pattern":null,"registry_unauthenticated_pull":false,"id":12,"name":"Library","label":"Library","description":null,"organization_id":7,"organization":{"name":"Test
        Organization","label":"Test_Organization","id":7},"created_at":"2019-10-31
        14:54:44 UTC","updated_at":"2019-10-31 14:54:44 UTC","prior":null,"successor":null,"counts":{"content_hosts":0,"content_views":1,"packages":0,"puppet_modules":0,"module_streams":0,"errata":{"security":null,"bugfix":0,"enhancement":0,"total":null},"yum_repositories":1,"docker_repositories":0,"ostree_repositories":0,"products":1},"permissions":{"create_lifecycle_environments":true,"view_lifecycle_environments":true,"edit_lifecycle_environments":true,"destroy_lifecycle_environments":false,"promote_or_remove_content_views_to_environments":true}}

'
    headers:
      cache-control:
      - max-age=0, private, must-revalidate
      connection:
      - Keep-Alive
      content-length:
      - '819'
      content-security-policy:
      - 'default-src ''self''; child-src ''self''; connect-src ''self'' ws: wss:;
        img-src ''self'' data: *.gravatar.com; script-src ''unsafe-eval'' ''unsafe-inline''
        ''self''; style-src ''unsafe-inline'' ''self'''
      content-type:
      - application/json; charset=utf-8
      date:
      - Thu, 31 Oct 2019 14:55:23 GMT
      etag:
      - W/"99cb7103b4fb90296177198a5b3f1c44-gzip"
      foreman_api_version:
      - '2'
      foreman_current_location:
      - ; ANY
      foreman_current_organization:
      - 7; Test Organization
      foreman_version:
      - 1.23.0
      keep-alive:
      - timeout=5, max=9995
      server:
      - Apache
      status:
      - 200 OK
      strict-transport-security:
      - max-age=631139040; includeSubdomains
      vary:
      - Accept-Encoding
      x-content-type-options:
      - nosniff
      x-download-options:
      - noopen
      x-frame-options:
      - sameorigin
      x-permitted-cross-domain-policies:
      - none
      x-powered-by:
      - Phusion Passenger 4.0.53
      x-request-id:
      - bf7074b0-b695-4d09-8cd5-e9a3b2941658
      x-runtime:
      - '0.046107'
      x-xss-protection:
      - 1; mode=block
    status:
      code: 200
      message: OK
- request:
    body: null
    headers:
      Accept:
      - application/json;version=2
      Accept-Encoding:
      - gzip, deflate
      Connection:
      - keep-alive
      Cookie:
      - _session_id=45a5886d8e2b275e02268a73cafce98d
      User-Agent:
      - apypie (https://github.com/Apipie/apypie)
    method: GET
    uri: https://centos7-katello-3-13.yatsu.example.com/katello/api/content_views/12/content_view_versions?per_page=4294967296&environment_id=12&thin=False
  response:
    body:
      string: !!python/unicode '{"total":1,"subtotal":1,"page":1,"per_page":"4294967296","error":null,"search":null,"sort":{"by":"version","order":"desc"},"results":[{"version":"2.0","major":2,"minor":0,"composite_content_view_ids":[],"published_in_composite_content_view_ids":[],"content_view_id":12,"default":false,"description":"version-2.0","package_count":0,"module_stream_count":0,"srpm_count":0,"file_count":0,"package_group_count":0,"puppet_module_count":0,"docker_manifest_count":0,"docker_manifest_list_count":0,"docker_tag_count":0,"ostree_branch_count":0,"deb_count":0,"id":14,"name":"Test
        Content View 2.0","created_at":"2019-10-31 14:55:08 UTC","updated_at":"2019-10-31
        14:55:08 UTC","content_view":{"id":12,"name":"Test Content View","label":"Test_Content_View"},"composite_content_views":[],"composite_content_view_versions":[],"published_in_composite_content_views":[],"environments":[{"id":12,"name":"Library","label":"Library","puppet_environment_id":null,"permissions":{"readable":true,"promotable_or_removable":true,"all_hosts_editable":true,"all_keys_editable":true},"host_count":0,"activation_key_count":0}],"repositories":[{"id":22,"name":"Test
        Repository","label":"Test_Repository","content_type":"yum","library_instance_id":19}],"last_event":{"user":"admin","status":"successful","description":"version-2.0","action":"publish","created_at":"2019-10-31
        14:55:08 UTC","updated_at":"2019-10-31 14:55:14 UTC","environment":null,"task":{"id":"20c7da8f-b1d9-4b1c-9477-04761d077c52","label":"Actions::Katello::ContentView::Publish","pending":false,"action":"Publish
        content view ''Test Content View''; organization ''Test Organization''","username":"admin","started_at":"2019-10-31
        14:55:08 UTC","ended_at":"2019-10-31 14:55:14 UTC","state":"stopped","result":"success","progress":1.0,"input":{"content_view":{"id":12,"name":"Test
        Content View","label":"Test_Content_View"},"organization":{"id":7,"name":"Test
        Organization","label":"Test_Organization"},"services_checked":["pulp","pulp_auth","candlepin","candlepin_auth"],"history_id":23,"content_view_id":12,"auto_publish_composite_ids":[],"content_view_version_name":"Test
        Content View 2.0","content_view_version_id":14,"environment_id":12,"user_id":4,"current_request_id":null,"current_timezone":"UTC","current_user_id":4,"current_organization_id":null,"current_location_id":null},"output":{},"humanized":{"action":"Publish","input":[["content_view",{"text":"content
        view ''Test Content View''","link":"/content_views/12/versions"}],["organization",{"text":"organization
        ''Test Organization''","link":"/organizations/7/edit"}]],"output":"","errors":[]},"cli_example":null},"version":"2.0","publish":true,"version_id":14,"triggered_by":null,"triggered_by_id":null},"active_history":[],"errata_counts":{"security":null,"bugfix":0,"enhancement":0,"total":null},"permissions":{"deletable":true}}]}

'
    headers:
      cache-control:
      - max-age=0, private, must-revalidate
      connection:
      - Keep-Alive
      content-length:
      - '2826'
      content-security-policy:
      - 'default-src ''self''; child-src ''self''; connect-src ''self'' ws: wss:;
        img-src ''self'' data: *.gravatar.com; script-src ''unsafe-eval'' ''unsafe-inline''
        ''self''; style-src ''unsafe-inline'' ''self'''
      content-type:
      - application/json; charset=utf-8
      date:
      - Thu, 31 Oct 2019 14:55:24 GMT
      etag:
      - W/"02175dd5d4ea2cc474149664d55e16dd-gzip"
      foreman_api_version:
      - '2'
      foreman_current_location:
      - ; ANY
      foreman_current_organization:
      - ; ANY
      foreman_version:
      - 1.23.0
      keep-alive:
      - timeout=5, max=9994
      server:
      - Apache
      status:
      - 200 OK
      strict-transport-security:
      - max-age=631139040; includeSubdomains
      vary:
      - Accept-Encoding
      x-content-type-options:
      - nosniff
      x-download-options:
      - noopen
      x-frame-options:
      - sameorigin
      x-permitted-cross-domain-policies:
      - none
      x-powered-by:
      - Phusion Passenger 4.0.53
      x-request-id:
      - 3c7a2d2f-66b7-4390-80b3-62704e7fbda1
      x-runtime:
      - '0.078777'
      x-xss-protection:
      - 1; mode=block
    status:
      code: 200
      message: OK
- request:
    body: null
    headers:
      Accept:
      - application/json;version=2
      Accept-Encoding:
      - gzip, deflate
      Connection:
      - keep-alive
      Cookie:
      - _session_id=45a5886d8e2b275e02268a73cafce98d
      User-Agent:
      - apypie (https://github.com/Apipie/apypie)
    method: GET
    uri: https://centos7-katello-3-13.yatsu.example.com/katello/api/content_view_versions/14?content_view_id=12&environment_id=12
  response:
    body:
      string: !!python/unicode '  {"version":"2.0","major":2,"minor":0,"composite_content_view_ids":[],"published_in_composite_content_view_ids":[],"content_view_id":12,"default":false,"description":"version-2.0","package_count":0,"module_stream_count":0,"srpm_count":0,"file_count":0,"package_group_count":0,"puppet_module_count":0,"docker_manifest_count":0,"docker_manifest_list_count":0,"docker_tag_count":0,"ostree_branch_count":0,"deb_count":0,"id":14,"name":"Test
        Content View 2.0","created_at":"2019-10-31 14:55:08 UTC","updated_at":"2019-10-31
        14:55:08 UTC","content_view":{"id":12,"name":"Test Content View","label":"Test_Content_View"},"composite_content_views":[],"composite_content_view_versions":[],"published_in_composite_content_views":[],"environments":[{"id":12,"name":"Library","label":"Library","puppet_environment_id":null,"permissions":{"readable":true,"promotable_or_removable":true,"all_hosts_editable":true,"all_keys_editable":true},"host_count":0,"activation_key_count":0}],"repositories":[{"id":22,"name":"Test
        Repository","label":"Test_Repository","content_type":"yum","library_instance_id":19}],"last_event":{"user":"admin","status":"successful","description":"version-2.0","action":"publish","created_at":"2019-10-31
        14:55:08 UTC","updated_at":"2019-10-31 14:55:14 UTC","environment":null,"task":{"id":"20c7da8f-b1d9-4b1c-9477-04761d077c52","label":"Actions::Katello::ContentView::Publish","pending":false,"action":"Publish
        content view ''Test Content View''; organization ''Test Organization''","username":"admin","started_at":"2019-10-31
        14:55:08 UTC","ended_at":"2019-10-31 14:55:14 UTC","state":"stopped","result":"success","progress":1.0,"input":{"content_view":{"id":12,"name":"Test
        Content View","label":"Test_Content_View"},"organization":{"id":7,"name":"Test
        Organization","label":"Test_Organization"},"services_checked":["pulp","pulp_auth","candlepin","candlepin_auth"],"history_id":23,"content_view_id":12,"auto_publish_composite_ids":[],"content_view_version_name":"Test
        Content View 2.0","content_view_version_id":14,"environment_id":12,"user_id":4,"current_request_id":null,"current_timezone":"UTC","current_user_id":4,"current_organization_id":null,"current_location_id":null},"output":{},"humanized":{"action":"Publish","input":[["content_view",{"text":"content
        view ''Test Content View''","link":"/content_views/12/versions"}],["organization",{"text":"organization
        ''Test Organization''","link":"/organizations/7/edit"}]],"output":"","errors":[]},"cli_example":null},"version":"2.0","publish":true,"version_id":14,"triggered_by":null,"triggered_by_id":null},"active_history":[],"errata_counts":{"security":null,"bugfix":0,"enhancement":0,"total":null},"permissions":{"deletable":true},"puppet_modules":[]}

'
    headers:
      cache-control:
      - max-age=0, private, must-revalidate
      connection:
      - Keep-Alive
      content-length:
      - '2712'
      content-security-policy:
      - 'default-src ''self''; child-src ''self''; connect-src ''self'' ws: wss:;
        img-src ''self'' data: *.gravatar.com; script-src ''unsafe-eval'' ''unsafe-inline''
        ''self''; style-src ''unsafe-inline'' ''self'''
      content-type:
      - application/json; charset=utf-8
      date:
      - Thu, 31 Oct 2019 14:55:24 GMT
      etag:
      - W/"000a7bbcc6ad7a6b9ad2c9a781e08be0-gzip"
      foreman_api_version:
      - '2'
      foreman_current_location:
      - ; ANY
      foreman_current_organization:
      - ; ANY
      foreman_version:
      - 1.23.0
      keep-alive:
      - timeout=5, max=9993
      server:
      - Apache
      status:
      - 200 OK
      strict-transport-security:
      - max-age=631139040; includeSubdomains
      vary:
      - Accept-Encoding
      x-content-type-options:
      - nosniff
      x-download-options:
      - noopen
      x-frame-options:
      - sameorigin
      x-permitted-cross-domain-policies:
      - none
      x-powered-by:
      - Phusion Passenger 4.0.53
      x-request-id:
      - bb54ec28-f496-4cf2-a7e6-3ab26cafc0b4
      x-runtime:
      - '0.072869'
      x-xss-protection:
      - 1; mode=block
    status:
      code: 200
      message: OK
- request:
    body: null
    headers:
      Accept:
      - application/json;version=2
      Accept-Encoding:
      - gzip, deflate
      Connection:
      - keep-alive
      Cookie:
      - _session_id=45a5886d8e2b275e02268a73cafce98d
      User-Agent:
      - apypie (https://github.com/Apipie/apypie)
    method: GET
    uri: https://centos7-katello-3-13.yatsu.example.com/katello/api/organizations/7/environments?per_page=4294967296&search=name%3D%22Library%22&thin=False
  response:
    body:
      string: !!python/unicode '{"total":4,"subtotal":1,"page":1,"per_page":"4294967296","error":null,"search":"name=\"Library\"","sort":{"by":"name","order":"asc"},"results":[{"library":true,"registry_name_pattern":null,"registry_unauthenticated_pull":false,"id":12,"name":"Library","label":"Library","description":null,"organization_id":7,"organization":{"name":"Test
        Organization","label":"Test_Organization","id":7},"created_at":"2019-10-31
        14:54:44 UTC","updated_at":"2019-10-31 14:54:44 UTC","prior":null,"successor":null,"counts":{"content_hosts":0,"content_views":1,"packages":0,"puppet_modules":0,"module_streams":0,"errata":{"security":null,"bugfix":0,"enhancement":0,"total":null},"yum_repositories":1,"docker_repositories":0,"ostree_repositories":0,"products":1},"permissions":{"create_lifecycle_environments":true,"view_lifecycle_environments":true,"edit_lifecycle_environments":true,"destroy_lifecycle_environments":false,"promote_or_remove_content_views_to_environments":true}}]}

'
    headers:
      cache-control:
      - max-age=0, private, must-revalidate
      connection:
      - Keep-Alive
      content-length:
      - '963'
      content-security-policy:
      - 'default-src ''self''; child-src ''self''; connect-src ''self'' ws: wss:;
        img-src ''self'' data: *.gravatar.com; script-src ''unsafe-eval'' ''unsafe-inline''
        ''self''; style-src ''unsafe-inline'' ''self'''
      content-type:
      - application/json; charset=utf-8
      date:
      - Thu, 31 Oct 2019 14:55:24 GMT
      etag:
      - W/"db87d778a2bba8d7474380865c8d0220-gzip"
      foreman_api_version:
      - '2'
      foreman_current_location:
      - ; ANY
      foreman_current_organization:
      - 7; Test Organization
      foreman_version:
      - 1.23.0
      keep-alive:
      - timeout=5, max=9992
      server:
      - Apache
      status:
      - 200 OK
      strict-transport-security:
      - max-age=631139040; includeSubdomains
      vary:
      - Accept-Encoding
      x-content-type-options:
      - nosniff
      x-download-options:
      - noopen
      x-frame-options:
      - sameorigin
      x-permitted-cross-domain-policies:
      - none
      x-powered-by:
      - Phusion Passenger 4.0.53
      x-request-id:
      - 7c21c5dc-6832-4cd4-9bbf-fcaee0d699b4
      x-runtime:
      - '0.050356'
      x-xss-protection:
      - 1; mode=block
    status:
      code: 200
      message: OK
- request:
    body: null
    headers:
      Accept:
      - application/json;version=2
      Accept-Encoding:
      - gzip, deflate
      Connection:
      - keep-alive
      Cookie:
      - _session_id=45a5886d8e2b275e02268a73cafce98d
      User-Agent:
      - apypie (https://github.com/Apipie/apypie)
    method: GET
    uri: https://centos7-katello-3-13.yatsu.example.com/katello/api/environments/12?organization_id=7
  response:
    body:
      string: !!python/unicode '  {"library":true,"registry_name_pattern":null,"registry_unauthenticated_pull":false,"id":12,"name":"Library","label":"Library","description":null,"organization_id":7,"organization":{"name":"Test
        Organization","label":"Test_Organization","id":7},"created_at":"2019-10-31
        14:54:44 UTC","updated_at":"2019-10-31 14:54:44 UTC","prior":null,"successor":null,"counts":{"content_hosts":0,"content_views":1,"packages":0,"puppet_modules":0,"module_streams":0,"errata":{"security":null,"bugfix":0,"enhancement":0,"total":null},"yum_repositories":1,"docker_repositories":0,"ostree_repositories":0,"products":1},"permissions":{"create_lifecycle_environments":true,"view_lifecycle_environments":true,"edit_lifecycle_environments":true,"destroy_lifecycle_environments":false,"promote_or_remove_content_views_to_environments":true}}

'
    headers:
      cache-control:
      - max-age=0, private, must-revalidate
      connection:
      - Keep-Alive
      content-length:
      - '819'
      content-security-policy:
      - 'default-src ''self''; child-src ''self''; connect-src ''self'' ws: wss:;
        img-src ''self'' data: *.gravatar.com; script-src ''unsafe-eval'' ''unsafe-inline''
        ''self''; style-src ''unsafe-inline'' ''self'''
      content-type:
      - application/json; charset=utf-8
      date:
      - Thu, 31 Oct 2019 14:55:24 GMT
      etag:
      - W/"99cb7103b4fb90296177198a5b3f1c44-gzip"
      foreman_api_version:
      - '2'
      foreman_current_location:
      - ; ANY
      foreman_current_organization:
      - 7; Test Organization
      foreman_version:
      - 1.23.0
      keep-alive:
      - timeout=5, max=9991
      server:
      - Apache
      status:
      - 200 OK
      strict-transport-security:
      - max-age=631139040; includeSubdomains
      vary:
      - Accept-Encoding
      x-content-type-options:
      - nosniff
      x-download-options:
      - noopen
      x-frame-options:
      - sameorigin
      x-permitted-cross-domain-policies:
      - none
      x-powered-by:
      - Phusion Passenger 4.0.53
      x-request-id:
      - c58a9318-735d-431d-8b43-9114765495bf
      x-runtime:
      - '0.045116'
      x-xss-protection:
      - 1; mode=block
    status:
      code: 200
      message: OK
- request:
    body: null
    headers:
      Accept:
      - application/json;version=2
      Accept-Encoding:
      - gzip, deflate
      Connection:
      - keep-alive
      Cookie:
      - _session_id=45a5886d8e2b275e02268a73cafce98d
      User-Agent:
      - apypie (https://github.com/Apipie/apypie)
    method: GET
    uri: https://centos7-katello-3-13.yatsu.example.com/katello/api/organizations/7/environments?per_page=4294967296&search=name%3D%22Test%22&thin=False
  response:
    body:
      string: !!python/unicode '{"total":4,"subtotal":1,"page":1,"per_page":"4294967296","error":null,"search":"name=\"Test\"","sort":{"by":"name","order":"asc"},"results":[{"library":false,"registry_name_pattern":null,"registry_unauthenticated_pull":false,"id":13,"name":"Test","label":"test","description":"The
        dev environment","organization_id":7,"organization":{"name":"Test Organization","label":"Test_Organization","id":7},"created_at":"2019-10-31
        14:54:51 UTC","updated_at":"2019-10-31 14:54:51 UTC","prior":{"name":"Library","id":12},"successor":{"name":"QA","id":14},"counts":{"content_hosts":0,"content_views":0},"permissions":{"create_lifecycle_environments":true,"view_lifecycle_environments":true,"edit_lifecycle_environments":true,"destroy_lifecycle_environments":true,"promote_or_remove_content_views_to_environments":true}}]}

'
    headers:
      cache-control:
      - max-age=0, private, must-revalidate
      connection:
      - Keep-Alive
      content-length:
      - '810'
      content-security-policy:
      - 'default-src ''self''; child-src ''self''; connect-src ''self'' ws: wss:;
        img-src ''self'' data: *.gravatar.com; script-src ''unsafe-eval'' ''unsafe-inline''
        ''self''; style-src ''unsafe-inline'' ''self'''
      content-type:
      - application/json; charset=utf-8
      date:
      - Thu, 31 Oct 2019 14:55:24 GMT
      etag:
      - W/"2be083b0c084373aaf5bfe6510bcb848-gzip"
      foreman_api_version:
      - '2'
      foreman_current_location:
      - ; ANY
      foreman_current_organization:
      - 7; Test Organization
      foreman_version:
      - 1.23.0
      keep-alive:
      - timeout=5, max=9990
      server:
      - Apache
      status:
      - 200 OK
      strict-transport-security:
      - max-age=631139040; includeSubdomains
      vary:
      - Accept-Encoding
      x-content-type-options:
      - nosniff
      x-download-options:
      - noopen
      x-frame-options:
      - sameorigin
      x-permitted-cross-domain-policies:
      - none
      x-powered-by:
      - Phusion Passenger 4.0.53
      x-request-id:
      - d8299460-d283-4123-b4d2-a57a2097d43f
      x-runtime:
      - '0.035577'
      x-xss-protection:
      - 1; mode=block
    status:
      code: 200
      message: OK
- request:
    body: null
    headers:
      Accept:
      - application/json;version=2
      Accept-Encoding:
      - gzip, deflate
      Connection:
      - keep-alive
      Cookie:
      - _session_id=45a5886d8e2b275e02268a73cafce98d
      User-Agent:
      - apypie (https://github.com/Apipie/apypie)
    method: GET
    uri: https://centos7-katello-3-13.yatsu.example.com/katello/api/environments/13?organization_id=7
  response:
    body:
      string: !!python/unicode '  {"library":false,"registry_name_pattern":null,"registry_unauthenticated_pull":false,"id":13,"name":"Test","label":"test","description":"The
        dev environment","organization_id":7,"organization":{"name":"Test Organization","label":"Test_Organization","id":7},"created_at":"2019-10-31
        14:54:51 UTC","updated_at":"2019-10-31 14:54:51 UTC","prior":{"name":"Library","id":12},"successor":{"name":"QA","id":14},"counts":{"content_hosts":0,"content_views":0},"permissions":{"create_lifecycle_environments":true,"view_lifecycle_environments":true,"edit_lifecycle_environments":true,"destroy_lifecycle_environments":true,"promote_or_remove_content_views_to_environments":true}}

'
    headers:
      cache-control:
      - max-age=0, private, must-revalidate
      connection:
      - Keep-Alive
      content-length:
      - '669'
      content-security-policy:
      - 'default-src ''self''; child-src ''self''; connect-src ''self'' ws: wss:;
        img-src ''self'' data: *.gravatar.com; script-src ''unsafe-eval'' ''unsafe-inline''
        ''self''; style-src ''unsafe-inline'' ''self'''
      content-type:
      - application/json; charset=utf-8
      date:
      - Thu, 31 Oct 2019 14:55:24 GMT
      etag:
      - W/"f13ed87243c88c6dbfab4da27e869375-gzip"
      foreman_api_version:
      - '2'
      foreman_current_location:
      - ; ANY
      foreman_current_organization:
      - 7; Test Organization
      foreman_version:
      - 1.23.0
      keep-alive:
      - timeout=5, max=9989
      server:
      - Apache
      status:
      - 200 OK
      strict-transport-security:
      - max-age=631139040; includeSubdomains
      vary:
      - Accept-Encoding
      x-content-type-options:
      - nosniff
      x-download-options:
      - noopen
      x-frame-options:
      - sameorigin
      x-permitted-cross-domain-policies:
      - none
      x-powered-by:
      - Phusion Passenger 4.0.53
      x-request-id:
      - 6fafeafd-676a-4df5-b005-ed056b764af5
      x-runtime:
      - '0.036578'
      x-xss-protection:
      - 1; mode=block
    status:
      code: 200
      message: OK
- request:
    body: !!python/unicode '{"environment_ids": [13], "force": false}'
    headers:
      Accept:
      - application/json;version=2
      Accept-Encoding:
      - gzip, deflate
      Connection:
      - keep-alive
      Content-Length:
      - '41'
      Content-Type:
      - application/json
      Cookie:
      - _session_id=45a5886d8e2b275e02268a73cafce98d
      User-Agent:
      - apypie (https://github.com/Apipie/apypie)
    method: POST
    uri: https://centos7-katello-3-13.yatsu.example.com/katello/api/content_view_versions/14/promote
  response:
    body:
      string: !!python/unicode '  {"id":"24466133-7508-47b0-b6e5-3dde2d35296f","label":"Actions::Katello::ContentView::Promote","pending":true,"action":"Promote
        content view ''Test Content View''; organization ''Test Organization''","username":"admin","started_at":"2019-10-31
        14:55:24 UTC","ended_at":null,"state":"planned","result":"pending","progress":0.0,"input":{"content_view":{"id":12,"name":"Test
        Content View","label":"Test_Content_View"},"organization":{"id":7,"name":"Test
        Organization","label":"Test_Organization"},"environments":["Test"],"services_checked":["candlepin","candlepin_auth","pulp","pulp_auth"],"current_request_id":null,"current_timezone":"UTC","current_user_id":4,"current_organization_id":null,"current_location_id":null},"output":{},"humanized":{"action":"Promote","input":[["content_view",{"text":"content
        view ''Test Content View''","link":"/content_views/12/versions"}],["organization",{"text":"organization
        ''Test Organization''","link":"/organizations/7/edit"}]],"output":"","errors":[]},"cli_example":null}

'
    headers:
      cache-control:
      - no-cache
      connection:
      - Keep-Alive
      content-security-policy:
      - 'default-src ''self''; child-src ''self''; connect-src ''self'' ws: wss:;
        img-src ''self'' data: *.gravatar.com; script-src ''unsafe-eval'' ''unsafe-inline''
        ''self''; style-src ''unsafe-inline'' ''self'''
      content-type:
      - application/json; charset=utf-8
      date:
      - Thu, 31 Oct 2019 14:55:24 GMT
      foreman_api_version:
      - '2'
      foreman_current_location:
      - ; ANY
      foreman_current_organization:
      - ; ANY
      foreman_version:
      - 1.23.0
      keep-alive:
      - timeout=5, max=9988
      server:
      - Apache
      set-cookie:
      - request_method=POST; path=/; secure; HttpOnly; SameSite=Lax
      status:
      - 202 Accepted
      strict-transport-security:
      - max-age=631139040; includeSubdomains
      transfer-encoding:
      - chunked
      x-content-type-options:
      - nosniff
      x-download-options:
      - noopen
      x-frame-options:
      - sameorigin
      x-permitted-cross-domain-policies:
      - none
      x-powered-by:
      - Phusion Passenger 4.0.53
      x-request-id:
      - 695b6da7-6f69-47b0-9b12-65615e636d2d
      x-runtime:
      - '0.412519'
      x-xss-protection:
      - 1; mode=block
    status:
      code: 202
      message: Accepted
- request:
    body: null
    headers:
      Accept:
      - application/json;version=2
      Accept-Encoding:
      - gzip, deflate
      Connection:
      - keep-alive
      Cookie:
      - request_method=POST; _session_id=45a5886d8e2b275e02268a73cafce98d
      User-Agent:
      - apypie (https://github.com/Apipie/apypie)
    method: GET
    uri: https://centos7-katello-3-13.yatsu.example.com/foreman_tasks/api/tasks/24466133-7508-47b0-b6e5-3dde2d35296f
  response:
    body:
      string: !!python/unicode '{"id":"24466133-7508-47b0-b6e5-3dde2d35296f","label":"Actions::Katello::ContentView::Promote","pending":false,"action":"Promote
        content view ''Test Content View''; organization ''Test Organization''","username":"admin","started_at":"2019-10-31
        14:55:24 UTC","ended_at":"2019-10-31 14:55:26 UTC","state":"stopped","result":"success","progress":1.0,"input":{"content_view":{"id":12,"name":"Test
        Content View","label":"Test_Content_View"},"organization":{"id":7,"name":"Test
        Organization","label":"Test_Organization"},"environments":["Test"],"services_checked":["candlepin","candlepin_auth","pulp","pulp_auth"],"current_request_id":null,"current_timezone":"UTC","current_user_id":4,"current_organization_id":null,"current_location_id":null},"output":{},"humanized":{"action":"Promote","input":[["content_view",{"text":"content
        view ''Test Content View''","link":"/content_views/12/versions"}],["organization",{"text":"organization
        ''Test Organization''","link":"/organizations/7/edit"}]],"output":"","errors":[]},"cli_example":null}'
    headers:
      cache-control:
      - max-age=0, private, must-revalidate
      connection:
      - Keep-Alive
      content-length:
      - '1021'
      content-security-policy:
      - 'default-src ''self''; child-src ''self''; connect-src ''self'' ws: wss:;
        img-src ''self'' data: *.gravatar.com; script-src ''unsafe-eval'' ''unsafe-inline''
        ''self''; style-src ''unsafe-inline'' ''self'''
      content-type:
      - application/json; charset=utf-8
      date:
      - Thu, 31 Oct 2019 14:55:28 GMT
      etag:
      - W/"d4526f3edc76926bea67a05be11f9298-gzip"
      foreman_api_version:
      - '2'
      foreman_current_location:
      - ; ANY
      foreman_current_organization:
      - ; ANY
      foreman_version:
      - 1.23.0
      keep-alive:
      - timeout=5, max=9987
      server:
      - Apache
      set-cookie:
      - request_method=; path=/; max-age=0; expires=Thu, 01 Jan 1970 00:00:00 -0000;
        secure; HttpOnly; SameSite=Lax
      status:
      - 200 OK
      strict-transport-security:
      - max-age=631139040; includeSubdomains
      vary:
      - Accept-Encoding
      x-content-type-options:
      - nosniff
      x-download-options:
      - noopen
      x-frame-options:
      - sameorigin
      x-permitted-cross-domain-policies:
      - none
      x-powered-by:
      - Phusion Passenger 4.0.53
      x-request-id:
      - dcceb065-889b-4bfd-8eb3-0d9a9eb38a9f
      x-runtime:
      - '0.051376'
      x-xss-protection:
      - 1; mode=block
    status:
      code: 200
      message: OK
version: 1
