interactions:
- request:
    body: null
    headers:
      Accept:
      - application/json;version=2
      Accept-Encoding:
      - gzip, deflate
      Connection:
      - keep-alive
      User-Agent:
      - apypie (https://github.com/Apipie/apypie)
    method: GET
    uri: https://centos7-katello-3-13.yatsu.example.com/api/status
  response:
    body:
      string: !!python/unicode '{"result":"ok","status":200,"version":"1.23.0","api_version":2}'
    headers:
      cache-control:
      - max-age=0, private, must-revalidate
      connection:
      - Keep-Alive
      content-length:
      - '63'
      content-security-policy:
      - 'default-src ''self''; child-src ''self''; connect-src ''self'' ws: wss:;
        img-src ''self'' data: *.gravatar.com; script-src ''unsafe-eval'' ''unsafe-inline''
        ''self''; style-src ''unsafe-inline'' ''self'''
      content-type:
      - application/json; charset=utf-8
      date:
      - Thu, 31 Oct 2019 14:55:17 GMT
      etag:
      - W/"e155d3039d3e53c9bd4f09acfe48e637"
      foreman_api_version:
      - '2'
      foreman_current_location:
      - ; ANY
      foreman_current_organization:
      - ; ANY
      foreman_version:
      - 1.23.0
      keep-alive:
      - timeout=5, max=10000
      server:
      - Apache
      set-cookie:
      - _session_id=b9ba56497216995c76ba7520ec487a75; path=/; secure; HttpOnly; SameSite=Lax
      status:
      - 200 OK
      strict-transport-security:
      - max-age=631139040; includeSubdomains
      x-content-type-options:
      - nosniff
      x-download-options:
      - noopen
      x-frame-options:
      - sameorigin
      x-permitted-cross-domain-policies:
      - none
      x-powered-by:
      - Phusion Passenger 4.0.53
      x-request-id:
      - 5baa7e2f-916f-4491-93ab-8d89017b6d31
      x-runtime:
      - '0.140764'
      x-xss-protection:
      - 1; mode=block
    status:
      code: 200
      message: OK
- request:
    body: null
    headers:
      Accept:
      - application/json;version=2
      Accept-Encoding:
      - gzip, deflate
      Connection:
      - keep-alive
      Cookie:
      - _session_id=b9ba56497216995c76ba7520ec487a75
      User-Agent:
      - apypie (https://github.com/Apipie/apypie)
    method: GET
    uri: https://centos7-katello-3-13.yatsu.example.com/katello/api/organizations?per_page=4294967296&search=name%3D%22Test+Organization%22&thin=True
  response:
    body:
      string: !!python/unicode "{\n  \"total\": 2,\n  \"subtotal\": 1,\n  \"page\":
        1,\n  \"per_page\": 4294967296,\n  \"search\": \"name=\\\"Test Organization\\\"\",\n
        \ \"sort\": {\n    \"by\": null,\n    \"order\": null\n  },\n  \"results\":
        [{\"label\":\"Test_Organization\",\"created_at\":\"2019-10-31 14:54:44 UTC\",\"updated_at\":\"2019-10-31
        14:54:44 UTC\",\"id\":7,\"name\":\"Test Organization\",\"title\":\"Test Organization\",\"description\":\"A
        test organization\"}]\n}\n"
    headers:
      cache-control:
      - max-age=0, private, must-revalidate
      connection:
      - Keep-Alive
      content-length:
      - '388'
      content-security-policy:
      - 'default-src ''self''; child-src ''self''; connect-src ''self'' ws: wss:;
        img-src ''self'' data: *.gravatar.com; script-src ''unsafe-eval'' ''unsafe-inline''
        ''self''; style-src ''unsafe-inline'' ''self'''
      content-type:
      - application/json; charset=utf-8
      date:
      - Thu, 31 Oct 2019 14:55:17 GMT
      etag:
      - W/"8127cdbd184d0d6c9f1bce8c79020d4f-gzip"
      foreman_api_version:
      - '2'
      foreman_current_location:
      - ; ANY
      foreman_current_organization:
      - ; ANY
      foreman_version:
      - 1.23.0
      keep-alive:
      - timeout=5, max=9999
      server:
      - Apache
      status:
      - 200 OK
      strict-transport-security:
      - max-age=631139040; includeSubdomains
      vary:
      - Accept-Encoding
      x-content-type-options:
      - nosniff
      x-download-options:
      - noopen
      x-frame-options:
      - sameorigin
      x-permitted-cross-domain-policies:
      - none
      x-powered-by:
      - Phusion Passenger 4.0.53
      x-request-id:
      - d9c6fb67-1a68-4968-a721-1c2d07b7db02
      x-runtime:
      - '0.017546'
      x-xss-protection:
      - 1; mode=block
    status:
      code: 200
      message: OK
- request:
    body: null
    headers:
      Accept:
      - application/json;version=2
      Accept-Encoding:
      - gzip, deflate
      Connection:
      - keep-alive
      Cookie:
      - _session_id=b9ba56497216995c76ba7520ec487a75
      User-Agent:
      - apypie (https://github.com/Apipie/apypie)
    method: GET
    uri: https://centos7-katello-3-13.yatsu.example.com/katello/api/organizations/7/content_views?per_page=4294967296&search=name%3D%22Test+Content+View%22&thin=True
  response:
    body:
      string: !!python/unicode '{"total":2,"subtotal":1,"page":1,"per_page":"4294967296","error":null,"search":"name=\"Test
        Content View\"","sort":{"by":"name","order":"asc"},"results":[{"composite":false,"component_ids":[],"default":false,"force_puppet_environment":false,"version_count":2,"latest_version":"2.0","auto_publish":false,"solve_dependencies":false,"repository_ids":[19],"id":12,"name":"Test
        Content View","label":"Test_Content_View","description":null,"organization_id":7,"organization":{"name":"Test
        Organization","label":"Test_Organization","id":7},"created_at":"2019-10-31
        14:54:55 UTC","updated_at":"2019-10-31 14:55:08 UTC","environments":[{"id":12,"name":"Library","label":"Library","permissions":{"readable":true}}],"repositories":[{"id":19,"name":"Test
        Repository","label":"Test_Repository","content_type":"yum"}],"puppet_modules":[],"versions":[{"id":13,"version":"1.0","published":"2019-10-31
        14:54:55 UTC","environment_ids":[]},{"id":14,"version":"2.0","published":"2019-10-31
        14:55:08 UTC","environment_ids":[12]}],"components":[],"content_view_components":[],"activation_keys":[],"next_version":"3.0","last_published":"2019-10-31
        14:55:08 UTC","permissions":{"view_content_views":true,"edit_content_views":true,"destroy_content_views":true,"publish_content_views":true,"promote_or_remove_content_views":true}}]}

'
    headers:
      cache-control:
      - max-age=0, private, must-revalidate
      connection:
      - Keep-Alive
      content-length:
      - '1307'
      content-security-policy:
      - 'default-src ''self''; child-src ''self''; connect-src ''self'' ws: wss:;
        img-src ''self'' data: *.gravatar.com; script-src ''unsafe-eval'' ''unsafe-inline''
        ''self''; style-src ''unsafe-inline'' ''self'''
      content-type:
      - application/json; charset=utf-8
      date:
      - Thu, 31 Oct 2019 14:55:17 GMT
      etag:
      - W/"1cca0c144c03c3ae591c8660f0591bed-gzip"
      foreman_api_version:
      - '2'
      foreman_current_location:
      - ; ANY
      foreman_current_organization:
      - 7; Test Organization
      foreman_version:
      - 1.23.0
      keep-alive:
      - timeout=5, max=9998
      server:
      - Apache
      status:
      - 200 OK
      strict-transport-security:
      - max-age=631139040; includeSubdomains
      vary:
      - Accept-Encoding
      x-content-type-options:
      - nosniff
      x-download-options:
      - noopen
      x-frame-options:
      - sameorigin
      x-permitted-cross-domain-policies:
      - none
      x-powered-by:
      - Phusion Passenger 4.0.53
      x-request-id:
      - d64df4be-946a-463c-ae35-54857b1f7ca2
      x-runtime:
      - '0.041888'
      x-xss-protection:
      - 1; mode=block
    status:
      code: 200
      message: OK
- request:
    body: null
    headers:
      Accept:
      - application/json;version=2
      Accept-Encoding:
      - gzip, deflate
      Connection:
      - keep-alive
      Cookie:
      - _session_id=b9ba56497216995c76ba7520ec487a75
      User-Agent:
      - apypie (https://github.com/Apipie/apypie)
    method: GET
    uri: https://centos7-katello-3-13.yatsu.example.com/katello/api/content_view_versions?per_page=4294967296&search=content_view_id%3D12%2Cversion%3D1.0&thin=True
  response:
    body:
      string: !!python/unicode '{"total":4,"subtotal":1,"page":1,"per_page":"4294967296","error":null,"search":"content_view_id=12,version=1.0","sort":{"by":"version","order":"desc"},"results":[{"version":"1.0","major":1,"minor":0,"composite_content_view_ids":[],"published_in_composite_content_view_ids":[],"content_view_id":12,"default":false,"description":"version-1.0","package_count":0,"module_stream_count":0,"srpm_count":0,"file_count":0,"package_group_count":0,"puppet_module_count":0,"docker_manifest_count":0,"docker_manifest_list_count":0,"docker_tag_count":0,"ostree_branch_count":0,"deb_count":0,"id":13,"name":"Test
        Content View 1.0","created_at":"2019-10-31 14:54:55 UTC","updated_at":"2019-10-31
        14:54:55 UTC","content_view":{"id":12,"name":"Test Content View","label":"Test_Content_View"},"composite_content_views":[],"composite_content_view_versions":[],"published_in_composite_content_views":[],"environments":[],"repositories":[{"id":20,"name":"Test
        Repository","label":"Test_Repository","content_type":"yum","library_instance_id":19}],"last_event":{"user":"admin","status":"successful","description":"version-1.0","action":"publish","created_at":"2019-10-31
        14:54:55 UTC","updated_at":"2019-10-31 14:55:02 UTC","environment":null,"task":{"id":"f462cb8c-9096-441b-aa9f-672fe65ad388","label":"Actions::Katello::ContentView::Publish","pending":false,"action":"Publish
        content view ''Test Content View''; organization ''Test Organization''","username":"admin","started_at":"2019-10-31
        14:54:55 UTC","ended_at":"2019-10-31 14:55:02 UTC","state":"stopped","result":"success","progress":1.0,"input":{"content_view":{"id":12,"name":"Test
        Content View","label":"Test_Content_View"},"organization":{"id":7,"name":"Test
        Organization","label":"Test_Organization"},"services_checked":["candlepin","candlepin_auth","pulp","pulp_auth"],"history_id":22,"content_view_id":12,"auto_publish_composite_ids":[],"content_view_version_name":"Test
        Content View 1.0","content_view_version_id":13,"environment_id":12,"user_id":4,"current_request_id":null,"current_timezone":"UTC","current_user_id":4,"current_organization_id":null,"current_location_id":null},"output":{},"humanized":{"action":"Publish","input":[["content_view",{"text":"content
        view ''Test Content View''","link":"/content_views/12/versions"}],["organization",{"text":"organization
        ''Test Organization''","link":"/organizations/7/edit"}]],"output":"","errors":[]},"cli_example":null},"version":"1.0","publish":true,"version_id":13,"triggered_by":null,"triggered_by_id":null},"active_history":[],"errata_counts":{"security":null,"bugfix":0,"enhancement":0,"total":null},"permissions":{"deletable":true}}]}

'
    headers:
      cache-control:
      - max-age=0, private, must-revalidate
      connection:
      - Keep-Alive
      content-length:
      - '2627'
      content-security-policy:
      - 'default-src ''self''; child-src ''self''; connect-src ''self'' ws: wss:;
        img-src ''self'' data: *.gravatar.com; script-src ''unsafe-eval'' ''unsafe-inline''
        ''self''; style-src ''unsafe-inline'' ''self'''
      content-type:
      - application/json; charset=utf-8
      date:
      - Thu, 31 Oct 2019 14:55:17 GMT
      etag:
      - W/"dcb8bdef9151399c5bc0328b5537cc1d-gzip"
      foreman_api_version:
      - '2'
      foreman_current_location:
      - ; ANY
      foreman_current_organization:
      - ; ANY
      foreman_version:
      - 1.23.0
      keep-alive:
      - timeout=5, max=9997
      server:
      - Apache
      status:
      - 200 OK
      strict-transport-security:
      - max-age=631139040; includeSubdomains
      vary:
      - Accept-Encoding
      x-content-type-options:
      - nosniff
      x-download-options:
      - noopen
      x-frame-options:
      - sameorigin
      x-permitted-cross-domain-policies:
      - none
      x-powered-by:
      - Phusion Passenger 4.0.53
      x-request-id:
      - dca3a677-c4bd-45ba-90c3-36f9c0afd1d0
      x-runtime:
      - '0.090672'
      x-xss-protection:
      - 1; mode=block
    status:
      code: 200
      message: OK
- request:
    body: null
    headers:
      Accept:
      - application/json;version=2
      Accept-Encoding:
      - gzip, deflate
      Connection:
      - keep-alive
      Content-Length:
      - '0'
      Cookie:
      - _session_id=b9ba56497216995c76ba7520ec487a75
      User-Agent:
      - apypie (https://github.com/Apipie/apypie)
    method: DELETE
    uri: https://centos7-katello-3-13.yatsu.example.com/katello/api/content_view_versions/13
  response:
    body:
      string: !!python/unicode '  {"id":"e0b68a4f-9eee-44de-ae5c-9c66e71ee555","label":"Actions::Katello::ContentViewVersion::Destroy","pending":true,"action":"Destroy","username":"admin","started_at":"2019-10-31
        14:55:17 UTC","ended_at":null,"state":"planned","result":"pending","progress":0.0,"input":{"services_checked":["pulp","pulp_auth"],"id":13,"current_request_id":null,"current_timezone":"UTC","current_user_id":4,"current_organization_id":null,"current_location_id":null},"output":{},"humanized":{"action":"Destroy","input":"","output":"","errors":[]},"cli_example":null}

'
    headers:
      cache-control:
      - no-cache
      connection:
      - Keep-Alive
      content-security-policy:
      - 'default-src ''self''; child-src ''self''; connect-src ''self'' ws: wss:;
        img-src ''self'' data: *.gravatar.com; script-src ''unsafe-eval'' ''unsafe-inline''
        ''self''; style-src ''unsafe-inline'' ''self'''
      content-type:
      - application/json; charset=utf-8
      date:
      - Thu, 31 Oct 2019 14:55:17 GMT
      foreman_api_version:
      - '2'
      foreman_current_location:
      - ; ANY
      foreman_current_organization:
      - ; ANY
      foreman_version:
      - 1.23.0
      keep-alive:
      - timeout=5, max=9996
      server:
      - Apache
      set-cookie:
      - request_method=DELETE; path=/; secure; HttpOnly; SameSite=Lax
      status:
      - 202 Accepted
      strict-transport-security:
      - max-age=631139040; includeSubdomains
      transfer-encoding:
      - chunked
      x-content-type-options:
      - nosniff
      x-download-options:
      - noopen
      x-frame-options:
      - sameorigin
      x-permitted-cross-domain-policies:
      - none
      x-powered-by:
      - Phusion Passenger 4.0.53
      x-request-id:
      - 8fd0453d-36fa-4371-bb92-59abe706b822
      x-runtime:
      - '0.217265'
      x-xss-protection:
      - 1; mode=block
    status:
      code: 202
      message: Accepted
- request:
    body: null
    headers:
      Accept:
      - application/json;version=2
      Accept-Encoding:
      - gzip, deflate
      Connection:
      - keep-alive
      Cookie:
      - request_method=DELETE; _session_id=b9ba56497216995c76ba7520ec487a75
      User-Agent:
      - apypie (https://github.com/Apipie/apypie)
    method: GET
    uri: https://centos7-katello-3-13.yatsu.example.com/foreman_tasks/api/tasks/e0b68a4f-9eee-44de-ae5c-9c66e71ee555
  response:
    body:
      string: !!python/unicode '{"id":"e0b68a4f-9eee-44de-ae5c-9c66e71ee555","label":"Actions::Katello::ContentViewVersion::Destroy","pending":false,"action":"Destroy","username":"admin","started_at":"2019-10-31
        14:55:17 UTC","ended_at":"2019-10-31 14:55:19 UTC","state":"stopped","result":"success","progress":1.0,"input":{"services_checked":["pulp","pulp_auth"],"id":13,"current_request_id":null,"current_timezone":"UTC","current_user_id":4,"current_organization_id":null,"current_location_id":null},"output":{},"humanized":{"action":"Destroy","input":"","output":"","errors":[]},"cli_example":null}'
    headers:
      cache-control:
      - max-age=0, private, must-revalidate
      connection:
      - Keep-Alive
      content-length:
      - '569'
      content-security-policy:
      - 'default-src ''self''; child-src ''self''; connect-src ''self'' ws: wss:;
        img-src ''self'' data: *.gravatar.com; script-src ''unsafe-eval'' ''unsafe-inline''
        ''self''; style-src ''unsafe-inline'' ''self'''
      content-type:
      - application/json; charset=utf-8
      date:
      - Thu, 31 Oct 2019 14:55:22 GMT
      etag:
      - W/"ffbbd9ed5cad7430008c70f97d7cceab-gzip"
      foreman_api_version:
      - '2'
      foreman_current_location:
      - ; ANY
      foreman_current_organization:
      - ; ANY
      foreman_version:
      - 1.23.0
      keep-alive:
      - timeout=5, max=9995
      server:
      - Apache
      set-cookie:
      - request_method=; path=/; max-age=0; expires=Thu, 01 Jan 1970 00:00:00 -0000;
        secure; HttpOnly; SameSite=Lax
      status:
      - 200 OK
      strict-transport-security:
      - max-age=631139040; includeSubdomains
      vary:
      - Accept-Encoding
      x-content-type-options:
      - nosniff
      x-download-options:
      - noopen
      x-frame-options:
      - sameorigin
      x-permitted-cross-domain-policies:
      - none
      x-powered-by:
      - Phusion Passenger 4.0.53
      x-request-id:
      - 01396cd1-5ed7-46bd-8ddc-90b267de24bf
      x-runtime:
      - '0.041128'
      x-xss-protection:
      - 1; mode=block
    status:
      code: 200
      message: OK
version: 1
