interactions:
- request:
    body: null
    headers:
      Accept:
      - application/json;version=2
      Accept-Encoding:
      - gzip, deflate
      Connection:
      - keep-alive
      User-Agent:
      - apypie (https://github.com/Apipie/apypie)
    method: GET
    uri: https://foreman.example.com/api/status
  response:
    body:
      string: !!python/unicode '{"result":"ok","status":200,"version":"1.22.0","api_version":2}'
    headers:
      cache-control:
      - max-age=0, private, must-revalidate
      connection:
      - Keep-Alive
      content-length:
      - '63'
      content-security-policy:
      - 'default-src ''self''; child-src ''self''; connect-src ''self'' ws: wss:;
        img-src ''self'' data: *.gravatar.com; script-src ''unsafe-eval'' ''unsafe-inline''
        ''self''; style-src ''unsafe-inline'' ''self'''
      content-type:
      - application/json; charset=utf-8
      date:
      - Tue, 17 Sep 2019 08:18:54 GMT
      etag:
      - W/"674e9dbc2140c688b559566b581c5c09"
      foreman_api_version:
      - '2'
      foreman_version:
      - 1.22.0
      keep-alive:
      - timeout=5, max=10000
      server:
      - Apache
      set-cookie:
      - _session_id=39abb521313d245cca8dca62abb6fd2a; path=/; secure; HttpOnly; SameSite=Lax
      status:
      - 200 OK
      strict-transport-security:
      - max-age=631139040; includeSubdomains
      x-content-type-options:
      - nosniff
      x-download-options:
      - noopen
      x-frame-options:
      - sameorigin
      x-permitted-cross-domain-policies:
      - none
      x-powered-by:
      - Phusion Passenger 4.0.53
      x-request-id:
      - 53d1d2eb-cd91-4bfe-99c7-2ce440406392
      x-runtime:
      - '0.033055'
      x-xss-protection:
      - 1; mode=block
    status:
      code: 200
      message: OK
- request:
    body: null
    headers:
      Accept:
      - application/json;version=2
      Accept-Encoding:
      - gzip, deflate
      Connection:
      - keep-alive
      Cookie:
      - _session_id=39abb521313d245cca8dca62abb6fd2a
      User-Agent:
      - apypie (https://github.com/Apipie/apypie)
    method: GET
    uri: https://foreman.example.com/katello/api/organizations?per_page=4294967296&search=name%3D%22Test+Organization%22&thin=True
  response:
    body:
      string: !!python/unicode "{\n  \"total\": 2,\n  \"subtotal\": 1,\n  \"page\":
        1,\n  \"per_page\": 4294967296,\n  \"search\": \"name=\\\"Test Organization\\\"\",\n
        \ \"sort\": {\n    \"by\": null,\n    \"order\": null\n  },\n  \"results\":
        [{\"label\":\"Test_Organization\",\"created_at\":\"2019-09-17 08:16:46 UTC\",\"updated_at\":\"2019-09-17
        08:16:46 UTC\",\"id\":68,\"name\":\"Test Organization\",\"title\":\"Test Organization\",\"description\":\"A
        test organization\"}]\n}\n"
    headers:
      cache-control:
      - max-age=0, private, must-revalidate
      connection:
      - Keep-Alive
      content-length:
      - '389'
      content-security-policy:
      - 'default-src ''self''; child-src ''self''; connect-src ''self'' ws: wss:;
        img-src ''self'' data: *.gravatar.com; script-src ''unsafe-eval'' ''unsafe-inline''
        ''self''; style-src ''unsafe-inline'' ''self'''
      content-type:
      - application/json; charset=utf-8
      date:
      - Tue, 17 Sep 2019 08:18:54 GMT
      etag:
      - W/"ceb67f3756098240582df7664f275bb1-gzip"
      foreman_api_version:
      - '2'
      foreman_version:
      - 1.22.0
      keep-alive:
      - timeout=5, max=9999
      server:
      - Apache
      status:
      - 200 OK
      strict-transport-security:
      - max-age=631139040; includeSubdomains
      vary:
      - Accept-Encoding
      x-content-type-options:
      - nosniff
      x-download-options:
      - noopen
      x-frame-options:
      - sameorigin
      x-permitted-cross-domain-policies:
      - none
      x-powered-by:
      - Phusion Passenger 4.0.53
      x-request-id:
      - a76641ed-fd66-4f37-9818-d1d34cd04180
      x-runtime:
      - '0.018011'
      x-xss-protection:
      - 1; mode=block
    status:
      code: 200
      message: OK
- request:
    body: null
    headers:
      Accept:
      - application/json;version=2
      Accept-Encoding:
      - gzip, deflate
      Connection:
      - keep-alive
      Cookie:
      - _session_id=39abb521313d245cca8dca62abb6fd2a
      User-Agent:
      - apypie (https://github.com/Apipie/apypie)
    method: GET
    uri: https://foreman.example.com/katello/api/organizations/68/content_views?per_page=4294967296&search=name%3D%22Test+Content+View%22&thin=False
  response:
    body:
      string: !!python/unicode '{"total":2,"subtotal":1,"page":1,"per_page":"4294967296","error":null,"search":"name=\"Test
        Content View\"","sort":{"by":"name","order":"asc"},"results":[{"composite":false,"component_ids":[],"default":false,"force_puppet_environment":false,"version_count":0,"latest_version":null,"auto_publish":false,"solve_dependencies":false,"repository_ids":[76],"id":27,"name":"Test
        Content View","label":"Test_Content_View","description":null,"organization_id":68,"organization":{"name":"Test
        Organization","label":"Test_Organization","id":68},"created_at":"2019-09-17
        08:16:56 UTC","updated_at":"2019-09-17 08:17:09 UTC","environments":[],"repositories":[{"id":76,"name":"Test
        Repository","label":"Test_Repository","content_type":"yum"}],"puppet_modules":[],"versions":[],"components":[],"content_view_components":[],"activation_keys":[],"next_version":"3.0","last_published":null,"permissions":{"view_content_views":true,"edit_content_views":true,"destroy_content_views":true,"publish_content_views":true,"promote_or_remove_content_views":true}}]}

'
    headers:
      cache-control:
      - max-age=0, private, must-revalidate
      connection:
      - Keep-Alive
      content-length:
      - '1040'
      content-security-policy:
      - 'default-src ''self''; child-src ''self''; connect-src ''self'' ws: wss:;
        img-src ''self'' data: *.gravatar.com; script-src ''unsafe-eval'' ''unsafe-inline''
        ''self''; style-src ''unsafe-inline'' ''self'''
      content-type:
      - application/json; charset=utf-8
      date:
      - Tue, 17 Sep 2019 08:18:54 GMT
      etag:
      - W/"32abfbec780e73aaffb1c46c4e1b5ad9-gzip"
      foreman_api_version:
      - '2'
      foreman_version:
      - 1.22.0
      keep-alive:
      - timeout=5, max=9998
      server:
      - Apache
      status:
      - 200 OK
      strict-transport-security:
      - max-age=631139040; includeSubdomains
      vary:
      - Accept-Encoding
      x-content-type-options:
      - nosniff
      x-download-options:
      - noopen
      x-frame-options:
      - sameorigin
      x-permitted-cross-domain-policies:
      - none
      x-powered-by:
      - Phusion Passenger 4.0.53
      x-request-id:
      - 6de48a58-11af-4667-92a2-272605acf911
      x-runtime:
      - '0.029779'
      x-xss-protection:
      - 1; mode=block
    status:
      code: 200
      message: OK
- request:
    body: null
    headers:
      Accept:
      - application/json;version=2
      Accept-Encoding:
      - gzip, deflate
      Connection:
      - keep-alive
      Cookie:
      - _session_id=39abb521313d245cca8dca62abb6fd2a
      User-Agent:
      - apypie (https://github.com/Apipie/apypie)
    method: GET
    uri: https://foreman.example.com/katello/api/content_views/27?organization_id=68
  response:
    body:
      string: !!python/unicode '  {"content_host_count":0,"composite":false,"component_ids":[],"default":false,"force_puppet_environment":false,"version_count":0,"latest_version":null,"auto_publish":false,"solve_dependencies":false,"repository_ids":[76],"id":27,"name":"Test
        Content View","label":"Test_Content_View","description":null,"organization_id":68,"organization":{"name":"Test
        Organization","label":"Test_Organization","id":68},"created_at":"2019-09-17
        08:16:56 UTC","updated_at":"2019-09-17 08:17:09 UTC","environments":[],"repositories":[{"id":76,"name":"Test
        Repository","label":"Test_Repository","content_type":"yum"}],"puppet_modules":[],"versions":[],"components":[],"content_view_components":[],"activation_keys":[],"next_version":"3.0","last_published":null,"permissions":{"view_content_views":true,"edit_content_views":true,"destroy_content_views":true,"publish_content_views":true,"promote_or_remove_content_views":true},"duplicate_repositories_to_publish":[]}

'
    headers:
      cache-control:
      - max-age=0, private, must-revalidate
      connection:
      - Keep-Alive
      content-length:
      - '948'
      content-security-policy:
      - 'default-src ''self''; child-src ''self''; connect-src ''self'' ws: wss:;
        img-src ''self'' data: *.gravatar.com; script-src ''unsafe-eval'' ''unsafe-inline''
        ''self''; style-src ''unsafe-inline'' ''self'''
      content-type:
      - application/json; charset=utf-8
      date:
      - Tue, 17 Sep 2019 08:18:54 GMT
      etag:
      - W/"47c152042edcfae0dfbc0d69813ec912-gzip"
      foreman_api_version:
      - '2'
      foreman_version:
      - 1.22.0
      keep-alive:
      - timeout=5, max=9997
      server:
      - Apache
      status:
      - 200 OK
      strict-transport-security:
      - max-age=631139040; includeSubdomains
      vary:
      - Accept-Encoding
      x-content-type-options:
      - nosniff
      x-download-options:
      - noopen
      x-frame-options:
      - sameorigin
      x-permitted-cross-domain-policies:
      - none
      x-powered-by:
      - Phusion Passenger 4.0.53
      x-request-id:
      - f95324a5-6e19-4654-a627-79efe2f158d9
      x-runtime:
      - '0.029619'
      x-xss-protection:
      - 1; mode=block
    status:
      code: 200
      message: OK
- request:
    body: null
    headers:
      Accept:
      - application/json;version=2
      Accept-Encoding:
      - gzip, deflate
      Connection:
      - keep-alive
      Cookie:
      - _session_id=39abb521313d245cca8dca62abb6fd2a
      User-Agent:
      - apypie (https://github.com/Apipie/apypie)
    method: GET
    uri: https://foreman.example.com/katello/api/content_view_versions?per_page=4294967296&search=content_view_id%3D27%2Cversion%3D1.0&thin=False
  response:
    body:
      string: !!python/unicode '{"total":2,"subtotal":0,"page":1,"per_page":"4294967296","error":null,"search":"content_view_id=27,version=1.0","sort":{"by":"version","order":"desc"},"results":[]}

'
    headers:
      cache-control:
      - max-age=0, private, must-revalidate
      connection:
      - Keep-Alive
      content-length:
      - '165'
      content-security-policy:
      - 'default-src ''self''; child-src ''self''; connect-src ''self'' ws: wss:;
        img-src ''self'' data: *.gravatar.com; script-src ''unsafe-eval'' ''unsafe-inline''
        ''self''; style-src ''unsafe-inline'' ''self'''
      content-type:
      - application/json; charset=utf-8
      date:
      - Tue, 17 Sep 2019 08:18:54 GMT
      etag:
      - W/"b5425ceca69ef90ae7386d895723d307-gzip"
      foreman_api_version:
      - '2'
      foreman_version:
      - 1.22.0
      keep-alive:
      - timeout=5, max=9996
      server:
      - Apache
      status:
      - 200 OK
      strict-transport-security:
      - max-age=631139040; includeSubdomains
      vary:
      - Accept-Encoding
      x-content-type-options:
      - nosniff
      x-download-options:
      - noopen
      x-frame-options:
      - sameorigin
      x-permitted-cross-domain-policies:
      - none
      x-powered-by:
      - Phusion Passenger 4.0.53
      x-request-id:
      - 67341b6a-b7ef-434b-b14e-6178f65ce25e
      x-runtime:
      - '0.016856'
      x-xss-protection:
      - 1; mode=block
    status:
      code: 200
      message: OK
- request:
    body: !!python/unicode '{"major": 1, "minor": 0}'
    headers:
      Accept:
      - application/json;version=2
      Accept-Encoding:
      - gzip, deflate
      Connection:
      - keep-alive
      Content-Length:
      - '24'
      Content-Type:
      - application/json
      Cookie:
      - _session_id=39abb521313d245cca8dca62abb6fd2a
      User-Agent:
      - apypie (https://github.com/Apipie/apypie)
    method: POST
    uri: https://foreman.example.com/katello/api/content_views/27/publish
  response:
    body:
      string: !!python/unicode '  {"id":"3d332755-e5cf-4bd1-a97e-3f2bead9fe30","label":"Actions::Katello::ContentView::Publish","pending":true,"action":"Publish
        content view ''Test Content View''; organization ''Test Organization''","username":"admin","started_at":"2019-09-17
        08:18:54 UTC","ended_at":null,"state":"planned","result":"pending","progress":0.0,"input":{"content_view":{"id":27,"name":"Test
        Content View","label":"Test_Content_View"},"organization":{"id":68,"name":"Test
        Organization","label":"Test_Organization"},"services_checked":["candlepin","candlepin_auth","pulp","pulp_auth"],"history_id":75,"content_view_id":27,"content_view_version_id":34,"environment_id":22,"user_id":4,"current_request_id":null,"current_timezone":"UTC","current_user_id":4,"current_organization_id":null,"current_location_id":null},"output":{},"humanized":{"action":"Publish","input":[["content_view",{"text":"content
        view ''Test Content View''","link":"/content_views/27/versions"}],["organization",{"text":"organization
        ''Test Organization''","link":"/organizations/68/edit"}]],"output":"","errors":[]},"cli_example":null}

'
    headers:
      cache-control:
      - no-cache
      connection:
      - Keep-Alive
      content-security-policy:
      - 'default-src ''self''; child-src ''self''; connect-src ''self'' ws: wss:;
        img-src ''self'' data: *.gravatar.com; script-src ''unsafe-eval'' ''unsafe-inline''
        ''self''; style-src ''unsafe-inline'' ''self'''
      content-type:
      - application/json; charset=utf-8
      date:
      - Tue, 17 Sep 2019 08:18:54 GMT
      foreman_api_version:
      - '2'
      foreman_version:
      - 1.22.0
      keep-alive:
      - timeout=5, max=9995
      server:
      - Apache
      set-cookie:
      - request_method=POST; path=/; secure; HttpOnly; SameSite=Lax
      status:
      - 202 Accepted
      strict-transport-security:
      - max-age=631139040; includeSubdomains
      transfer-encoding:
      - chunked
      x-content-type-options:
      - nosniff
      x-download-options:
      - noopen
      x-frame-options:
      - sameorigin
      x-permitted-cross-domain-policies:
      - none
      x-powered-by:
      - Phusion Passenger 4.0.53
      x-request-id:
      - 796d5cb7-cd41-4f1c-a5aa-79a916fb6851
      x-runtime:
      - '0.870413'
      x-xss-protection:
      - 1; mode=block
    status:
      code: 202
      message: Accepted
- request:
    body: null
    headers:
      Accept:
      - application/json;version=2
      Accept-Encoding:
      - gzip, deflate
      Connection:
      - keep-alive
      Cookie:
      - request_method=POST; _session_id=39abb521313d245cca8dca62abb6fd2a
      User-Agent:
      - apypie (https://github.com/Apipie/apypie)
    method: GET
    uri: https://foreman.example.com/foreman_tasks/api/tasks/3d332755-e5cf-4bd1-a97e-3f2bead9fe30
  response:
    body:
      string: !!python/unicode '{"id":"3d332755-e5cf-4bd1-a97e-3f2bead9fe30","label":"Actions::Katello::ContentView::Publish","pending":true,"action":"Publish
        content view ''Test Content View''; organization ''Test Organization''","username":"admin","started_at":"2019-09-17
        08:18:54 UTC","ended_at":null,"state":"running","result":"pending","progress":0.4,"input":{"content_view":{"id":27,"name":"Test
        Content View","label":"Test_Content_View"},"organization":{"id":68,"name":"Test
        Organization","label":"Test_Organization"},"services_checked":["candlepin","candlepin_auth","pulp","pulp_auth"],"history_id":75,"content_view_id":27,"content_view_version_id":34,"environment_id":22,"user_id":4,"current_request_id":null,"current_timezone":"UTC","current_user_id":4,"current_organization_id":null,"current_location_id":null},"output":{},"humanized":{"action":"Publish","input":[["content_view",{"text":"content
        view ''Test Content View''","link":"/content_views/27/versions"}],["organization",{"text":"organization
        ''Test Organization''","link":"/organizations/68/edit"}]],"output":"","errors":[]},"cli_example":null}'
    headers:
      cache-control:
      - max-age=0, private, must-revalidate
      connection:
      - Keep-Alive
      content-length:
      - '1075'
      content-security-policy:
      - 'default-src ''self''; child-src ''self''; connect-src ''self'' ws: wss:;
        img-src ''self'' data: *.gravatar.com; script-src ''unsafe-eval'' ''unsafe-inline''
        ''self''; style-src ''unsafe-inline'' ''self'''
      content-type:
      - application/json; charset=utf-8
      date:
      - Tue, 17 Sep 2019 08:18:59 GMT
      etag:
      - W/"7963741d4af5d2978231cf1bd658bb1a-gzip"
      foreman_api_version:
      - '2'
      foreman_version:
      - 1.22.0
      keep-alive:
      - timeout=5, max=9994
      server:
      - Apache
      set-cookie:
      - request_method=; path=/; max-age=0; expires=Thu, 01 Jan 1970 00:00:00 -0000;
        secure; HttpOnly; SameSite=Lax
      status:
      - 200 OK
      strict-transport-security:
      - max-age=631139040; includeSubdomains
      vary:
      - Accept-Encoding
      x-content-type-options:
      - nosniff
      x-download-options:
      - noopen
      x-frame-options:
      - sameorigin
      x-permitted-cross-domain-policies:
      - none
      x-powered-by:
      - Phusion Passenger 4.0.53
      x-request-id:
      - b5b9e0b7-2768-4a64-ad9c-a317b7e86dce
      x-runtime:
      - '0.050412'
      x-xss-protection:
      - 1; mode=block
    status:
      code: 200
      message: OK
- request:
    body: null
    headers:
      Accept:
      - application/json;version=2
      Accept-Encoding:
      - gzip, deflate
      Connection:
      - keep-alive
      Cookie:
      - _session_id=39abb521313d245cca8dca62abb6fd2a
      User-Agent:
      - apypie (https://github.com/Apipie/apypie)
    method: GET
    uri: https://foreman.example.com/foreman_tasks/api/tasks/3d332755-e5cf-4bd1-a97e-3f2bead9fe30
  response:
    body:
      string: !!python/unicode '{"id":"3d332755-e5cf-4bd1-a97e-3f2bead9fe30","label":"Actions::Katello::ContentView::Publish","pending":false,"action":"Publish
        content view ''Test Content View''; organization ''Test Organization''","username":"admin","started_at":"2019-09-17
        08:18:54 UTC","ended_at":"2019-09-17 08:19:01 UTC","state":"stopped","result":"success","progress":1.0,"input":{"content_view":{"id":27,"name":"Test
        Content View","label":"Test_Content_View"},"organization":{"id":68,"name":"Test
        Organization","label":"Test_Organization"},"services_checked":["candlepin","candlepin_auth","pulp","pulp_auth"],"history_id":75,"content_view_id":27,"content_view_version_id":34,"environment_id":22,"user_id":4,"current_request_id":null,"current_timezone":"UTC","current_user_id":4,"current_organization_id":null,"current_location_id":null},"output":{"content_view_id":27,"content_view_version_id":34,"composite_version_auto_published":[],"composite_view_publish_failed":[],"composite_auto_publish_task_id":[]},"humanized":{"action":"Publish","input":[["content_view",{"text":"content
        view ''Test Content View''","link":"/content_views/27/versions"}],["organization",{"text":"organization
        ''Test Organization''","link":"/organizations/68/edit"}]],"output":"","errors":[]},"cli_example":null}'
    headers:
      cache-control:
      - max-age=0, private, must-revalidate
      connection:
      - Keep-Alive
      content-length:
      - '1255'
      content-security-policy:
      - 'default-src ''self''; child-src ''self''; connect-src ''self'' ws: wss:;
        img-src ''self'' data: *.gravatar.com; script-src ''unsafe-eval'' ''unsafe-inline''
        ''self''; style-src ''unsafe-inline'' ''self'''
      content-type:
      - application/json; charset=utf-8
      date:
      - Tue, 17 Sep 2019 08:19:03 GMT
      etag:
      - W/"06974e216d08496648be303347d1fc98-gzip"
      foreman_api_version:
      - '2'
      foreman_version:
      - 1.22.0
      keep-alive:
      - timeout=5, max=9993
      server:
      - Apache
      status:
      - 200 OK
      strict-transport-security:
      - max-age=631139040; includeSubdomains
      vary:
      - Accept-Encoding
      x-content-type-options:
      - nosniff
      x-download-options:
      - noopen
      x-frame-options:
      - sameorigin
      x-permitted-cross-domain-policies:
      - none
      x-powered-by:
      - Phusion Passenger 4.0.53
      x-request-id:
      - 50ecefa6-a861-4fb9-a150-af7b237d8dc7
      x-runtime:
      - '0.054698'
      x-xss-protection:
      - 1; mode=block
    status:
      code: 200
      message: OK
- request:
    body: null
    headers:
      Accept:
      - application/json;version=2
      Accept-Encoding:
      - gzip, deflate
      Connection:
      - keep-alive
      Cookie:
      - _session_id=39abb521313d245cca8dca62abb6fd2a
      User-Agent:
      - apypie (https://github.com/Apipie/apypie)
    method: GET
    uri: https://foreman.example.com/katello/api/content_view_versions/34
  response:
    body:
      string: !!python/unicode '  {"version":"1.0","major":1,"minor":0,"composite_content_view_ids":[],"published_in_composite_content_view_ids":[],"content_view_id":27,"default":false,"description":null,"package_count":0,"module_stream_count":0,"srpm_count":0,"file_count":0,"package_group_count":0,"puppet_module_count":0,"docker_manifest_count":0,"docker_manifest_list_count":0,"docker_tag_count":0,"ostree_branch_count":0,"deb_count":0,"id":34,"name":"Test
        Content View 1.0","created_at":"2019-09-17 08:18:54 UTC","updated_at":"2019-09-17
        08:18:54 UTC","content_view":{"id":27,"name":"Test Content View","label":"Test_Content_View"},"composite_content_views":[],"composite_content_view_versions":[],"published_in_composite_content_views":[],"environments":[{"id":22,"name":"Library","label":"Library","puppet_environment_id":null,"permissions":{"readable":true,"promotable_or_removable":true,"all_hosts_editable":true,"all_keys_editable":true},"host_count":0,"activation_key_count":0}],"repositories":[{"id":81,"name":"Test
        Repository","label":"Test_Repository","content_type":"yum","library_instance_id":76}],"last_event":{"user":"admin","status":"successful","description":null,"action":"publish","created_at":"2019-09-17
        08:18:54 UTC","updated_at":"2019-09-17 08:19:01 UTC","environment":null,"task":{"id":"3d332755-e5cf-4bd1-a97e-3f2bead9fe30","label":"Actions::Katello::ContentView::Publish","pending":false,"action":"Publish
        content view ''Test Content View''; organization ''Test Organization''","username":"admin","started_at":"2019-09-17
        08:18:54 UTC","ended_at":"2019-09-17 08:19:01 UTC","state":"stopped","result":"success","progress":1.0,"input":{"content_view":{"id":27,"name":"Test
        Content View","label":"Test_Content_View"},"organization":{"id":68,"name":"Test
        Organization","label":"Test_Organization"},"services_checked":["candlepin","candlepin_auth","pulp","pulp_auth"],"history_id":75,"content_view_id":27,"content_view_version_id":34,"environment_id":22,"user_id":4,"current_request_id":null,"current_timezone":"UTC","current_user_id":4,"current_organization_id":null,"current_location_id":null},"output":{"content_view_id":27,"content_view_version_id":34,"composite_version_auto_published":[],"composite_view_publish_failed":[],"composite_auto_publish_task_id":[]},"humanized":{"action":"Publish","input":[["content_view",{"text":"content
        view ''Test Content View''","link":"/content_views/27/versions"}],["organization",{"text":"organization
        ''Test Organization''","link":"/organizations/68/edit"}]],"output":"","errors":[]},"cli_example":null},"version":"1.0","publish":true,"version_id":34,"triggered_by":null,"triggered_by_id":null},"active_history":[],"errata_counts":{"security":null,"bugfix":0,"enhancement":0,"total":null},"permissions":{"deletable":true},"puppet_modules":[]}

'
    headers:
      cache-control:
      - max-age=0, private, must-revalidate
      connection:
      - Keep-Alive
      content-length:
      - '2770'
      content-security-policy:
      - 'default-src ''self''; child-src ''self''; connect-src ''self'' ws: wss:;
        img-src ''self'' data: *.gravatar.com; script-src ''unsafe-eval'' ''unsafe-inline''
        ''self''; style-src ''unsafe-inline'' ''self'''
      content-type:
      - application/json; charset=utf-8
      date:
      - Tue, 17 Sep 2019 08:19:03 GMT
      etag:
      - W/"6cbc7dbb21590cf79bdde4f68525a15a-gzip"
      foreman_api_version:
      - '2'
      foreman_version:
      - 1.22.0
      keep-alive:
      - timeout=5, max=9992
      server:
      - Apache
      status:
      - 200 OK
      strict-transport-security:
      - max-age=631139040; includeSubdomains
      vary:
      - Accept-Encoding
      x-content-type-options:
      - nosniff
      x-download-options:
      - noopen
      x-frame-options:
      - sameorigin
      x-permitted-cross-domain-policies:
      - none
      x-powered-by:
      - Phusion Passenger 4.0.53
      x-request-id:
      - 1aeb19aa-146b-4d8d-baa8-a86f3fcdf837
      x-runtime:
      - '0.072236'
      x-xss-protection:
      - 1; mode=block
    status:
      code: 200
      message: OK
- request:
    body: null
    headers:
      Accept:
      - application/json;version=2
      Accept-Encoding:
      - gzip, deflate
      Connection:
      - keep-alive
      Cookie:
      - _session_id=39abb521313d245cca8dca62abb6fd2a
      User-Agent:
      - apypie (https://github.com/Apipie/apypie)
    method: GET
    uri: https://foreman.example.com/katello/api/organizations/68/environments?per_page=4294967296&search=name%3D%22Library%22&id=27&thin=False
  response:
    body:
      string: !!python/unicode '{"total":4,"subtotal":1,"page":1,"per_page":"4294967296","error":null,"search":"name=\"Library\"","sort":{"by":"name","order":"asc"},"results":[{"library":true,"registry_name_pattern":null,"registry_unauthenticated_pull":false,"id":22,"name":"Library","label":"Library","description":null,"organization_id":68,"organization":{"name":"Test
        Organization","label":"Test_Organization","id":68},"created_at":"2019-09-17
        08:16:47 UTC","updated_at":"2019-09-17 08:16:47 UTC","prior":null,"successor":null,"counts":{"content_hosts":0,"content_views":1,"packages":0,"puppet_modules":0,"module_streams":0,"errata":{"security":null,"bugfix":0,"enhancement":0,"total":null},"yum_repositories":1,"docker_repositories":0,"ostree_repositories":0,"products":1},"permissions":{"create_lifecycle_environments":true,"view_lifecycle_environments":true,"edit_lifecycle_environments":true,"destroy_lifecycle_environments":false,"promote_or_remove_content_views_to_environments":true}}]}

'
    headers:
      cache-control:
      - max-age=0, private, must-revalidate
      connection:
      - Keep-Alive
      content-length:
      - '965'
      content-security-policy:
      - 'default-src ''self''; child-src ''self''; connect-src ''self'' ws: wss:;
        img-src ''self'' data: *.gravatar.com; script-src ''unsafe-eval'' ''unsafe-inline''
        ''self''; style-src ''unsafe-inline'' ''self'''
      content-type:
      - application/json; charset=utf-8
      date:
      - Tue, 17 Sep 2019 08:19:03 GMT
      etag:
      - W/"874fa615168fad898d17957ad19210bf-gzip"
      foreman_api_version:
      - '2'
      foreman_version:
      - 1.22.0
      keep-alive:
      - timeout=5, max=9991
      server:
      - Apache
      status:
      - 200 OK
      strict-transport-security:
      - max-age=631139040; includeSubdomains
      vary:
      - Accept-Encoding
      x-content-type-options:
      - nosniff
      x-download-options:
      - noopen
      x-frame-options:
      - sameorigin
      x-permitted-cross-domain-policies:
      - none
      x-powered-by:
      - Phusion Passenger 4.0.53
      x-request-id:
      - 08bb135b-9a87-4904-b15a-96d439d4f9db
      x-runtime:
      - '0.045242'
      x-xss-protection:
      - 1; mode=block
    status:
      code: 200
      message: OK
- request:
    body: null
    headers:
      Accept:
      - application/json;version=2
      Accept-Encoding:
      - gzip, deflate
      Connection:
      - keep-alive
      Cookie:
      - _session_id=39abb521313d245cca8dca62abb6fd2a
      User-Agent:
      - apypie (https://github.com/Apipie/apypie)
    method: GET
    uri: https://foreman.example.com/katello/api/environments/22?organization_id=68
  response:
    body:
      string: !!python/unicode '  {"library":true,"registry_name_pattern":null,"registry_unauthenticated_pull":false,"id":22,"name":"Library","label":"Library","description":null,"organization_id":68,"organization":{"name":"Test
        Organization","label":"Test_Organization","id":68},"created_at":"2019-09-17
        08:16:47 UTC","updated_at":"2019-09-17 08:16:47 UTC","prior":null,"successor":null,"counts":{"content_hosts":0,"content_views":1,"packages":0,"puppet_modules":0,"module_streams":0,"errata":{"security":null,"bugfix":0,"enhancement":0,"total":null},"yum_repositories":1,"docker_repositories":0,"ostree_repositories":0,"products":1},"permissions":{"create_lifecycle_environments":true,"view_lifecycle_environments":true,"edit_lifecycle_environments":true,"destroy_lifecycle_environments":false,"promote_or_remove_content_views_to_environments":true}}

'
    headers:
      cache-control:
      - max-age=0, private, must-revalidate
      connection:
      - Keep-Alive
      content-length:
      - '821'
      content-security-policy:
      - 'default-src ''self''; child-src ''self''; connect-src ''self'' ws: wss:;
        img-src ''self'' data: *.gravatar.com; script-src ''unsafe-eval'' ''unsafe-inline''
        ''self''; style-src ''unsafe-inline'' ''self'''
      content-type:
      - application/json; charset=utf-8
      date:
      - Tue, 17 Sep 2019 08:19:03 GMT
      etag:
      - W/"1591dd0cc3082a8da803b02841607e8a-gzip"
      foreman_api_version:
      - '2'
      foreman_version:
      - 1.22.0
      keep-alive:
      - timeout=5, max=9990
      server:
      - Apache
      status:
      - 200 OK
      strict-transport-security:
      - max-age=631139040; includeSubdomains
      vary:
      - Accept-Encoding
      x-content-type-options:
      - nosniff
      x-download-options:
      - noopen
      x-frame-options:
      - sameorigin
      x-permitted-cross-domain-policies:
      - none
      x-powered-by:
      - Phusion Passenger 4.0.53
      x-request-id:
      - c8b3985a-516d-45b5-b121-05f5c37244ce
      x-runtime:
      - '0.045731'
      x-xss-protection:
      - 1; mode=block
    status:
      code: 200
      message: OK
version: 1
