interactions:
- request:
    body: null
    headers:
      Accept:
      - application/json;version=2
      Accept-Encoding:
      - gzip, deflate
      Connection:
      - keep-alive
      User-Agent:
      - apypie (https://github.com/Apipie/apypie)
    method: GET
    uri: https://foreman.example.com/api/status
  response:
    body:
      string: !!python/unicode '{"result":"ok","status":200,"version":"1.22.0","api_version":2}'
    headers:
      apipie-checksum:
      - 57b27c3a1eb004e5a0fe05ef2b2a8b0d9a6baae5
      cache-control:
      - max-age=0, private, must-revalidate
      connection:
      - Keep-Alive
      content-length:
      - '63'
      content-security-policy:
      - 'default-src ''self''; child-src ''self''; connect-src ''self'' ws: wss:;
        img-src ''self'' data: *.gravatar.com; script-src ''unsafe-eval'' ''unsafe-inline''
        ''self''; style-src ''unsafe-inline'' ''self'''
      content-type:
      - application/json; charset=utf-8
      date:
      - Tue, 17 Sep 2019 08:43:11 GMT
      etag:
      - W/"674e9dbc2140c688b559566b581c5c09"
      foreman_api_version:
      - '2'
      foreman_version:
      - 1.22.0
      keep-alive:
      - timeout=5, max=10000
      server:
      - Apache
      set-cookie:
      - _session_id=8398ee5140f3d2ceec23d8c30d932538; path=/; secure; HttpOnly; SameSite=Lax
      status:
      - 200 OK
      strict-transport-security:
      - max-age=631139040; includeSubdomains
      x-content-type-options:
      - nosniff
      x-download-options:
      - noopen
      x-frame-options:
      - sameorigin
      x-permitted-cross-domain-policies:
      - none
      x-powered-by:
      - Phusion Passenger 4.0.53
      x-request-id:
      - 347bc687-18e5-4e34-8024-d80e999e5f5a
      x-runtime:
      - '0.067796'
      x-xss-protection:
      - 1; mode=block
    status:
      code: 200
      message: OK
- request:
    body: null
    headers:
      Accept:
      - application/json;version=2
      Accept-Encoding:
      - gzip, deflate
      Connection:
      - keep-alive
      Cookie:
      - _session_id=8398ee5140f3d2ceec23d8c30d932538
      User-Agent:
      - apypie (https://github.com/Apipie/apypie)
    method: GET
    uri: https://foreman.example.com/katello/api/organizations?per_page=4294967296&search=name%3D%22Test+Organization%22&thin=True
  response:
    body:
      string: !!python/unicode "{\n  \"total\": 2,\n  \"subtotal\": 1,\n  \"page\":
        1,\n  \"per_page\": 4294967296,\n  \"search\": \"name=\\\"Test Organization\\\"\",\n
        \ \"sort\": {\n    \"by\": null,\n    \"order\": null\n  },\n  \"results\":
        [{\"label\":\"Test_Organization\",\"created_at\":\"2019-09-17 08:42:35 UTC\",\"updated_at\":\"2019-09-17
        08:42:35 UTC\",\"id\":69,\"name\":\"Test Organization\",\"title\":\"Test Organization\",\"description\":\"A
        test organization\"}]\n}\n"
    headers:
      apipie-checksum:
      - 57b27c3a1eb004e5a0fe05ef2b2a8b0d9a6baae5
      cache-control:
      - max-age=0, private, must-revalidate
      connection:
      - Keep-Alive
      content-length:
      - '389'
      content-security-policy:
      - 'default-src ''self''; child-src ''self''; connect-src ''self'' ws: wss:;
        img-src ''self'' data: *.gravatar.com; script-src ''unsafe-eval'' ''unsafe-inline''
        ''self''; style-src ''unsafe-inline'' ''self'''
      content-type:
      - application/json; charset=utf-8
      date:
      - Tue, 17 Sep 2019 08:43:11 GMT
      etag:
      - W/"3d19e989f1d0b5caac8c32f2cc033926-gzip"
      foreman_api_version:
      - '2'
      foreman_version:
      - 1.22.0
      keep-alive:
      - timeout=5, max=9999
      server:
      - Apache
      status:
      - 200 OK
      strict-transport-security:
      - max-age=631139040; includeSubdomains
      vary:
      - Accept-Encoding
      x-content-type-options:
      - nosniff
      x-download-options:
      - noopen
      x-frame-options:
      - sameorigin
      x-permitted-cross-domain-policies:
      - none
      x-powered-by:
      - Phusion Passenger 4.0.53
      x-request-id:
      - 1b37bcf1-1ae1-4c93-b947-d2d0dbc4d425
      x-runtime:
      - '0.033589'
      x-xss-protection:
      - 1; mode=block
    status:
      code: 200
      message: OK
- request:
    body: null
    headers:
      Accept:
      - application/json;version=2
      Accept-Encoding:
      - gzip, deflate
      Connection:
      - keep-alive
      Cookie:
      - _session_id=8398ee5140f3d2ceec23d8c30d932538
      User-Agent:
      - apypie (https://github.com/Apipie/apypie)
    method: GET
    uri: https://foreman.example.com/katello/api/organizations/69/content_views?per_page=4294967296&search=name%3D%22Test+Composite+Content+View%22&thin=False
  response:
    body:
      string: !!python/unicode '{"total":3,"subtotal":1,"page":1,"per_page":"4294967296","error":null,"search":"name=\"Test
        Composite Content View\"","sort":{"by":"name","order":"asc"},"results":[{"composite":true,"component_ids":[],"default":false,"force_puppet_environment":false,"version_count":0,"latest_version":null,"auto_publish":true,"solve_dependencies":false,"repository_ids":[],"id":31,"name":"Test
        Composite Content View","label":"Test_Composite_Content_View","description":null,"organization_id":69,"organization":{"name":"Test
        Organization","label":"Test_Organization","id":69},"created_at":"2019-09-17
        08:43:04 UTC","updated_at":"2019-09-17 08:43:06 UTC","environments":[],"repositories":[],"puppet_modules":[],"versions":[],"components":[],"content_view_components":[],"activation_keys":[],"next_version":"1.0","last_published":null,"permissions":{"view_content_views":true,"edit_content_views":true,"destroy_content_views":true,"publish_content_views":true,"promote_or_remove_content_views":true}}]}

'
    headers:
      apipie-checksum:
      - 57b27c3a1eb004e5a0fe05ef2b2a8b0d9a6baae5
      cache-control:
      - max-age=0, private, must-revalidate
      connection:
      - Keep-Alive
      content-length:
      - '985'
      content-security-policy:
      - 'default-src ''self''; child-src ''self''; connect-src ''self'' ws: wss:;
        img-src ''self'' data: *.gravatar.com; script-src ''unsafe-eval'' ''unsafe-inline''
        ''self''; style-src ''unsafe-inline'' ''self'''
      content-type:
      - application/json; charset=utf-8
      date:
      - Tue, 17 Sep 2019 08:43:11 GMT
      etag:
      - W/"e6ddc4a6897a58b029765ea92e6dbee9-gzip"
      foreman_api_version:
      - '2'
      foreman_version:
      - 1.22.0
      keep-alive:
      - timeout=5, max=9998
      server:
      - Apache
      status:
      - 200 OK
      strict-transport-security:
      - max-age=631139040; includeSubdomains
      vary:
      - Accept-Encoding
      x-content-type-options:
      - nosniff
      x-download-options:
      - noopen
      x-frame-options:
      - sameorigin
      x-permitted-cross-domain-policies:
      - none
      x-powered-by:
      - Phusion Passenger 4.0.53
      x-request-id:
      - 07488ef2-dce9-4751-ae36-028435139002
      x-runtime:
      - '0.039839'
      x-xss-protection:
      - 1; mode=block
    status:
      code: 200
      message: OK
- request:
    body: null
    headers:
      Accept:
      - application/json;version=2
      Accept-Encoding:
      - gzip, deflate
      Connection:
      - keep-alive
      Cookie:
      - _session_id=8398ee5140f3d2ceec23d8c30d932538
      User-Agent:
      - apypie (https://github.com/Apipie/apypie)
    method: GET
    uri: https://foreman.example.com/katello/api/content_views/31?organization_id=69
  response:
    body:
      string: !!python/unicode '  {"content_host_count":0,"composite":true,"component_ids":[],"default":false,"force_puppet_environment":false,"version_count":0,"latest_version":null,"auto_publish":true,"solve_dependencies":false,"repository_ids":[],"id":31,"name":"Test
        Composite Content View","label":"Test_Composite_Content_View","description":null,"organization_id":69,"organization":{"name":"Test
        Organization","label":"Test_Organization","id":69},"created_at":"2019-09-17
        08:43:04 UTC","updated_at":"2019-09-17 08:43:06 UTC","environments":[],"repositories":[],"puppet_modules":[],"versions":[],"components":[],"content_view_components":[],"activation_keys":[],"next_version":"1.0","last_published":null,"permissions":{"view_content_views":true,"edit_content_views":true,"destroy_content_views":true,"publish_content_views":true,"promote_or_remove_content_views":true},"duplicate_repositories_to_publish":[]}

'
    headers:
      apipie-checksum:
      - 57b27c3a1eb004e5a0fe05ef2b2a8b0d9a6baae5
      cache-control:
      - max-age=0, private, must-revalidate
      connection:
      - Keep-Alive
      content-length:
      - '883'
      content-security-policy:
      - 'default-src ''self''; child-src ''self''; connect-src ''self'' ws: wss:;
        img-src ''self'' data: *.gravatar.com; script-src ''unsafe-eval'' ''unsafe-inline''
        ''self''; style-src ''unsafe-inline'' ''self'''
      content-type:
      - application/json; charset=utf-8
      date:
      - Tue, 17 Sep 2019 08:43:11 GMT
      etag:
      - W/"8379a0f6674254bf5aa01035155893cd-gzip"
      foreman_api_version:
      - '2'
      foreman_version:
      - 1.22.0
      keep-alive:
      - timeout=5, max=9997
      server:
      - Apache
      status:
      - 200 OK
      strict-transport-security:
      - max-age=631139040; includeSubdomains
      vary:
      - Accept-Encoding
      x-content-type-options:
      - nosniff
      x-download-options:
      - noopen
      x-frame-options:
      - sameorigin
      x-permitted-cross-domain-policies:
      - none
      x-powered-by:
      - Phusion Passenger 4.0.53
      x-request-id:
      - c20a43b4-d9d6-4a25-8443-09acc9c082ab
      x-runtime:
      - '0.046029'
      x-xss-protection:
      - 1; mode=block
    status:
      code: 200
      message: OK
version: 1
