interactions:
- request:
    body: null
    headers:
      Accept:
      - application/json;version=2
      Accept-Encoding:
      - gzip, deflate
      Connection:
      - keep-alive
      User-Agent:
      - apypie (https://github.com/Apipie/apypie)
    method: GET
    uri: https://foreman.example.org/api/status
  response:
    body:
      string: '{"result":"ok","status":200,"version":"3.7.1","api_version":2}'
    headers:
      Cache-Control:
      - max-age=0, private, must-revalidate
      Connection:
      - Keep-Alive
      Content-Length:
      - '102'
      Content-Security-Policy:
      - 'default-src ''self''; child-src ''self''; connect-src ''self'' ws: wss:;
        img-src ''self'' data:; script-src ''unsafe-eval'' ''unsafe-inline'' ''self'';
        style-src ''unsafe-inline'' ''self'''
      Content-Type:
      - application/json; charset=utf-8
      Foreman_api_version:
      - '2'
      Foreman_current_location:
      - ; ANY
      Foreman_current_organization:
      - ; ANY
      Foreman_version:
      - 3.7.1
      Keep-Alive:
      - timeout=15, max=100
      Strict-Transport-Security:
      - max-age=631139040; includeSubdomains
      X-Content-Type-Options:
      - nosniff
      X-Download-Options:
      - noopen
      X-Frame-Options:
      - sameorigin
      X-Permitted-Cross-Domain-Policies:
      - none
      X-XSS-Protection:
      - 1; mode=block
    status:
      code: 200
      message: OK
- request:
    body: null
    headers:
      Accept:
      - application/json;version=2
      Accept-Encoding:
      - gzip, deflate
      Connection:
      - keep-alive
      User-Agent:
      - apypie (https://github.com/Apipie/apypie)
    method: GET
    uri: https://foreman.example.org/katello/api/organizations?search=name%3D%22Test+Organization%22&per_page=4294967296
  response:
    body:
      string: "{\n  \"total\": 2,\n  \"subtotal\": 1,\n  \"page\": 1,\n  \"per_page\":
        4294967296,\n  \"search\": \"name=\\\"Test Organization\\\"\",\n  \"sort\":
        {\n    \"by\": null,\n    \"order\": null\n  },\n  \"results\": [{\"label\":\"Test_Organization\",\"created_at\":\"2023-11-13
        09:23:21 UTC\",\"updated_at\":\"2023-11-13 09:23:23 UTC\",\"id\":4,\"name\":\"Test
        Organization\",\"title\":\"Test Organization\",\"description\":\"A test organization\"}]\n}\n"
    headers:
      Cache-Control:
      - max-age=0, private, must-revalidate
      Connection:
      - Keep-Alive
      Content-Length:
      - '388'
      Content-Security-Policy:
      - 'default-src ''self''; child-src ''self''; connect-src ''self'' ws: wss:;
        img-src ''self'' data:; script-src ''unsafe-eval'' ''unsafe-inline'' ''self'';
        style-src ''unsafe-inline'' ''self'''
      Content-Type:
      - application/json; charset=utf-8
      Foreman_api_version:
      - '2'
      Foreman_current_location:
      - ; ANY
      Foreman_current_organization:
      - ; ANY
      Foreman_version:
      - 3.7.1
      Keep-Alive:
      - timeout=15, max=99
      Strict-Transport-Security:
      - max-age=631139040; includeSubdomains
      X-Content-Type-Options:
      - nosniff
      X-Download-Options:
      - noopen
      X-Frame-Options:
      - sameorigin
      X-Permitted-Cross-Domain-Policies:
      - none
      X-XSS-Protection:
      - 1; mode=block
    status:
      code: 200
      message: OK
- request:
    body: null
    headers:
      Accept:
      - application/json;version=2
      Accept-Encoding:
      - gzip, deflate
      Connection:
      - keep-alive
      User-Agent:
      - apypie (https://github.com/Apipie/apypie)
    method: GET
    uri: https://foreman.example.org/katello/api/organizations/4/content_views?search=name%3D%22convert2rhel_centos8%22&per_page=4294967296
  response:
    body:
      string: '{"total":2,"subtotal":0,"selectable":0,"page":1,"per_page":"4294967296","error":null,"search":"name=\"convert2rhel_centos8\"","sort":{"by":"name","order":"asc"},"results":[]}

        '
    headers:
      Cache-Control:
      - max-age=0, private, must-revalidate
      Connection:
      - Keep-Alive
      Content-Length:
      - '175'
      Content-Security-Policy:
      - 'default-src ''self''; child-src ''self''; connect-src ''self'' ws: wss:;
        img-src ''self'' data:; script-src ''unsafe-eval'' ''unsafe-inline'' ''self'';
        style-src ''unsafe-inline'' ''self'''
      Content-Type:
      - application/json; charset=utf-8
      Foreman_api_version:
      - '2'
      Foreman_current_location:
      - ; ANY
      Foreman_current_organization:
      - 4; Test Organization
      Foreman_version:
      - 3.7.1
      Keep-Alive:
      - timeout=15, max=98
      Strict-Transport-Security:
      - max-age=631139040; includeSubdomains
      X-Content-Type-Options:
      - nosniff
      X-Download-Options:
      - noopen
      X-Frame-Options:
      - sameorigin
      X-Permitted-Cross-Domain-Policies:
      - none
      X-XSS-Protection:
      - 1; mode=block
    status:
      code: 200
      message: OK
- request:
    body: null
    headers:
      Accept:
      - application/json;version=2
      Accept-Encoding:
      - gzip, deflate
      Connection:
      - keep-alive
      User-Agent:
      - apypie (https://github.com/Apipie/apypie)
    method: GET
    uri: https://foreman.example.org/katello/api/organizations/4/products?search=name%3D%22Convert2RHEL8%22&per_page=4294967296
  response:
    body:
      string: '{"total":4,"subtotal":1,"selectable":1,"page":1,"per_page":"4294967296","error":null,"search":"name=\"Convert2RHEL8\"","sort":{"by":"name","order":"asc"},"results":[{"id":6,"cp_id":"139454427959","name":"Convert2RHEL8","label":"Convert2RHEL8","description":null,"provider_id":5,"sync_plan_id":null,"sync_summary":{"success":1},"gpg_key_id":null,"ssl_ca_cert_id":null,"ssl_client_cert_id":null,"ssl_client_key_id":null,"sync_state":"Syncing
        Complete.","last_sync":"2023-11-13 09:23:43 UTC","last_sync_words":"1 minute","organization_id":4,"organization":{"name":"Test
        Organization","label":"Test_Organization","id":4},"sync_plan":null,"repository_count":1}]}

        '
    headers:
      Cache-Control:
      - max-age=0, private, must-revalidate
      Connection:
      - Keep-Alive
      Content-Length:
      - '658'
      Content-Security-Policy:
      - 'default-src ''self''; child-src ''self''; connect-src ''self'' ws: wss:;
        img-src ''self'' data:; script-src ''unsafe-eval'' ''unsafe-inline'' ''self'';
        style-src ''unsafe-inline'' ''self'''
      Content-Type:
      - application/json; charset=utf-8
      Foreman_api_version:
      - '2'
      Foreman_current_location:
      - ; ANY
      Foreman_current_organization:
      - 4; Test Organization
      Foreman_version:
      - 3.7.1
      Keep-Alive:
      - timeout=15, max=97
      Strict-Transport-Security:
      - max-age=631139040; includeSubdomains
      X-Content-Type-Options:
      - nosniff
      X-Download-Options:
      - noopen
      X-Frame-Options:
      - sameorigin
      X-Permitted-Cross-Domain-Policies:
      - none
      X-XSS-Protection:
      - 1; mode=block
    status:
      code: 200
      message: OK
- request:
    body: null
    headers:
      Accept:
      - application/json;version=2
      Accept-Encoding:
      - gzip, deflate
      Connection:
      - keep-alive
      User-Agent:
      - apypie (https://github.com/Apipie/apypie)
    method: GET
    uri: https://foreman.example.org/katello/api/products/6/repositories?search=name%3D%22Convert2RHEL8+main%22&per_page=4294967296
  response:
    body:
      string: '{"total":1,"subtotal":1,"selectable":1,"page":1,"per_page":"4294967296","error":null,"search":"name=\"Convert2RHEL8
        main\"","sort":{"by":"name","order":"asc"},"results":[{"backend_identifier":"efcacfee-d580-4ee2-ba9d-6e814db96635","relative_path":"Test_Organization/Library/custom/Convert2RHEL8/Convert2RHEL8_main","container_repository_name":null,"full_path":"https://centos8-stream-katello-4-9.tanso.example.com/pulp/content/Test_Organization/Library/custom/Convert2RHEL8/Convert2RHEL8_main/","library_instance_id":null,"version_href":"/pulp/api/v3/repositories/rpm/rpm/cd1634f4-f76f-4748-90ca-4cda8c82524a/versions/1/","remote_href":"/pulp/api/v3/remotes/rpm/rpm/a2ec2855-7266-4aeb-b92a-59c3ff60617e/","publication_href":"/pulp/api/v3/publications/rpm/rpm/62737c27-3499-472b-a7df-c33e756e980d/","content_counts":{"rpm":12,"erratum":12,"package_group":0,"srpm":0,"module_stream":0},"mirroring_policy":"mirror_content_only","id":10,"name":"Convert2RHEL8
        main","label":"Convert2RHEL8_main","description":null,"content_view_versions":[],"filters":[],"last_sync":{"id":"a2bd6ed7-6d60-4e31-b32d-0c93503870b5","username":"admin","started_at":"2023-11-13
        09:23:43 UTC","ended_at":"2023-11-13 09:23:50 UTC","state":"stopped","result":"success","progress":1.0},"content_view":{"id":5,"name":"Default
        Organization View"},"content_view_version":{"id":5,"name":"Default Organization
        View 1.0","content_view_id":5},"kt_environment":{"id":3,"name":"Library"},"content_type":"yum","url":"https://cdn-public.redhat.com/content/public/addon/dist/convert2rhel8/8/x86_64/os/","arch":"noarch","os_versions":[],"content_id":"1699867408251","generic_remote_options":null,"major":null,"minor":null,"product":{"id":6,"cp_id":"139454427959","name":"Convert2RHEL8","orphaned":false,"redhat":false,"sync_plan":null},"content_label":"Test_Organization_Convert2RHEL8_Convert2RHEL8_main","last_sync_words":"1
        minute"}],"org_repository_count":6}

        '
    headers:
      Cache-Control:
      - max-age=0, private, must-revalidate
      Connection:
      - Keep-Alive
      Content-Length:
      - '1917'
      Content-Security-Policy:
      - 'default-src ''self''; child-src ''self''; connect-src ''self'' ws: wss:;
        img-src ''self'' data:; script-src ''unsafe-eval'' ''unsafe-inline'' ''self'';
        style-src ''unsafe-inline'' ''self'''
      Content-Type:
      - application/json; charset=utf-8
      Foreman_api_version:
      - '2'
      Foreman_current_location:
      - ; ANY
      Foreman_current_organization:
      - ; ANY
      Foreman_version:
      - 3.7.1
      Keep-Alive:
      - timeout=15, max=96
      Strict-Transport-Security:
      - max-age=631139040; includeSubdomains
      X-Content-Type-Options:
      - nosniff
      X-Download-Options:
      - noopen
      X-Frame-Options:
      - sameorigin
      X-Permitted-Cross-Domain-Policies:
      - none
      X-XSS-Protection:
      - 1; mode=block
    status:
      code: 200
      message: OK
- request:
    body: '{"name": "convert2rhel_centos8", "composite": false, "repository_ids":
      [10], "auto_publish": false}'
    headers:
      Accept:
      - application/json;version=2
      Accept-Encoding:
      - gzip, deflate
      Connection:
      - keep-alive
      Content-Length:
      - '99'
      Content-Type:
      - application/json
      User-Agent:
      - apypie (https://github.com/Apipie/apypie)
    method: POST
    uri: https://foreman.example.org/katello/api/organizations/4/content_views
  response:
    body:
      string: '  {"content_host_count":0,"composite":false,"component_ids":[],"default":false,"version_count":0,"latest_version":null,"latest_version_id":null,"auto_publish":false,"solve_dependencies":false,"import_only":false,"generated_for":"none","related_cv_count":0,"related_composite_cvs":[],"needs_publish":true,"filtered":false,"repository_ids":[10],"id":7,"name":"convert2rhel_centos8","label":"convert2rhel_centos8","description":null,"organization_id":4,"organization":{"name":"Test
        Organization","label":"Test_Organization","id":4},"created_at":"2023-11-13
        09:24:52 UTC","updated_at":"2023-11-13 09:24:52 UTC","last_task":null,"latest_version_environments":[],"repositories":[{"id":10,"name":"Convert2RHEL8
        main","label":"Convert2RHEL8_main","content_type":"yum"}],"versions":[],"components":[],"content_view_components":[],"activation_keys":[],"hosts":[],"next_version":"1.0","last_published":null,"environments":[],"duplicate_repositories_to_publish":[],"errors":null}

        '
    headers:
      Cache-Control:
      - max-age=0, private, must-revalidate
      Connection:
      - Keep-Alive
      Content-Length:
      - '968'
      Content-Security-Policy:
      - 'default-src ''self''; child-src ''self''; connect-src ''self'' ws: wss:;
        img-src ''self'' data:; script-src ''unsafe-eval'' ''unsafe-inline'' ''self'';
        style-src ''unsafe-inline'' ''self'''
      Content-Type:
      - application/json; charset=utf-8
      Foreman_api_version:
      - '2'
      Foreman_current_location:
      - ; ANY
      Foreman_current_organization:
      - 4; Test Organization
      Foreman_version:
      - 3.7.1
      Keep-Alive:
      - timeout=15, max=95
      Strict-Transport-Security:
      - max-age=631139040; includeSubdomains
      X-Content-Type-Options:
      - nosniff
      X-Download-Options:
      - noopen
      X-Frame-Options:
      - sameorigin
      X-Permitted-Cross-Domain-Policies:
      - none
      X-XSS-Protection:
      - 1; mode=block
    status:
      code: 201
      message: Created
version: 1
