interactions:
- request:
    body: null
    headers:
      Accept:
      - application/json;version=2
      Accept-Encoding:
      - gzip, deflate
      Connection:
      - keep-alive
      User-Agent:
      - apypie (https://github.com/Apipie/apypie)
    method: GET
    uri: https://foreman.example.org/api/status
  response:
    body:
      string: '{"result":"ok","status":200,"version":"2.0.0","api_version":2}'
    headers:
      Cache-Control:
      - max-age=0, private, must-revalidate
      Connection:
      - Keep-Alive
      Content-Length:
      - '62'
      Content-Security-Policy:
      - 'default-src ''self''; child-src ''self''; connect-src ''self'' ws: wss:;
        img-src ''self'' data:; script-src ''unsafe-eval'' ''unsafe-inline'' ''self'';
        style-src ''unsafe-inline'' ''self'''
      Content-Type:
      - application/json; charset=utf-8
      Date:
      - Tue, 05 May 2020 10:36:15 GMT
      ETag:
      - W/"5333a4f19fe57bf721efcb0df50d7c0c"
      Foreman_api_version:
      - '2'
      Foreman_current_location:
      - ; ANY
      Foreman_current_organization:
      - ; ANY
      Foreman_version:
      - 2.0.0
      Keep-Alive:
      - timeout=15, max=100
      Server:
      - Apache
      Set-Cookie:
      - _session_id=5b47c66c1fc55f094378e236ca089eae; path=/; secure; HttpOnly; SameSite=Lax
      Status:
      - 200 OK
      Strict-Transport-Security:
      - max-age=631139040; includeSubdomains
      X-Content-Type-Options:
      - nosniff
      X-Download-Options:
      - noopen
      X-Frame-Options:
      - sameorigin
      X-Permitted-Cross-Domain-Policies:
      - none
      X-Powered-By:
      - Phusion Passenger 4.0.53
      X-Request-Id:
      - 71e4d898-7733-4e39-9c33-997840bddb4c
      X-Runtime:
      - '0.083183'
      X-XSS-Protection:
      - 1; mode=block
    status:
      code: 200
      message: OK
- request:
    body: null
    headers:
      Accept:
      - application/json;version=2
      Accept-Encoding:
      - gzip, deflate
      Connection:
      - keep-alive
      Cookie:
      - _session_id=5b47c66c1fc55f094378e236ca089eae
      User-Agent:
      - apypie (https://github.com/Apipie/apypie)
    method: GET
    uri: https://foreman.example.org/api/domains?search=name%3D%22barbaz.example.com%22&per_page=4294967296
  response:
    body:
      string: "{\n  \"total\": 4,\n  \"subtotal\": 1,\n  \"page\": 1,\n  \"per_page\"\
        : 4294967296,\n  \"search\": \"name=\\\"barbaz.example.com\\\"\",\n  \"sort\"\
        : {\n    \"by\": null,\n    \"order\": null\n  },\n  \"results\": [{\"fullname\"\
        :null,\"created_at\":\"2020-05-05 10:36:13 UTC\",\"updated_at\":\"2020-05-05\
        \ 10:36:14 UTC\",\"id\":6,\"name\":\"barbaz.example.com\",\"dns_id\":null,\"\
        dns\":null}]\n}\n"
    headers:
      Cache-Control:
      - max-age=0, private, must-revalidate
      Connection:
      - Keep-Alive
      Content-Security-Policy:
      - 'default-src ''self''; child-src ''self''; connect-src ''self'' ws: wss:;
        img-src ''self'' data:; script-src ''unsafe-eval'' ''unsafe-inline'' ''self'';
        style-src ''unsafe-inline'' ''self'''
      Content-Type:
      - application/json; charset=utf-8
      Date:
      - Tue, 05 May 2020 10:36:15 GMT
      ETag:
      - W/"91a5c89cb0112ff8f712bbd05b0cc7ad-gzip"
      Foreman_api_version:
      - '2'
      Foreman_current_location:
      - ; ANY
      Foreman_current_organization:
      - ; ANY
      Foreman_version:
      - 2.0.0
      Keep-Alive:
      - timeout=15, max=99
      Server:
      - Apache
      Status:
      - 200 OK
      Strict-Transport-Security:
      - max-age=631139040; includeSubdomains
      Vary:
      - Accept-Encoding
      X-Content-Type-Options:
      - nosniff
      X-Download-Options:
      - noopen
      X-Frame-Options:
      - sameorigin
      X-Permitted-Cross-Domain-Policies:
      - none
      X-Powered-By:
      - Phusion Passenger 4.0.53
      X-Request-Id:
      - de9aca36-e1e0-4195-af73-21a8d4485273
      X-Runtime:
      - '0.021823'
      X-XSS-Protection:
      - 1; mode=block
      content-length:
      - '339'
    status:
      code: 200
      message: OK
- request:
    body: null
    headers:
      Accept:
      - application/json;version=2
      Accept-Encoding:
      - gzip, deflate
      Connection:
      - keep-alive
      Content-Length:
      - '0'
      Cookie:
      - _session_id=5b47c66c1fc55f094378e236ca089eae
      User-Agent:
      - apypie (https://github.com/Apipie/apypie)
    method: DELETE
    uri: https://foreman.example.org/api/domains/6
  response:
    body:
      string: '{"id":6,"name":"barbaz.example.com","fullname":null,"created_at":"2020-05-05T10:36:13.886Z","updated_at":"2020-05-05T10:36:14.613Z","dns_id":null}'
    headers:
      Cache-Control:
      - max-age=0, private, must-revalidate
      Connection:
      - Keep-Alive
      Content-Security-Policy:
      - 'default-src ''self''; child-src ''self''; connect-src ''self'' ws: wss:;
        img-src ''self'' data:; script-src ''unsafe-eval'' ''unsafe-inline'' ''self'';
        style-src ''unsafe-inline'' ''self'''
      Content-Type:
      - application/json; charset=utf-8
      Date:
      - Tue, 05 May 2020 10:36:15 GMT
      ETag:
      - W/"5d49b2110af70751e49da5c67ec7fe40-gzip"
      Foreman_api_version:
      - '2'
      Foreman_current_location:
      - ; ANY
      Foreman_current_organization:
      - ; ANY
      Foreman_version:
      - 2.0.0
      Keep-Alive:
      - timeout=15, max=98
      Server:
      - Apache
      Status:
      - 200 OK
      Strict-Transport-Security:
      - max-age=631139040; includeSubdomains
      Vary:
      - Accept-Encoding
      X-Content-Type-Options:
      - nosniff
      X-Download-Options:
      - noopen
      X-Frame-Options:
      - sameorigin
      X-Permitted-Cross-Domain-Policies:
      - none
      X-Powered-By:
      - Phusion Passenger 4.0.53
      X-Request-Id:
      - 0387220d-2227-4679-87ff-0808172a5328
      X-Runtime:
      - '0.041098'
      X-XSS-Protection:
      - 1; mode=block
      content-length:
      - '146'
    status:
      code: 200
      message: OK
version: 1
