interactions:
- request:
    body: null
    headers:
      Accept: [application/json;version=2]
    method: GET
    uri: https://foreman.example.com/api/status
  response:
    body: {string: !!python/unicode '{"result":"ok","status":200,"version":"1.22.1","api_version":2}'}
    headers:
      cache-control: ['max-age=0, private, must-revalidate']
      content-length: ['63']
      content-security-policy: ['default-src ''self''; child-src ''self''; connect-src
          ''self'' ws: wss:; img-src ''self'' data: *.gravatar.com; script-src ''unsafe-eval''
          ''unsafe-inline'' ''self''; style-src ''unsafe-inline'' ''self''']
      content-type: [application/json; charset=utf-8]
      date: ['Fri, 27 Sep 2019 15:26:23 GMT']
      etag: [W/"7462024e111aafa1fe0b7de16a6757f0"]
      foreman_api_version: ['2']
      foreman_version: [1.22.1]
      server: [Apache]
      set-cookie: [_session_id=c0dc5658912ec9e29019b67c2e8a73d5; path=/; secure; HttpOnly;
          SameSite=Lax]
      status: [200 OK]
      strict-transport-security: [max-age=631139040; includeSubdomains]
      x-content-type-options: [nosniff]
      x-download-options: [noopen]
      x-frame-options: [sameorigin]
      x-permitted-cross-domain-policies: [none]
      x-powered-by: [Phusion Passenger 4.0.53]
      x-request-id: [de9a3408-1e6e-4077-8286-2d6dd1ea6bde]
      x-runtime: ['0.026323']
      x-xss-protection: [1; mode=block]
    status: {code: 200, message: OK}
- request:
    body: null
    headers:
      Accept: [application/json;version=2]
      Cookie: [_session_id=c0dc5658912ec9e29019b67c2e8a73d5]
    method: GET
    uri: https://foreman.example.com/api/common_parameters?per_page=4294967296&search=name%3D%22TheAnswer%22
  response:
    body: {string: !!python/unicode "{\n  \"total\": 1,\n  \"subtotal\": 1,\n  \"page\":
        1,\n  \"per_page\": 4294967296,\n  \"search\": \"name=\\\"TheAnswer\\\"\",\n
        \ \"sort\": {\n    \"by\": null,\n    \"order\": null\n  },\n  \"results\":
        [{\"created_at\":\"2019-09-27 15:26:18 UTC\",\"updated_at\":\"2019-09-27 15:26:23
        UTC\",\"hidden_value?\":false,\"hidden_value\":\"*****\",\"id\":4,\"name\":\"TheAnswer\",\"parameter_type\":\"string\",\"value\":\"\"}]\n}\n"}
    headers:
      cache-control: ['max-age=0, private, must-revalidate']
      content-security-policy: ['default-src ''self''; child-src ''self''; connect-src
          ''self'' ws: wss:; img-src ''self'' data: *.gravatar.com; script-src ''unsafe-eval''
          ''unsafe-inline'' ''self''; style-src ''unsafe-inline'' ''self''']
      content-type: [application/json; charset=utf-8]
      date: ['Fri, 27 Sep 2019 15:26:23 GMT']
      etag: [W/"3913d02a4568ec9f14a768d5d9f12462"]
      foreman_api_version: ['2']
      foreman_version: [1.22.1]
      server: [Apache]
      status: [200 OK]
      strict-transport-security: [max-age=631139040; includeSubdomains]
      transfer-encoding: [chunked]
      vary: [Accept-Encoding]
      x-content-type-options: [nosniff]
      x-download-options: [noopen]
      x-frame-options: [sameorigin]
      x-permitted-cross-domain-policies: [none]
      x-powered-by: [Phusion Passenger 4.0.53]
      x-request-id: [5929c2a9-0580-40b5-907a-63e7378352f8]
      x-runtime: ['0.017627']
      x-xss-protection: [1; mode=block]
    status: {code: 200, message: OK}
- request:
    body: null
    headers:
      Accept: [application/json;version=2]
      Cookie: [_session_id=c0dc5658912ec9e29019b67c2e8a73d5]
    method: GET
    uri: https://foreman.example.com/api/common_parameters/4
  response:
    body: {string: !!python/unicode '{"created_at":"2019-09-27 15:26:18 UTC","updated_at":"2019-09-27
        15:26:23 UTC","hidden_value?":false,"hidden_value":"*****","id":4,"name":"TheAnswer","parameter_type":"string","value":""}'}
    headers:
      cache-control: ['max-age=0, private, must-revalidate']
      content-security-policy: ['default-src ''self''; child-src ''self''; connect-src
          ''self'' ws: wss:; img-src ''self'' data: *.gravatar.com; script-src ''unsafe-eval''
          ''unsafe-inline'' ''self''; style-src ''unsafe-inline'' ''self''']
      content-type: [application/json; charset=utf-8]
      date: ['Fri, 27 Sep 2019 15:26:23 GMT']
      etag: [W/"ebdb0a54c7eb27b679c25d1a08488d17"]
      foreman_api_version: ['2']
      foreman_version: [1.22.1]
      server: [Apache]
      status: [200 OK]
      strict-transport-security: [max-age=631139040; includeSubdomains]
      transfer-encoding: [chunked]
      vary: [Accept-Encoding]
      x-content-type-options: [nosniff]
      x-download-options: [noopen]
      x-frame-options: [sameorigin]
      x-permitted-cross-domain-policies: [none]
      x-powered-by: [Phusion Passenger 4.0.53]
      x-request-id: [e00da8a4-2875-4c5e-ba01-3051fd59a9e3]
      x-runtime: ['0.016013']
      x-xss-protection: [1; mode=block]
    status: {code: 200, message: OK}
version: 1
