interactions:
- request:
    body: null
    headers:
      Accept:
      - application/json;version=2
    method: GET
    uri: https://centos7-foreman-1-22/api/status
  response:
    body:
      string: '{"result":"ok","status":200,"version":"1.22.0","api_version":2}'
    headers:
      Apipie-Checksum:
      - d3e1ab676c84fc216ffc13da25fd35b92959027b
      Cache-Control:
      - max-age=0, private, must-revalidate
      Content-Length:
      - '63'
      Content-Security-Policy:
      - 'default-src ''self''; child-src ''self''; connect-src ''self'' ws: wss:;
        img-src ''self'' data: *.gravatar.com; script-src ''unsafe-eval'' ''unsafe-inline''
        ''self''; style-src ''unsafe-inline'' ''self'''
      Content-Type:
      - application/json; charset=utf-8
      Date:
      - Fri, 26 Jul 2019 10:23:51 GMT
      ETag:
      - W/"674e9dbc2140c688b559566b581c5c09"
      Foreman_api_version:
      - '2'
      Foreman_version:
      - 1.22.0
      Server:
      - Apache
      Set-Cookie:
      - _session_id=e567cf892746f0a76c8562cab47d6580; path=/; secure; HttpOnly; SameSite=Lax
      Status:
      - 200 OK
      Strict-Transport-Security:
      - max-age=631139040; includeSubdomains
      X-Content-Type-Options:
      - nosniff
      X-Download-Options:
      - noopen
      X-Frame-Options:
      - sameorigin
      X-Permitted-Cross-Domain-Policies:
      - none
      X-Powered-By:
      - Phusion Passenger 4.0.53
      X-Request-Id:
      - e3655179-2fac-44e1-b5d2-39b07b2873f1
      X-Runtime:
      - '0.043242'
      X-XSS-Protection:
      - 1; mode=block
    status:
      code: 200
      message: OK
- request:
    body: null
    headers:
      Accept:
      - application/json;version=2
      Cookie:
      - _session_id=e567cf892746f0a76c8562cab47d6580
    method: GET
    uri: https://centos7-foreman-1-22/api/common_parameters?thin=False&search=name%3D%22TheAnswer%22&per_page=4294967296
  response:
    body:
      string: "{\n  \"total\": 1,\n  \"subtotal\": 1,\n  \"page\": 1,\n  \"per_page\"\
        : 4294967296,\n  \"search\": \"name=\\\"TheAnswer\\\"\",\n  \"sort\": {\n\
        \    \"by\": null,\n    \"order\": null\n  },\n  \"results\": [{\"created_at\"\
        :\"2019-07-26 10:23:40 UTC\",\"updated_at\":\"2019-07-26 10:23:49 UTC\",\"\
        hidden_value?\":false,\"hidden_value\":\"*****\",\"id\":268,\"name\":\"TheAnswer\"\
        ,\"parameter_type\":\"array\",\"value\":[\"a\",2,true,0.001]}]\n}\n"
    headers:
      Apipie-Checksum:
      - d3e1ab676c84fc216ffc13da25fd35b92959027b
      Cache-Control:
      - max-age=0, private, must-revalidate
      Content-Security-Policy:
      - 'default-src ''self''; child-src ''self''; connect-src ''self'' ws: wss:;
        img-src ''self'' data: *.gravatar.com; script-src ''unsafe-eval'' ''unsafe-inline''
        ''self''; style-src ''unsafe-inline'' ''self'''
      Content-Type:
      - application/json; charset=utf-8
      Date:
      - Fri, 26 Jul 2019 10:23:51 GMT
      ETag:
      - W/"f6737dfebb2933f7cfd45e0eec8ed8f7"
      Foreman_api_version:
      - '2'
      Foreman_version:
      - 1.22.0
      Server:
      - Apache
      Status:
      - 200 OK
      Strict-Transport-Security:
      - max-age=631139040; includeSubdomains
      Transfer-Encoding:
      - chunked
      Vary:
      - Accept-Encoding
      X-Content-Type-Options:
      - nosniff
      X-Download-Options:
      - noopen
      X-Frame-Options:
      - sameorigin
      X-Permitted-Cross-Domain-Policies:
      - none
      X-Powered-By:
      - Phusion Passenger 4.0.53
      X-Request-Id:
      - dd0c8708-06a9-4ecf-8988-803814b2e280
      X-Runtime:
      - '0.025466'
      X-XSS-Protection:
      - 1; mode=block
    status:
      code: 200
      message: OK
- request:
    body: null
    headers:
      Accept:
      - application/json;version=2
      Cookie:
      - _session_id=e567cf892746f0a76c8562cab47d6580
    method: GET
    uri: https://centos7-foreman-1-22/api/common_parameters/268
  response:
    body:
      string: '{"created_at":"2019-07-26 10:23:40 UTC","updated_at":"2019-07-26 10:23:49
        UTC","hidden_value?":false,"hidden_value":"*****","id":268,"name":"TheAnswer","parameter_type":"array","value":["a",2,true,0.001]}'
    headers:
      Apipie-Checksum:
      - d3e1ab676c84fc216ffc13da25fd35b92959027b
      Cache-Control:
      - max-age=0, private, must-revalidate
      Content-Security-Policy:
      - 'default-src ''self''; child-src ''self''; connect-src ''self'' ws: wss:;
        img-src ''self'' data: *.gravatar.com; script-src ''unsafe-eval'' ''unsafe-inline''
        ''self''; style-src ''unsafe-inline'' ''self'''
      Content-Type:
      - application/json; charset=utf-8
      Date:
      - Fri, 26 Jul 2019 10:23:51 GMT
      ETag:
      - W/"57f7f9e48c3f3b2154fbee6fadf9bd23"
      Foreman_api_version:
      - '2'
      Foreman_version:
      - 1.22.0
      Server:
      - Apache
      Status:
      - 200 OK
      Strict-Transport-Security:
      - max-age=631139040; includeSubdomains
      Transfer-Encoding:
      - chunked
      Vary:
      - Accept-Encoding
      X-Content-Type-Options:
      - nosniff
      X-Download-Options:
      - noopen
      X-Frame-Options:
      - sameorigin
      X-Permitted-Cross-Domain-Policies:
      - none
      X-Powered-By:
      - Phusion Passenger 4.0.53
      X-Request-Id:
      - 6a5da2aa-3f37-4c21-b8ff-28ce4aff315b
      X-Runtime:
      - '0.017124'
      X-XSS-Protection:
      - 1; mode=block
    status:
      code: 200
      message: OK
- request:
    body: '{"common_parameter": {"value": "[\"alpha\", {\"beta\": [\"a\", 1]}]", "parameter_type":
      "yaml"}}'
    headers:
      Accept:
      - application/json;version=2
      Content-Length:
      - '96'
      Content-Type:
      - application/json
      Cookie:
      - _session_id=e567cf892746f0a76c8562cab47d6580
    method: PUT
    uri: https://centos7-foreman-1-22/api/common_parameters/268
  response:
    body:
      string: '{"created_at":"2019-07-26 10:23:40 UTC","updated_at":"2019-07-26 10:23:51
        UTC","hidden_value?":false,"hidden_value":"*****","id":268,"name":"TheAnswer","parameter_type":"yaml","value":["alpha",{"beta":["a",1]}]}'
    headers:
      Apipie-Checksum:
      - d3e1ab676c84fc216ffc13da25fd35b92959027b
      Cache-Control:
      - max-age=0, private, must-revalidate
      Content-Security-Policy:
      - 'default-src ''self''; child-src ''self''; connect-src ''self'' ws: wss:;
        img-src ''self'' data: *.gravatar.com; script-src ''unsafe-eval'' ''unsafe-inline''
        ''self''; style-src ''unsafe-inline'' ''self'''
      Content-Type:
      - application/json; charset=utf-8
      Date:
      - Fri, 26 Jul 2019 10:23:51 GMT
      ETag:
      - W/"3fb38ba1c85e00e9b070ea2fe4fcb9b6"
      Foreman_api_version:
      - '2'
      Foreman_version:
      - 1.22.0
      Server:
      - Apache
      Set-Cookie:
      - request_method=PUT; path=/; secure; HttpOnly; SameSite=Lax
      Status:
      - 200 OK
      Strict-Transport-Security:
      - max-age=631139040; includeSubdomains
      Transfer-Encoding:
      - chunked
      Vary:
      - Accept-Encoding
      X-Content-Type-Options:
      - nosniff
      X-Download-Options:
      - noopen
      X-Frame-Options:
      - sameorigin
      X-Permitted-Cross-Domain-Policies:
      - none
      X-Powered-By:
      - Phusion Passenger 4.0.53
      X-Request-Id:
      - 8d935599-a78b-4420-8a1b-e42d21787b58
      X-Runtime:
      - '0.037428'
      X-XSS-Protection:
      - 1; mode=block
    status:
      code: 200
      message: OK
version: 1
