interactions:
- request:
    body: null
    headers:
      Accept: [application/json;version=2]
    method: GET
    uri: https://centos7-foreman-1-22/api/status
  response:
    body: {string: !!python/unicode '{"result":"ok","status":200,"version":"1.22.0","api_version":2}'}
    headers:
      apipie-checksum: [d3e1ab676c84fc216ffc13da25fd35b92959027b]
      cache-control: ['max-age=0, private, must-revalidate']
      content-length: ['63']
      content-security-policy: ['default-src ''self''; child-src ''self''; connect-src
          ''self'' ws: wss:; img-src ''self'' data: *.gravatar.com; script-src ''unsafe-eval''
          ''unsafe-inline'' ''self''; style-src ''unsafe-inline'' ''self''']
      content-type: [application/json; charset=utf-8]
      date: ['Mon, 05 Aug 2019 15:22:00 GMT']
      etag: [W/"674e9dbc2140c688b559566b581c5c09"]
      foreman_api_version: ['2']
      foreman_version: [1.22.0]
      server: [Apache]
      set-cookie: [_session_id=27d24dd5185749788a391eb094673364; path=/; secure; HttpOnly;
          SameSite=Lax]
      status: [200 OK]
      strict-transport-security: [max-age=631139040; includeSubdomains]
      x-content-type-options: [nosniff]
      x-download-options: [noopen]
      x-frame-options: [sameorigin]
      x-permitted-cross-domain-policies: [none]
      x-powered-by: [Phusion Passenger 4.0.53]
      x-request-id: [d2ebd8e5-af0e-4f4a-8658-c2cd4a5a43e1]
      x-runtime: ['0.032555']
      x-xss-protection: [1; mode=block]
    status: {code: 200, message: OK}
- request:
    body: null
    headers:
      Accept: [application/json;version=2]
      Cookie: [_session_id=27d24dd5185749788a391eb094673364]
    method: GET
    uri: https://centos7-foreman-1-22/api/common_parameters?per_page=4294967296&search=name%3D%22TheAnswer%22&thin=False
  response:
    body: {string: !!python/unicode "{\n  \"total\": 1,\n  \"subtotal\": 1,\n  \"page\":
        1,\n  \"per_page\": 4294967296,\n  \"search\": \"name=\\\"TheAnswer\\\"\",\n
        \ \"sort\": {\n    \"by\": null,\n    \"order\": null\n  },\n  \"results\":
        [{\"created_at\":\"2019-08-05 15:21:53 UTC\",\"updated_at\":\"2019-08-05 15:22:00
        UTC\",\"hidden_value?\":false,\"hidden_value\":\"*****\",\"id\":1,\"name\":\"TheAnswer\",\"parameter_type\":\"string\",\"value\":\"'\"}]\n}\n"}
    headers:
      apipie-checksum: [d3e1ab676c84fc216ffc13da25fd35b92959027b]
      cache-control: ['max-age=0, private, must-revalidate']
      content-security-policy: ['default-src ''self''; child-src ''self''; connect-src
          ''self'' ws: wss:; img-src ''self'' data: *.gravatar.com; script-src ''unsafe-eval''
          ''unsafe-inline'' ''self''; style-src ''unsafe-inline'' ''self''']
      content-type: [application/json; charset=utf-8]
      date: ['Mon, 05 Aug 2019 15:22:00 GMT']
      etag: [W/"62b75dd4f718fa64e76b6779622cdf05"]
      foreman_api_version: ['2']
      foreman_version: [1.22.0]
      server: [Apache]
      status: [200 OK]
      strict-transport-security: [max-age=631139040; includeSubdomains]
      transfer-encoding: [chunked]
      vary: [Accept-Encoding]
      x-content-type-options: [nosniff]
      x-download-options: [noopen]
      x-frame-options: [sameorigin]
      x-permitted-cross-domain-policies: [none]
      x-powered-by: [Phusion Passenger 4.0.53]
      x-request-id: [0af36972-839d-4925-b23c-c287cef53c15]
      x-runtime: ['0.019436']
      x-xss-protection: [1; mode=block]
    status: {code: 200, message: OK}
- request:
    body: null
    headers:
      Accept: [application/json;version=2]
      Cookie: [_session_id=27d24dd5185749788a391eb094673364]
    method: GET
    uri: https://centos7-foreman-1-22/api/common_parameters/1
  response:
    body: {string: !!python/unicode '{"created_at":"2019-08-05 15:21:53 UTC","updated_at":"2019-08-05
        15:22:00 UTC","hidden_value?":false,"hidden_value":"*****","id":1,"name":"TheAnswer","parameter_type":"string","value":"''"}'}
    headers:
      apipie-checksum: [d3e1ab676c84fc216ffc13da25fd35b92959027b]
      cache-control: ['max-age=0, private, must-revalidate']
      content-security-policy: ['default-src ''self''; child-src ''self''; connect-src
          ''self'' ws: wss:; img-src ''self'' data: *.gravatar.com; script-src ''unsafe-eval''
          ''unsafe-inline'' ''self''; style-src ''unsafe-inline'' ''self''']
      content-type: [application/json; charset=utf-8]
      date: ['Mon, 05 Aug 2019 15:22:00 GMT']
      etag: [W/"a18d5c6e211e9f536f79775ee056d0d3"]
      foreman_api_version: ['2']
      foreman_version: [1.22.0]
      server: [Apache]
      status: [200 OK]
      strict-transport-security: [max-age=631139040; includeSubdomains]
      transfer-encoding: [chunked]
      vary: [Accept-Encoding]
      x-content-type-options: [nosniff]
      x-download-options: [noopen]
      x-frame-options: [sameorigin]
      x-permitted-cross-domain-policies: [none]
      x-powered-by: [Phusion Passenger 4.0.53]
      x-request-id: [ddb042cf-71aa-4aa9-9e30-fbe2efd41892]
      x-runtime: ['0.017166']
      x-xss-protection: [1; mode=block]
    status: {code: 200, message: OK}
version: 1
