interactions:
- request:
    body: null
    headers:
      Accept: [application/json;version=2]
    method: GET
    uri: https://centos7-foreman-1-22/api/status
  response:
    body: {string: !!python/unicode '{"result":"ok","status":200,"version":"1.22.0","api_version":2}'}
    headers:
      apipie-checksum: [d3e1ab676c84fc216ffc13da25fd35b92959027b]
      cache-control: ['max-age=0, private, must-revalidate']
      content-length: ['63']
      content-security-policy: ['default-src ''self''; child-src ''self''; connect-src
          ''self'' ws: wss:; img-src ''self'' data: *.gravatar.com; script-src ''unsafe-eval''
          ''unsafe-inline'' ''self''; style-src ''unsafe-inline'' ''self''']
      content-type: [application/json; charset=utf-8]
      date: ['Mon, 05 Aug 2019 15:22:07 GMT']
      etag: [W/"674e9dbc2140c688b559566b581c5c09"]
      foreman_api_version: ['2']
      foreman_version: [1.22.0]
      server: [Apache]
      set-cookie: [_session_id=e24bebca9b96315f105d8570c0842a1f; path=/; secure; HttpOnly;
          SameSite=Lax]
      status: [200 OK]
      strict-transport-security: [max-age=631139040; includeSubdomains]
      x-content-type-options: [nosniff]
      x-download-options: [noopen]
      x-frame-options: [sameorigin]
      x-permitted-cross-domain-policies: [none]
      x-powered-by: [Phusion Passenger 4.0.53]
      x-request-id: [ce253ea2-2021-4be4-97b7-b6e81e12c184]
      x-runtime: ['0.032403']
      x-xss-protection: [1; mode=block]
    status: {code: 200, message: OK}
- request:
    body: null
    headers:
      Accept: [application/json;version=2]
      Cookie: [_session_id=e24bebca9b96315f105d8570c0842a1f]
    method: GET
    uri: https://centos7-foreman-1-22/api/common_parameters?per_page=4294967296&search=name%3D%22TheAnswer%22&thin=False
  response:
    body: {string: !!python/unicode "{\n  \"total\": 0,\n  \"subtotal\": 0,\n  \"page\":
        1,\n  \"per_page\": 4294967296,\n  \"search\": \"name=\\\"TheAnswer\\\"\",\n
        \ \"sort\": {\n    \"by\": null,\n    \"order\": null\n  },\n  \"results\":
        []\n}\n"}
    headers:
      apipie-checksum: [d3e1ab676c84fc216ffc13da25fd35b92959027b]
      cache-control: ['max-age=0, private, must-revalidate']
      content-security-policy: ['default-src ''self''; child-src ''self''; connect-src
          ''self'' ws: wss:; img-src ''self'' data: *.gravatar.com; script-src ''unsafe-eval''
          ''unsafe-inline'' ''self''; style-src ''unsafe-inline'' ''self''']
      content-type: [application/json; charset=utf-8]
      date: ['Mon, 05 Aug 2019 15:22:07 GMT']
      etag: [W/"2fec3047627a901f18e2388c756e5108"]
      foreman_api_version: ['2']
      foreman_version: [1.22.0]
      server: [Apache]
      status: [200 OK]
      strict-transport-security: [max-age=631139040; includeSubdomains]
      transfer-encoding: [chunked]
      vary: [Accept-Encoding]
      x-content-type-options: [nosniff]
      x-download-options: [noopen]
      x-frame-options: [sameorigin]
      x-permitted-cross-domain-policies: [none]
      x-powered-by: [Phusion Passenger 4.0.53]
      x-request-id: [485c3974-90fd-4f26-b84f-a239c5e57413]
      x-runtime: ['0.017780']
      x-xss-protection: [1; mode=block]
    status: {code: 200, message: OK}
- request:
    body: !!python/unicode '{"common_parameter": {"parameter_type": "json", "name":
      "TheAnswer", "value": "{\"name\": \"test\", \"tags\": [\"a\", \"b\", \"c\"],
      \"value\": 4}"}}'
    headers:
      Accept: [application/json;version=2]
      Content-Length: ['149']
      Content-Type: [application/json]
      Cookie: [_session_id=e24bebca9b96315f105d8570c0842a1f]
    method: POST
    uri: https://centos7-foreman-1-22/api/common_parameters
  response:
    body: {string: !!python/unicode '{"created_at":"2019-08-05 15:22:07 UTC","updated_at":"2019-08-05
        15:22:07 UTC","hidden_value?":false,"hidden_value":"*****","id":2,"name":"TheAnswer","parameter_type":"json","value":{"name":"test","tags":["a","b","c"],"value":4}}'}
    headers:
      apipie-checksum: [d3e1ab676c84fc216ffc13da25fd35b92959027b]
      cache-control: ['max-age=0, private, must-revalidate']
      content-security-policy: ['default-src ''self''; child-src ''self''; connect-src
          ''self'' ws: wss:; img-src ''self'' data: *.gravatar.com; script-src ''unsafe-eval''
          ''unsafe-inline'' ''self''; style-src ''unsafe-inline'' ''self''']
      content-type: [application/json; charset=utf-8]
      date: ['Mon, 05 Aug 2019 15:22:07 GMT']
      etag: [W/"5df9dcc6438cfbd702a414206e606b08"]
      foreman_api_version: ['2']
      foreman_version: [1.22.0]
      server: [Apache]
      set-cookie: [request_method=POST; path=/; secure; HttpOnly; SameSite=Lax]
      status: [201 Created]
      strict-transport-security: [max-age=631139040; includeSubdomains]
      transfer-encoding: [chunked]
      x-content-type-options: [nosniff]
      x-download-options: [noopen]
      x-frame-options: [sameorigin]
      x-permitted-cross-domain-policies: [none]
      x-powered-by: [Phusion Passenger 4.0.53]
      x-request-id: [4c05fca9-1559-4c85-83b5-464f58995402]
      x-runtime: ['0.032339']
      x-xss-protection: [1; mode=block]
    status: {code: 201, message: Created}
version: 1
