interactions:
- request:
    body: null
    headers:
      Accept: [application/json;version=2]
    method: GET
    uri: https://foreman.example.com/api/status
  response:
    body: {string: !!python/unicode '{"result":"ok","status":200,"version":"1.22.1","api_version":2}'}
    headers:
      apipie-checksum: [682fdd16afbeb660a8bfcecc651151a5671d1407]
      cache-control: ['max-age=0, private, must-revalidate']
      content-length: ['63']
      content-security-policy: ['default-src ''self''; child-src ''self''; connect-src
          ''self'' ws: wss:; img-src ''self'' data: *.gravatar.com; script-src ''unsafe-eval''
          ''unsafe-inline'' ''self''; style-src ''unsafe-inline'' ''self''']
      content-type: [application/json; charset=utf-8]
      date: ['Fri, 27 Sep 2019 15:26:30 GMT']
      etag: [W/"7462024e111aafa1fe0b7de16a6757f0"]
      foreman_api_version: ['2']
      foreman_version: [1.22.1]
      server: [Apache]
      set-cookie: [_session_id=ed37b839b7eb80e0174e0066f40b65fa; path=/; secure; HttpOnly;
          SameSite=Lax]
      status: [200 OK]
      strict-transport-security: [max-age=631139040; includeSubdomains]
      x-content-type-options: [nosniff]
      x-download-options: [noopen]
      x-frame-options: [sameorigin]
      x-permitted-cross-domain-policies: [none]
      x-powered-by: [Phusion Passenger 4.0.53]
      x-request-id: [8c5bea80-9f39-47f8-9d73-8416eaf368cf]
      x-runtime: ['0.026254']
      x-xss-protection: [1; mode=block]
    status: {code: 200, message: OK}
- request:
    body: null
    headers:
      Accept: [application/json;version=2]
      Cookie: [_session_id=ed37b839b7eb80e0174e0066f40b65fa]
    method: GET
    uri: https://foreman.example.com/api/common_parameters?per_page=4294967296&search=name%3D%22TheAnswer%22&thin=True
  response:
    body: {string: !!python/unicode "{\n  \"total\": 1,\n  \"subtotal\": 1,\n  \"page\":
        1,\n  \"per_page\": 4294967296,\n  \"search\": \"name=\\\"TheAnswer\\\"\",\n
        \ \"sort\": {\n    \"by\": null,\n    \"order\": null\n  },\n  \"results\":
        [{\"created_at\":\"2019-09-27 15:26:30 UTC\",\"updated_at\":\"2019-09-27 15:26:30
        UTC\",\"hidden_value?\":false,\"hidden_value\":\"*****\",\"id\":6,\"name\":\"TheAnswer\",\"parameter_type\":\"json\",\"value\":{\"name\":\"test\",\"tags\":[\"a\",\"b\",\"c\"],\"value\":4}}]\n}\n"}
    headers:
      apipie-checksum: [682fdd16afbeb660a8bfcecc651151a5671d1407]
      cache-control: ['max-age=0, private, must-revalidate']
      content-security-policy: ['default-src ''self''; child-src ''self''; connect-src
          ''self'' ws: wss:; img-src ''self'' data: *.gravatar.com; script-src ''unsafe-eval''
          ''unsafe-inline'' ''self''; style-src ''unsafe-inline'' ''self''']
      content-type: [application/json; charset=utf-8]
      date: ['Fri, 27 Sep 2019 15:26:30 GMT']
      etag: [W/"4813602dcf6e5960c6c877401ced4ddd"]
      foreman_api_version: ['2']
      foreman_version: [1.22.1]
      server: [Apache]
      status: [200 OK]
      strict-transport-security: [max-age=631139040; includeSubdomains]
      transfer-encoding: [chunked]
      vary: [Accept-Encoding]
      x-content-type-options: [nosniff]
      x-download-options: [noopen]
      x-frame-options: [sameorigin]
      x-permitted-cross-domain-policies: [none]
      x-powered-by: [Phusion Passenger 4.0.53]
      x-request-id: [f2863b64-656a-4a1a-bcb3-0c184aee5234]
      x-runtime: ['0.018031']
      x-xss-protection: [1; mode=block]
    status: {code: 200, message: OK}
- request:
    body: null
    headers:
      Accept: [application/json;version=2]
      Content-Length: ['0']
      Cookie: [_session_id=ed37b839b7eb80e0174e0066f40b65fa]
    method: DELETE
    uri: https://foreman.example.com/api/common_parameters/6
  response:
    body: {string: !!python/unicode '{"id":6,"name":"TheAnswer","value":{"name":"test","tags":["a","b","c"],"value":4},"reference_id":null,"created_at":"2019-09-27T15:26:30.104Z","updated_at":"2019-09-27T15:26:30.104Z","priority":0,"hidden_value":"*****","key_type":"json"}'}
    headers:
      apipie-checksum: [682fdd16afbeb660a8bfcecc651151a5671d1407]
      cache-control: ['max-age=0, private, must-revalidate']
      content-security-policy: ['default-src ''self''; child-src ''self''; connect-src
          ''self'' ws: wss:; img-src ''self'' data: *.gravatar.com; script-src ''unsafe-eval''
          ''unsafe-inline'' ''self''; style-src ''unsafe-inline'' ''self''']
      content-type: [application/json; charset=utf-8]
      date: ['Fri, 27 Sep 2019 15:26:30 GMT']
      etag: [W/"344b3555fee02af1dcf5952f7fcf8514"]
      foreman_api_version: ['2']
      foreman_version: [1.22.1]
      server: [Apache]
      set-cookie: [request_method=DELETE; path=/; secure; HttpOnly; SameSite=Lax]
      status: [200 OK]
      strict-transport-security: [max-age=631139040; includeSubdomains]
      transfer-encoding: [chunked]
      vary: [Accept-Encoding]
      x-content-type-options: [nosniff]
      x-download-options: [noopen]
      x-frame-options: [sameorigin]
      x-permitted-cross-domain-policies: [none]
      x-powered-by: [Phusion Passenger 4.0.53]
      x-request-id: [31467798-c57a-4777-8b3c-812ea11eea2a]
      x-runtime: ['0.022520']
      x-xss-protection: [1; mode=block]
    status: {code: 200, message: OK}
version: 1
