interactions:
- request:
    body: null
    headers:
      Accept:
      - application/json;version=2
    method: GET
    uri: https://centos7-foreman-1-22/api/status
  response:
    body:
      string: !!python/unicode '{"result":"ok","status":200,"version":"1.22.0","api_version":2}'
    headers:
      apipie-checksum:
      - d3e1ab676c84fc216ffc13da25fd35b92959027b
      cache-control:
      - max-age=0, private, must-revalidate
      content-length:
      - '63'
      content-security-policy:
      - 'default-src ''self''; child-src ''self''; connect-src ''self'' ws: wss:;
        img-src ''self'' data: *.gravatar.com; script-src ''unsafe-eval'' ''unsafe-inline''
        ''self''; style-src ''unsafe-inline'' ''self'''
      content-type:
      - application/json; charset=utf-8
      date:
      - Tue, 27 Aug 2019 16:01:12 GMT
      etag:
      - W/"674e9dbc2140c688b559566b581c5c09"
      foreman_api_version:
      - '2'
      foreman_version:
      - 1.22.0
      server:
      - Apache
      set-cookie:
      - _session_id=19e4e0a808806a65cb96c3107f5be44e; path=/; secure; HttpOnly; SameSite=Lax
      status:
      - 200 OK
      strict-transport-security:
      - max-age=631139040; includeSubdomains
      x-content-type-options:
      - nosniff
      x-download-options:
      - noopen
      x-frame-options:
      - sameorigin
      x-permitted-cross-domain-policies:
      - none
      x-powered-by:
      - Phusion Passenger 4.0.53
      x-request-id:
      - ad321fc5-0dbe-42d7-8c71-6e842bf9c3ec
      x-runtime:
      - '0.026067'
      x-xss-protection:
      - 1; mode=block
    status:
      code: 200
      message: OK
- request:
    body: null
    headers:
      Accept:
      - application/json;version=2
      Cookie:
      - _session_id=19e4e0a808806a65cb96c3107f5be44e
    method: GET
    uri: https://centos7-foreman-1-22/api/locations?per_page=4294967296&search=title%3D%22Foo%22&thin=True
  response:
    body:
      string: !!python/unicode "{\n  \"total\": 6,\n  \"subtotal\": 1,\n  \"page\":
        1,\n  \"per_page\": 4294967296,\n  \"search\": \"title=\\\"Foo\\\"\",\n  \"sort\":
        {\n    \"by\": null,\n    \"order\": null\n  },\n  \"results\": [{\"ancestry\":null,\"parent_id\":null,\"parent_name\":null,\"created_at\":\"2019-08-02
        08:24:53 UTC\",\"updated_at\":\"2019-08-02 08:24:53 UTC\",\"id\":3,\"name\":\"Foo\",\"title\":\"Foo\",\"description\":null}]\n}\n"
    headers:
      apipie-checksum:
      - d3e1ab676c84fc216ffc13da25fd35b92959027b
      cache-control:
      - max-age=0, private, must-revalidate
      content-security-policy:
      - 'default-src ''self''; child-src ''self''; connect-src ''self'' ws: wss:;
        img-src ''self'' data: *.gravatar.com; script-src ''unsafe-eval'' ''unsafe-inline''
        ''self''; style-src ''unsafe-inline'' ''self'''
      content-type:
      - application/json; charset=utf-8
      date:
      - Tue, 27 Aug 2019 16:01:12 GMT
      etag:
      - W/"d2e87a8399497bbdbda7bf2dcc1c4e36"
      foreman_api_version:
      - '2'
      foreman_version:
      - 1.22.0
      server:
      - Apache
      status:
      - 200 OK
      strict-transport-security:
      - max-age=631139040; includeSubdomains
      transfer-encoding:
      - chunked
      vary:
      - Accept-Encoding
      x-content-type-options:
      - nosniff
      x-download-options:
      - noopen
      x-frame-options:
      - sameorigin
      x-permitted-cross-domain-policies:
      - none
      x-powered-by:
      - Phusion Passenger 4.0.53
      x-request-id:
      - 8f227b9a-96ca-4795-945a-6c4dd5e60bdf
      x-runtime:
      - '0.015181'
      x-xss-protection:
      - 1; mode=block
    status:
      code: 200
      message: OK
- request:
    body: null
    headers:
      Accept:
      - application/json;version=2
      Cookie:
      - _session_id=19e4e0a808806a65cb96c3107f5be44e
    method: GET
    uri: https://centos7-foreman-1-22/api/locations?per_page=4294967296&search=title%3D%22Foo%2FBaz%22&thin=True
  response:
    body:
      string: !!python/unicode "{\n  \"total\": 6,\n  \"subtotal\": 1,\n  \"page\":
        1,\n  \"per_page\": 4294967296,\n  \"search\": \"title=\\\"Foo/Baz\\\"\",\n
        \ \"sort\": {\n    \"by\": null,\n    \"order\": null\n  },\n  \"results\":
        [{\"ancestry\":\"3\",\"parent_id\":3,\"parent_name\":\"Foo\",\"created_at\":\"2019-08-02
        08:24:54 UTC\",\"updated_at\":\"2019-08-02 08:24:54 UTC\",\"id\":4,\"name\":\"Baz\",\"title\":\"Foo/Baz\",\"description\":null}]\n}\n"
    headers:
      apipie-checksum:
      - d3e1ab676c84fc216ffc13da25fd35b92959027b
      cache-control:
      - max-age=0, private, must-revalidate
      content-security-policy:
      - 'default-src ''self''; child-src ''self''; connect-src ''self'' ws: wss:;
        img-src ''self'' data: *.gravatar.com; script-src ''unsafe-eval'' ''unsafe-inline''
        ''self''; style-src ''unsafe-inline'' ''self'''
      content-type:
      - application/json; charset=utf-8
      date:
      - Tue, 27 Aug 2019 16:01:12 GMT
      etag:
      - W/"6fada7681989c9f02f5a6d1cbe963778"
      foreman_api_version:
      - '2'
      foreman_version:
      - 1.22.0
      server:
      - Apache
      status:
      - 200 OK
      strict-transport-security:
      - max-age=631139040; includeSubdomains
      transfer-encoding:
      - chunked
      vary:
      - Accept-Encoding
      x-content-type-options:
      - nosniff
      x-download-options:
      - noopen
      x-frame-options:
      - sameorigin
      x-permitted-cross-domain-policies:
      - none
      x-powered-by:
      - Phusion Passenger 4.0.53
      x-request-id:
      - 50fe5965-9d6e-4aca-b9da-e452d69575aa
      x-runtime:
      - '0.014233'
      x-xss-protection:
      - 1; mode=block
    status:
      code: 200
      message: OK
- request:
    body: null
    headers:
      Accept:
      - application/json;version=2
      Cookie:
      - _session_id=19e4e0a808806a65cb96c3107f5be44e
    method: GET
    uri: https://centos7-foreman-1-22/api/locations?per_page=4294967296&search=title%3D%22Bar%22&thin=True
  response:
    body:
      string: !!python/unicode "{\n  \"total\": 6,\n  \"subtotal\": 1,\n  \"page\":
        1,\n  \"per_page\": 4294967296,\n  \"search\": \"title=\\\"Bar\\\"\",\n  \"sort\":
        {\n    \"by\": null,\n    \"order\": null\n  },\n  \"results\": [{\"ancestry\":null,\"parent_id\":null,\"parent_name\":null,\"created_at\":\"2019-08-02
        08:24:55 UTC\",\"updated_at\":\"2019-08-02 08:24:55 UTC\",\"id\":5,\"name\":\"Bar\",\"title\":\"Bar\",\"description\":null}]\n}\n"
    headers:
      apipie-checksum:
      - d3e1ab676c84fc216ffc13da25fd35b92959027b
      cache-control:
      - max-age=0, private, must-revalidate
      content-security-policy:
      - 'default-src ''self''; child-src ''self''; connect-src ''self'' ws: wss:;
        img-src ''self'' data: *.gravatar.com; script-src ''unsafe-eval'' ''unsafe-inline''
        ''self''; style-src ''unsafe-inline'' ''self'''
      content-type:
      - application/json; charset=utf-8
      date:
      - Tue, 27 Aug 2019 16:01:12 GMT
      etag:
      - W/"cb501d0ff3c584388e040109107ef018"
      foreman_api_version:
      - '2'
      foreman_version:
      - 1.22.0
      server:
      - Apache
      status:
      - 200 OK
      strict-transport-security:
      - max-age=631139040; includeSubdomains
      transfer-encoding:
      - chunked
      vary:
      - Accept-Encoding
      x-content-type-options:
      - nosniff
      x-download-options:
      - noopen
      x-frame-options:
      - sameorigin
      x-permitted-cross-domain-policies:
      - none
      x-powered-by:
      - Phusion Passenger 4.0.53
      x-request-id:
      - 97b362e8-db8b-44ff-8c11-c23593df7ff5
      x-runtime:
      - '0.012743'
      x-xss-protection:
      - 1; mode=block
    status:
      code: 200
      message: OK
- request:
    body: null
    headers:
      Accept:
      - application/json;version=2
      Cookie:
      - _session_id=19e4e0a808806a65cb96c3107f5be44e
    method: GET
    uri: https://centos7-foreman-1-22/api/compute_profiles?per_page=4294967296&search=name%3D%22myprofile%22&thin=True
  response:
    body:
      string: !!python/unicode "{\n  \"total\": 4,\n  \"subtotal\": 1,\n  \"page\":
        1,\n  \"per_page\": 4294967296,\n  \"search\": \"name=\\\"myprofile\\\"\",\n
        \ \"sort\": {\n    \"by\": null,\n    \"order\": null\n  },\n  \"results\":
        [{\"created_at\":\"2019-08-27 16:01:10 UTC\",\"updated_at\":\"2019-08-27 16:01:10
        UTC\",\"id\":15,\"name\":\"myprofile\"}]\n}\n"
    headers:
      apipie-checksum:
      - d3e1ab676c84fc216ffc13da25fd35b92959027b
      cache-control:
      - max-age=0, private, must-revalidate
      content-security-policy:
      - 'default-src ''self''; child-src ''self''; connect-src ''self'' ws: wss:;
        img-src ''self'' data: *.gravatar.com; script-src ''unsafe-eval'' ''unsafe-inline''
        ''self''; style-src ''unsafe-inline'' ''self'''
      content-type:
      - application/json; charset=utf-8
      date:
      - Tue, 27 Aug 2019 16:01:12 GMT
      etag:
      - W/"2537210b3915f5e84c0967972b679ec3"
      foreman_api_version:
      - '2'
      foreman_version:
      - 1.22.0
      server:
      - Apache
      status:
      - 200 OK
      strict-transport-security:
      - max-age=631139040; includeSubdomains
      transfer-encoding:
      - chunked
      vary:
      - Accept-Encoding
      x-content-type-options:
      - nosniff
      x-download-options:
      - noopen
      x-frame-options:
      - sameorigin
      x-permitted-cross-domain-policies:
      - none
      x-powered-by:
      - Phusion Passenger 4.0.53
      x-request-id:
      - 2bdb9789-a7e9-4ff9-9438-bcc97981052f
      x-runtime:
      - '0.012425'
      x-xss-protection:
      - 1; mode=block
    status:
      code: 200
      message: OK
- request:
    body: null
    headers:
      Accept:
      - application/json;version=2
      Cookie:
      - _session_id=19e4e0a808806a65cb96c3107f5be44e
    method: GET
    uri: https://centos7-foreman-1-22/api/domains?per_page=4294967296&search=name%3D%22foo.example.com%22&thin=True
  response:
    body:
      string: !!python/unicode "{\n  \"total\": 3,\n  \"subtotal\": 1,\n  \"page\":
        1,\n  \"per_page\": 4294967296,\n  \"search\": \"name=\\\"foo.example.com\\\"\",\n
        \ \"sort\": {\n    \"by\": null,\n    \"order\": null\n  },\n  \"results\":
        [{\"fullname\":null,\"created_at\":\"2019-08-27 16:01:06 UTC\",\"updated_at\":\"2019-08-27
        16:01:06 UTC\",\"id\":2,\"name\":\"foo.example.com\",\"dns_id\":1,\"dns\":{\"name\":\"centos7-foreman-1-22.anubis.example.com\",\"id\":1,\"url\":\"https://centos7-foreman-1-22.anubis.example.com:8443\"}}]\n}\n"
    headers:
      apipie-checksum:
      - d3e1ab676c84fc216ffc13da25fd35b92959027b
      cache-control:
      - max-age=0, private, must-revalidate
      content-security-policy:
      - 'default-src ''self''; child-src ''self''; connect-src ''self'' ws: wss:;
        img-src ''self'' data: *.gravatar.com; script-src ''unsafe-eval'' ''unsafe-inline''
        ''self''; style-src ''unsafe-inline'' ''self'''
      content-type:
      - application/json; charset=utf-8
      date:
      - Tue, 27 Aug 2019 16:01:12 GMT
      etag:
      - W/"73bc3916da868ea2858b914713c9f27d"
      foreman_api_version:
      - '2'
      foreman_version:
      - 1.22.0
      server:
      - Apache
      status:
      - 200 OK
      strict-transport-security:
      - max-age=631139040; includeSubdomains
      transfer-encoding:
      - chunked
      vary:
      - Accept-Encoding
      x-content-type-options:
      - nosniff
      x-download-options:
      - noopen
      x-frame-options:
      - sameorigin
      x-permitted-cross-domain-policies:
      - none
      x-powered-by:
      - Phusion Passenger 4.0.53
      x-request-id:
      - d25d2ef1-876d-4b30-b6e2-ec911fa057d8
      x-runtime:
      - '0.014561'
      x-xss-protection:
      - 1; mode=block
    status:
      code: 200
      message: OK
- request:
    body: null
    headers:
      Accept:
      - application/json;version=2
      Cookie:
      - _session_id=19e4e0a808806a65cb96c3107f5be44e
    method: GET
    uri: https://centos7-foreman-1-22/api/subnets?per_page=4294967296&search=name%3D%22Test+subnet4%22&thin=True
  response:
    body:
      string: !!python/unicode "{\n  \"total\": 1,\n  \"subtotal\": 1,\n  \"page\":
        1,\n  \"per_page\": 4294967296,\n  \"search\": \"name=\\\"Test subnet4\\\"\",\n
        \ \"sort\": {\n    \"by\": null,\n    \"order\": null\n  },\n  \"results\":
        [{\"network\":\"192.168.200.0\",\"network_type\":\"IPv4\",\"cidr\":27,\"mask\":\"255.255.255.224\",\"priority\":null,\"vlanid\":null,\"mtu\":1500,\"gateway\":null,\"dns_primary\":null,\"dns_secondary\":null,\"from\":null,\"to\":null,\"created_at\":\"2019-08-27
        16:01:07 UTC\",\"updated_at\":\"2019-08-27 16:01:07 UTC\",\"ipam\":\"DHCP\",\"boot_mode\":\"DHCP\",\"id\":1,\"name\":\"Test
        subnet4\",\"description\":null,\"network_address\":\"192.168.200.0/27\",\"dhcp_id\":null,\"dhcp_name\":null,\"tftp_id\":null,\"tftp_name\":null,\"httpboot_id\":null,\"httpboot_name\":null,\"dns_id\":null,\"template_id\":null,\"template_name\":null,\"dhcp\":null,\"tftp\":null,\"httpboot\":null,\"dns\":null,\"template\":null}]\n}\n"
    headers:
      apipie-checksum:
      - d3e1ab676c84fc216ffc13da25fd35b92959027b
      cache-control:
      - max-age=0, private, must-revalidate
      content-security-policy:
      - 'default-src ''self''; child-src ''self''; connect-src ''self'' ws: wss:;
        img-src ''self'' data: *.gravatar.com; script-src ''unsafe-eval'' ''unsafe-inline''
        ''self''; style-src ''unsafe-inline'' ''self'''
      content-type:
      - application/json; charset=utf-8
      date:
      - Tue, 27 Aug 2019 16:01:12 GMT
      etag:
      - W/"9e3cf1a9d49011d69262c17855751957"
      foreman_api_version:
      - '2'
      foreman_version:
      - 1.22.0
      server:
      - Apache
      status:
      - 200 OK
      strict-transport-security:
      - max-age=631139040; includeSubdomains
      transfer-encoding:
      - chunked
      vary:
      - Accept-Encoding
      x-content-type-options:
      - nosniff
      x-download-options:
      - noopen
      x-frame-options:
      - sameorigin
      x-permitted-cross-domain-policies:
      - none
      x-powered-by:
      - Phusion Passenger 4.0.53
      x-request-id:
      - 862ff502-7561-45ca-944c-0a5106371f81
      x-runtime:
      - '0.013747'
      x-xss-protection:
      - 1; mode=block
    status:
      code: 200
      message: OK
- request:
    body: null
    headers:
      Accept:
      - application/json;version=2
      Cookie:
      - _session_id=19e4e0a808806a65cb96c3107f5be44e
    method: GET
    uri: https://centos7-foreman-1-22/api/architectures?per_page=4294967296&search=name%3D%22x86_64%22&thin=True
  response:
    body:
      string: !!python/unicode "{\n  \"total\": 2,\n  \"subtotal\": 1,\n  \"page\":
        1,\n  \"per_page\": 4294967296,\n  \"search\": \"name=\\\"x86_64\\\"\",\n
        \ \"sort\": {\n    \"by\": null,\n    \"order\": null\n  },\n  \"results\":
        [{\"created_at\":\"2019-08-01 11:30:44 UTC\",\"updated_at\":\"2019-08-01 11:30:44
        UTC\",\"name\":\"x86_64\",\"id\":1}]\n}\n"
    headers:
      apipie-checksum:
      - d3e1ab676c84fc216ffc13da25fd35b92959027b
      cache-control:
      - max-age=0, private, must-revalidate
      content-security-policy:
      - 'default-src ''self''; child-src ''self''; connect-src ''self'' ws: wss:;
        img-src ''self'' data: *.gravatar.com; script-src ''unsafe-eval'' ''unsafe-inline''
        ''self''; style-src ''unsafe-inline'' ''self'''
      content-type:
      - application/json; charset=utf-8
      date:
      - Tue, 27 Aug 2019 16:01:12 GMT
      etag:
      - W/"5526bc6c028f831ba0d04eda919ac0f9"
      foreman_api_version:
      - '2'
      foreman_version:
      - 1.22.0
      server:
      - Apache
      status:
      - 200 OK
      strict-transport-security:
      - max-age=631139040; includeSubdomains
      transfer-encoding:
      - chunked
      vary:
      - Accept-Encoding
      x-content-type-options:
      - nosniff
      x-download-options:
      - noopen
      x-frame-options:
      - sameorigin
      x-permitted-cross-domain-policies:
      - none
      x-powered-by:
      - Phusion Passenger 4.0.53
      x-request-id:
      - b0e4eb96-c1c3-4973-86a1-131dcb687f3b
      x-runtime:
      - '0.011712'
      x-xss-protection:
      - 1; mode=block
    status:
      code: 200
      message: OK
- request:
    body: null
    headers:
      Accept:
      - application/json;version=2
      Cookie:
      - _session_id=19e4e0a808806a65cb96c3107f5be44e
    method: GET
    uri: https://centos7-foreman-1-22/api/operatingsystems?per_page=4294967296&search=title%3D%22TestOS+7.6%22&thin=True
  response:
    body:
      string: !!python/unicode "{\n  \"total\": 3,\n  \"subtotal\": 1,\n  \"page\":
        1,\n  \"per_page\": 4294967296,\n  \"search\": \"title=\\\"TestOS 7.6\\\"\",\n
        \ \"sort\": {\n    \"by\": null,\n    \"order\": null\n  },\n  \"results\":
        [{\"description\":null,\"major\":\"7\",\"minor\":\"6\",\"family\":\"Redhat\",\"release_name\":\"reverse
        whip\",\"password_hash\":\"SHA256\",\"created_at\":\"2019-08-27 16:01:08 UTC\",\"updated_at\":\"2019-08-27
        16:01:08 UTC\",\"id\":8,\"name\":\"TestOS\",\"title\":\"TestOS 7.6\"}]\n}\n"
    headers:
      apipie-checksum:
      - d3e1ab676c84fc216ffc13da25fd35b92959027b
      cache-control:
      - max-age=0, private, must-revalidate
      content-security-policy:
      - 'default-src ''self''; child-src ''self''; connect-src ''self'' ws: wss:;
        img-src ''self'' data: *.gravatar.com; script-src ''unsafe-eval'' ''unsafe-inline''
        ''self''; style-src ''unsafe-inline'' ''self'''
      content-type:
      - application/json; charset=utf-8
      date:
      - Tue, 27 Aug 2019 16:01:12 GMT
      etag:
      - W/"0d918476d4f999024f838c74cb3e4948"
      foreman_api_version:
      - '2'
      foreman_version:
      - 1.22.0
      server:
      - Apache
      status:
      - 200 OK
      strict-transport-security:
      - max-age=631139040; includeSubdomains
      transfer-encoding:
      - chunked
      vary:
      - Accept-Encoding
      x-content-type-options:
      - nosniff
      x-download-options:
      - noopen
      x-frame-options:
      - sameorigin
      x-permitted-cross-domain-policies:
      - none
      x-powered-by:
      - Phusion Passenger 4.0.53
      x-request-id:
      - c4ede011-5728-4330-ab78-2e414d16e89b
      x-runtime:
      - '0.012419'
      x-xss-protection:
      - 1; mode=block
    status:
      code: 200
      message: OK
- request:
    body: null
    headers:
      Accept:
      - application/json;version=2
      Cookie:
      - _session_id=19e4e0a808806a65cb96c3107f5be44e
    method: GET
    uri: https://centos7-foreman-1-22/api/media?per_page=4294967296&search=name%3D%22TestOS+Mirror%22&thin=True
  response:
    body:
      string: !!python/unicode "{\n  \"total\": 1,\n  \"subtotal\": 1,\n  \"page\":
        1,\n  \"per_page\": 4294967296,\n  \"search\": \"name=\\\"TestOS Mirror\\\"\",\n
        \ \"sort\": {\n    \"by\": null,\n    \"order\": null\n  },\n  \"results\":
        [{\"path\":\"https://templeos.org/TempleOS.ISO\",\"os_family\":\"Redhat\",\"created_at\":\"2019-08-27
        16:01:09 UTC\",\"updated_at\":\"2019-08-27 16:01:09 UTC\",\"id\":12,\"name\":\"TestOS
        Mirror\"}]\n}\n"
    headers:
      apipie-checksum:
      - d3e1ab676c84fc216ffc13da25fd35b92959027b
      cache-control:
      - max-age=0, private, must-revalidate
      content-security-policy:
      - 'default-src ''self''; child-src ''self''; connect-src ''self'' ws: wss:;
        img-src ''self'' data: *.gravatar.com; script-src ''unsafe-eval'' ''unsafe-inline''
        ''self''; style-src ''unsafe-inline'' ''self'''
      content-type:
      - application/json; charset=utf-8
      date:
      - Tue, 27 Aug 2019 16:01:12 GMT
      etag:
      - W/"192075762b64bf647996d2f2df984163"
      foreman_api_version:
      - '2'
      foreman_version:
      - 1.22.0
      server:
      - Apache
      status:
      - 200 OK
      strict-transport-security:
      - max-age=631139040; includeSubdomains
      transfer-encoding:
      - chunked
      vary:
      - Accept-Encoding
      x-content-type-options:
      - nosniff
      x-download-options:
      - noopen
      x-frame-options:
      - sameorigin
      x-permitted-cross-domain-policies:
      - none
      x-powered-by:
      - Phusion Passenger 4.0.53
      x-request-id:
      - c09f21f1-5e7c-4d32-847a-bbb05f6d7e30
      x-runtime:
      - '0.013221'
      x-xss-protection:
      - 1; mode=block
    status:
      code: 200
      message: OK
- request:
    body: null
    headers:
      Accept:
      - application/json;version=2
      Cookie:
      - _session_id=19e4e0a808806a65cb96c3107f5be44e
    method: GET
    uri: https://centos7-foreman-1-22/api/ptables?per_page=4294967296&search=name%3D%22Part+table%22&thin=True
  response:
    body:
      string: !!python/unicode "{\n  \"total\": 16,\n  \"subtotal\": 1,\n  \"page\":
        1,\n  \"per_page\": 4294967296,\n  \"search\": \"name=\\\"Part table\\\"\",\n
        \ \"sort\": {\n    \"by\": null,\n    \"order\": null\n  },\n  \"results\":
        [{\"os_family\":\"Redhat\",\"created_at\":\"2019-08-27 16:01:07 UTC\",\"updated_at\":\"2019-08-27
        16:01:07 UTC\",\"name\":\"Part table\",\"id\":113}]\n}\n"
    headers:
      apipie-checksum:
      - d3e1ab676c84fc216ffc13da25fd35b92959027b
      cache-control:
      - max-age=0, private, must-revalidate
      content-security-policy:
      - 'default-src ''self''; child-src ''self''; connect-src ''self'' ws: wss:;
        img-src ''self'' data: *.gravatar.com; script-src ''unsafe-eval'' ''unsafe-inline''
        ''self''; style-src ''unsafe-inline'' ''self'''
      content-type:
      - application/json; charset=utf-8
      date:
      - Tue, 27 Aug 2019 16:01:13 GMT
      etag:
      - W/"6a78674b534af402b5426e0427df2689"
      foreman_api_version:
      - '2'
      foreman_version:
      - 1.22.0
      server:
      - Apache
      status:
      - 200 OK
      strict-transport-security:
      - max-age=631139040; includeSubdomains
      transfer-encoding:
      - chunked
      vary:
      - Accept-Encoding
      x-content-type-options:
      - nosniff
      x-download-options:
      - noopen
      x-frame-options:
      - sameorigin
      x-permitted-cross-domain-policies:
      - none
      x-powered-by:
      - Phusion Passenger 4.0.53
      x-request-id:
      - 5dfe8862-d71e-464d-b58f-da1e7b8ec111
      x-runtime:
      - '0.017141'
      x-xss-protection:
      - 1; mode=block
    status:
      code: 200
      message: OK
- request:
    body: null
    headers:
      Accept:
      - application/json;version=2
      Cookie:
      - _session_id=19e4e0a808806a65cb96c3107f5be44e
    method: GET
    uri: https://centos7-foreman-1-22/api/environments?per_page=4294967296&search=name%3D%22production%22&thin=True
  response:
    body:
      string: !!python/unicode "{\n  \"total\": 1,\n  \"subtotal\": 1,\n  \"page\":
        1,\n  \"per_page\": 4294967296,\n  \"search\": \"name=\\\"production\\\"\",\n
        \ \"sort\": {\n    \"by\": null,\n    \"order\": null\n  },\n  \"results\":
        [{\"created_at\":\"2019-08-01 11:32:15 UTC\",\"updated_at\":\"2019-08-01 11:32:15
        UTC\",\"name\":\"production\",\"id\":1}]\n}\n"
    headers:
      apipie-checksum:
      - d3e1ab676c84fc216ffc13da25fd35b92959027b
      cache-control:
      - max-age=0, private, must-revalidate
      content-security-policy:
      - 'default-src ''self''; child-src ''self''; connect-src ''self'' ws: wss:;
        img-src ''self'' data: *.gravatar.com; script-src ''unsafe-eval'' ''unsafe-inline''
        ''self''; style-src ''unsafe-inline'' ''self'''
      content-type:
      - application/json; charset=utf-8
      date:
      - Tue, 27 Aug 2019 16:01:13 GMT
      etag:
      - W/"1c51bfbe8c895816c8cd88d4742736d7"
      foreman_api_version:
      - '2'
      foreman_version:
      - 1.22.0
      server:
      - Apache
      status:
      - 200 OK
      strict-transport-security:
      - max-age=631139040; includeSubdomains
      transfer-encoding:
      - chunked
      vary:
      - Accept-Encoding
      x-content-type-options:
      - nosniff
      x-download-options:
      - noopen
      x-frame-options:
      - sameorigin
      x-permitted-cross-domain-policies:
      - none
      x-powered-by:
      - Phusion Passenger 4.0.53
      x-request-id:
      - b48d5f54-1db4-4065-a0c7-2498c0008d83
      x-runtime:
      - '0.012868'
      x-xss-protection:
      - 1; mode=block
    status:
      code: 200
      message: OK
- request:
    body: null
    headers:
      Accept:
      - application/json;version=2
      Cookie:
      - _session_id=19e4e0a808806a65cb96c3107f5be44e
    method: GET
    uri: https://centos7-foreman-1-22/api/config_groups?per_page=4294967296&search=name%3D%22cfg_group1%22&thin=True
  response:
    body:
      string: !!python/unicode "{\n  \"total\": 2,\n  \"subtotal\": 1,\n  \"page\":
        1,\n  \"per_page\": 4294967296,\n  \"search\": \"name=\\\"cfg_group1\\\"\",\n
        \ \"sort\": {\n    \"by\": null,\n    \"order\": null\n  },\n  \"results\":
        [{\"created_at\":\"2019-08-27 16:01:10 UTC\",\"updated_at\":\"2019-08-27 16:01:10
        UTC\",\"id\":1,\"name\":\"cfg_group1\",\"puppetclasses\":[]}]\n}\n"
    headers:
      apipie-checksum:
      - d3e1ab676c84fc216ffc13da25fd35b92959027b
      cache-control:
      - max-age=0, private, must-revalidate
      content-security-policy:
      - 'default-src ''self''; child-src ''self''; connect-src ''self'' ws: wss:;
        img-src ''self'' data: *.gravatar.com; script-src ''unsafe-eval'' ''unsafe-inline''
        ''self''; style-src ''unsafe-inline'' ''self'''
      content-type:
      - application/json; charset=utf-8
      date:
      - Tue, 27 Aug 2019 16:01:13 GMT
      etag:
      - W/"2ea16fe9724c8746d5c8175c18b0c9af"
      foreman_api_version:
      - '2'
      foreman_version:
      - 1.22.0
      server:
      - Apache
      status:
      - 200 OK
      strict-transport-security:
      - max-age=631139040; includeSubdomains
      transfer-encoding:
      - chunked
      vary:
      - Accept-Encoding
      x-content-type-options:
      - nosniff
      x-download-options:
      - noopen
      x-frame-options:
      - sameorigin
      x-permitted-cross-domain-policies:
      - none
      x-powered-by:
      - Phusion Passenger 4.0.53
      x-request-id:
      - 431f8fe8-70ac-43fe-9184-2994655066dd
      x-runtime:
      - '0.014097'
      x-xss-protection:
      - 1; mode=block
    status:
      code: 200
      message: OK
- request:
    body: null
    headers:
      Accept:
      - application/json;version=2
      Cookie:
      - _session_id=19e4e0a808806a65cb96c3107f5be44e
    method: GET
    uri: https://centos7-foreman-1-22/api/config_groups?per_page=4294967296&search=name%3D%22cfg_group2%22&thin=True
  response:
    body:
      string: !!python/unicode "{\n  \"total\": 2,\n  \"subtotal\": 1,\n  \"page\":
        1,\n  \"per_page\": 4294967296,\n  \"search\": \"name=\\\"cfg_group2\\\"\",\n
        \ \"sort\": {\n    \"by\": null,\n    \"order\": null\n  },\n  \"results\":
        [{\"created_at\":\"2019-08-27 16:01:10 UTC\",\"updated_at\":\"2019-08-27 16:01:10
        UTC\",\"id\":2,\"name\":\"cfg_group2\",\"puppetclasses\":[]}]\n}\n"
    headers:
      apipie-checksum:
      - d3e1ab676c84fc216ffc13da25fd35b92959027b
      cache-control:
      - max-age=0, private, must-revalidate
      content-security-policy:
      - 'default-src ''self''; child-src ''self''; connect-src ''self'' ws: wss:;
        img-src ''self'' data: *.gravatar.com; script-src ''unsafe-eval'' ''unsafe-inline''
        ''self''; style-src ''unsafe-inline'' ''self'''
      content-type:
      - application/json; charset=utf-8
      date:
      - Tue, 27 Aug 2019 16:01:13 GMT
      etag:
      - W/"34ddafe97951446742945eadf19b8956"
      foreman_api_version:
      - '2'
      foreman_version:
      - 1.22.0
      server:
      - Apache
      status:
      - 200 OK
      strict-transport-security:
      - max-age=631139040; includeSubdomains
      transfer-encoding:
      - chunked
      vary:
      - Accept-Encoding
      x-content-type-options:
      - nosniff
      x-download-options:
      - noopen
      x-frame-options:
      - sameorigin
      x-permitted-cross-domain-policies:
      - none
      x-powered-by:
      - Phusion Passenger 4.0.53
      x-request-id:
      - 2a9dce5f-c153-4ae5-a056-ced614f1a82d
      x-runtime:
      - '0.014006'
      x-xss-protection:
      - 1; mode=block
    status:
      code: 200
      message: OK
- request:
    body: null
    headers:
      Accept:
      - application/json;version=2
      Cookie:
      - _session_id=19e4e0a808806a65cb96c3107f5be44e
    method: GET
    uri: https://centos7-foreman-1-22/api/smart_proxies?per_page=4294967296&search=name%3D%22centos7-foreman-1-22.anubis.example.com%22&thin=True
  response:
    body:
      string: !!python/unicode "{\n  \"total\": 1,\n  \"subtotal\": 1,\n  \"page\":
        1,\n  \"per_page\": 4294967296,\n  \"search\": \"name=\\\"centos7-foreman-1-22.anubis.example.com\\\"\",\n
        \ \"sort\": {\n    \"by\": null,\n    \"order\": null\n  },\n  \"results\":
        [{\"created_at\":\"2019-08-01 11:32:09 UTC\",\"updated_at\":\"2019-08-01 11:32:09
        UTC\",\"name\":\"centos7-foreman-1-22.anubis.example.com\",\"id\":1,\"url\":\"https://centos7-foreman-1-22.anubis.example.com:8443\",\"features\":[{\"capabilities\":[],\"name\":\"TFTP\",\"id\":2},{\"capabilities\":[],\"name\":\"Puppet
        CA\",\"id\":6},{\"capabilities\":[],\"name\":\"Puppet\",\"id\":5},{\"capabilities\":[],\"name\":\"Logs\",\"id\":10},{\"capabilities\":[],\"name\":\"HTTPBoot\",\"id\":11},{\"capabilities\":[],\"name\":\"Realm\",\"id\":8},{\"capabilities\":[],\"name\":\"DNS\",\"id\":3}]}]\n}\n"
    headers:
      apipie-checksum:
      - d3e1ab676c84fc216ffc13da25fd35b92959027b
      cache-control:
      - max-age=0, private, must-revalidate
      content-security-policy:
      - 'default-src ''self''; child-src ''self''; connect-src ''self'' ws: wss:;
        img-src ''self'' data: *.gravatar.com; script-src ''unsafe-eval'' ''unsafe-inline''
        ''self''; style-src ''unsafe-inline'' ''self'''
      content-type:
      - application/json; charset=utf-8
      date:
      - Tue, 27 Aug 2019 16:01:13 GMT
      etag:
      - W/"a72a9239fdbbbedfe56d8d71f7c99162"
      foreman_api_version:
      - '2'
      foreman_version:
      - 1.22.0
      server:
      - Apache
      status:
      - 200 OK
      strict-transport-security:
      - max-age=631139040; includeSubdomains
      transfer-encoding:
      - chunked
      vary:
      - Accept-Encoding
      x-content-type-options:
      - nosniff
      x-download-options:
      - noopen
      x-frame-options:
      - sameorigin
      x-permitted-cross-domain-policies:
      - none
      x-powered-by:
      - Phusion Passenger 4.0.53
      x-request-id:
      - 2ea7c1f8-b31e-4ce3-8ebc-6bc77640c689
      x-runtime:
      - '0.016610'
      x-xss-protection:
      - 1; mode=block
    status:
      code: 200
      message: OK
- request:
    body: null
    headers:
      Accept:
      - application/json;version=2
      Cookie:
      - _session_id=19e4e0a808806a65cb96c3107f5be44e
    method: GET
    uri: https://centos7-foreman-1-22/api/smart_proxies?per_page=4294967296&search=name%3D%22centos7-foreman-1-22.anubis.example.com%22&thin=True
  response:
    body:
      string: !!python/unicode "{\n  \"total\": 1,\n  \"subtotal\": 1,\n  \"page\":
        1,\n  \"per_page\": 4294967296,\n  \"search\": \"name=\\\"centos7-foreman-1-22.anubis.example.com\\\"\",\n
        \ \"sort\": {\n    \"by\": null,\n    \"order\": null\n  },\n  \"results\":
        [{\"created_at\":\"2019-08-01 11:32:09 UTC\",\"updated_at\":\"2019-08-01 11:32:09
        UTC\",\"name\":\"centos7-foreman-1-22.anubis.example.com\",\"id\":1,\"url\":\"https://centos7-foreman-1-22.anubis.example.com:8443\",\"features\":[{\"capabilities\":[],\"name\":\"TFTP\",\"id\":2},{\"capabilities\":[],\"name\":\"Puppet
        CA\",\"id\":6},{\"capabilities\":[],\"name\":\"Puppet\",\"id\":5},{\"capabilities\":[],\"name\":\"Logs\",\"id\":10},{\"capabilities\":[],\"name\":\"HTTPBoot\",\"id\":11},{\"capabilities\":[],\"name\":\"Realm\",\"id\":8},{\"capabilities\":[],\"name\":\"DNS\",\"id\":3}]}]\n}\n"
    headers:
      apipie-checksum:
      - d3e1ab676c84fc216ffc13da25fd35b92959027b
      cache-control:
      - max-age=0, private, must-revalidate
      content-security-policy:
      - 'default-src ''self''; child-src ''self''; connect-src ''self'' ws: wss:;
        img-src ''self'' data: *.gravatar.com; script-src ''unsafe-eval'' ''unsafe-inline''
        ''self''; style-src ''unsafe-inline'' ''self'''
      content-type:
      - application/json; charset=utf-8
      date:
      - Tue, 27 Aug 2019 16:01:13 GMT
      etag:
      - W/"a72a9239fdbbbedfe56d8d71f7c99162"
      foreman_api_version:
      - '2'
      foreman_version:
      - 1.22.0
      server:
      - Apache
      status:
      - 200 OK
      strict-transport-security:
      - max-age=631139040; includeSubdomains
      transfer-encoding:
      - chunked
      vary:
      - Accept-Encoding
      x-content-type-options:
      - nosniff
      x-download-options:
      - noopen
      x-frame-options:
      - sameorigin
      x-permitted-cross-domain-policies:
      - none
      x-powered-by:
      - Phusion Passenger 4.0.53
      x-request-id:
      - b5930262-f17e-4330-b8ca-1acd59f4e191
      x-runtime:
      - '0.017508'
      x-xss-protection:
      - 1; mode=block
    status:
      code: 200
      message: OK
- request:
    body: null
    headers:
      Accept:
      - application/json;version=2
      Cookie:
      - _session_id=19e4e0a808806a65cb96c3107f5be44e
    method: GET
    uri: https://centos7-foreman-1-22/api/organizations?per_page=4294967296&search=name%3D%22Test+Org1%22&thin=True
  response:
    body:
      string: !!python/unicode "{\n  \"total\": 3,\n  \"subtotal\": 1,\n  \"page\":
        1,\n  \"per_page\": 4294967296,\n  \"search\": \"name=\\\"Test Org1\\\"\",\n
        \ \"sort\": {\n    \"by\": null,\n    \"order\": null\n  },\n  \"results\":
        [{\"ancestry\":null,\"parent_id\":null,\"parent_name\":null,\"created_at\":\"2019-08-02
        08:24:57 UTC\",\"updated_at\":\"2019-08-02 08:24:57 UTC\",\"id\":6,\"name\":\"Test
        Org1\",\"title\":\"Test Org1\",\"description\":\"A test organization\"}]\n}\n"
    headers:
      apipie-checksum:
      - d3e1ab676c84fc216ffc13da25fd35b92959027b
      cache-control:
      - max-age=0, private, must-revalidate
      content-security-policy:
      - 'default-src ''self''; child-src ''self''; connect-src ''self'' ws: wss:;
        img-src ''self'' data: *.gravatar.com; script-src ''unsafe-eval'' ''unsafe-inline''
        ''self''; style-src ''unsafe-inline'' ''self'''
      content-type:
      - application/json; charset=utf-8
      date:
      - Tue, 27 Aug 2019 16:01:13 GMT
      etag:
      - W/"bb982d18024bc8515d22a184b9b67223"
      foreman_api_version:
      - '2'
      foreman_version:
      - 1.22.0
      server:
      - Apache
      status:
      - 200 OK
      strict-transport-security:
      - max-age=631139040; includeSubdomains
      transfer-encoding:
      - chunked
      vary:
      - Accept-Encoding
      x-content-type-options:
      - nosniff
      x-download-options:
      - noopen
      x-frame-options:
      - sameorigin
      x-permitted-cross-domain-policies:
      - none
      x-powered-by:
      - Phusion Passenger 4.0.53
      x-request-id:
      - 582c4429-e3ce-4daf-97ff-2856475a2acf
      x-runtime:
      - '0.012854'
      x-xss-protection:
      - 1; mode=block
    status:
      code: 200
      message: OK
- request:
    body: null
    headers:
      Accept:
      - application/json;version=2
      Cookie:
      - _session_id=19e4e0a808806a65cb96c3107f5be44e
    method: GET
    uri: https://centos7-foreman-1-22/api/organizations?per_page=4294967296&search=name%3D%22Test+Org2%22&thin=True
  response:
    body:
      string: !!python/unicode "{\n  \"total\": 3,\n  \"subtotal\": 1,\n  \"page\":
        1,\n  \"per_page\": 4294967296,\n  \"search\": \"name=\\\"Test Org2\\\"\",\n
        \ \"sort\": {\n    \"by\": null,\n    \"order\": null\n  },\n  \"results\":
        [{\"ancestry\":null,\"parent_id\":null,\"parent_name\":null,\"created_at\":\"2019-08-02
        08:24:58 UTC\",\"updated_at\":\"2019-08-02 08:24:58 UTC\",\"id\":7,\"name\":\"Test
        Org2\",\"title\":\"Test Org2\",\"description\":\"A test organization\"}]\n}\n"
    headers:
      apipie-checksum:
      - d3e1ab676c84fc216ffc13da25fd35b92959027b
      cache-control:
      - max-age=0, private, must-revalidate
      content-security-policy:
      - 'default-src ''self''; child-src ''self''; connect-src ''self'' ws: wss:;
        img-src ''self'' data: *.gravatar.com; script-src ''unsafe-eval'' ''unsafe-inline''
        ''self''; style-src ''unsafe-inline'' ''self'''
      content-type:
      - application/json; charset=utf-8
      date:
      - Tue, 27 Aug 2019 16:01:13 GMT
      etag:
      - W/"21b6c219c8231438ae4e8d2981b0c1d0"
      foreman_api_version:
      - '2'
      foreman_version:
      - 1.22.0
      server:
      - Apache
      status:
      - 200 OK
      strict-transport-security:
      - max-age=631139040; includeSubdomains
      transfer-encoding:
      - chunked
      vary:
      - Accept-Encoding
      x-content-type-options:
      - nosniff
      x-download-options:
      - noopen
      x-frame-options:
      - sameorigin
      x-permitted-cross-domain-policies:
      - none
      x-powered-by:
      - Phusion Passenger 4.0.53
      x-request-id:
      - 259ac9aa-8491-4f0a-b3c3-51d35fc79e96
      x-runtime:
      - '0.012674'
      x-xss-protection:
      - 1; mode=block
    status:
      code: 200
      message: OK
- request:
    body: null
    headers:
      Accept:
      - application/json;version=2
      Cookie:
      - _session_id=19e4e0a808806a65cb96c3107f5be44e
    method: GET
    uri: https://centos7-foreman-1-22/api/hostgroups?per_page=4294967296&search=title%3D%22New+host+group%22&thin=False
  response:
    body:
      string: !!python/unicode "{\n  \"total\": 1,\n  \"subtotal\": 1,\n  \"page\":
        1,\n  \"per_page\": 4294967296,\n  \"search\": \"title=\\\"New host group\\\"\",\n
        \ \"sort\": {\n    \"by\": null,\n    \"order\": null\n  },\n  \"results\":
        [{\"subnet_id\":1,\"subnet_name\":\"Test subnet4\",\"operatingsystem_id\":8,\"operatingsystem_name\":\"TestOS
        7.6\",\"domain_id\":2,\"domain_name\":\"foo.example.com\",\"environment_id\":1,\"environment_name\":\"production\",\"compute_profile_id\":15,\"compute_profile_name\":\"myprofile\",\"ancestry\":null,\"parent_id\":null,\"parent_name\":null,\"ptable_id\":113,\"ptable_name\":\"Part
        table\",\"medium_id\":12,\"medium_name\":\"TestOS Mirror\",\"pxe_loader\":\"Grub2
        UEFI\",\"subnet6_id\":null,\"subnet6_name\":null,\"architecture_id\":1,\"architecture_name\":\"x86_64\",\"realm_id\":null,\"realm_name\":null,\"created_at\":\"2019-08-27
        16:01:12 UTC\",\"updated_at\":\"2019-08-27 16:01:12 UTC\",\"id\":1,\"name\":\"New
        host group\",\"title\":\"New host group\",\"description\":\"New host group\",\"puppet_proxy_id\":1,\"puppet_proxy_name\":\"centos7-foreman-1-22.anubis.example.com\",\"puppet_ca_proxy_id\":1,\"puppet_ca_proxy_name\":\"centos7-foreman-1-22.anubis.example.com\",\"puppet_proxy\":{\"name\":\"centos7-foreman-1-22.anubis.example.com\",\"id\":1,\"url\":\"https://centos7-foreman-1-22.anubis.example.com:8443\"},\"puppet_ca_proxy\":{\"name\":\"centos7-foreman-1-22.anubis.example.com\",\"id\":1,\"url\":\"https://centos7-foreman-1-22.anubis.example.com:8443\"}}]\n}\n"
    headers:
      apipie-checksum:
      - d3e1ab676c84fc216ffc13da25fd35b92959027b
      cache-control:
      - max-age=0, private, must-revalidate
      content-security-policy:
      - 'default-src ''self''; child-src ''self''; connect-src ''self'' ws: wss:;
        img-src ''self'' data: *.gravatar.com; script-src ''unsafe-eval'' ''unsafe-inline''
        ''self''; style-src ''unsafe-inline'' ''self'''
      content-type:
      - application/json; charset=utf-8
      date:
      - Tue, 27 Aug 2019 16:01:13 GMT
      etag:
      - W/"28c37adc1bdb431af200e284eeb1407e"
      foreman_api_version:
      - '2'
      foreman_version:
      - 1.22.0
      server:
      - Apache
      status:
      - 200 OK
      strict-transport-security:
      - max-age=631139040; includeSubdomains
      transfer-encoding:
      - chunked
      vary:
      - Accept-Encoding
      x-content-type-options:
      - nosniff
      x-download-options:
      - noopen
      x-frame-options:
      - sameorigin
      x-permitted-cross-domain-policies:
      - none
      x-powered-by:
      - Phusion Passenger 4.0.53
      x-request-id:
      - abbf6afc-33ea-4600-96cf-357978f031ab
      x-runtime:
      - '0.025260'
      x-xss-protection:
      - 1; mode=block
    status:
      code: 200
      message: OK
- request:
    body: null
    headers:
      Accept:
      - application/json;version=2
      Cookie:
      - _session_id=19e4e0a808806a65cb96c3107f5be44e
    method: GET
    uri: https://centos7-foreman-1-22/api/hostgroups/1
  response:
    body:
      string: !!python/unicode '{"subnet_id":1,"subnet_name":"Test subnet4","operatingsystem_id":8,"operatingsystem_name":"TestOS
        7.6","domain_id":2,"domain_name":"foo.example.com","environment_id":1,"environment_name":"production","compute_profile_id":15,"compute_profile_name":"myprofile","ancestry":null,"parent_id":null,"parent_name":null,"ptable_id":113,"ptable_name":"Part
        table","medium_id":12,"medium_name":"TestOS Mirror","pxe_loader":"Grub2 UEFI","subnet6_id":null,"subnet6_name":null,"architecture_id":1,"architecture_name":"x86_64","realm_id":null,"realm_name":null,"created_at":"2019-08-27
        16:01:12 UTC","updated_at":"2019-08-27 16:01:12 UTC","id":1,"name":"New host
        group","title":"New host group","description":"New host group","puppet_proxy_id":1,"puppet_proxy_name":"centos7-foreman-1-22.anubis.example.com","puppet_ca_proxy_id":1,"puppet_ca_proxy_name":"centos7-foreman-1-22.anubis.example.com","puppet_proxy":{"name":"centos7-foreman-1-22.anubis.example.com","id":1,"url":"https://centos7-foreman-1-22.anubis.example.com:8443"},"puppet_ca_proxy":{"name":"centos7-foreman-1-22.anubis.example.com","id":1,"url":"https://centos7-foreman-1-22.anubis.example.com:8443"},"parameters":[{"priority":60,"created_at":"2019-08-27
        16:01:12 UTC","updated_at":"2019-08-27 16:01:12 UTC","id":4,"name":"subnet_param1","parameter_type":"string","value":"value1"},{"priority":60,"created_at":"2019-08-27
        16:01:12 UTC","updated_at":"2019-08-27 16:01:12 UTC","id":3,"name":"subnet_param2","parameter_type":"string","value":"value2"}],"template_combinations":[],"puppetclasses":[],"config_groups":[{"created_at":"2019-08-27
        16:01:10 UTC","updated_at":"2019-08-27 16:01:10 UTC","id":1,"name":"cfg_group1","puppetclasses":[]},{"created_at":"2019-08-27
        16:01:10 UTC","updated_at":"2019-08-27 16:01:10 UTC","id":2,"name":"cfg_group2","puppetclasses":[]}],"all_puppetclasses":[],"locations":[{"id":5,"name":"Bar","title":"Bar","description":null},{"id":3,"name":"Foo","title":"Foo","description":null},{"id":4,"name":"Baz","title":"Foo/Baz","description":null}],"organizations":[{"id":6,"name":"Test
        Org1","title":"Test Org1","description":"A test organization"},{"id":7,"name":"Test
        Org2","title":"Test Org2","description":"A test organization"}]}'
    headers:
      apipie-checksum:
      - d3e1ab676c84fc216ffc13da25fd35b92959027b
      cache-control:
      - max-age=0, private, must-revalidate
      content-security-policy:
      - 'default-src ''self''; child-src ''self''; connect-src ''self'' ws: wss:;
        img-src ''self'' data: *.gravatar.com; script-src ''unsafe-eval'' ''unsafe-inline''
        ''self''; style-src ''unsafe-inline'' ''self'''
      content-type:
      - application/json; charset=utf-8
      date:
      - Tue, 27 Aug 2019 16:01:13 GMT
      etag:
      - W/"92f627f54048d713bb27873feffeba21"
      foreman_api_version:
      - '2'
      foreman_version:
      - 1.22.0
      server:
      - Apache
      status:
      - 200 OK
      strict-transport-security:
      - max-age=631139040; includeSubdomains
      transfer-encoding:
      - chunked
      vary:
      - Accept-Encoding
      x-content-type-options:
      - nosniff
      x-download-options:
      - noopen
      x-frame-options:
      - sameorigin
      x-permitted-cross-domain-policies:
      - none
      x-powered-by:
      - Phusion Passenger 4.0.53
      x-request-id:
      - a7a7a282-18ed-4321-9650-9a22cb99e9d7
      x-runtime:
      - '0.046415'
      x-xss-protection:
      - 1; mode=block
    status:
      code: 200
      message: OK
version: 1
