interactions:
- request:
    body: null
    headers:
      Accept:
      - application/json;version=2
    method: GET
    uri: https://centos7-foreman-1-22/api/status
  response:
    body:
      string: !!python/unicode '{"result":"ok","status":200,"version":"1.22.0","api_version":2}'
    headers:
      apipie-checksum:
      - d3e1ab676c84fc216ffc13da25fd35b92959027b
      cache-control:
      - max-age=0, private, must-revalidate
      content-length:
      - '63'
      content-security-policy:
      - 'default-src ''self''; child-src ''self''; connect-src ''self'' ws: wss:;
        img-src ''self'' data: *.gravatar.com; script-src ''unsafe-eval'' ''unsafe-inline''
        ''self''; style-src ''unsafe-inline'' ''self'''
      content-type:
      - application/json; charset=utf-8
      date:
      - Tue, 27 Aug 2019 16:01:20 GMT
      etag:
      - W/"674e9dbc2140c688b559566b581c5c09"
      foreman_api_version:
      - '2'
      foreman_version:
      - 1.22.0
      server:
      - Apache
      set-cookie:
      - _session_id=818c5b6ccf1a696784a8029186afe639; path=/; secure; HttpOnly; SameSite=Lax
      status:
      - 200 OK
      strict-transport-security:
      - max-age=631139040; includeSubdomains
      x-content-type-options:
      - nosniff
      x-download-options:
      - noopen
      x-frame-options:
      - sameorigin
      x-permitted-cross-domain-policies:
      - none
      x-powered-by:
      - Phusion Passenger 4.0.53
      x-request-id:
      - dd07c405-c958-4161-b79e-bfc04be5f5c9
      x-runtime:
      - '0.026287'
      x-xss-protection:
      - 1; mode=block
    status:
      code: 200
      message: OK
- request:
    body: null
    headers:
      Accept:
      - application/json;version=2
      Cookie:
      - _session_id=818c5b6ccf1a696784a8029186afe639
    method: GET
    uri: https://centos7-foreman-1-22/api/hostgroups?per_page=4294967296&search=title%3D%22New+host+group%22&thin=False
  response:
    body:
      string: !!python/unicode "{\n  \"total\": 1,\n  \"subtotal\": 1,\n  \"page\":
        1,\n  \"per_page\": 4294967296,\n  \"search\": \"title=\\\"New host group\\\"\",\n
        \ \"sort\": {\n    \"by\": null,\n    \"order\": null\n  },\n  \"results\":
        [{\"subnet_id\":1,\"subnet_name\":\"Test subnet4\",\"operatingsystem_id\":8,\"operatingsystem_name\":\"TestOS
        7.6\",\"domain_id\":2,\"domain_name\":\"foo.example.com\",\"environment_id\":1,\"environment_name\":\"production\",\"compute_profile_id\":15,\"compute_profile_name\":\"myprofile\",\"ancestry\":null,\"parent_id\":null,\"parent_name\":null,\"ptable_id\":113,\"ptable_name\":\"Part
        table\",\"medium_id\":12,\"medium_name\":\"TestOS Mirror\",\"pxe_loader\":\"Grub2
        UEFI\",\"subnet6_id\":null,\"subnet6_name\":null,\"architecture_id\":1,\"architecture_name\":\"x86_64\",\"realm_id\":null,\"realm_name\":null,\"created_at\":\"2019-08-27
        16:01:12 UTC\",\"updated_at\":\"2019-08-27 16:01:19 UTC\",\"id\":1,\"name\":\"New
        host group\",\"title\":\"New host group\",\"description\":\"New host group\",\"puppet_proxy_id\":1,\"puppet_proxy_name\":\"centos7-foreman-1-22.anubis.example.com\",\"puppet_ca_proxy_id\":1,\"puppet_ca_proxy_name\":\"centos7-foreman-1-22.anubis.example.com\",\"puppet_proxy\":{\"name\":\"centos7-foreman-1-22.anubis.example.com\",\"id\":1,\"url\":\"https://centos7-foreman-1-22.anubis.example.com:8443\"},\"puppet_ca_proxy\":{\"name\":\"centos7-foreman-1-22.anubis.example.com\",\"id\":1,\"url\":\"https://centos7-foreman-1-22.anubis.example.com:8443\"}}]\n}\n"
    headers:
      apipie-checksum:
      - d3e1ab676c84fc216ffc13da25fd35b92959027b
      cache-control:
      - max-age=0, private, must-revalidate
      content-security-policy:
      - 'default-src ''self''; child-src ''self''; connect-src ''self'' ws: wss:;
        img-src ''self'' data: *.gravatar.com; script-src ''unsafe-eval'' ''unsafe-inline''
        ''self''; style-src ''unsafe-inline'' ''self'''
      content-type:
      - application/json; charset=utf-8
      date:
      - Tue, 27 Aug 2019 16:01:20 GMT
      etag:
      - W/"0a26e433eb1ebbb2319b7ffa053b1824"
      foreman_api_version:
      - '2'
      foreman_version:
      - 1.22.0
      server:
      - Apache
      status:
      - 200 OK
      strict-transport-security:
      - max-age=631139040; includeSubdomains
      transfer-encoding:
      - chunked
      vary:
      - Accept-Encoding
      x-content-type-options:
      - nosniff
      x-download-options:
      - noopen
      x-frame-options:
      - sameorigin
      x-permitted-cross-domain-policies:
      - none
      x-powered-by:
      - Phusion Passenger 4.0.53
      x-request-id:
      - e050750b-20cf-4734-8641-bd692c3404f9
      x-runtime:
      - '0.032810'
      x-xss-protection:
      - 1; mode=block
    status:
      code: 200
      message: OK
- request:
    body: null
    headers:
      Accept:
      - application/json;version=2
      Cookie:
      - _session_id=818c5b6ccf1a696784a8029186afe639
    method: GET
    uri: https://centos7-foreman-1-22/api/hostgroups/1
  response:
    body:
      string: !!python/unicode '{"subnet_id":1,"subnet_name":"Test subnet4","operatingsystem_id":8,"operatingsystem_name":"TestOS
        7.6","domain_id":2,"domain_name":"foo.example.com","environment_id":1,"environment_name":"production","compute_profile_id":15,"compute_profile_name":"myprofile","ancestry":null,"parent_id":null,"parent_name":null,"ptable_id":113,"ptable_name":"Part
        table","medium_id":12,"medium_name":"TestOS Mirror","pxe_loader":"Grub2 UEFI","subnet6_id":null,"subnet6_name":null,"architecture_id":1,"architecture_name":"x86_64","realm_id":null,"realm_name":null,"created_at":"2019-08-27
        16:01:12 UTC","updated_at":"2019-08-27 16:01:19 UTC","id":1,"name":"New host
        group","title":"New host group","description":"New host group","puppet_proxy_id":1,"puppet_proxy_name":"centos7-foreman-1-22.anubis.example.com","puppet_ca_proxy_id":1,"puppet_ca_proxy_name":"centos7-foreman-1-22.anubis.example.com","puppet_proxy":{"name":"centos7-foreman-1-22.anubis.example.com","id":1,"url":"https://centos7-foreman-1-22.anubis.example.com:8443"},"puppet_ca_proxy":{"name":"centos7-foreman-1-22.anubis.example.com","id":1,"url":"https://centos7-foreman-1-22.anubis.example.com:8443"},"parameters":[{"priority":60,"created_at":"2019-08-27
        16:01:12 UTC","updated_at":"2019-08-27 16:01:16 UTC","id":4,"name":"subnet_param1","parameter_type":"string","value":"new_value1"},{"priority":60,"created_at":"2019-08-27
        16:01:16 UTC","updated_at":"2019-08-27 16:01:16 UTC","id":5,"name":"subnet_param3","parameter_type":"string","value":"value3"}],"template_combinations":[],"puppetclasses":[],"config_groups":[{"created_at":"2019-08-27
        16:01:10 UTC","updated_at":"2019-08-27 16:01:10 UTC","id":1,"name":"cfg_group1","puppetclasses":[]},{"created_at":"2019-08-27
        16:01:10 UTC","updated_at":"2019-08-27 16:01:10 UTC","id":2,"name":"cfg_group2","puppetclasses":[]}],"all_puppetclasses":[],"locations":[{"id":5,"name":"Bar","title":"Bar","description":null},{"id":3,"name":"Foo","title":"Foo","description":null},{"id":4,"name":"Baz","title":"Foo/Baz","description":null}],"organizations":[{"id":6,"name":"Test
        Org1","title":"Test Org1","description":"A test organization"},{"id":7,"name":"Test
        Org2","title":"Test Org2","description":"A test organization"}]}'
    headers:
      apipie-checksum:
      - d3e1ab676c84fc216ffc13da25fd35b92959027b
      cache-control:
      - max-age=0, private, must-revalidate
      content-security-policy:
      - 'default-src ''self''; child-src ''self''; connect-src ''self'' ws: wss:;
        img-src ''self'' data: *.gravatar.com; script-src ''unsafe-eval'' ''unsafe-inline''
        ''self''; style-src ''unsafe-inline'' ''self'''
      content-type:
      - application/json; charset=utf-8
      date:
      - Tue, 27 Aug 2019 16:01:20 GMT
      etag:
      - W/"2b06d10a2424633c8ff15c37e486e6eb"
      foreman_api_version:
      - '2'
      foreman_version:
      - 1.22.0
      server:
      - Apache
      status:
      - 200 OK
      strict-transport-security:
      - max-age=631139040; includeSubdomains
      transfer-encoding:
      - chunked
      vary:
      - Accept-Encoding
      x-content-type-options:
      - nosniff
      x-download-options:
      - noopen
      x-frame-options:
      - sameorigin
      x-permitted-cross-domain-policies:
      - none
      x-powered-by:
      - Phusion Passenger 4.0.53
      x-request-id:
      - 3196c7f2-af2b-4413-a453-1a40f57e29d2
      x-runtime:
      - '0.047408'
      x-xss-protection:
      - 1; mode=block
    status:
      code: 200
      message: OK
- request:
    body: !!python/unicode '{"hostgroup": {"root_pass": "changeme"}}'
    headers:
      Accept:
      - application/json;version=2
      Content-Length:
      - '40'
      Content-Type:
      - application/json
      Cookie:
      - _session_id=818c5b6ccf1a696784a8029186afe639
    method: PUT
    uri: https://centos7-foreman-1-22/api/hostgroups/1
  response:
    body:
      string: !!python/unicode '{"subnet_id":1,"subnet_name":"Test subnet4","operatingsystem_id":8,"operatingsystem_name":"TestOS
        7.6","domain_id":2,"domain_name":"foo.example.com","environment_id":1,"environment_name":"production","compute_profile_id":15,"compute_profile_name":"myprofile","ancestry":null,"parent_id":null,"parent_name":null,"ptable_id":113,"ptable_name":"Part
        table","medium_id":12,"medium_name":"TestOS Mirror","pxe_loader":"Grub2 UEFI","subnet6_id":null,"subnet6_name":null,"architecture_id":1,"architecture_name":"x86_64","realm_id":null,"realm_name":null,"created_at":"2019-08-27
        16:01:12 UTC","updated_at":"2019-08-27 16:01:20 UTC","id":1,"name":"New host
        group","title":"New host group","description":"New host group","puppet_proxy_id":1,"puppet_proxy_name":"centos7-foreman-1-22.anubis.example.com","puppet_ca_proxy_id":1,"puppet_ca_proxy_name":"centos7-foreman-1-22.anubis.example.com","puppet_proxy":{"name":"centos7-foreman-1-22.anubis.example.com","id":1,"url":"https://centos7-foreman-1-22.anubis.example.com:8443"},"puppet_ca_proxy":{"name":"centos7-foreman-1-22.anubis.example.com","id":1,"url":"https://centos7-foreman-1-22.anubis.example.com:8443"},"parameters":[{"priority":60,"created_at":"2019-08-27
        16:01:12 UTC","updated_at":"2019-08-27 16:01:16 UTC","id":4,"name":"subnet_param1","parameter_type":"string","value":"new_value1"},{"priority":60,"created_at":"2019-08-27
        16:01:16 UTC","updated_at":"2019-08-27 16:01:16 UTC","id":5,"name":"subnet_param3","parameter_type":"string","value":"value3"}],"template_combinations":[],"puppetclasses":[],"config_groups":[{"created_at":"2019-08-27
        16:01:10 UTC","updated_at":"2019-08-27 16:01:10 UTC","id":1,"name":"cfg_group1","puppetclasses":[]},{"created_at":"2019-08-27
        16:01:10 UTC","updated_at":"2019-08-27 16:01:10 UTC","id":2,"name":"cfg_group2","puppetclasses":[]}],"all_puppetclasses":[],"locations":[{"id":5,"name":"Bar","title":"Bar","description":null},{"id":3,"name":"Foo","title":"Foo","description":null},{"id":4,"name":"Baz","title":"Foo/Baz","description":null}],"organizations":[{"id":6,"name":"Test
        Org1","title":"Test Org1","description":"A test organization"},{"id":7,"name":"Test
        Org2","title":"Test Org2","description":"A test organization"}]}'
    headers:
      apipie-checksum:
      - d3e1ab676c84fc216ffc13da25fd35b92959027b
      cache-control:
      - max-age=0, private, must-revalidate
      content-security-policy:
      - 'default-src ''self''; child-src ''self''; connect-src ''self'' ws: wss:;
        img-src ''self'' data: *.gravatar.com; script-src ''unsafe-eval'' ''unsafe-inline''
        ''self''; style-src ''unsafe-inline'' ''self'''
      content-type:
      - application/json; charset=utf-8
      date:
      - Tue, 27 Aug 2019 16:01:20 GMT
      etag:
      - W/"df33aa641f5279135a516a261bd99676"
      foreman_api_version:
      - '2'
      foreman_version:
      - 1.22.0
      server:
      - Apache
      set-cookie:
      - request_method=PUT; path=/; secure; HttpOnly; SameSite=Lax
      status:
      - 200 OK
      strict-transport-security:
      - max-age=631139040; includeSubdomains
      transfer-encoding:
      - chunked
      vary:
      - Accept-Encoding
      x-content-type-options:
      - nosniff
      x-download-options:
      - noopen
      x-frame-options:
      - sameorigin
      x-permitted-cross-domain-policies:
      - none
      x-powered-by:
      - Phusion Passenger 4.0.53
      x-request-id:
      - cf41f3c4-8449-4d47-86e2-6431749c8f1a
      x-runtime:
      - '0.080606'
      x-xss-protection:
      - 1; mode=block
    status:
      code: 200
      message: OK
version: 1
