interactions:
- request:
    body: null
    headers:
      Accept:
      - application/json;version=2
      Accept-Encoding:
      - gzip, deflate
      Connection:
      - keep-alive
      User-Agent:
      - apypie (https://github.com/Apipie/apypie)
    method: GET
    uri: https://foreman.example.org/api/status
  response:
    body:
      string: '{"result":"ok","status":200,"version":"3.13.0-develop","api_version":2}'
    headers:
      Cache-Control:
      - max-age=0, private, must-revalidate
      Connection:
      - Keep-Alive
      Content-Length:
      - '71'
      Content-Security-Policy:
      - 'default-src ''self''; child-src ''self''; connect-src ''self'' ws: wss:;
        img-src ''self'' data:; script-src ''unsafe-eval'' ''unsafe-inline'' ''self'';
        style-src ''unsafe-inline'' ''self'''
      Content-Type:
      - application/json; charset=utf-8
      Foreman_api_version:
      - '2'
      Foreman_current_location:
      - ; ANY
      Foreman_current_organization:
      - ; ANY
      Foreman_version:
      - 3.13.0-develop
      Keep-Alive:
      - timeout=15, max=100
      Strict-Transport-Security:
      - max-age=631139040; includeSubdomains
      X-Content-Type-Options:
      - nosniff
      X-Download-Options:
      - noopen
      X-Frame-Options:
      - sameorigin
      X-Permitted-Cross-Domain-Policies:
      - none
      X-XSS-Protection:
      - 1; mode=block
    status:
      code: 200
      message: OK
- request:
    body: null
    headers:
      Accept:
      - application/json;version=2
      Accept-Encoding:
      - gzip, deflate
      Connection:
      - keep-alive
      User-Agent:
      - apypie (https://github.com/Apipie/apypie)
    method: GET
    uri: https://foreman.example.org/api/hostgroups?search=title%3D%22New+host+group%2FNested+New+host+group%22&per_page=4294967296
  response:
    body:
      string: "{\n  \"total\": 1,\n  \"subtotal\": 0,\n  \"page\": 1,\n  \"per_page\":
        4294967296,\n  \"search\": \"title=\\\"New host group/Nested New host group\\\"\",\n
        \ \"sort\": {\n    \"by\": null,\n    \"order\": null\n  },\n  \"results\":
        []\n}\n"
    headers:
      Cache-Control:
      - max-age=0, private, must-revalidate
      Connection:
      - Keep-Alive
      Content-Length:
      - '203'
      Content-Security-Policy:
      - 'default-src ''self''; child-src ''self''; connect-src ''self'' ws: wss:;
        img-src ''self'' data:; script-src ''unsafe-eval'' ''unsafe-inline'' ''self'';
        style-src ''unsafe-inline'' ''self'''
      Content-Type:
      - application/json; charset=utf-8
      Foreman_api_version:
      - '2'
      Foreman_current_location:
      - ; ANY
      Foreman_current_organization:
      - ; ANY
      Foreman_version:
      - 3.13.0-develop
      Keep-Alive:
      - timeout=15, max=99
      Strict-Transport-Security:
      - max-age=631139040; includeSubdomains
      X-Content-Type-Options:
      - nosniff
      X-Download-Options:
      - noopen
      X-Frame-Options:
      - sameorigin
      X-Permitted-Cross-Domain-Policies:
      - none
      X-XSS-Protection:
      - 1; mode=block
    status:
      code: 200
      message: OK
- request:
    body: null
    headers:
      Accept:
      - application/json;version=2
      Accept-Encoding:
      - gzip, deflate
      Connection:
      - keep-alive
      User-Agent:
      - apypie (https://github.com/Apipie/apypie)
    method: GET
    uri: https://foreman.example.org/api/hostgroups?search=title%3D%22New+host+group%22&per_page=4294967296
  response:
    body:
      string: "{\n  \"total\": 1,\n  \"subtotal\": 1,\n  \"page\": 1,\n  \"per_page\":
        4294967296,\n  \"search\": \"title=\\\"New host group\\\"\",\n  \"sort\":
        {\n    \"by\": null,\n    \"order\": null\n  },\n  \"results\": [{\"subnet_id\":3,\"subnet_name\":\"Test
        subnet4\",\"operatingsystem_id\":4,\"operatingsystem_name\":\"TestOS 7.6\",\"domain_id\":6,\"domain_name\":\"foo.example.com\",\"compute_profile_id\":6,\"compute_profile_name\":\"myprofile\",\"ancestry\":null,\"parent_id\":null,\"parent_name\":null,\"ptable_id\":159,\"ptable_name\":\"Part
        table\",\"medium_id\":18,\"medium_name\":\"TestOS Mirror\",\"pxe_loader\":\"Grub2
        UEFI\",\"subnet6_id\":null,\"subnet6_name\":null,\"compute_resource_id\":1,\"compute_resource_name\":\"libvirt-cr\",\"architecture_id\":1,\"architecture_name\":\"x86_64\",\"realm_id\":null,\"realm_name\":null,\"created_at\":\"2024-10-08
        11:08:07 UTC\",\"updated_at\":\"2024-10-08 11:08:07 UTC\",\"id\":19,\"name\":\"New
        host group\",\"title\":\"New host group\",\"description\":\"New host group\",\"puppet_proxy_id\":1,\"puppet_proxy_name\":\"almalinux8-foreman-nightly.tanso.example.com\",\"puppet_ca_proxy_id\":1,\"puppet_ca_proxy_name\":\"almalinux8-foreman-nightly.tanso.example.com\",\"puppet_proxy\":{\"name\":\"almalinux8-foreman-nightly.tanso.example.com\",\"id\":1,\"url\":\"https://almalinux8-foreman-nightly.tanso.example.com:8443\"},\"puppet_ca_proxy\":{\"name\":\"almalinux8-foreman-nightly.tanso.example.com\",\"id\":1,\"url\":\"https://almalinux8-foreman-nightly.tanso.example.com:8443\"},\"inherited_compute_profile_id\":null,\"inherited_domain_id\":null,\"inherited_puppet_proxy_id\":null,\"inherited_puppet_ca_proxy_id\":null,\"inherited_compute_resource_id\":null,\"inherited_operatingsystem_id\":null,\"inherited_architecture_id\":null,\"inherited_medium_id\":null,\"inherited_ptable_id\":null,\"inherited_subnet_id\":null,\"inherited_subnet6_id\":null,\"inherited_realm_id\":null,\"inherited_pxe_loader\":null,\"environment_id\":1,\"environment_name\":\"production\",\"inherited_environment_id\":null}]\n}\n"
    headers:
      Cache-Control:
      - max-age=0, private, must-revalidate
      Connection:
      - Keep-Alive
      Content-Length:
      - '1857'
      Content-Security-Policy:
      - 'default-src ''self''; child-src ''self''; connect-src ''self'' ws: wss:;
        img-src ''self'' data:; script-src ''unsafe-eval'' ''unsafe-inline'' ''self'';
        style-src ''unsafe-inline'' ''self'''
      Content-Type:
      - application/json; charset=utf-8
      Foreman_api_version:
      - '2'
      Foreman_current_location:
      - ; ANY
      Foreman_current_organization:
      - ; ANY
      Foreman_version:
      - 3.13.0-develop
      Keep-Alive:
      - timeout=15, max=98
      Strict-Transport-Security:
      - max-age=631139040; includeSubdomains
      X-Content-Type-Options:
      - nosniff
      X-Download-Options:
      - noopen
      X-Frame-Options:
      - sameorigin
      X-Permitted-Cross-Domain-Policies:
      - none
      X-XSS-Protection:
      - 1; mode=block
    status:
      code: 200
      message: OK
- request:
    body: null
    headers:
      Accept:
      - application/json;version=2
      Accept-Encoding:
      - gzip, deflate
      Connection:
      - keep-alive
      User-Agent:
      - apypie (https://github.com/Apipie/apypie)
    method: GET
    uri: https://foreman.example.org/api/organizations?search=name%3D%22Test+Org1%22&per_page=4294967296
  response:
    body:
      string: "{\n  \"total\": 3,\n  \"subtotal\": 1,\n  \"page\": 1,\n  \"per_page\":
        4294967296,\n  \"search\": \"name=\\\"Test Org1\\\"\",\n  \"sort\": {\n    \"by\":
        null,\n    \"order\": null\n  },\n  \"results\": [{\"ancestry\":null,\"parent_id\":null,\"parent_name\":null,\"created_at\":\"2024-10-08
        10:52:20 UTC\",\"updated_at\":\"2024-10-08 10:52:20 UTC\",\"id\":16,\"name\":\"Test
        Org1\",\"title\":\"Test Org1\",\"description\":\"A test organization\"}]\n}\n"
    headers:
      Cache-Control:
      - max-age=0, private, must-revalidate
      Connection:
      - Keep-Alive
      Content-Length:
      - '389'
      Content-Security-Policy:
      - 'default-src ''self''; child-src ''self''; connect-src ''self'' ws: wss:;
        img-src ''self'' data:; script-src ''unsafe-eval'' ''unsafe-inline'' ''self'';
        style-src ''unsafe-inline'' ''self'''
      Content-Type:
      - application/json; charset=utf-8
      Foreman_api_version:
      - '2'
      Foreman_current_location:
      - ; ANY
      Foreman_current_organization:
      - ; ANY
      Foreman_version:
      - 3.13.0-develop
      Keep-Alive:
      - timeout=15, max=97
      Strict-Transport-Security:
      - max-age=631139040; includeSubdomains
      X-Content-Type-Options:
      - nosniff
      X-Download-Options:
      - noopen
      X-Frame-Options:
      - sameorigin
      X-Permitted-Cross-Domain-Policies:
      - none
      X-XSS-Protection:
      - 1; mode=block
    status:
      code: 200
      message: OK
- request:
    body: null
    headers:
      Accept:
      - application/json;version=2
      Accept-Encoding:
      - gzip, deflate
      Connection:
      - keep-alive
      User-Agent:
      - apypie (https://github.com/Apipie/apypie)
    method: GET
    uri: https://foreman.example.org/api/organizations?search=name%3D%22Test+Org2%22&per_page=4294967296
  response:
    body:
      string: "{\n  \"total\": 3,\n  \"subtotal\": 1,\n  \"page\": 1,\n  \"per_page\":
        4294967296,\n  \"search\": \"name=\\\"Test Org2\\\"\",\n  \"sort\": {\n    \"by\":
        null,\n    \"order\": null\n  },\n  \"results\": [{\"ancestry\":null,\"parent_id\":null,\"parent_name\":null,\"created_at\":\"2024-10-08
        10:52:20 UTC\",\"updated_at\":\"2024-10-08 10:52:20 UTC\",\"id\":17,\"name\":\"Test
        Org2\",\"title\":\"Test Org2\",\"description\":\"A test organization\"}]\n}\n"
    headers:
      Cache-Control:
      - max-age=0, private, must-revalidate
      Connection:
      - Keep-Alive
      Content-Length:
      - '389'
      Content-Security-Policy:
      - 'default-src ''self''; child-src ''self''; connect-src ''self'' ws: wss:;
        img-src ''self'' data:; script-src ''unsafe-eval'' ''unsafe-inline'' ''self'';
        style-src ''unsafe-inline'' ''self'''
      Content-Type:
      - application/json; charset=utf-8
      Foreman_api_version:
      - '2'
      Foreman_current_location:
      - ; ANY
      Foreman_current_organization:
      - ; ANY
      Foreman_version:
      - 3.13.0-develop
      Keep-Alive:
      - timeout=15, max=96
      Strict-Transport-Security:
      - max-age=631139040; includeSubdomains
      X-Content-Type-Options:
      - nosniff
      X-Download-Options:
      - noopen
      X-Frame-Options:
      - sameorigin
      X-Permitted-Cross-Domain-Policies:
      - none
      X-XSS-Protection:
      - 1; mode=block
    status:
      code: 200
      message: OK
- request:
    body: null
    headers:
      Accept:
      - application/json;version=2
      Accept-Encoding:
      - gzip, deflate
      Connection:
      - keep-alive
      User-Agent:
      - apypie (https://github.com/Apipie/apypie)
    method: GET
    uri: https://foreman.example.org/api/locations?search=title%3D%22Foo%22&per_page=4294967296
  response:
    body:
      string: "{\n  \"total\": 4,\n  \"subtotal\": 1,\n  \"page\": 1,\n  \"per_page\":
        4294967296,\n  \"search\": \"title=\\\"Foo\\\"\",\n  \"sort\": {\n    \"by\":
        null,\n    \"order\": null\n  },\n  \"results\": [{\"ancestry\":null,\"parent_id\":null,\"parent_name\":null,\"created_at\":\"2024-10-08
        10:52:17 UTC\",\"updated_at\":\"2024-10-08 10:52:17 UTC\",\"id\":13,\"name\":\"Foo\",\"title\":\"Foo\",\"description\":null}]\n}\n"
    headers:
      Cache-Control:
      - max-age=0, private, must-revalidate
      Connection:
      - Keep-Alive
      Content-Length:
      - '355'
      Content-Security-Policy:
      - 'default-src ''self''; child-src ''self''; connect-src ''self'' ws: wss:;
        img-src ''self'' data:; script-src ''unsafe-eval'' ''unsafe-inline'' ''self'';
        style-src ''unsafe-inline'' ''self'''
      Content-Type:
      - application/json; charset=utf-8
      Foreman_api_version:
      - '2'
      Foreman_current_location:
      - ; ANY
      Foreman_current_organization:
      - ; ANY
      Foreman_version:
      - 3.13.0-develop
      Keep-Alive:
      - timeout=15, max=95
      Strict-Transport-Security:
      - max-age=631139040; includeSubdomains
      X-Content-Type-Options:
      - nosniff
      X-Download-Options:
      - noopen
      X-Frame-Options:
      - sameorigin
      X-Permitted-Cross-Domain-Policies:
      - none
      X-XSS-Protection:
      - 1; mode=block
    status:
      code: 200
      message: OK
- request:
    body: null
    headers:
      Accept:
      - application/json;version=2
      Accept-Encoding:
      - gzip, deflate
      Connection:
      - keep-alive
      User-Agent:
      - apypie (https://github.com/Apipie/apypie)
    method: GET
    uri: https://foreman.example.org/api/locations?search=title%3D%22Foo%2FBaz%22&per_page=4294967296
  response:
    body:
      string: "{\n  \"total\": 4,\n  \"subtotal\": 1,\n  \"page\": 1,\n  \"per_page\":
        4294967296,\n  \"search\": \"title=\\\"Foo/Baz\\\"\",\n  \"sort\": {\n    \"by\":
        null,\n    \"order\": null\n  },\n  \"results\": [{\"ancestry\":\"13\",\"parent_id\":13,\"parent_name\":\"Foo\",\"created_at\":\"2024-10-08
        10:52:18 UTC\",\"updated_at\":\"2024-10-08 10:52:18 UTC\",\"id\":14,\"name\":\"Baz\",\"title\":\"Foo/Baz\",\"description\":null}]\n}\n"
    headers:
      Cache-Control:
      - max-age=0, private, must-revalidate
      Connection:
      - Keep-Alive
      Content-Length:
      - '362'
      Content-Security-Policy:
      - 'default-src ''self''; child-src ''self''; connect-src ''self'' ws: wss:;
        img-src ''self'' data:; script-src ''unsafe-eval'' ''unsafe-inline'' ''self'';
        style-src ''unsafe-inline'' ''self'''
      Content-Type:
      - application/json; charset=utf-8
      Foreman_api_version:
      - '2'
      Foreman_current_location:
      - ; ANY
      Foreman_current_organization:
      - ; ANY
      Foreman_version:
      - 3.13.0-develop
      Keep-Alive:
      - timeout=15, max=94
      Strict-Transport-Security:
      - max-age=631139040; includeSubdomains
      X-Content-Type-Options:
      - nosniff
      X-Download-Options:
      - noopen
      X-Frame-Options:
      - sameorigin
      X-Permitted-Cross-Domain-Policies:
      - none
      X-XSS-Protection:
      - 1; mode=block
    status:
      code: 200
      message: OK
- request:
    body: null
    headers:
      Accept:
      - application/json;version=2
      Accept-Encoding:
      - gzip, deflate
      Connection:
      - keep-alive
      User-Agent:
      - apypie (https://github.com/Apipie/apypie)
    method: GET
    uri: https://foreman.example.org/api/locations?search=title%3D%22Bar%22&per_page=4294967296
  response:
    body:
      string: "{\n  \"total\": 4,\n  \"subtotal\": 1,\n  \"page\": 1,\n  \"per_page\":
        4294967296,\n  \"search\": \"title=\\\"Bar\\\"\",\n  \"sort\": {\n    \"by\":
        null,\n    \"order\": null\n  },\n  \"results\": [{\"ancestry\":null,\"parent_id\":null,\"parent_name\":null,\"created_at\":\"2024-10-08
        10:52:19 UTC\",\"updated_at\":\"2024-10-08 10:52:19 UTC\",\"id\":15,\"name\":\"Bar\",\"title\":\"Bar\",\"description\":null}]\n}\n"
    headers:
      Cache-Control:
      - max-age=0, private, must-revalidate
      Connection:
      - Keep-Alive
      Content-Length:
      - '355'
      Content-Security-Policy:
      - 'default-src ''self''; child-src ''self''; connect-src ''self'' ws: wss:;
        img-src ''self'' data:; script-src ''unsafe-eval'' ''unsafe-inline'' ''self'';
        style-src ''unsafe-inline'' ''self'''
      Content-Type:
      - application/json; charset=utf-8
      Foreman_api_version:
      - '2'
      Foreman_current_location:
      - ; ANY
      Foreman_current_organization:
      - ; ANY
      Foreman_version:
      - 3.13.0-develop
      Keep-Alive:
      - timeout=15, max=93
      Strict-Transport-Security:
      - max-age=631139040; includeSubdomains
      X-Content-Type-Options:
      - nosniff
      X-Download-Options:
      - noopen
      X-Frame-Options:
      - sameorigin
      X-Permitted-Cross-Domain-Policies:
      - none
      X-XSS-Protection:
      - 1; mode=block
    status:
      code: 200
      message: OK
- request:
    body: null
    headers:
      Accept:
      - application/json;version=2
      Accept-Encoding:
      - gzip, deflate
      Connection:
      - keep-alive
      User-Agent:
      - apypie (https://github.com/Apipie/apypie)
    method: GET
    uri: https://foreman.example.org/api/domains?search=name%3D%22foo.example.com%22&per_page=4294967296
  response:
    body:
      string: "{\n  \"total\": 3,\n  \"subtotal\": 1,\n  \"page\": 1,\n  \"per_page\":
        4294967296,\n  \"search\": \"name=\\\"foo.example.com\\\"\",\n  \"sort\":
        {\n    \"by\": null,\n    \"order\": null\n  },\n  \"results\": [{\"fullname\":null,\"created_at\":\"2024-10-08
        10:52:22 UTC\",\"updated_at\":\"2024-10-08 10:52:22 UTC\",\"id\":6,\"name\":\"foo.example.com\",\"dns_id\":1,\"dns\":{\"name\":\"almalinux8-foreman-nightly.tanso.example.com\",\"id\":1,\"url\":\"https://almalinux8-foreman-nightly.tanso.example.com:8443\"}}]\n}\n"
    headers:
      Cache-Control:
      - max-age=0, private, must-revalidate
      Connection:
      - Keep-Alive
      Content-Length:
      - '454'
      Content-Security-Policy:
      - 'default-src ''self''; child-src ''self''; connect-src ''self'' ws: wss:;
        img-src ''self'' data:; script-src ''unsafe-eval'' ''unsafe-inline'' ''self'';
        style-src ''unsafe-inline'' ''self'''
      Content-Type:
      - application/json; charset=utf-8
      Foreman_api_version:
      - '2'
      Foreman_current_location:
      - ; ANY
      Foreman_current_organization:
      - ; ANY
      Foreman_version:
      - 3.13.0-develop
      Keep-Alive:
      - timeout=15, max=92
      Strict-Transport-Security:
      - max-age=631139040; includeSubdomains
      X-Content-Type-Options:
      - nosniff
      X-Download-Options:
      - noopen
      X-Frame-Options:
      - sameorigin
      X-Permitted-Cross-Domain-Policies:
      - none
      X-XSS-Protection:
      - 1; mode=block
    status:
      code: 200
      message: OK
- request:
    body: null
    headers:
      Accept:
      - application/json;version=2
      Accept-Encoding:
      - gzip, deflate
      Connection:
      - keep-alive
      User-Agent:
      - apypie (https://github.com/Apipie/apypie)
    method: GET
    uri: https://foreman.example.org/api/subnets?search=name%3D%22Test+subnet4%22&per_page=4294967296
  response:
    body:
      string: "{\n  \"total\": 1,\n  \"subtotal\": 1,\n  \"page\": 1,\n  \"per_page\":
        4294967296,\n  \"search\": \"name=\\\"Test subnet4\\\"\",\n  \"sort\": {\n
        \   \"by\": null,\n    \"order\": null\n  },\n  \"results\": [{\"network\":\"192.168.200.0\",\"network_type\":\"IPv4\",\"cidr\":27,\"mask\":\"255.255.255.224\",\"priority\":null,\"vlanid\":null,\"mtu\":1500,\"gateway\":null,\"dns_primary\":null,\"dns_secondary\":null,\"from\":null,\"to\":null,\"created_at\":\"2024-10-08
        10:52:23 UTC\",\"updated_at\":\"2024-10-08 10:52:23 UTC\",\"ipam\":\"DHCP\",\"boot_mode\":\"DHCP\",\"nic_delay\":null,\"id\":3,\"name\":\"Test
        subnet4\",\"description\":null,\"network_address\":\"192.168.200.0/27\",\"dhcp_id\":null,\"dhcp_name\":null,\"tftp_id\":null,\"tftp_name\":null,\"httpboot_id\":null,\"httpboot_name\":null,\"externalipam_id\":null,\"externalipam_name\":null,\"dns_id\":null,\"template_id\":null,\"template_name\":null,\"bmc_id\":null,\"bmc_name\":null,\"dhcp\":null,\"tftp\":null,\"httpboot\":null,\"externalipam\":null,\"dns\":null,\"template\":null,\"bmc\":null}]\n}\n"
    headers:
      Cache-Control:
      - max-age=0, private, must-revalidate
      Connection:
      - Keep-Alive
      Content-Length:
      - '927'
      Content-Security-Policy:
      - 'default-src ''self''; child-src ''self''; connect-src ''self'' ws: wss:;
        img-src ''self'' data:; script-src ''unsafe-eval'' ''unsafe-inline'' ''self'';
        style-src ''unsafe-inline'' ''self'''
      Content-Type:
      - application/json; charset=utf-8
      Foreman_api_version:
      - '2'
      Foreman_current_location:
      - ; ANY
      Foreman_current_organization:
      - ; ANY
      Foreman_version:
      - 3.13.0-develop
      Keep-Alive:
      - timeout=15, max=91
      Strict-Transport-Security:
      - max-age=631139040; includeSubdomains
      X-Content-Type-Options:
      - nosniff
      X-Download-Options:
      - noopen
      X-Frame-Options:
      - sameorigin
      X-Permitted-Cross-Domain-Policies:
      - none
      X-XSS-Protection:
      - 1; mode=block
    status:
      code: 200
      message: OK
- request:
    body: null
    headers:
      Accept:
      - application/json;version=2
      Accept-Encoding:
      - gzip, deflate
      Connection:
      - keep-alive
      User-Agent:
      - apypie (https://github.com/Apipie/apypie)
    method: GET
    uri: https://foreman.example.org/api/architectures?search=name%3D%22x86_64%22&per_page=4294967296
  response:
    body:
      string: "{\n  \"total\": 1,\n  \"subtotal\": 1,\n  \"page\": 1,\n  \"per_page\":
        4294967296,\n  \"search\": \"name=\\\"x86_64\\\"\",\n  \"sort\": {\n    \"by\":
        null,\n    \"order\": null\n  },\n  \"results\": [{\"created_at\":\"2024-10-04
        11:20:13 UTC\",\"updated_at\":\"2024-10-04 11:20:13 UTC\",\"name\":\"x86_64\",\"id\":1}]\n}\n"
    headers:
      Cache-Control:
      - max-age=0, private, must-revalidate
      Connection:
      - Keep-Alive
      Content-Length:
      - '274'
      Content-Security-Policy:
      - 'default-src ''self''; child-src ''self''; connect-src ''self'' ws: wss:;
        img-src ''self'' data:; script-src ''unsafe-eval'' ''unsafe-inline'' ''self'';
        style-src ''unsafe-inline'' ''self'''
      Content-Type:
      - application/json; charset=utf-8
      Foreman_api_version:
      - '2'
      Foreman_current_location:
      - ; ANY
      Foreman_current_organization:
      - ; ANY
      Foreman_version:
      - 3.13.0-develop
      Keep-Alive:
      - timeout=15, max=90
      Strict-Transport-Security:
      - max-age=631139040; includeSubdomains
      X-Content-Type-Options:
      - nosniff
      X-Download-Options:
      - noopen
      X-Frame-Options:
      - sameorigin
      X-Permitted-Cross-Domain-Policies:
      - none
      X-XSS-Protection:
      - 1; mode=block
    status:
      code: 200
      message: OK
- request:
    body: null
    headers:
      Accept:
      - application/json;version=2
      Accept-Encoding:
      - gzip, deflate
      Connection:
      - keep-alive
      User-Agent:
      - apypie (https://github.com/Apipie/apypie)
    method: GET
    uri: https://foreman.example.org/api/operatingsystems?search=title%3D%22TestOS+7.6%22&per_page=4294967296
  response:
    body:
      string: "{\n  \"total\": 2,\n  \"subtotal\": 1,\n  \"page\": 1,\n  \"per_page\":
        4294967296,\n  \"search\": \"title=\\\"TestOS 7.6\\\"\",\n  \"sort\": {\n
        \   \"by\": null,\n    \"order\": null\n  },\n  \"results\": [{\"description\":null,\"major\":\"7\",\"minor\":\"6\",\"family\":\"Redhat\",\"release_name\":\"reverse
        whip\",\"password_hash\":\"SHA256\",\"created_at\":\"2024-10-08 10:52:25 UTC\",\"updated_at\":\"2024-10-08
        10:52:25 UTC\",\"id\":4,\"name\":\"TestOS\",\"title\":\"TestOS 7.6\"}]\n}\n"
    headers:
      Cache-Control:
      - max-age=0, private, must-revalidate
      Connection:
      - Keep-Alive
      Content-Length:
      - '416'
      Content-Security-Policy:
      - 'default-src ''self''; child-src ''self''; connect-src ''self'' ws: wss:;
        img-src ''self'' data:; script-src ''unsafe-eval'' ''unsafe-inline'' ''self'';
        style-src ''unsafe-inline'' ''self'''
      Content-Type:
      - application/json; charset=utf-8
      Foreman_api_version:
      - '2'
      Foreman_current_location:
      - ; ANY
      Foreman_current_organization:
      - ; ANY
      Foreman_version:
      - 3.13.0-develop
      Keep-Alive:
      - timeout=15, max=89
      Strict-Transport-Security:
      - max-age=631139040; includeSubdomains
      X-Content-Type-Options:
      - nosniff
      X-Download-Options:
      - noopen
      X-Frame-Options:
      - sameorigin
      X-Permitted-Cross-Domain-Policies:
      - none
      X-XSS-Protection:
      - 1; mode=block
    status:
      code: 200
      message: OK
- request:
    body: null
    headers:
      Accept:
      - application/json;version=2
      Accept-Encoding:
      - gzip, deflate
      Connection:
      - keep-alive
      User-Agent:
      - apypie (https://github.com/Apipie/apypie)
    method: GET
    uri: https://foreman.example.org/api/media?search=name%3D%22TestOS+Mirror%22&per_page=4294967296
  response:
    body:
      string: "{\n  \"total\": 16,\n  \"subtotal\": 1,\n  \"page\": 1,\n  \"per_page\":
        4294967296,\n  \"search\": \"name=\\\"TestOS Mirror\\\"\",\n  \"sort\": {\n
        \   \"by\": null,\n    \"order\": null\n  },\n  \"results\": [{\"path\":\"https://templeos.org/TempleOS.ISO\",\"os_family\":\"Redhat\",\"created_at\":\"2024-10-08
        10:52:25 UTC\",\"updated_at\":\"2024-10-08 10:52:25 UTC\",\"id\":18,\"name\":\"TestOS
        Mirror\"}]\n}\n"
    headers:
      Cache-Control:
      - max-age=0, private, must-revalidate
      Connection:
      - Keep-Alive
      Content-Length:
      - '354'
      Content-Security-Policy:
      - 'default-src ''self''; child-src ''self''; connect-src ''self'' ws: wss:;
        img-src ''self'' data:; script-src ''unsafe-eval'' ''unsafe-inline'' ''self'';
        style-src ''unsafe-inline'' ''self'''
      Content-Type:
      - application/json; charset=utf-8
      Foreman_api_version:
      - '2'
      Foreman_current_location:
      - ; ANY
      Foreman_current_organization:
      - ; ANY
      Foreman_version:
      - 3.13.0-develop
      Keep-Alive:
      - timeout=15, max=88
      Strict-Transport-Security:
      - max-age=631139040; includeSubdomains
      X-Content-Type-Options:
      - nosniff
      X-Download-Options:
      - noopen
      X-Frame-Options:
      - sameorigin
      X-Permitted-Cross-Domain-Policies:
      - none
      X-XSS-Protection:
      - 1; mode=block
    status:
      code: 200
      message: OK
- request:
    body: null
    headers:
      Accept:
      - application/json;version=2
      Accept-Encoding:
      - gzip, deflate
      Connection:
      - keep-alive
      User-Agent:
      - apypie (https://github.com/Apipie/apypie)
    method: GET
    uri: https://foreman.example.org/api/ptables?search=name%3D%22Part+table%22&per_page=4294967296
  response:
    body:
      string: "{\n  \"total\": 23,\n  \"subtotal\": 1,\n  \"page\": 1,\n  \"per_page\":
        4294967296,\n  \"search\": \"name=\\\"Part table\\\"\",\n  \"sort\": {\n    \"by\":
        null,\n    \"order\": null\n  },\n  \"results\": [{\"description\":null,\"os_family\":\"Redhat\",\"created_at\":\"2024-10-08
        10:52:24 UTC\",\"updated_at\":\"2024-10-08 10:52:24 UTC\",\"name\":\"Part
        table\",\"id\":159}]\n}\n"
    headers:
      Cache-Control:
      - max-age=0, private, must-revalidate
      Connection:
      - Keep-Alive
      Content-Length:
      - '325'
      Content-Security-Policy:
      - 'default-src ''self''; child-src ''self''; connect-src ''self'' ws: wss:;
        img-src ''self'' data:; script-src ''unsafe-eval'' ''unsafe-inline'' ''self'';
        style-src ''unsafe-inline'' ''self'''
      Content-Type:
      - application/json; charset=utf-8
      Foreman_api_version:
      - '2'
      Foreman_current_location:
      - ; ANY
      Foreman_current_organization:
      - ; ANY
      Foreman_version:
      - 3.13.0-develop
      Keep-Alive:
      - timeout=15, max=87
      Strict-Transport-Security:
      - max-age=631139040; includeSubdomains
      X-Content-Type-Options:
      - nosniff
      X-Download-Options:
      - noopen
      X-Frame-Options:
      - sameorigin
      X-Permitted-Cross-Domain-Policies:
      - none
      X-XSS-Protection:
      - 1; mode=block
    status:
      code: 200
      message: OK
- request:
    body: null
    headers:
      Accept:
      - application/json;version=2
      Accept-Encoding:
      - gzip, deflate
      Connection:
      - keep-alive
      User-Agent:
      - apypie (https://github.com/Apipie/apypie)
    method: GET
    uri: https://foreman.example.org/api/smart_proxies?search=name%3D%22almalinux8-foreman-nightly.tanso.example.com%22&per_page=4294967296
  response:
    body:
      string: "{\n  \"total\": 1,\n  \"subtotal\": 1,\n  \"page\": 1,\n  \"per_page\":
        4294967296,\n  \"search\": \"name=\\\"almalinux8-foreman-nightly.tanso.example.com\\\"\",\n
        \ \"sort\": {\n    \"by\": null,\n    \"order\": null\n  },\n  \"results\":
        [{\"created_at\":\"2024-10-04 11:20:48 UTC\",\"updated_at\":\"2024-10-04 11:20:48
        UTC\",\"hosts_count\":1,\"name\":\"almalinux8-foreman-nightly.tanso.example.com\",\"id\":1,\"url\":\"https://almalinux8-foreman-nightly.tanso.example.com:8443\",\"features\":[{\"capabilities\":[],\"name\":\"Puppet
        CA\",\"id\":5},{\"capabilities\":[],\"name\":\"Puppet\",\"id\":13},{\"capabilities\":[],\"name\":\"Logs\",\"id\":9},{\"capabilities\":[],\"name\":\"DNS\",\"id\":3}]}]\n}\n"
    headers:
      Cache-Control:
      - max-age=0, private, must-revalidate
      Connection:
      - Keep-Alive
      Content-Length:
      - '616'
      Content-Security-Policy:
      - 'default-src ''self''; child-src ''self''; connect-src ''self'' ws: wss:;
        img-src ''self'' data:; script-src ''unsafe-eval'' ''unsafe-inline'' ''self'';
        style-src ''unsafe-inline'' ''self'''
      Content-Type:
      - application/json; charset=utf-8
      Foreman_api_version:
      - '2'
      Foreman_current_location:
      - ; ANY
      Foreman_current_organization:
      - ; ANY
      Foreman_version:
      - 3.13.0-develop
      Keep-Alive:
      - timeout=15, max=86
      Strict-Transport-Security:
      - max-age=631139040; includeSubdomains
      X-Content-Type-Options:
      - nosniff
      X-Download-Options:
      - noopen
      X-Frame-Options:
      - sameorigin
      X-Permitted-Cross-Domain-Policies:
      - none
      X-XSS-Protection:
      - 1; mode=block
    status:
      code: 200
      message: OK
- request:
    body: null
    headers:
      Accept:
      - application/json;version=2
      Accept-Encoding:
      - gzip, deflate
      Connection:
      - keep-alive
      User-Agent:
      - apypie (https://github.com/Apipie/apypie)
    method: GET
    uri: https://foreman.example.org/api/smart_proxies?search=name%3D%22almalinux8-foreman-nightly.tanso.example.com%22&per_page=4294967296
  response:
    body:
      string: "{\n  \"total\": 1,\n  \"subtotal\": 1,\n  \"page\": 1,\n  \"per_page\":
        4294967296,\n  \"search\": \"name=\\\"almalinux8-foreman-nightly.tanso.example.com\\\"\",\n
        \ \"sort\": {\n    \"by\": null,\n    \"order\": null\n  },\n  \"results\":
        [{\"created_at\":\"2024-10-04 11:20:48 UTC\",\"updated_at\":\"2024-10-04 11:20:48
        UTC\",\"hosts_count\":1,\"name\":\"almalinux8-foreman-nightly.tanso.example.com\",\"id\":1,\"url\":\"https://almalinux8-foreman-nightly.tanso.example.com:8443\",\"features\":[{\"capabilities\":[],\"name\":\"Puppet
        CA\",\"id\":5},{\"capabilities\":[],\"name\":\"Puppet\",\"id\":13},{\"capabilities\":[],\"name\":\"Logs\",\"id\":9},{\"capabilities\":[],\"name\":\"DNS\",\"id\":3}]}]\n}\n"
    headers:
      Cache-Control:
      - max-age=0, private, must-revalidate
      Connection:
      - Keep-Alive
      Content-Length:
      - '616'
      Content-Security-Policy:
      - 'default-src ''self''; child-src ''self''; connect-src ''self'' ws: wss:;
        img-src ''self'' data:; script-src ''unsafe-eval'' ''unsafe-inline'' ''self'';
        style-src ''unsafe-inline'' ''self'''
      Content-Type:
      - application/json; charset=utf-8
      Foreman_api_version:
      - '2'
      Foreman_current_location:
      - ; ANY
      Foreman_current_organization:
      - ; ANY
      Foreman_version:
      - 3.13.0-develop
      Keep-Alive:
      - timeout=15, max=85
      Strict-Transport-Security:
      - max-age=631139040; includeSubdomains
      X-Content-Type-Options:
      - nosniff
      X-Download-Options:
      - noopen
      X-Frame-Options:
      - sameorigin
      X-Permitted-Cross-Domain-Policies:
      - none
      X-XSS-Protection:
      - 1; mode=block
    status:
      code: 200
      message: OK
- request:
    body: '{"hostgroup": {"name": "Nested New host group", "description": "Nested
      group", "parent_id": 19, "operatingsystem_id": 4, "architecture_id": 1, "pxe_loader":
      "Grub2 UEFI", "medium_id": 18, "ptable_id": 159, "subnet_id": 3, "domain_id":
      6, "puppet_proxy_id": 1, "puppet_ca_proxy_id": 1, "location_ids": [13, 14, 15],
      "organization_ids": [16, 17]}}'
    headers:
      Accept:
      - application/json;version=2
      Accept-Encoding:
      - gzip, deflate
      Connection:
      - keep-alive
      Content-Length:
      - '345'
      Content-Type:
      - application/json
      User-Agent:
      - apypie (https://github.com/Apipie/apypie)
    method: POST
    uri: https://foreman.example.org/api/hostgroups
  response:
    body:
      string: '{"subnet_id":3,"subnet_name":"Test subnet4","operatingsystem_id":4,"operatingsystem_name":"TestOS
        7.6","domain_id":6,"domain_name":"foo.example.com","compute_profile_id":null,"compute_profile_name":"myprofile","ancestry":"19","parent_id":19,"parent_name":"New
        host group","ptable_id":159,"ptable_name":"Part table","medium_id":18,"medium_name":"TestOS
        Mirror","pxe_loader":"Grub2 UEFI","subnet6_id":null,"subnet6_name":null,"compute_resource_id":null,"compute_resource_name":"libvirt-cr","architecture_id":1,"architecture_name":"x86_64","realm_id":null,"realm_name":null,"created_at":"2024-10-08
        11:08:16 UTC","updated_at":"2024-10-08 11:08:16 UTC","id":21,"name":"Nested
        New host group","title":"New host group/Nested New host group","description":"Nested
        group","puppet_proxy_id":1,"puppet_proxy_name":"almalinux8-foreman-nightly.tanso.example.com","puppet_ca_proxy_id":1,"puppet_ca_proxy_name":"almalinux8-foreman-nightly.tanso.example.com","puppet_proxy":{"name":"almalinux8-foreman-nightly.tanso.example.com","id":1,"url":"https://almalinux8-foreman-nightly.tanso.example.com:8443"},"puppet_ca_proxy":{"name":"almalinux8-foreman-nightly.tanso.example.com","id":1,"url":"https://almalinux8-foreman-nightly.tanso.example.com:8443"},"inherited_compute_profile_id":6,"inherited_domain_id":null,"inherited_puppet_proxy_id":null,"inherited_puppet_ca_proxy_id":null,"inherited_compute_resource_id":1,"inherited_operatingsystem_id":null,"inherited_architecture_id":null,"inherited_medium_id":null,"inherited_ptable_id":null,"inherited_subnet_id":null,"inherited_subnet6_id":null,"inherited_realm_id":null,"inherited_pxe_loader":null,"parameters":[],"template_combinations":[],"locations":[{"id":13,"name":"Foo","title":"Foo","description":null},{"id":14,"name":"Baz","title":"Foo/Baz","description":null},{"id":15,"name":"Bar","title":"Bar","description":null}],"organizations":[{"id":16,"name":"Test
        Org1","title":"Test Org1","description":"A test organization"},{"id":17,"name":"Test
        Org2","title":"Test Org2","description":"A test organization"}]}'
    headers:
      Cache-Control:
      - max-age=0, private, must-revalidate
      Connection:
      - Keep-Alive
      Content-Length:
      - '2047'
      Content-Security-Policy:
      - 'default-src ''self''; child-src ''self''; connect-src ''self'' ws: wss:;
        img-src ''self'' data:; script-src ''unsafe-eval'' ''unsafe-inline'' ''self'';
        style-src ''unsafe-inline'' ''self'''
      Content-Type:
      - application/json; charset=utf-8
      Foreman_api_version:
      - '2'
      Foreman_current_location:
      - ; ANY
      Foreman_current_organization:
      - ; ANY
      Foreman_version:
      - 3.13.0-develop
      Keep-Alive:
      - timeout=15, max=84
      Strict-Transport-Security:
      - max-age=631139040; includeSubdomains
      X-Content-Type-Options:
      - nosniff
      X-Download-Options:
      - noopen
      X-Frame-Options:
      - sameorigin
      X-Permitted-Cross-Domain-Policies:
      - none
      X-XSS-Protection:
      - 1; mode=block
    status:
      code: 201
      message: Created
version: 1
