interactions:
- request:
    body: null
    headers:
      Accept: [application/json;version=2]
    method: GET
    uri: https://centos7-katello-3-12/api/status
  response:
    body: {string: !!python/unicode '{"result":"ok","status":200,"version":"1.22.0","api_version":2}'}
    headers:
      apipie-checksum: [5adea7a94ce02bd4ebd4e9df5046899d962d1188]
      cache-control: ['max-age=0, private, must-revalidate']
      content-length: ['63']
      content-security-policy: ['default-src ''self''; child-src ''self''; connect-src
          ''self'' ws: wss:; img-src ''self'' data: *.gravatar.com; script-src ''unsafe-eval''
          ''unsafe-inline'' ''self''; style-src ''unsafe-inline'' ''self''']
      content-type: [application/json; charset=utf-8]
      date: ['Fri, 02 Aug 2019 08:37:12 GMT']
      etag: [W/"674e9dbc2140c688b559566b581c5c09"]
      foreman_api_version: ['2']
      foreman_version: [1.22.0]
      server: [Apache]
      set-cookie: [_session_id=3c8946bc8aedc9ceca0db4202a60d3e5; path=/; secure; HttpOnly;
          SameSite=Lax]
      status: [200 OK]
      strict-transport-security: [max-age=631139040; includeSubdomains]
      x-content-type-options: [nosniff]
      x-download-options: [noopen]
      x-frame-options: [sameorigin]
      x-permitted-cross-domain-policies: [none]
      x-powered-by: [Phusion Passenger 4.0.53]
      x-request-id: [78f5fe3f-4756-4ddd-b8d6-756649ca132f]
      x-runtime: ['0.026950']
      x-xss-protection: [1; mode=block]
    status: {code: 200, message: OK}
- request:
    body: null
    headers:
      Accept: [application/json;version=2]
      Cookie: [_session_id=3c8946bc8aedc9ceca0db4202a60d3e5]
    method: GET
    uri: https://centos7-katello-3-12/api/hostgroups?per_page=4294967296&search=title%3D%22New+host+group%22&thin=True
  response:
    body: {string: !!python/unicode "{\n  \"total\": 1,\n  \"subtotal\": 1,\n  \"page\":
        1,\n  \"per_page\": 4294967296,\n  \"search\": \"title=\\\"New host group\\\"\",\n
        \ \"sort\": {\n    \"by\": null,\n    \"order\": null\n  },\n  \"results\":
        [{\"subnet_id\":4,\"subnet_name\":\"Test subnet4\",\"operatingsystem_id\":6,\"operatingsystem_name\":\"TestOS
        7.6\",\"domain_id\":8,\"domain_name\":\"foo.example.com\",\"environment_id\":1,\"environment_name\":\"production\",\"compute_profile_id\":7,\"compute_profile_name\":\"myprofile\",\"ancestry\":null,\"parent_id\":null,\"parent_name\":null,\"ptable_id\":119,\"ptable_name\":\"Part
        table\",\"medium_id\":13,\"medium_name\":\"TestOS Mirror\",\"pxe_loader\":\"Grub2
        UEFI\",\"subnet6_id\":null,\"subnet6_name\":null,\"architecture_id\":1,\"architecture_name\":\"x86_64\",\"realm_id\":null,\"realm_name\":null,\"created_at\":\"2019-08-02
        08:37:10 UTC\",\"updated_at\":\"2019-08-02 08:37:10 UTC\",\"id\":10,\"name\":\"New
        host group\",\"title\":\"New host group\",\"description\":\"New host group\",\"puppet_proxy_id\":1,\"puppet_proxy_name\":\"centos7-katello-3-12.anubis.example.com\",\"puppet_ca_proxy_id\":1,\"puppet_ca_proxy_name\":\"centos7-katello-3-12.anubis.example.com\",\"puppet_proxy\":{\"name\":\"centos7-katello-3-12.anubis.example.com\",\"id\":1,\"url\":\"https://centos7-katello-3-12.anubis.example.com:9090\"},\"puppet_ca_proxy\":{\"name\":\"centos7-katello-3-12.anubis.example.com\",\"id\":1,\"url\":\"https://centos7-katello-3-12.anubis.example.com:9090\"}}]\n}\n"}
    headers:
      apipie-checksum: [5adea7a94ce02bd4ebd4e9df5046899d962d1188]
      cache-control: ['max-age=0, private, must-revalidate']
      content-security-policy: ['default-src ''self''; child-src ''self''; connect-src
          ''self'' ws: wss:; img-src ''self'' data: *.gravatar.com; script-src ''unsafe-eval''
          ''unsafe-inline'' ''self''; style-src ''unsafe-inline'' ''self''']
      content-type: [application/json; charset=utf-8]
      date: ['Fri, 02 Aug 2019 08:37:12 GMT']
      etag: [W/"64fefc12b2803ef8ea0d829ea33e8f19"]
      foreman_api_version: ['2']
      foreman_version: [1.22.0]
      server: [Apache]
      status: [200 OK]
      strict-transport-security: [max-age=631139040; includeSubdomains]
      transfer-encoding: [chunked]
      vary: [Accept-Encoding]
      x-content-type-options: [nosniff]
      x-download-options: [noopen]
      x-frame-options: [sameorigin]
      x-permitted-cross-domain-policies: [none]
      x-powered-by: [Phusion Passenger 4.0.53]
      x-request-id: [25516688-ec9c-40a2-a64e-a3a637b141e9]
      x-runtime: ['0.026879']
      x-xss-protection: [1; mode=block]
    status: {code: 200, message: OK}
- request:
    body: null
    headers:
      Accept: [application/json;version=2]
      Cookie: [_session_id=3c8946bc8aedc9ceca0db4202a60d3e5]
    method: GET
    uri: https://centos7-katello-3-12/api/organizations?per_page=4294967296&search=name%3D%22Test+Org1%22&thin=True
  response:
    body: {string: !!python/unicode "{\n  \"total\": 3,\n  \"subtotal\": 1,\n  \"page\":
        1,\n  \"per_page\": 4294967296,\n  \"search\": \"name=\\\"Test Org1\\\"\",\n
        \ \"sort\": {\n    \"by\": null,\n    \"order\": null\n  },\n  \"results\":
        [{\"ancestry\":null,\"parent_id\":null,\"parent_name\":null,\"created_at\":\"2019-08-02
        08:36:58 UTC\",\"updated_at\":\"2019-08-02 08:36:58 UTC\",\"id\":24,\"name\":\"Test
        Org1\",\"title\":\"Test Org1\",\"description\":\"A test organization\"}]\n}\n"}
    headers:
      apipie-checksum: [5adea7a94ce02bd4ebd4e9df5046899d962d1188]
      cache-control: ['max-age=0, private, must-revalidate']
      content-security-policy: ['default-src ''self''; child-src ''self''; connect-src
          ''self'' ws: wss:; img-src ''self'' data: *.gravatar.com; script-src ''unsafe-eval''
          ''unsafe-inline'' ''self''; style-src ''unsafe-inline'' ''self''']
      content-type: [application/json; charset=utf-8]
      date: ['Fri, 02 Aug 2019 08:37:12 GMT']
      etag: [W/"44f7727822f55e35f4773b704e122a4f"]
      foreman_api_version: ['2']
      foreman_version: [1.22.0]
      server: [Apache]
      status: [200 OK]
      strict-transport-security: [max-age=631139040; includeSubdomains]
      transfer-encoding: [chunked]
      vary: [Accept-Encoding]
      x-content-type-options: [nosniff]
      x-download-options: [noopen]
      x-frame-options: [sameorigin]
      x-permitted-cross-domain-policies: [none]
      x-powered-by: [Phusion Passenger 4.0.53]
      x-request-id: [4ad0f55a-da1c-418d-a314-57f489621a16]
      x-runtime: ['0.013899']
      x-xss-protection: [1; mode=block]
    status: {code: 200, message: OK}
- request:
    body: null
    headers:
      Accept: [application/json;version=2]
      Cookie: [_session_id=3c8946bc8aedc9ceca0db4202a60d3e5]
    method: GET
    uri: https://centos7-katello-3-12/api/organizations?per_page=4294967296&search=name%3D%22Test+Org2%22&thin=True
  response:
    body: {string: !!python/unicode "{\n  \"total\": 3,\n  \"subtotal\": 1,\n  \"page\":
        1,\n  \"per_page\": 4294967296,\n  \"search\": \"name=\\\"Test Org2\\\"\",\n
        \ \"sort\": {\n    \"by\": null,\n    \"order\": null\n  },\n  \"results\":
        [{\"ancestry\":null,\"parent_id\":null,\"parent_name\":null,\"created_at\":\"2019-08-02
        08:36:59 UTC\",\"updated_at\":\"2019-08-02 08:36:59 UTC\",\"id\":25,\"name\":\"Test
        Org2\",\"title\":\"Test Org2\",\"description\":\"A test organization\"}]\n}\n"}
    headers:
      apipie-checksum: [5adea7a94ce02bd4ebd4e9df5046899d962d1188]
      cache-control: ['max-age=0, private, must-revalidate']
      content-security-policy: ['default-src ''self''; child-src ''self''; connect-src
          ''self'' ws: wss:; img-src ''self'' data: *.gravatar.com; script-src ''unsafe-eval''
          ''unsafe-inline'' ''self''; style-src ''unsafe-inline'' ''self''']
      content-type: [application/json; charset=utf-8]
      date: ['Fri, 02 Aug 2019 08:37:12 GMT']
      etag: [W/"641269212cb837b26f9003d13fe4084a"]
      foreman_api_version: ['2']
      foreman_version: [1.22.0]
      server: [Apache]
      status: [200 OK]
      strict-transport-security: [max-age=631139040; includeSubdomains]
      transfer-encoding: [chunked]
      vary: [Accept-Encoding]
      x-content-type-options: [nosniff]
      x-download-options: [noopen]
      x-frame-options: [sameorigin]
      x-permitted-cross-domain-policies: [none]
      x-powered-by: [Phusion Passenger 4.0.53]
      x-request-id: [ac2bd91d-a27f-431a-9c11-8da9964bab03]
      x-runtime: ['0.013687']
      x-xss-protection: [1; mode=block]
    status: {code: 200, message: OK}
- request:
    body: null
    headers:
      Accept: [application/json;version=2]
      Cookie: [_session_id=3c8946bc8aedc9ceca0db4202a60d3e5]
    method: GET
    uri: https://centos7-katello-3-12/api/locations?per_page=4294967296&search=title%3D%22Foo%22&thin=True
  response:
    body: {string: !!python/unicode "{\n  \"total\": 4,\n  \"subtotal\": 1,\n  \"page\":
        1,\n  \"per_page\": 4294967296,\n  \"search\": \"title=\\\"Foo\\\"\",\n  \"sort\":
        {\n    \"by\": null,\n    \"order\": null\n  },\n  \"results\": [{\"ancestry\":null,\"parent_id\":null,\"parent_name\":null,\"created_at\":\"2019-07-28
        18:57:46 UTC\",\"updated_at\":\"2019-07-28 18:57:46 UTC\",\"id\":3,\"name\":\"Foo\",\"title\":\"Foo\",\"description\":null}]\n}\n"}
    headers:
      apipie-checksum: [5adea7a94ce02bd4ebd4e9df5046899d962d1188]
      cache-control: ['max-age=0, private, must-revalidate']
      content-security-policy: ['default-src ''self''; child-src ''self''; connect-src
          ''self'' ws: wss:; img-src ''self'' data: *.gravatar.com; script-src ''unsafe-eval''
          ''unsafe-inline'' ''self''; style-src ''unsafe-inline'' ''self''']
      content-type: [application/json; charset=utf-8]
      date: ['Fri, 02 Aug 2019 08:37:12 GMT']
      etag: [W/"51904b7d578611f5ba34a56ad4db3248"]
      foreman_api_version: ['2']
      foreman_version: [1.22.0]
      server: [Apache]
      status: [200 OK]
      strict-transport-security: [max-age=631139040; includeSubdomains]
      transfer-encoding: [chunked]
      vary: [Accept-Encoding]
      x-content-type-options: [nosniff]
      x-download-options: [noopen]
      x-frame-options: [sameorigin]
      x-permitted-cross-domain-policies: [none]
      x-powered-by: [Phusion Passenger 4.0.53]
      x-request-id: [dae066fa-c956-423c-b103-99ffa06ad495]
      x-runtime: ['0.013825']
      x-xss-protection: [1; mode=block]
    status: {code: 200, message: OK}
- request:
    body: null
    headers:
      Accept: [application/json;version=2]
      Cookie: [_session_id=3c8946bc8aedc9ceca0db4202a60d3e5]
    method: GET
    uri: https://centos7-katello-3-12/api/locations?per_page=4294967296&search=title%3D%22Foo%2FBaz%22&thin=True
  response:
    body: {string: !!python/unicode "{\n  \"total\": 4,\n  \"subtotal\": 1,\n  \"page\":
        1,\n  \"per_page\": 4294967296,\n  \"search\": \"title=\\\"Foo/Baz\\\"\",\n
        \ \"sort\": {\n    \"by\": null,\n    \"order\": null\n  },\n  \"results\":
        [{\"ancestry\":\"3\",\"parent_id\":3,\"parent_name\":\"Foo\",\"created_at\":\"2019-08-02
        08:36:56 UTC\",\"updated_at\":\"2019-08-02 08:36:56 UTC\",\"id\":22,\"name\":\"Baz\",\"title\":\"Foo/Baz\",\"description\":null}]\n}\n"}
    headers:
      apipie-checksum: [5adea7a94ce02bd4ebd4e9df5046899d962d1188]
      cache-control: ['max-age=0, private, must-revalidate']
      content-security-policy: ['default-src ''self''; child-src ''self''; connect-src
          ''self'' ws: wss:; img-src ''self'' data: *.gravatar.com; script-src ''unsafe-eval''
          ''unsafe-inline'' ''self''; style-src ''unsafe-inline'' ''self''']
      content-type: [application/json; charset=utf-8]
      date: ['Fri, 02 Aug 2019 08:37:12 GMT']
      etag: [W/"d846df85d8c8ae8c37d6c5dbcef6ad95"]
      foreman_api_version: ['2']
      foreman_version: [1.22.0]
      server: [Apache]
      status: [200 OK]
      strict-transport-security: [max-age=631139040; includeSubdomains]
      transfer-encoding: [chunked]
      vary: [Accept-Encoding]
      x-content-type-options: [nosniff]
      x-download-options: [noopen]
      x-frame-options: [sameorigin]
      x-permitted-cross-domain-policies: [none]
      x-powered-by: [Phusion Passenger 4.0.53]
      x-request-id: [0dcca074-6fe8-44f4-b95f-d7404e0f0405]
      x-runtime: ['0.014684']
      x-xss-protection: [1; mode=block]
    status: {code: 200, message: OK}
- request:
    body: null
    headers:
      Accept: [application/json;version=2]
      Cookie: [_session_id=3c8946bc8aedc9ceca0db4202a60d3e5]
    method: GET
    uri: https://centos7-katello-3-12/api/locations?per_page=4294967296&search=title%3D%22Bar%22&thin=True
  response:
    body: {string: !!python/unicode "{\n  \"total\": 4,\n  \"subtotal\": 1,\n  \"page\":
        1,\n  \"per_page\": 4294967296,\n  \"search\": \"title=\\\"Bar\\\"\",\n  \"sort\":
        {\n    \"by\": null,\n    \"order\": null\n  },\n  \"results\": [{\"ancestry\":null,\"parent_id\":null,\"parent_name\":null,\"created_at\":\"2019-08-02
        08:36:57 UTC\",\"updated_at\":\"2019-08-02 08:36:57 UTC\",\"id\":23,\"name\":\"Bar\",\"title\":\"Bar\",\"description\":null}]\n}\n"}
    headers:
      apipie-checksum: [5adea7a94ce02bd4ebd4e9df5046899d962d1188]
      cache-control: ['max-age=0, private, must-revalidate']
      content-security-policy: ['default-src ''self''; child-src ''self''; connect-src
          ''self'' ws: wss:; img-src ''self'' data: *.gravatar.com; script-src ''unsafe-eval''
          ''unsafe-inline'' ''self''; style-src ''unsafe-inline'' ''self''']
      content-type: [application/json; charset=utf-8]
      date: ['Fri, 02 Aug 2019 08:37:12 GMT']
      etag: [W/"28bca4d979e94d3842778faacab657f5"]
      foreman_api_version: ['2']
      foreman_version: [1.22.0]
      server: [Apache]
      status: [200 OK]
      strict-transport-security: [max-age=631139040; includeSubdomains]
      transfer-encoding: [chunked]
      vary: [Accept-Encoding]
      x-content-type-options: [nosniff]
      x-download-options: [noopen]
      x-frame-options: [sameorigin]
      x-permitted-cross-domain-policies: [none]
      x-powered-by: [Phusion Passenger 4.0.53]
      x-request-id: [7db962cd-d530-49db-b9e7-ed7fc2dd87ae]
      x-runtime: ['0.013895']
      x-xss-protection: [1; mode=block]
    status: {code: 200, message: OK}
- request:
    body: null
    headers:
      Accept: [application/json;version=2]
      Cookie: [_session_id=3c8946bc8aedc9ceca0db4202a60d3e5]
    method: GET
    uri: https://centos7-katello-3-12/api/domains?per_page=4294967296&search=name%3D%22foo.example.com%22&thin=True
  response:
    body: {string: !!python/unicode "{\n  \"total\": 3,\n  \"subtotal\": 1,\n  \"page\":
        1,\n  \"per_page\": 4294967296,\n  \"search\": \"name=\\\"foo.example.com\\\"\",\n
        \ \"sort\": {\n    \"by\": null,\n    \"order\": null\n  },\n  \"results\":
        [{\"fullname\":null,\"created_at\":\"2019-08-02 08:37:01 UTC\",\"updated_at\":\"2019-08-02
        08:37:01 UTC\",\"id\":8,\"name\":\"foo.example.com\",\"dns_id\":1,\"dns\":{\"name\":\"centos7-katello-3-12.anubis.example.com\",\"id\":1,\"url\":\"https://centos7-katello-3-12.anubis.example.com:9090\"}}]\n}\n"}
    headers:
      apipie-checksum: [5adea7a94ce02bd4ebd4e9df5046899d962d1188]
      cache-control: ['max-age=0, private, must-revalidate']
      content-security-policy: ['default-src ''self''; child-src ''self''; connect-src
          ''self'' ws: wss:; img-src ''self'' data: *.gravatar.com; script-src ''unsafe-eval''
          ''unsafe-inline'' ''self''; style-src ''unsafe-inline'' ''self''']
      content-type: [application/json; charset=utf-8]
      date: ['Fri, 02 Aug 2019 08:37:12 GMT']
      etag: [W/"f3166bb7a79d05fee238ce6d66c623de"]
      foreman_api_version: ['2']
      foreman_version: [1.22.0]
      server: [Apache]
      status: [200 OK]
      strict-transport-security: [max-age=631139040; includeSubdomains]
      transfer-encoding: [chunked]
      vary: [Accept-Encoding]
      x-content-type-options: [nosniff]
      x-download-options: [noopen]
      x-frame-options: [sameorigin]
      x-permitted-cross-domain-policies: [none]
      x-powered-by: [Phusion Passenger 4.0.53]
      x-request-id: [db99e1c4-0802-4590-8414-ea997d491ba3]
      x-runtime: ['0.015396']
      x-xss-protection: [1; mode=block]
    status: {code: 200, message: OK}
- request:
    body: null
    headers:
      Accept: [application/json;version=2]
      Cookie: [_session_id=3c8946bc8aedc9ceca0db4202a60d3e5]
    method: GET
    uri: https://centos7-katello-3-12/api/subnets?per_page=4294967296&search=name%3D%22Test+subnet4%22&thin=True
  response:
    body: {string: !!python/unicode "{\n  \"total\": 1,\n  \"subtotal\": 1,\n  \"page\":
        1,\n  \"per_page\": 4294967296,\n  \"search\": \"name=\\\"Test subnet4\\\"\",\n
        \ \"sort\": {\n    \"by\": null,\n    \"order\": null\n  },\n  \"results\":
        [{\"network\":\"192.168.200.0\",\"network_type\":\"IPv4\",\"cidr\":27,\"mask\":\"255.255.255.224\",\"priority\":null,\"vlanid\":null,\"mtu\":1500,\"gateway\":null,\"dns_primary\":null,\"dns_secondary\":null,\"from\":null,\"to\":null,\"created_at\":\"2019-08-02
        08:37:02 UTC\",\"updated_at\":\"2019-08-02 08:37:02 UTC\",\"ipam\":\"DHCP\",\"boot_mode\":\"DHCP\",\"id\":4,\"name\":\"Test
        subnet4\",\"description\":null,\"network_address\":\"192.168.200.0/27\",\"dhcp_id\":null,\"dhcp_name\":null,\"tftp_id\":null,\"tftp_name\":null,\"httpboot_id\":null,\"httpboot_name\":null,\"dns_id\":null,\"template_id\":null,\"template_name\":null,\"dhcp\":null,\"tftp\":null,\"httpboot\":null,\"dns\":null,\"template\":null}]\n}\n"}
    headers:
      apipie-checksum: [5adea7a94ce02bd4ebd4e9df5046899d962d1188]
      cache-control: ['max-age=0, private, must-revalidate']
      content-security-policy: ['default-src ''self''; child-src ''self''; connect-src
          ''self'' ws: wss:; img-src ''self'' data: *.gravatar.com; script-src ''unsafe-eval''
          ''unsafe-inline'' ''self''; style-src ''unsafe-inline'' ''self''']
      content-type: [application/json; charset=utf-8]
      date: ['Fri, 02 Aug 2019 08:37:12 GMT']
      etag: [W/"c61727614d9e3a18d2a652555c7d2276"]
      foreman_api_version: ['2']
      foreman_version: [1.22.0]
      server: [Apache]
      status: [200 OK]
      strict-transport-security: [max-age=631139040; includeSubdomains]
      transfer-encoding: [chunked]
      vary: [Accept-Encoding]
      x-content-type-options: [nosniff]
      x-download-options: [noopen]
      x-frame-options: [sameorigin]
      x-permitted-cross-domain-policies: [none]
      x-powered-by: [Phusion Passenger 4.0.53]
      x-request-id: [0ab72176-0af8-4884-9471-8460be2e59f4]
      x-runtime: ['0.014827']
      x-xss-protection: [1; mode=block]
    status: {code: 200, message: OK}
- request:
    body: null
    headers:
      Accept: [application/json;version=2]
      Cookie: [_session_id=3c8946bc8aedc9ceca0db4202a60d3e5]
    method: GET
    uri: https://centos7-katello-3-12/api/architectures?per_page=4294967296&search=name%3D%22x86_64%22&thin=True
  response:
    body: {string: !!python/unicode "{\n  \"total\": 2,\n  \"subtotal\": 1,\n  \"page\":
        1,\n  \"per_page\": 4294967296,\n  \"search\": \"name=\\\"x86_64\\\"\",\n
        \ \"sort\": {\n    \"by\": null,\n    \"order\": null\n  },\n  \"results\":
        [{\"created_at\":\"2019-07-19 09:01:48 UTC\",\"updated_at\":\"2019-07-19 09:01:48
        UTC\",\"name\":\"x86_64\",\"id\":1}]\n}\n"}
    headers:
      apipie-checksum: [5adea7a94ce02bd4ebd4e9df5046899d962d1188]
      cache-control: ['max-age=0, private, must-revalidate']
      content-security-policy: ['default-src ''self''; child-src ''self''; connect-src
          ''self'' ws: wss:; img-src ''self'' data: *.gravatar.com; script-src ''unsafe-eval''
          ''unsafe-inline'' ''self''; style-src ''unsafe-inline'' ''self''']
      content-type: [application/json; charset=utf-8]
      date: ['Fri, 02 Aug 2019 08:37:12 GMT']
      etag: [W/"15d6f09dc0ed8f75f76281bd6d9f5bb0"]
      foreman_api_version: ['2']
      foreman_version: [1.22.0]
      server: [Apache]
      status: [200 OK]
      strict-transport-security: [max-age=631139040; includeSubdomains]
      transfer-encoding: [chunked]
      vary: [Accept-Encoding]
      x-content-type-options: [nosniff]
      x-download-options: [noopen]
      x-frame-options: [sameorigin]
      x-permitted-cross-domain-policies: [none]
      x-powered-by: [Phusion Passenger 4.0.53]
      x-request-id: [12bef0bb-e640-4ee0-b740-57acbabde831]
      x-runtime: ['0.013422']
      x-xss-protection: [1; mode=block]
    status: {code: 200, message: OK}
- request:
    body: null
    headers:
      Accept: [application/json;version=2]
      Cookie: [_session_id=3c8946bc8aedc9ceca0db4202a60d3e5]
    method: GET
    uri: https://centos7-katello-3-12/api/operatingsystems?per_page=4294967296&search=title%3D%22TestOS+7.6%22&thin=True
  response:
    body: {string: !!python/unicode "{\n  \"total\": 2,\n  \"subtotal\": 1,\n  \"page\":
        1,\n  \"per_page\": 4294967296,\n  \"search\": \"title=\\\"TestOS 7.6\\\"\",\n
        \ \"sort\": {\n    \"by\": null,\n    \"order\": null\n  },\n  \"results\":
        [{\"description\":null,\"major\":\"7\",\"minor\":\"6\",\"family\":\"Redhat\",\"release_name\":\"reverse
        whip\",\"password_hash\":\"SHA256\",\"created_at\":\"2019-08-02 08:37:04 UTC\",\"updated_at\":\"2019-08-02
        08:37:04 UTC\",\"id\":6,\"name\":\"TestOS\",\"title\":\"TestOS 7.6\"}]\n}\n"}
    headers:
      apipie-checksum: [5adea7a94ce02bd4ebd4e9df5046899d962d1188]
      cache-control: ['max-age=0, private, must-revalidate']
      content-security-policy: ['default-src ''self''; child-src ''self''; connect-src
          ''self'' ws: wss:; img-src ''self'' data: *.gravatar.com; script-src ''unsafe-eval''
          ''unsafe-inline'' ''self''; style-src ''unsafe-inline'' ''self''']
      content-type: [application/json; charset=utf-8]
      date: ['Fri, 02 Aug 2019 08:37:12 GMT']
      etag: [W/"488844e5e707bafebe784f638e3b4aa4"]
      foreman_api_version: ['2']
      foreman_version: [1.22.0]
      server: [Apache]
      status: [200 OK]
      strict-transport-security: [max-age=631139040; includeSubdomains]
      transfer-encoding: [chunked]
      vary: [Accept-Encoding]
      x-content-type-options: [nosniff]
      x-download-options: [noopen]
      x-frame-options: [sameorigin]
      x-permitted-cross-domain-policies: [none]
      x-powered-by: [Phusion Passenger 4.0.53]
      x-request-id: [330d1535-bdc5-4a4a-b25c-223e9c4506e6]
      x-runtime: ['0.013679']
      x-xss-protection: [1; mode=block]
    status: {code: 200, message: OK}
- request:
    body: null
    headers:
      Accept: [application/json;version=2]
      Cookie: [_session_id=3c8946bc8aedc9ceca0db4202a60d3e5]
    method: GET
    uri: https://centos7-katello-3-12/api/media?per_page=4294967296&search=name%3D%22TestOS+Mirror%22&thin=True
  response:
    body: {string: !!python/unicode "{\n  \"total\": 10,\n  \"subtotal\": 1,\n  \"page\":
        1,\n  \"per_page\": 4294967296,\n  \"search\": \"name=\\\"TestOS Mirror\\\"\",\n
        \ \"sort\": {\n    \"by\": null,\n    \"order\": null\n  },\n  \"results\":
        [{\"path\":\"https://templeos.org/TempleOS.ISO\",\"os_family\":\"Redhat\",\"created_at\":\"2019-08-02
        08:37:05 UTC\",\"updated_at\":\"2019-08-02 08:37:05 UTC\",\"id\":13,\"name\":\"TestOS
        Mirror\"}]\n}\n"}
    headers:
      apipie-checksum: [5adea7a94ce02bd4ebd4e9df5046899d962d1188]
      cache-control: ['max-age=0, private, must-revalidate']
      content-security-policy: ['default-src ''self''; child-src ''self''; connect-src
          ''self'' ws: wss:; img-src ''self'' data: *.gravatar.com; script-src ''unsafe-eval''
          ''unsafe-inline'' ''self''; style-src ''unsafe-inline'' ''self''']
      content-type: [application/json; charset=utf-8]
      date: ['Fri, 02 Aug 2019 08:37:12 GMT']
      etag: [W/"eda29779e48215f439f1e5d824dc49a9"]
      foreman_api_version: ['2']
      foreman_version: [1.22.0]
      server: [Apache]
      status: [200 OK]
      strict-transport-security: [max-age=631139040; includeSubdomains]
      transfer-encoding: [chunked]
      vary: [Accept-Encoding]
      x-content-type-options: [nosniff]
      x-download-options: [noopen]
      x-frame-options: [sameorigin]
      x-permitted-cross-domain-policies: [none]
      x-powered-by: [Phusion Passenger 4.0.53]
      x-request-id: [eed12bf7-859b-475d-a54d-b2f6c6607aa5]
      x-runtime: ['0.013947']
      x-xss-protection: [1; mode=block]
    status: {code: 200, message: OK}
- request:
    body: null
    headers:
      Accept: [application/json;version=2]
      Cookie: [_session_id=3c8946bc8aedc9ceca0db4202a60d3e5]
    method: GET
    uri: https://centos7-katello-3-12/api/ptables?per_page=4294967296&search=name%3D%22Part+table%22&thin=True
  response:
    body: {string: !!python/unicode "{\n  \"total\": 16,\n  \"subtotal\": 1,\n  \"page\":
        1,\n  \"per_page\": 4294967296,\n  \"search\": \"name=\\\"Part table\\\"\",\n
        \ \"sort\": {\n    \"by\": null,\n    \"order\": null\n  },\n  \"results\":
        [{\"os_family\":\"Redhat\",\"created_at\":\"2019-08-02 08:37:03 UTC\",\"updated_at\":\"2019-08-02
        08:37:03 UTC\",\"name\":\"Part table\",\"id\":119}]\n}\n"}
    headers:
      apipie-checksum: [5adea7a94ce02bd4ebd4e9df5046899d962d1188]
      cache-control: ['max-age=0, private, must-revalidate']
      content-security-policy: ['default-src ''self''; child-src ''self''; connect-src
          ''self'' ws: wss:; img-src ''self'' data: *.gravatar.com; script-src ''unsafe-eval''
          ''unsafe-inline'' ''self''; style-src ''unsafe-inline'' ''self''']
      content-type: [application/json; charset=utf-8]
      date: ['Fri, 02 Aug 2019 08:37:12 GMT']
      etag: [W/"77a5b2f7a3cf750222985959844e4abd"]
      foreman_api_version: ['2']
      foreman_version: [1.22.0]
      server: [Apache]
      status: [200 OK]
      strict-transport-security: [max-age=631139040; includeSubdomains]
      transfer-encoding: [chunked]
      vary: [Accept-Encoding]
      x-content-type-options: [nosniff]
      x-download-options: [noopen]
      x-frame-options: [sameorigin]
      x-permitted-cross-domain-policies: [none]
      x-powered-by: [Phusion Passenger 4.0.53]
      x-request-id: [1d8cd5c0-03c5-42bb-b913-78244bf497c6]
      x-runtime: ['0.014838']
      x-xss-protection: [1; mode=block]
    status: {code: 200, message: OK}
- request:
    body: null
    headers:
      Accept: [application/json;version=2]
      Cookie: [_session_id=3c8946bc8aedc9ceca0db4202a60d3e5]
    method: GET
    uri: https://centos7-katello-3-12/api/smart_proxies?per_page=4294967296&search=name%3D%22centos7-katello-3-12.anubis.example.com%22&thin=True
  response:
    body: {string: !!python/unicode "{\n  \"total\": 1,\n  \"subtotal\": 1,\n  \"page\":
        1,\n  \"per_page\": 4294967296,\n  \"search\": \"name=\\\"centos7-katello-3-12.anubis.example.com\\\"\",\n
        \ \"sort\": {\n    \"by\": null,\n    \"order\": null\n  },\n  \"results\":
        [{\"created_at\":\"2019-07-19 09:04:44 UTC\",\"updated_at\":\"2019-07-19 09:04:45
        UTC\",\"name\":\"centos7-katello-3-12.anubis.example.com\",\"id\":1,\"url\":\"https://centos7-katello-3-12.anubis.example.com:9090\",\"download_policy\":\"on_demand\",\"features\":[{\"capabilities\":[],\"name\":\"Pulp\",\"id\":2},{\"capabilities\":[],\"name\":\"Templates\",\"id\":1},{\"capabilities\":[],\"name\":\"TFTP\",\"id\":5},{\"capabilities\":[],\"name\":\"Puppet
        CA\",\"id\":9},{\"capabilities\":[],\"name\":\"Puppet\",\"id\":8},{\"capabilities\":[],\"name\":\"Logs\",\"id\":13},{\"capabilities\":[],\"name\":\"HTTPBoot\",\"id\":14},{\"capabilities\":[],\"name\":\"DNS\",\"id\":6}]}]\n}\n"}
    headers:
      apipie-checksum: [5adea7a94ce02bd4ebd4e9df5046899d962d1188]
      cache-control: ['max-age=0, private, must-revalidate']
      content-security-policy: ['default-src ''self''; child-src ''self''; connect-src
          ''self'' ws: wss:; img-src ''self'' data: *.gravatar.com; script-src ''unsafe-eval''
          ''unsafe-inline'' ''self''; style-src ''unsafe-inline'' ''self''']
      content-type: [application/json; charset=utf-8]
      date: ['Fri, 02 Aug 2019 08:37:12 GMT']
      etag: [W/"b94891ea4f82252e15d15e5196465d96"]
      foreman_api_version: ['2']
      foreman_version: [1.22.0]
      server: [Apache]
      status: [200 OK]
      strict-transport-security: [max-age=631139040; includeSubdomains]
      transfer-encoding: [chunked]
      vary: [Accept-Encoding]
      x-content-type-options: [nosniff]
      x-download-options: [noopen]
      x-frame-options: [sameorigin]
      x-permitted-cross-domain-policies: [none]
      x-powered-by: [Phusion Passenger 4.0.53]
      x-request-id: [26f3027c-dea6-42f0-99bc-81c710c10459]
      x-runtime: ['0.018048']
      x-xss-protection: [1; mode=block]
    status: {code: 200, message: OK}
- request:
    body: null
    headers:
      Accept: [application/json;version=2]
      Cookie: [_session_id=3c8946bc8aedc9ceca0db4202a60d3e5]
    method: GET
    uri: https://centos7-katello-3-12/api/smart_proxies?per_page=4294967296&search=name%3D%22centos7-katello-3-12.anubis.example.com%22&thin=True
  response:
    body: {string: !!python/unicode "{\n  \"total\": 1,\n  \"subtotal\": 1,\n  \"page\":
        1,\n  \"per_page\": 4294967296,\n  \"search\": \"name=\\\"centos7-katello-3-12.anubis.example.com\\\"\",\n
        \ \"sort\": {\n    \"by\": null,\n    \"order\": null\n  },\n  \"results\":
        [{\"created_at\":\"2019-07-19 09:04:44 UTC\",\"updated_at\":\"2019-07-19 09:04:45
        UTC\",\"name\":\"centos7-katello-3-12.anubis.example.com\",\"id\":1,\"url\":\"https://centos7-katello-3-12.anubis.example.com:9090\",\"download_policy\":\"on_demand\",\"features\":[{\"capabilities\":[],\"name\":\"Pulp\",\"id\":2},{\"capabilities\":[],\"name\":\"Templates\",\"id\":1},{\"capabilities\":[],\"name\":\"TFTP\",\"id\":5},{\"capabilities\":[],\"name\":\"Puppet
        CA\",\"id\":9},{\"capabilities\":[],\"name\":\"Puppet\",\"id\":8},{\"capabilities\":[],\"name\":\"Logs\",\"id\":13},{\"capabilities\":[],\"name\":\"HTTPBoot\",\"id\":14},{\"capabilities\":[],\"name\":\"DNS\",\"id\":6}]}]\n}\n"}
    headers:
      apipie-checksum: [5adea7a94ce02bd4ebd4e9df5046899d962d1188]
      cache-control: ['max-age=0, private, must-revalidate']
      content-security-policy: ['default-src ''self''; child-src ''self''; connect-src
          ''self'' ws: wss:; img-src ''self'' data: *.gravatar.com; script-src ''unsafe-eval''
          ''unsafe-inline'' ''self''; style-src ''unsafe-inline'' ''self''']
      content-type: [application/json; charset=utf-8]
      date: ['Fri, 02 Aug 2019 08:37:12 GMT']
      etag: [W/"b94891ea4f82252e15d15e5196465d96"]
      foreman_api_version: ['2']
      foreman_version: [1.22.0]
      server: [Apache]
      status: [200 OK]
      strict-transport-security: [max-age=631139040; includeSubdomains]
      transfer-encoding: [chunked]
      vary: [Accept-Encoding]
      x-content-type-options: [nosniff]
      x-download-options: [noopen]
      x-frame-options: [sameorigin]
      x-permitted-cross-domain-policies: [none]
      x-powered-by: [Phusion Passenger 4.0.53]
      x-request-id: [64f865a0-624a-4108-b018-7ea03177beed]
      x-runtime: ['0.017301']
      x-xss-protection: [1; mode=block]
    status: {code: 200, message: OK}
- request:
    body: null
    headers:
      Accept: [application/json;version=2]
      Cookie: [_session_id=3c8946bc8aedc9ceca0db4202a60d3e5]
    method: GET
    uri: https://centos7-katello-3-12/api/hostgroups?per_page=4294967296&search=title%3D%22New+host+group%2FNested+New+host+group%22&thin=False
  response:
    body: {string: !!python/unicode "{\n  \"total\": 1,\n  \"subtotal\": 0,\n  \"page\":
        1,\n  \"per_page\": 4294967296,\n  \"search\": \"title=\\\"New host group/Nested
        New host group\\\"\",\n  \"sort\": {\n    \"by\": null,\n    \"order\": null\n
        \ },\n  \"results\": []\n}\n"}
    headers:
      apipie-checksum: [5adea7a94ce02bd4ebd4e9df5046899d962d1188]
      cache-control: ['max-age=0, private, must-revalidate']
      content-security-policy: ['default-src ''self''; child-src ''self''; connect-src
          ''self'' ws: wss:; img-src ''self'' data: *.gravatar.com; script-src ''unsafe-eval''
          ''unsafe-inline'' ''self''; style-src ''unsafe-inline'' ''self''']
      content-type: [application/json; charset=utf-8]
      date: ['Fri, 02 Aug 2019 08:37:12 GMT']
      etag: [W/"8210002945fe208c948de2cc67701973"]
      foreman_api_version: ['2']
      foreman_version: [1.22.0]
      server: [Apache]
      status: [200 OK]
      strict-transport-security: [max-age=631139040; includeSubdomains]
      transfer-encoding: [chunked]
      vary: [Accept-Encoding]
      x-content-type-options: [nosniff]
      x-download-options: [noopen]
      x-frame-options: [sameorigin]
      x-permitted-cross-domain-policies: [none]
      x-powered-by: [Phusion Passenger 4.0.53]
      x-request-id: [e34f8a93-3e50-4643-8f4e-6603cdd46599]
      x-runtime: ['0.013800']
      x-xss-protection: [1; mode=block]
    status: {code: 200, message: OK}
- request:
    body: !!python/unicode '{"hostgroup": {"operatingsystem_id": 6, "name": "Nested
      New host group", "medium_id": 13, "subnet_id": 4, "parent_id": 10, "architecture_id":
      1, "organization_ids": [24, 25], "puppet_ca_proxy_id": 1, "ptable_id": 119,
      "location_ids": [3, 22, 23], "pxe_loader": "Grub2 UEFI", "domain_id": 8, "puppet_proxy_id":
      1, "description": "Nested group"}}'
    headers:
      Accept: [application/json;version=2]
      Content-Length: ['344']
      Content-Type: [application/json]
      Cookie: [_session_id=3c8946bc8aedc9ceca0db4202a60d3e5]
    method: POST
    uri: https://centos7-katello-3-12/api/hostgroups
  response:
    body: {string: !!python/unicode '{"subnet_id":4,"subnet_name":"Test subnet4","operatingsystem_id":6,"operatingsystem_name":"TestOS
        7.6","domain_id":8,"domain_name":"foo.example.com","environment_id":null,"environment_name":"production","compute_profile_id":null,"compute_profile_name":"myprofile","ancestry":"10","parent_id":10,"parent_name":"New
        host group","ptable_id":119,"ptable_name":"Part table","medium_id":13,"medium_name":"TestOS
        Mirror","pxe_loader":"Grub2 UEFI","subnet6_id":null,"subnet6_name":null,"architecture_id":1,"architecture_name":"x86_64","realm_id":null,"realm_name":null,"created_at":"2019-08-02
        08:37:12 UTC","updated_at":"2019-08-02 08:37:12 UTC","id":11,"name":"Nested
        New host group","title":"New host group/Nested New host group","description":"Nested
        group","puppet_proxy_id":1,"puppet_proxy_name":"centos7-katello-3-12.anubis.example.com","puppet_ca_proxy_id":1,"puppet_ca_proxy_name":"centos7-katello-3-12.anubis.example.com","puppet_proxy":{"name":"centos7-katello-3-12.anubis.example.com","id":1,"url":"https://centos7-katello-3-12.anubis.example.com:9090"},"puppet_ca_proxy":{"name":"centos7-katello-3-12.anubis.example.com","id":1,"url":"https://centos7-katello-3-12.anubis.example.com:9090"},"parameters":[],"template_combinations":[],"puppetclasses":[],"config_groups":[],"all_puppetclasses":[],"locations":[{"id":3,"name":"Foo","title":"Foo","description":null},{"id":22,"name":"Baz","title":"Foo/Baz","description":null},{"id":23,"name":"Bar","title":"Bar","description":null}],"organizations":[{"id":24,"name":"Test
        Org1","title":"Test Org1","description":"A test organization"},{"id":25,"name":"Test
        Org2","title":"Test Org2","description":"A test organization"}]}'}
    headers:
      apipie-checksum: [5adea7a94ce02bd4ebd4e9df5046899d962d1188]
      cache-control: ['max-age=0, private, must-revalidate']
      content-security-policy: ['default-src ''self''; child-src ''self''; connect-src
          ''self'' ws: wss:; img-src ''self'' data: *.gravatar.com; script-src ''unsafe-eval''
          ''unsafe-inline'' ''self''; style-src ''unsafe-inline'' ''self''']
      content-type: [application/json; charset=utf-8]
      date: ['Fri, 02 Aug 2019 08:37:12 GMT']
      etag: [W/"88a4ec819d227ece1a3fd7b8c599cd14"]
      foreman_api_version: ['2']
      foreman_version: [1.22.0]
      server: [Apache]
      set-cookie: [request_method=POST; path=/; secure; HttpOnly; SameSite=Lax]
      status: [201 Created]
      strict-transport-security: [max-age=631139040; includeSubdomains]
      transfer-encoding: [chunked]
      x-content-type-options: [nosniff]
      x-download-options: [noopen]
      x-frame-options: [sameorigin]
      x-permitted-cross-domain-policies: [none]
      x-powered-by: [Phusion Passenger 4.0.53]
      x-request-id: [083aca3e-56d6-4c1b-b44a-19c78d1551bc]
      x-runtime: ['0.166487']
      x-xss-protection: [1; mode=block]
    status: {code: 201, message: Created}
version: 1
