interactions:
- request:
    body: null
    headers:
      Accept: [application/json;version=2]
    method: GET
    uri: https://centos7-katello-3-12/api/status
  response:
    body: {string: !!python/unicode '{"result":"ok","status":200,"version":"1.22.0","api_version":2}'}
    headers:
      apipie-checksum: [5adea7a94ce02bd4ebd4e9df5046899d962d1188]
      cache-control: ['max-age=0, private, must-revalidate']
      content-length: ['63']
      content-security-policy: ['default-src ''self''; child-src ''self''; connect-src
          ''self'' ws: wss:; img-src ''self'' data: *.gravatar.com; script-src ''unsafe-eval''
          ''unsafe-inline'' ''self''; style-src ''unsafe-inline'' ''self''']
      content-type: [application/json; charset=utf-8]
      date: ['Fri, 02 Aug 2019 08:37:09 GMT']
      etag: [W/"674e9dbc2140c688b559566b581c5c09"]
      foreman_api_version: ['2']
      foreman_version: [1.22.0]
      server: [Apache]
      set-cookie: [_session_id=dff7dd1af8d2f289808f5bb9dd70bbc5; path=/; secure; HttpOnly;
          SameSite=Lax]
      status: [200 OK]
      strict-transport-security: [max-age=631139040; includeSubdomains]
      x-content-type-options: [nosniff]
      x-download-options: [noopen]
      x-frame-options: [sameorigin]
      x-permitted-cross-domain-policies: [none]
      x-powered-by: [Phusion Passenger 4.0.53]
      x-request-id: [adebe1c0-01ad-4d62-8331-59d34ec91e12]
      x-runtime: ['0.041250']
      x-xss-protection: [1; mode=block]
    status: {code: 200, message: OK}
- request:
    body: null
    headers:
      Accept: [application/json;version=2]
      Cookie: [_session_id=dff7dd1af8d2f289808f5bb9dd70bbc5]
    method: GET
    uri: https://centos7-katello-3-12/api/organizations?per_page=4294967296&search=name%3D%22Test+Org1%22&thin=True
  response:
    body: {string: !!python/unicode "{\n  \"total\": 3,\n  \"subtotal\": 1,\n  \"page\":
        1,\n  \"per_page\": 4294967296,\n  \"search\": \"name=\\\"Test Org1\\\"\",\n
        \ \"sort\": {\n    \"by\": null,\n    \"order\": null\n  },\n  \"results\":
        [{\"ancestry\":null,\"parent_id\":null,\"parent_name\":null,\"created_at\":\"2019-08-02
        08:36:58 UTC\",\"updated_at\":\"2019-08-02 08:36:58 UTC\",\"id\":24,\"name\":\"Test
        Org1\",\"title\":\"Test Org1\",\"description\":\"A test organization\"}]\n}\n"}
    headers:
      apipie-checksum: [5adea7a94ce02bd4ebd4e9df5046899d962d1188]
      cache-control: ['max-age=0, private, must-revalidate']
      content-security-policy: ['default-src ''self''; child-src ''self''; connect-src
          ''self'' ws: wss:; img-src ''self'' data: *.gravatar.com; script-src ''unsafe-eval''
          ''unsafe-inline'' ''self''; style-src ''unsafe-inline'' ''self''']
      content-type: [application/json; charset=utf-8]
      date: ['Fri, 02 Aug 2019 08:37:09 GMT']
      etag: [W/"44f7727822f55e35f4773b704e122a4f"]
      foreman_api_version: ['2']
      foreman_version: [1.22.0]
      server: [Apache]
      status: [200 OK]
      strict-transport-security: [max-age=631139040; includeSubdomains]
      transfer-encoding: [chunked]
      vary: [Accept-Encoding]
      x-content-type-options: [nosniff]
      x-download-options: [noopen]
      x-frame-options: [sameorigin]
      x-permitted-cross-domain-policies: [none]
      x-powered-by: [Phusion Passenger 4.0.53]
      x-request-id: [1b86f2cd-4182-4f26-8426-9fd3a1144719]
      x-runtime: ['0.043419']
      x-xss-protection: [1; mode=block]
    status: {code: 200, message: OK}
- request:
    body: null
    headers:
      Accept: [application/json;version=2]
      Cookie: [_session_id=dff7dd1af8d2f289808f5bb9dd70bbc5]
    method: GET
    uri: https://centos7-katello-3-12/api/organizations?per_page=4294967296&search=name%3D%22Test+Org2%22&thin=True
  response:
    body: {string: !!python/unicode "{\n  \"total\": 3,\n  \"subtotal\": 1,\n  \"page\":
        1,\n  \"per_page\": 4294967296,\n  \"search\": \"name=\\\"Test Org2\\\"\",\n
        \ \"sort\": {\n    \"by\": null,\n    \"order\": null\n  },\n  \"results\":
        [{\"ancestry\":null,\"parent_id\":null,\"parent_name\":null,\"created_at\":\"2019-08-02
        08:36:59 UTC\",\"updated_at\":\"2019-08-02 08:36:59 UTC\",\"id\":25,\"name\":\"Test
        Org2\",\"title\":\"Test Org2\",\"description\":\"A test organization\"}]\n}\n"}
    headers:
      apipie-checksum: [5adea7a94ce02bd4ebd4e9df5046899d962d1188]
      cache-control: ['max-age=0, private, must-revalidate']
      content-security-policy: ['default-src ''self''; child-src ''self''; connect-src
          ''self'' ws: wss:; img-src ''self'' data: *.gravatar.com; script-src ''unsafe-eval''
          ''unsafe-inline'' ''self''; style-src ''unsafe-inline'' ''self''']
      content-type: [application/json; charset=utf-8]
      date: ['Fri, 02 Aug 2019 08:37:09 GMT']
      etag: [W/"641269212cb837b26f9003d13fe4084a"]
      foreman_api_version: ['2']
      foreman_version: [1.22.0]
      server: [Apache]
      status: [200 OK]
      strict-transport-security: [max-age=631139040; includeSubdomains]
      transfer-encoding: [chunked]
      vary: [Accept-Encoding]
      x-content-type-options: [nosniff]
      x-download-options: [noopen]
      x-frame-options: [sameorigin]
      x-permitted-cross-domain-policies: [none]
      x-powered-by: [Phusion Passenger 4.0.53]
      x-request-id: [165b2a3a-4083-4e50-b97d-2c52947dc988]
      x-runtime: ['0.017350']
      x-xss-protection: [1; mode=block]
    status: {code: 200, message: OK}
- request:
    body: null
    headers:
      Accept: [application/json;version=2]
      Cookie: [_session_id=dff7dd1af8d2f289808f5bb9dd70bbc5]
    method: GET
    uri: https://centos7-katello-3-12/api/locations?per_page=4294967296&search=title%3D%22Foo%22&thin=True
  response:
    body: {string: !!python/unicode "{\n  \"total\": 4,\n  \"subtotal\": 1,\n  \"page\":
        1,\n  \"per_page\": 4294967296,\n  \"search\": \"title=\\\"Foo\\\"\",\n  \"sort\":
        {\n    \"by\": null,\n    \"order\": null\n  },\n  \"results\": [{\"ancestry\":null,\"parent_id\":null,\"parent_name\":null,\"created_at\":\"2019-07-28
        18:57:46 UTC\",\"updated_at\":\"2019-07-28 18:57:46 UTC\",\"id\":3,\"name\":\"Foo\",\"title\":\"Foo\",\"description\":null}]\n}\n"}
    headers:
      apipie-checksum: [5adea7a94ce02bd4ebd4e9df5046899d962d1188]
      cache-control: ['max-age=0, private, must-revalidate']
      content-security-policy: ['default-src ''self''; child-src ''self''; connect-src
          ''self'' ws: wss:; img-src ''self'' data: *.gravatar.com; script-src ''unsafe-eval''
          ''unsafe-inline'' ''self''; style-src ''unsafe-inline'' ''self''']
      content-type: [application/json; charset=utf-8]
      date: ['Fri, 02 Aug 2019 08:37:09 GMT']
      etag: [W/"51904b7d578611f5ba34a56ad4db3248"]
      foreman_api_version: ['2']
      foreman_version: [1.22.0]
      server: [Apache]
      status: [200 OK]
      strict-transport-security: [max-age=631139040; includeSubdomains]
      transfer-encoding: [chunked]
      vary: [Accept-Encoding]
      x-content-type-options: [nosniff]
      x-download-options: [noopen]
      x-frame-options: [sameorigin]
      x-permitted-cross-domain-policies: [none]
      x-powered-by: [Phusion Passenger 4.0.53]
      x-request-id: [525ba336-7fe2-4a21-bba1-78bb433c5a16]
      x-runtime: ['0.016789']
      x-xss-protection: [1; mode=block]
    status: {code: 200, message: OK}
- request:
    body: null
    headers:
      Accept: [application/json;version=2]
      Cookie: [_session_id=dff7dd1af8d2f289808f5bb9dd70bbc5]
    method: GET
    uri: https://centos7-katello-3-12/api/locations?per_page=4294967296&search=title%3D%22Foo%2FBaz%22&thin=True
  response:
    body: {string: !!python/unicode "{\n  \"total\": 4,\n  \"subtotal\": 1,\n  \"page\":
        1,\n  \"per_page\": 4294967296,\n  \"search\": \"title=\\\"Foo/Baz\\\"\",\n
        \ \"sort\": {\n    \"by\": null,\n    \"order\": null\n  },\n  \"results\":
        [{\"ancestry\":\"3\",\"parent_id\":3,\"parent_name\":\"Foo\",\"created_at\":\"2019-08-02
        08:36:56 UTC\",\"updated_at\":\"2019-08-02 08:36:56 UTC\",\"id\":22,\"name\":\"Baz\",\"title\":\"Foo/Baz\",\"description\":null}]\n}\n"}
    headers:
      apipie-checksum: [5adea7a94ce02bd4ebd4e9df5046899d962d1188]
      cache-control: ['max-age=0, private, must-revalidate']
      content-security-policy: ['default-src ''self''; child-src ''self''; connect-src
          ''self'' ws: wss:; img-src ''self'' data: *.gravatar.com; script-src ''unsafe-eval''
          ''unsafe-inline'' ''self''; style-src ''unsafe-inline'' ''self''']
      content-type: [application/json; charset=utf-8]
      date: ['Fri, 02 Aug 2019 08:37:09 GMT']
      etag: [W/"d846df85d8c8ae8c37d6c5dbcef6ad95"]
      foreman_api_version: ['2']
      foreman_version: [1.22.0]
      server: [Apache]
      status: [200 OK]
      strict-transport-security: [max-age=631139040; includeSubdomains]
      transfer-encoding: [chunked]
      vary: [Accept-Encoding]
      x-content-type-options: [nosniff]
      x-download-options: [noopen]
      x-frame-options: [sameorigin]
      x-permitted-cross-domain-policies: [none]
      x-powered-by: [Phusion Passenger 4.0.53]
      x-request-id: [b38a354b-db30-4f68-b25a-2db36b0e4bb2]
      x-runtime: ['0.015774']
      x-xss-protection: [1; mode=block]
    status: {code: 200, message: OK}
- request:
    body: null
    headers:
      Accept: [application/json;version=2]
      Cookie: [_session_id=dff7dd1af8d2f289808f5bb9dd70bbc5]
    method: GET
    uri: https://centos7-katello-3-12/api/locations?per_page=4294967296&search=title%3D%22Bar%22&thin=True
  response:
    body: {string: !!python/unicode "{\n  \"total\": 4,\n  \"subtotal\": 1,\n  \"page\":
        1,\n  \"per_page\": 4294967296,\n  \"search\": \"title=\\\"Bar\\\"\",\n  \"sort\":
        {\n    \"by\": null,\n    \"order\": null\n  },\n  \"results\": [{\"ancestry\":null,\"parent_id\":null,\"parent_name\":null,\"created_at\":\"2019-08-02
        08:36:57 UTC\",\"updated_at\":\"2019-08-02 08:36:57 UTC\",\"id\":23,\"name\":\"Bar\",\"title\":\"Bar\",\"description\":null}]\n}\n"}
    headers:
      apipie-checksum: [5adea7a94ce02bd4ebd4e9df5046899d962d1188]
      cache-control: ['max-age=0, private, must-revalidate']
      content-security-policy: ['default-src ''self''; child-src ''self''; connect-src
          ''self'' ws: wss:; img-src ''self'' data: *.gravatar.com; script-src ''unsafe-eval''
          ''unsafe-inline'' ''self''; style-src ''unsafe-inline'' ''self''']
      content-type: [application/json; charset=utf-8]
      date: ['Fri, 02 Aug 2019 08:37:09 GMT']
      etag: [W/"28bca4d979e94d3842778faacab657f5"]
      foreman_api_version: ['2']
      foreman_version: [1.22.0]
      server: [Apache]
      status: [200 OK]
      strict-transport-security: [max-age=631139040; includeSubdomains]
      transfer-encoding: [chunked]
      vary: [Accept-Encoding]
      x-content-type-options: [nosniff]
      x-download-options: [noopen]
      x-frame-options: [sameorigin]
      x-permitted-cross-domain-policies: [none]
      x-powered-by: [Phusion Passenger 4.0.53]
      x-request-id: [d4341e29-5141-468e-8975-2a2dbd76bd1b]
      x-runtime: ['0.013981']
      x-xss-protection: [1; mode=block]
    status: {code: 200, message: OK}
- request:
    body: null
    headers:
      Accept: [application/json;version=2]
      Cookie: [_session_id=dff7dd1af8d2f289808f5bb9dd70bbc5]
    method: GET
    uri: https://centos7-katello-3-12/api/compute_resources?per_page=4294967296&search=name%3D%22libvirt-cr%22&thin=True
  response:
    body: {string: !!python/unicode "{\n  \"total\": 1,\n  \"subtotal\": 1,\n  \"page\":
        1,\n  \"per_page\": 4294967296,\n  \"search\": \"name=\\\"libvirt-cr\\\"\",\n
        \ \"sort\": {\n    \"by\": null,\n    \"order\": null\n  },\n  \"results\":
        [{\"description\":null,\"url\":\"qemu:///system\",\"created_at\":\"2019-07-28
        19:33:44 UTC\",\"updated_at\":\"2019-07-28 19:33:44 UTC\",\"id\":1,\"name\":\"libvirt-cr\",\"provider\":\"Libvirt\",\"provider_friendly_name\":\"Libvirt\",\"display_type\":\"vnc\",\"set_console_password\":true}]\n}\n"}
    headers:
      apipie-checksum: [5adea7a94ce02bd4ebd4e9df5046899d962d1188]
      cache-control: ['max-age=0, private, must-revalidate']
      content-security-policy: ['default-src ''self''; child-src ''self''; connect-src
          ''self'' ws: wss:; img-src ''self'' data: *.gravatar.com; script-src ''unsafe-eval''
          ''unsafe-inline'' ''self''; style-src ''unsafe-inline'' ''self''']
      content-type: [application/json; charset=utf-8]
      date: ['Fri, 02 Aug 2019 08:37:09 GMT']
      etag: [W/"e47d02ddaf0333fec941aa7d9d4bf413"]
      foreman_api_version: ['2']
      foreman_version: [1.22.0]
      server: [Apache]
      status: [200 OK]
      strict-transport-security: [max-age=631139040; includeSubdomains]
      transfer-encoding: [chunked]
      vary: [Accept-Encoding]
      x-content-type-options: [nosniff]
      x-download-options: [noopen]
      x-frame-options: [sameorigin]
      x-permitted-cross-domain-policies: [none]
      x-powered-by: [Phusion Passenger 4.0.53]
      x-request-id: [2b52bf4e-0788-411e-9d51-efeeff0f621f]
      x-runtime: ['0.014472']
      x-xss-protection: [1; mode=block]
    status: {code: 200, message: OK}
- request:
    body: null
    headers:
      Accept: [application/json;version=2]
      Cookie: [_session_id=dff7dd1af8d2f289808f5bb9dd70bbc5]
    method: GET
    uri: https://centos7-katello-3-12/api/compute_profiles?per_page=4294967296&search=name%3D%22myprofile%22&thin=True
  response:
    body: {string: !!python/unicode "{\n  \"total\": 4,\n  \"subtotal\": 1,\n  \"page\":
        1,\n  \"per_page\": 4294967296,\n  \"search\": \"name=\\\"myprofile\\\"\",\n
        \ \"sort\": {\n    \"by\": null,\n    \"order\": null\n  },\n  \"results\":
        [{\"created_at\":\"2019-08-02 08:37:07 UTC\",\"updated_at\":\"2019-08-02 08:37:07
        UTC\",\"id\":7,\"name\":\"myprofile\"}]\n}\n"}
    headers:
      apipie-checksum: [5adea7a94ce02bd4ebd4e9df5046899d962d1188]
      cache-control: ['max-age=0, private, must-revalidate']
      content-security-policy: ['default-src ''self''; child-src ''self''; connect-src
          ''self'' ws: wss:; img-src ''self'' data: *.gravatar.com; script-src ''unsafe-eval''
          ''unsafe-inline'' ''self''; style-src ''unsafe-inline'' ''self''']
      content-type: [application/json; charset=utf-8]
      date: ['Fri, 02 Aug 2019 08:37:09 GMT']
      etag: [W/"19358cf21dd1a72f2fa3c7cf6163d4c2"]
      foreman_api_version: ['2']
      foreman_version: [1.22.0]
      server: [Apache]
      status: [200 OK]
      strict-transport-security: [max-age=631139040; includeSubdomains]
      transfer-encoding: [chunked]
      vary: [Accept-Encoding]
      x-content-type-options: [nosniff]
      x-download-options: [noopen]
      x-frame-options: [sameorigin]
      x-permitted-cross-domain-policies: [none]
      x-powered-by: [Phusion Passenger 4.0.53]
      x-request-id: [6c4c04a2-e949-4cc1-bb05-096be552a84b]
      x-runtime: ['0.013732']
      x-xss-protection: [1; mode=block]
    status: {code: 200, message: OK}
- request:
    body: null
    headers:
      Accept: [application/json;version=2]
      Cookie: [_session_id=dff7dd1af8d2f289808f5bb9dd70bbc5]
    method: GET
    uri: https://centos7-katello-3-12/api/domains?per_page=4294967296&search=name%3D%22foo.example.com%22&thin=True
  response:
    body: {string: !!python/unicode "{\n  \"total\": 3,\n  \"subtotal\": 1,\n  \"page\":
        1,\n  \"per_page\": 4294967296,\n  \"search\": \"name=\\\"foo.example.com\\\"\",\n
        \ \"sort\": {\n    \"by\": null,\n    \"order\": null\n  },\n  \"results\":
        [{\"fullname\":null,\"created_at\":\"2019-08-02 08:37:01 UTC\",\"updated_at\":\"2019-08-02
        08:37:01 UTC\",\"id\":8,\"name\":\"foo.example.com\",\"dns_id\":1,\"dns\":{\"name\":\"centos7-katello-3-12.anubis.example.com\",\"id\":1,\"url\":\"https://centos7-katello-3-12.anubis.example.com:9090\"}}]\n}\n"}
    headers:
      apipie-checksum: [5adea7a94ce02bd4ebd4e9df5046899d962d1188]
      cache-control: ['max-age=0, private, must-revalidate']
      content-security-policy: ['default-src ''self''; child-src ''self''; connect-src
          ''self'' ws: wss:; img-src ''self'' data: *.gravatar.com; script-src ''unsafe-eval''
          ''unsafe-inline'' ''self''; style-src ''unsafe-inline'' ''self''']
      content-type: [application/json; charset=utf-8]
      date: ['Fri, 02 Aug 2019 08:37:09 GMT']
      etag: [W/"f3166bb7a79d05fee238ce6d66c623de"]
      foreman_api_version: ['2']
      foreman_version: [1.22.0]
      server: [Apache]
      status: [200 OK]
      strict-transport-security: [max-age=631139040; includeSubdomains]
      transfer-encoding: [chunked]
      vary: [Accept-Encoding]
      x-content-type-options: [nosniff]
      x-download-options: [noopen]
      x-frame-options: [sameorigin]
      x-permitted-cross-domain-policies: [none]
      x-powered-by: [Phusion Passenger 4.0.53]
      x-request-id: [2e3bf216-4103-4b53-b0df-4a9bfaaa3b38]
      x-runtime: ['0.015703']
      x-xss-protection: [1; mode=block]
    status: {code: 200, message: OK}
- request:
    body: null
    headers:
      Accept: [application/json;version=2]
      Cookie: [_session_id=dff7dd1af8d2f289808f5bb9dd70bbc5]
    method: GET
    uri: https://centos7-katello-3-12/api/subnets?per_page=4294967296&search=name%3D%22Test+subnet4%22&thin=True
  response:
    body: {string: !!python/unicode "{\n  \"total\": 1,\n  \"subtotal\": 1,\n  \"page\":
        1,\n  \"per_page\": 4294967296,\n  \"search\": \"name=\\\"Test subnet4\\\"\",\n
        \ \"sort\": {\n    \"by\": null,\n    \"order\": null\n  },\n  \"results\":
        [{\"network\":\"192.168.200.0\",\"network_type\":\"IPv4\",\"cidr\":27,\"mask\":\"255.255.255.224\",\"priority\":null,\"vlanid\":null,\"mtu\":1500,\"gateway\":null,\"dns_primary\":null,\"dns_secondary\":null,\"from\":null,\"to\":null,\"created_at\":\"2019-08-02
        08:37:02 UTC\",\"updated_at\":\"2019-08-02 08:37:02 UTC\",\"ipam\":\"DHCP\",\"boot_mode\":\"DHCP\",\"id\":4,\"name\":\"Test
        subnet4\",\"description\":null,\"network_address\":\"192.168.200.0/27\",\"dhcp_id\":null,\"dhcp_name\":null,\"tftp_id\":null,\"tftp_name\":null,\"httpboot_id\":null,\"httpboot_name\":null,\"dns_id\":null,\"template_id\":null,\"template_name\":null,\"dhcp\":null,\"tftp\":null,\"httpboot\":null,\"dns\":null,\"template\":null}]\n}\n"}
    headers:
      apipie-checksum: [5adea7a94ce02bd4ebd4e9df5046899d962d1188]
      cache-control: ['max-age=0, private, must-revalidate']
      content-security-policy: ['default-src ''self''; child-src ''self''; connect-src
          ''self'' ws: wss:; img-src ''self'' data: *.gravatar.com; script-src ''unsafe-eval''
          ''unsafe-inline'' ''self''; style-src ''unsafe-inline'' ''self''']
      content-type: [application/json; charset=utf-8]
      date: ['Fri, 02 Aug 2019 08:37:09 GMT']
      etag: [W/"c61727614d9e3a18d2a652555c7d2276"]
      foreman_api_version: ['2']
      foreman_version: [1.22.0]
      server: [Apache]
      status: [200 OK]
      strict-transport-security: [max-age=631139040; includeSubdomains]
      transfer-encoding: [chunked]
      vary: [Accept-Encoding]
      x-content-type-options: [nosniff]
      x-download-options: [noopen]
      x-frame-options: [sameorigin]
      x-permitted-cross-domain-policies: [none]
      x-powered-by: [Phusion Passenger 4.0.53]
      x-request-id: [22972d37-ae42-46a5-9c5b-ea45f77a9376]
      x-runtime: ['0.015497']
      x-xss-protection: [1; mode=block]
    status: {code: 200, message: OK}
- request:
    body: null
    headers:
      Accept: [application/json;version=2]
      Cookie: [_session_id=dff7dd1af8d2f289808f5bb9dd70bbc5]
    method: GET
    uri: https://centos7-katello-3-12/api/architectures?per_page=4294967296&search=name%3D%22x86_64%22&thin=True
  response:
    body: {string: !!python/unicode "{\n  \"total\": 2,\n  \"subtotal\": 1,\n  \"page\":
        1,\n  \"per_page\": 4294967296,\n  \"search\": \"name=\\\"x86_64\\\"\",\n
        \ \"sort\": {\n    \"by\": null,\n    \"order\": null\n  },\n  \"results\":
        [{\"created_at\":\"2019-07-19 09:01:48 UTC\",\"updated_at\":\"2019-07-19 09:01:48
        UTC\",\"name\":\"x86_64\",\"id\":1}]\n}\n"}
    headers:
      apipie-checksum: [5adea7a94ce02bd4ebd4e9df5046899d962d1188]
      cache-control: ['max-age=0, private, must-revalidate']
      content-security-policy: ['default-src ''self''; child-src ''self''; connect-src
          ''self'' ws: wss:; img-src ''self'' data: *.gravatar.com; script-src ''unsafe-eval''
          ''unsafe-inline'' ''self''; style-src ''unsafe-inline'' ''self''']
      content-type: [application/json; charset=utf-8]
      date: ['Fri, 02 Aug 2019 08:37:09 GMT']
      etag: [W/"15d6f09dc0ed8f75f76281bd6d9f5bb0"]
      foreman_api_version: ['2']
      foreman_version: [1.22.0]
      server: [Apache]
      status: [200 OK]
      strict-transport-security: [max-age=631139040; includeSubdomains]
      transfer-encoding: [chunked]
      vary: [Accept-Encoding]
      x-content-type-options: [nosniff]
      x-download-options: [noopen]
      x-frame-options: [sameorigin]
      x-permitted-cross-domain-policies: [none]
      x-powered-by: [Phusion Passenger 4.0.53]
      x-request-id: [fd5a1b46-da6c-484b-bbfc-c293bd14afa7]
      x-runtime: ['0.013603']
      x-xss-protection: [1; mode=block]
    status: {code: 200, message: OK}
- request:
    body: null
    headers:
      Accept: [application/json;version=2]
      Cookie: [_session_id=dff7dd1af8d2f289808f5bb9dd70bbc5]
    method: GET
    uri: https://centos7-katello-3-12/api/operatingsystems?per_page=4294967296&search=title%3D%22TestOS+7.6%22&thin=True
  response:
    body: {string: !!python/unicode "{\n  \"total\": 2,\n  \"subtotal\": 1,\n  \"page\":
        1,\n  \"per_page\": 4294967296,\n  \"search\": \"title=\\\"TestOS 7.6\\\"\",\n
        \ \"sort\": {\n    \"by\": null,\n    \"order\": null\n  },\n  \"results\":
        [{\"description\":null,\"major\":\"7\",\"minor\":\"6\",\"family\":\"Redhat\",\"release_name\":\"reverse
        whip\",\"password_hash\":\"SHA256\",\"created_at\":\"2019-08-02 08:37:04 UTC\",\"updated_at\":\"2019-08-02
        08:37:04 UTC\",\"id\":6,\"name\":\"TestOS\",\"title\":\"TestOS 7.6\"}]\n}\n"}
    headers:
      apipie-checksum: [5adea7a94ce02bd4ebd4e9df5046899d962d1188]
      cache-control: ['max-age=0, private, must-revalidate']
      content-security-policy: ['default-src ''self''; child-src ''self''; connect-src
          ''self'' ws: wss:; img-src ''self'' data: *.gravatar.com; script-src ''unsafe-eval''
          ''unsafe-inline'' ''self''; style-src ''unsafe-inline'' ''self''']
      content-type: [application/json; charset=utf-8]
      date: ['Fri, 02 Aug 2019 08:37:09 GMT']
      etag: [W/"488844e5e707bafebe784f638e3b4aa4"]
      foreman_api_version: ['2']
      foreman_version: [1.22.0]
      server: [Apache]
      status: [200 OK]
      strict-transport-security: [max-age=631139040; includeSubdomains]
      transfer-encoding: [chunked]
      vary: [Accept-Encoding]
      x-content-type-options: [nosniff]
      x-download-options: [noopen]
      x-frame-options: [sameorigin]
      x-permitted-cross-domain-policies: [none]
      x-powered-by: [Phusion Passenger 4.0.53]
      x-request-id: [cf689685-d8b9-4d01-9903-2a30e1e72a62]
      x-runtime: ['0.013976']
      x-xss-protection: [1; mode=block]
    status: {code: 200, message: OK}
- request:
    body: null
    headers:
      Accept: [application/json;version=2]
      Cookie: [_session_id=dff7dd1af8d2f289808f5bb9dd70bbc5]
    method: GET
    uri: https://centos7-katello-3-12/api/media?per_page=4294967296&search=name%3D%22TestOS+Mirror%22&thin=True
  response:
    body: {string: !!python/unicode "{\n  \"total\": 10,\n  \"subtotal\": 1,\n  \"page\":
        1,\n  \"per_page\": 4294967296,\n  \"search\": \"name=\\\"TestOS Mirror\\\"\",\n
        \ \"sort\": {\n    \"by\": null,\n    \"order\": null\n  },\n  \"results\":
        [{\"path\":\"https://templeos.org/TempleOS.ISO\",\"os_family\":\"Redhat\",\"created_at\":\"2019-08-02
        08:37:05 UTC\",\"updated_at\":\"2019-08-02 08:37:05 UTC\",\"id\":13,\"name\":\"TestOS
        Mirror\"}]\n}\n"}
    headers:
      apipie-checksum: [5adea7a94ce02bd4ebd4e9df5046899d962d1188]
      cache-control: ['max-age=0, private, must-revalidate']
      content-security-policy: ['default-src ''self''; child-src ''self''; connect-src
          ''self'' ws: wss:; img-src ''self'' data: *.gravatar.com; script-src ''unsafe-eval''
          ''unsafe-inline'' ''self''; style-src ''unsafe-inline'' ''self''']
      content-type: [application/json; charset=utf-8]
      date: ['Fri, 02 Aug 2019 08:37:09 GMT']
      etag: [W/"eda29779e48215f439f1e5d824dc49a9"]
      foreman_api_version: ['2']
      foreman_version: [1.22.0]
      server: [Apache]
      status: [200 OK]
      strict-transport-security: [max-age=631139040; includeSubdomains]
      transfer-encoding: [chunked]
      vary: [Accept-Encoding]
      x-content-type-options: [nosniff]
      x-download-options: [noopen]
      x-frame-options: [sameorigin]
      x-permitted-cross-domain-policies: [none]
      x-powered-by: [Phusion Passenger 4.0.53]
      x-request-id: [a54761ff-a79f-453f-90a1-7c2c35cf57e4]
      x-runtime: ['0.014362']
      x-xss-protection: [1; mode=block]
    status: {code: 200, message: OK}
- request:
    body: null
    headers:
      Accept: [application/json;version=2]
      Cookie: [_session_id=dff7dd1af8d2f289808f5bb9dd70bbc5]
    method: GET
    uri: https://centos7-katello-3-12/api/ptables?per_page=4294967296&search=name%3D%22Part+table%22&thin=True
  response:
    body: {string: !!python/unicode "{\n  \"total\": 16,\n  \"subtotal\": 1,\n  \"page\":
        1,\n  \"per_page\": 4294967296,\n  \"search\": \"name=\\\"Part table\\\"\",\n
        \ \"sort\": {\n    \"by\": null,\n    \"order\": null\n  },\n  \"results\":
        [{\"os_family\":\"Redhat\",\"created_at\":\"2019-08-02 08:37:03 UTC\",\"updated_at\":\"2019-08-02
        08:37:03 UTC\",\"name\":\"Part table\",\"id\":119}]\n}\n"}
    headers:
      apipie-checksum: [5adea7a94ce02bd4ebd4e9df5046899d962d1188]
      cache-control: ['max-age=0, private, must-revalidate']
      content-security-policy: ['default-src ''self''; child-src ''self''; connect-src
          ''self'' ws: wss:; img-src ''self'' data: *.gravatar.com; script-src ''unsafe-eval''
          ''unsafe-inline'' ''self''; style-src ''unsafe-inline'' ''self''']
      content-type: [application/json; charset=utf-8]
      date: ['Fri, 02 Aug 2019 08:37:09 GMT']
      etag: [W/"77a5b2f7a3cf750222985959844e4abd"]
      foreman_api_version: ['2']
      foreman_version: [1.22.0]
      server: [Apache]
      status: [200 OK]
      strict-transport-security: [max-age=631139040; includeSubdomains]
      transfer-encoding: [chunked]
      vary: [Accept-Encoding]
      x-content-type-options: [nosniff]
      x-download-options: [noopen]
      x-frame-options: [sameorigin]
      x-permitted-cross-domain-policies: [none]
      x-powered-by: [Phusion Passenger 4.0.53]
      x-request-id: [9ab24988-4a20-43a8-bd78-3880104c18d2]
      x-runtime: ['0.014552']
      x-xss-protection: [1; mode=block]
    status: {code: 200, message: OK}
- request:
    body: null
    headers:
      Accept: [application/json;version=2]
      Cookie: [_session_id=dff7dd1af8d2f289808f5bb9dd70bbc5]
    method: GET
    uri: https://centos7-katello-3-12/api/environments?per_page=4294967296&search=name%3D%22production%22&thin=True
  response:
    body: {string: !!python/unicode "{\n  \"total\": 1,\n  \"subtotal\": 1,\n  \"page\":
        1,\n  \"per_page\": 4294967296,\n  \"search\": \"name=\\\"production\\\"\",\n
        \ \"sort\": {\n    \"by\": null,\n    \"order\": null\n  },\n  \"results\":
        [{\"created_at\":\"2019-07-19 09:04:50 UTC\",\"updated_at\":\"2019-07-19 09:04:50
        UTC\",\"name\":\"production\",\"id\":1}]\n}\n"}
    headers:
      apipie-checksum: [5adea7a94ce02bd4ebd4e9df5046899d962d1188]
      cache-control: ['max-age=0, private, must-revalidate']
      content-security-policy: ['default-src ''self''; child-src ''self''; connect-src
          ''self'' ws: wss:; img-src ''self'' data: *.gravatar.com; script-src ''unsafe-eval''
          ''unsafe-inline'' ''self''; style-src ''unsafe-inline'' ''self''']
      content-type: [application/json; charset=utf-8]
      date: ['Fri, 02 Aug 2019 08:37:09 GMT']
      etag: [W/"74d899e4d89d10530f7566aeb66a92e2"]
      foreman_api_version: ['2']
      foreman_version: [1.22.0]
      server: [Apache]
      status: [200 OK]
      strict-transport-security: [max-age=631139040; includeSubdomains]
      transfer-encoding: [chunked]
      vary: [Accept-Encoding]
      x-content-type-options: [nosniff]
      x-download-options: [noopen]
      x-frame-options: [sameorigin]
      x-permitted-cross-domain-policies: [none]
      x-powered-by: [Phusion Passenger 4.0.53]
      x-request-id: [456389c1-ae4f-4713-ace7-9acd463b0e13]
      x-runtime: ['0.020986']
      x-xss-protection: [1; mode=block]
    status: {code: 200, message: OK}
- request:
    body: null
    headers:
      Accept: [application/json;version=2]
      Cookie: [_session_id=dff7dd1af8d2f289808f5bb9dd70bbc5]
    method: GET
    uri: https://centos7-katello-3-12/api/config_groups?per_page=4294967296&search=name%3D%22cfg_group1%22&thin=True
  response:
    body: {string: !!python/unicode "{\n  \"total\": 2,\n  \"subtotal\": 1,\n  \"page\":
        1,\n  \"per_page\": 4294967296,\n  \"search\": \"name=\\\"cfg_group1\\\"\",\n
        \ \"sort\": {\n    \"by\": null,\n    \"order\": null\n  },\n  \"results\":
        [{\"created_at\":\"2019-08-02 08:37:08 UTC\",\"updated_at\":\"2019-08-02 08:37:08
        UTC\",\"id\":7,\"name\":\"cfg_group1\",\"puppetclasses\":[]}]\n}\n"}
    headers:
      apipie-checksum: [5adea7a94ce02bd4ebd4e9df5046899d962d1188]
      cache-control: ['max-age=0, private, must-revalidate']
      content-security-policy: ['default-src ''self''; child-src ''self''; connect-src
          ''self'' ws: wss:; img-src ''self'' data: *.gravatar.com; script-src ''unsafe-eval''
          ''unsafe-inline'' ''self''; style-src ''unsafe-inline'' ''self''']
      content-type: [application/json; charset=utf-8]
      date: ['Fri, 02 Aug 2019 08:37:09 GMT']
      etag: [W/"3a0770f77f32dc450ca71a0786e5989f"]
      foreman_api_version: ['2']
      foreman_version: [1.22.0]
      server: [Apache]
      status: [200 OK]
      strict-transport-security: [max-age=631139040; includeSubdomains]
      transfer-encoding: [chunked]
      vary: [Accept-Encoding]
      x-content-type-options: [nosniff]
      x-download-options: [noopen]
      x-frame-options: [sameorigin]
      x-permitted-cross-domain-policies: [none]
      x-powered-by: [Phusion Passenger 4.0.53]
      x-request-id: [8ecbda9d-dd13-4fac-8ac0-e62f7f97ca47]
      x-runtime: ['0.015287']
      x-xss-protection: [1; mode=block]
    status: {code: 200, message: OK}
- request:
    body: null
    headers:
      Accept: [application/json;version=2]
      Cookie: [_session_id=dff7dd1af8d2f289808f5bb9dd70bbc5]
    method: GET
    uri: https://centos7-katello-3-12/api/config_groups?per_page=4294967296&search=name%3D%22cfg_group2%22&thin=True
  response:
    body: {string: !!python/unicode "{\n  \"total\": 2,\n  \"subtotal\": 1,\n  \"page\":
        1,\n  \"per_page\": 4294967296,\n  \"search\": \"name=\\\"cfg_group2\\\"\",\n
        \ \"sort\": {\n    \"by\": null,\n    \"order\": null\n  },\n  \"results\":
        [{\"created_at\":\"2019-08-02 08:37:08 UTC\",\"updated_at\":\"2019-08-02 08:37:08
        UTC\",\"id\":8,\"name\":\"cfg_group2\",\"puppetclasses\":[]}]\n}\n"}
    headers:
      apipie-checksum: [5adea7a94ce02bd4ebd4e9df5046899d962d1188]
      cache-control: ['max-age=0, private, must-revalidate']
      content-security-policy: ['default-src ''self''; child-src ''self''; connect-src
          ''self'' ws: wss:; img-src ''self'' data: *.gravatar.com; script-src ''unsafe-eval''
          ''unsafe-inline'' ''self''; style-src ''unsafe-inline'' ''self''']
      content-type: [application/json; charset=utf-8]
      date: ['Fri, 02 Aug 2019 08:37:10 GMT']
      etag: [W/"eb6d549f61a9215e296cc2af890f2202"]
      foreman_api_version: ['2']
      foreman_version: [1.22.0]
      server: [Apache]
      status: [200 OK]
      strict-transport-security: [max-age=631139040; includeSubdomains]
      transfer-encoding: [chunked]
      vary: [Accept-Encoding]
      x-content-type-options: [nosniff]
      x-download-options: [noopen]
      x-frame-options: [sameorigin]
      x-permitted-cross-domain-policies: [none]
      x-powered-by: [Phusion Passenger 4.0.53]
      x-request-id: [f67a43fb-f5f7-446a-85f0-29c48fd97bbe]
      x-runtime: ['0.020170']
      x-xss-protection: [1; mode=block]
    status: {code: 200, message: OK}
- request:
    body: null
    headers:
      Accept: [application/json;version=2]
      Cookie: [_session_id=dff7dd1af8d2f289808f5bb9dd70bbc5]
    method: GET
    uri: https://centos7-katello-3-12/api/smart_proxies?per_page=4294967296&search=name%3D%22centos7-katello-3-12.anubis.example.com%22&thin=True
  response:
    body: {string: !!python/unicode "{\n  \"total\": 1,\n  \"subtotal\": 1,\n  \"page\":
        1,\n  \"per_page\": 4294967296,\n  \"search\": \"name=\\\"centos7-katello-3-12.anubis.example.com\\\"\",\n
        \ \"sort\": {\n    \"by\": null,\n    \"order\": null\n  },\n  \"results\":
        [{\"created_at\":\"2019-07-19 09:04:44 UTC\",\"updated_at\":\"2019-07-19 09:04:45
        UTC\",\"name\":\"centos7-katello-3-12.anubis.example.com\",\"id\":1,\"url\":\"https://centos7-katello-3-12.anubis.example.com:9090\",\"download_policy\":\"on_demand\",\"features\":[{\"capabilities\":[],\"name\":\"Pulp\",\"id\":2},{\"capabilities\":[],\"name\":\"Templates\",\"id\":1},{\"capabilities\":[],\"name\":\"TFTP\",\"id\":5},{\"capabilities\":[],\"name\":\"Puppet
        CA\",\"id\":9},{\"capabilities\":[],\"name\":\"Puppet\",\"id\":8},{\"capabilities\":[],\"name\":\"Logs\",\"id\":13},{\"capabilities\":[],\"name\":\"HTTPBoot\",\"id\":14},{\"capabilities\":[],\"name\":\"DNS\",\"id\":6}]}]\n}\n"}
    headers:
      apipie-checksum: [5adea7a94ce02bd4ebd4e9df5046899d962d1188]
      cache-control: ['max-age=0, private, must-revalidate']
      content-security-policy: ['default-src ''self''; child-src ''self''; connect-src
          ''self'' ws: wss:; img-src ''self'' data: *.gravatar.com; script-src ''unsafe-eval''
          ''unsafe-inline'' ''self''; style-src ''unsafe-inline'' ''self''']
      content-type: [application/json; charset=utf-8]
      date: ['Fri, 02 Aug 2019 08:37:10 GMT']
      etag: [W/"b94891ea4f82252e15d15e5196465d96"]
      foreman_api_version: ['2']
      foreman_version: [1.22.0]
      server: [Apache]
      status: [200 OK]
      strict-transport-security: [max-age=631139040; includeSubdomains]
      transfer-encoding: [chunked]
      vary: [Accept-Encoding]
      x-content-type-options: [nosniff]
      x-download-options: [noopen]
      x-frame-options: [sameorigin]
      x-permitted-cross-domain-policies: [none]
      x-powered-by: [Phusion Passenger 4.0.53]
      x-request-id: [93324774-994e-4165-9144-2bfd57c1ad4b]
      x-runtime: ['0.017854']
      x-xss-protection: [1; mode=block]
    status: {code: 200, message: OK}
- request:
    body: null
    headers:
      Accept: [application/json;version=2]
      Cookie: [_session_id=dff7dd1af8d2f289808f5bb9dd70bbc5]
    method: GET
    uri: https://centos7-katello-3-12/api/smart_proxies?per_page=4294967296&search=name%3D%22centos7-katello-3-12.anubis.example.com%22&thin=True
  response:
    body: {string: !!python/unicode "{\n  \"total\": 1,\n  \"subtotal\": 1,\n  \"page\":
        1,\n  \"per_page\": 4294967296,\n  \"search\": \"name=\\\"centos7-katello-3-12.anubis.example.com\\\"\",\n
        \ \"sort\": {\n    \"by\": null,\n    \"order\": null\n  },\n  \"results\":
        [{\"created_at\":\"2019-07-19 09:04:44 UTC\",\"updated_at\":\"2019-07-19 09:04:45
        UTC\",\"name\":\"centos7-katello-3-12.anubis.example.com\",\"id\":1,\"url\":\"https://centos7-katello-3-12.anubis.example.com:9090\",\"download_policy\":\"on_demand\",\"features\":[{\"capabilities\":[],\"name\":\"Pulp\",\"id\":2},{\"capabilities\":[],\"name\":\"Templates\",\"id\":1},{\"capabilities\":[],\"name\":\"TFTP\",\"id\":5},{\"capabilities\":[],\"name\":\"Puppet
        CA\",\"id\":9},{\"capabilities\":[],\"name\":\"Puppet\",\"id\":8},{\"capabilities\":[],\"name\":\"Logs\",\"id\":13},{\"capabilities\":[],\"name\":\"HTTPBoot\",\"id\":14},{\"capabilities\":[],\"name\":\"DNS\",\"id\":6}]}]\n}\n"}
    headers:
      apipie-checksum: [5adea7a94ce02bd4ebd4e9df5046899d962d1188]
      cache-control: ['max-age=0, private, must-revalidate']
      content-security-policy: ['default-src ''self''; child-src ''self''; connect-src
          ''self'' ws: wss:; img-src ''self'' data: *.gravatar.com; script-src ''unsafe-eval''
          ''unsafe-inline'' ''self''; style-src ''unsafe-inline'' ''self''']
      content-type: [application/json; charset=utf-8]
      date: ['Fri, 02 Aug 2019 08:37:10 GMT']
      etag: [W/"b94891ea4f82252e15d15e5196465d96"]
      foreman_api_version: ['2']
      foreman_version: [1.22.0]
      server: [Apache]
      status: [200 OK]
      strict-transport-security: [max-age=631139040; includeSubdomains]
      transfer-encoding: [chunked]
      vary: [Accept-Encoding]
      x-content-type-options: [nosniff]
      x-download-options: [noopen]
      x-frame-options: [sameorigin]
      x-permitted-cross-domain-policies: [none]
      x-powered-by: [Phusion Passenger 4.0.53]
      x-request-id: [c8efaba3-f6b9-415c-a44f-3da8c4651c92]
      x-runtime: ['0.017169']
      x-xss-protection: [1; mode=block]
    status: {code: 200, message: OK}
- request:
    body: null
    headers:
      Accept: [application/json;version=2]
      Cookie: [_session_id=dff7dd1af8d2f289808f5bb9dd70bbc5]
    method: GET
    uri: https://centos7-katello-3-12/api/hostgroups?per_page=4294967296&search=title%3D%22New+host+group%22&thin=False
  response:
    body: {string: !!python/unicode "{\n  \"total\": 0,\n  \"subtotal\": 0,\n  \"page\":
        1,\n  \"per_page\": 4294967296,\n  \"search\": \"title=\\\"New host group\\\"\",\n
        \ \"sort\": {\n    \"by\": null,\n    \"order\": null\n  },\n  \"results\":
        []\n}\n"}
    headers:
      apipie-checksum: [5adea7a94ce02bd4ebd4e9df5046899d962d1188]
      cache-control: ['max-age=0, private, must-revalidate']
      content-security-policy: ['default-src ''self''; child-src ''self''; connect-src
          ''self'' ws: wss:; img-src ''self'' data: *.gravatar.com; script-src ''unsafe-eval''
          ''unsafe-inline'' ''self''; style-src ''unsafe-inline'' ''self''']
      content-type: [application/json; charset=utf-8]
      date: ['Fri, 02 Aug 2019 08:37:10 GMT']
      etag: [W/"396d8c1d0d394fdd698ebcb071369922"]
      foreman_api_version: ['2']
      foreman_version: [1.22.0]
      server: [Apache]
      status: [200 OK]
      strict-transport-security: [max-age=631139040; includeSubdomains]
      transfer-encoding: [chunked]
      vary: [Accept-Encoding]
      x-content-type-options: [nosniff]
      x-download-options: [noopen]
      x-frame-options: [sameorigin]
      x-permitted-cross-domain-policies: [none]
      x-powered-by: [Phusion Passenger 4.0.53]
      x-request-id: [8b3b36f3-b917-4d4a-bb95-689d3a715484]
      x-runtime: ['0.015525']
      x-xss-protection: [1; mode=block]
    status: {code: 200, message: OK}
- request:
    body: !!python/unicode '{"hostgroup": {"operatingsystem_id": 6, "config_group_ids":
      [7, 8], "environment_id": 1, "compute_resource_id": 1, "medium_id": 13, "subnet_id":
      4, "description": "New host group", "domain_id": 8, "architecture_id": 1, "organization_ids":
      [24, 25], "puppet_ca_proxy_id": 1, "ptable_id": 119, "location_ids": [3, 22,
      23], "pxe_loader": "Grub2 UEFI", "compute_profile_id": 7, "puppet_proxy_id":
      1, "name": "New host group"}}'
    headers:
      Accept: [application/json;version=2]
      Content-Length: ['422']
      Content-Type: [application/json]
      Cookie: [_session_id=dff7dd1af8d2f289808f5bb9dd70bbc5]
    method: POST
    uri: https://centos7-katello-3-12/api/hostgroups
  response:
    body: {string: !!python/unicode '{"subnet_id":4,"subnet_name":"Test subnet4","operatingsystem_id":6,"operatingsystem_name":"TestOS
        7.6","domain_id":8,"domain_name":"foo.example.com","environment_id":1,"environment_name":"production","compute_profile_id":7,"compute_profile_name":"myprofile","ancestry":null,"parent_id":null,"parent_name":null,"ptable_id":119,"ptable_name":"Part
        table","medium_id":13,"medium_name":"TestOS Mirror","pxe_loader":"Grub2 UEFI","subnet6_id":null,"subnet6_name":null,"architecture_id":1,"architecture_name":"x86_64","realm_id":null,"realm_name":null,"created_at":"2019-08-02
        08:37:10 UTC","updated_at":"2019-08-02 08:37:10 UTC","id":10,"name":"New host
        group","title":"New host group","description":"New host group","puppet_proxy_id":1,"puppet_proxy_name":"centos7-katello-3-12.anubis.example.com","puppet_ca_proxy_id":1,"puppet_ca_proxy_name":"centos7-katello-3-12.anubis.example.com","puppet_proxy":{"name":"centos7-katello-3-12.anubis.example.com","id":1,"url":"https://centos7-katello-3-12.anubis.example.com:9090"},"puppet_ca_proxy":{"name":"centos7-katello-3-12.anubis.example.com","id":1,"url":"https://centos7-katello-3-12.anubis.example.com:9090"},"parameters":[],"template_combinations":[],"puppetclasses":[],"config_groups":[{"created_at":"2019-08-02
        08:37:08 UTC","updated_at":"2019-08-02 08:37:08 UTC","id":7,"name":"cfg_group1","puppetclasses":[]},{"created_at":"2019-08-02
        08:37:08 UTC","updated_at":"2019-08-02 08:37:08 UTC","id":8,"name":"cfg_group2","puppetclasses":[]}],"all_puppetclasses":[],"locations":[{"id":3,"name":"Foo","title":"Foo","description":null},{"id":22,"name":"Baz","title":"Foo/Baz","description":null},{"id":23,"name":"Bar","title":"Bar","description":null}],"organizations":[{"id":24,"name":"Test
        Org1","title":"Test Org1","description":"A test organization"},{"id":25,"name":"Test
        Org2","title":"Test Org2","description":"A test organization"}]}'}
    headers:
      apipie-checksum: [5adea7a94ce02bd4ebd4e9df5046899d962d1188]
      cache-control: ['max-age=0, private, must-revalidate']
      content-security-policy: ['default-src ''self''; child-src ''self''; connect-src
          ''self'' ws: wss:; img-src ''self'' data: *.gravatar.com; script-src ''unsafe-eval''
          ''unsafe-inline'' ''self''; style-src ''unsafe-inline'' ''self''']
      content-type: [application/json; charset=utf-8]
      date: ['Fri, 02 Aug 2019 08:37:10 GMT']
      etag: [W/"df5535ba457df7b24af4fc9e9c1b80c7"]
      foreman_api_version: ['2']
      foreman_version: [1.22.0]
      server: [Apache]
      set-cookie: [request_method=POST; path=/; secure; HttpOnly; SameSite=Lax]
      status: [201 Created]
      strict-transport-security: [max-age=631139040; includeSubdomains]
      transfer-encoding: [chunked]
      x-content-type-options: [nosniff]
      x-download-options: [noopen]
      x-frame-options: [sameorigin]
      x-permitted-cross-domain-policies: [none]
      x-powered-by: [Phusion Passenger 4.0.53]
      x-request-id: [3a1d4c79-8b14-404e-b580-e48075903b75]
      x-runtime: ['0.180999']
      x-xss-protection: [1; mode=block]
    status: {code: 201, message: Created}
version: 1
