interactions:
- request:
    body: null
    headers:
      Accept:
      - application/json;version=2
    method: GET
    uri: https://centos7-foreman-1-22/api/status
  response:
    body:
      string: !!python/unicode '{"result":"ok","status":200,"version":"1.22.0","api_version":2}'
    headers:
      apipie-checksum:
      - d3e1ab676c84fc216ffc13da25fd35b92959027b
      cache-control:
      - max-age=0, private, must-revalidate
      content-length:
      - '63'
      content-security-policy:
      - 'default-src ''self''; child-src ''self''; connect-src ''self'' ws: wss:;
        img-src ''self'' data: *.gravatar.com; script-src ''unsafe-eval'' ''unsafe-inline''
        ''self''; style-src ''unsafe-inline'' ''self'''
      content-type:
      - application/json; charset=utf-8
      date:
      - Tue, 27 Aug 2019 16:01:13 GMT
      etag:
      - W/"674e9dbc2140c688b559566b581c5c09"
      foreman_api_version:
      - '2'
      foreman_version:
      - 1.22.0
      server:
      - Apache
      set-cookie:
      - _session_id=b0940a8114428c68243bad11c30c466b; path=/; secure; HttpOnly; SameSite=Lax
      status:
      - 200 OK
      strict-transport-security:
      - max-age=631139040; includeSubdomains
      x-content-type-options:
      - nosniff
      x-download-options:
      - noopen
      x-frame-options:
      - sameorigin
      x-permitted-cross-domain-policies:
      - none
      x-powered-by:
      - Phusion Passenger 4.0.53
      x-request-id:
      - 9525171e-aa93-4982-9fdb-09f8cd19e79c
      x-runtime:
      - '0.025675'
      x-xss-protection:
      - 1; mode=block
    status:
      code: 200
      message: OK
- request:
    body: null
    headers:
      Accept:
      - application/json;version=2
      Cookie:
      - _session_id=b0940a8114428c68243bad11c30c466b
    method: GET
    uri: https://centos7-foreman-1-22/api/hostgroups?per_page=4294967296&search=title%3D%22New+host+group%22&thin=True
  response:
    body:
      string: !!python/unicode "{\n  \"total\": 1,\n  \"subtotal\": 1,\n  \"page\":
        1,\n  \"per_page\": 4294967296,\n  \"search\": \"title=\\\"New host group\\\"\",\n
        \ \"sort\": {\n    \"by\": null,\n    \"order\": null\n  },\n  \"results\":
        [{\"subnet_id\":1,\"subnet_name\":\"Test subnet4\",\"operatingsystem_id\":8,\"operatingsystem_name\":\"TestOS
        7.6\",\"domain_id\":2,\"domain_name\":\"foo.example.com\",\"environment_id\":1,\"environment_name\":\"production\",\"compute_profile_id\":15,\"compute_profile_name\":\"myprofile\",\"ancestry\":null,\"parent_id\":null,\"parent_name\":null,\"ptable_id\":113,\"ptable_name\":\"Part
        table\",\"medium_id\":12,\"medium_name\":\"TestOS Mirror\",\"pxe_loader\":\"Grub2
        UEFI\",\"subnet6_id\":null,\"subnet6_name\":null,\"architecture_id\":1,\"architecture_name\":\"x86_64\",\"realm_id\":null,\"realm_name\":null,\"created_at\":\"2019-08-27
        16:01:12 UTC\",\"updated_at\":\"2019-08-27 16:01:12 UTC\",\"id\":1,\"name\":\"New
        host group\",\"title\":\"New host group\",\"description\":\"New host group\",\"puppet_proxy_id\":1,\"puppet_proxy_name\":\"centos7-foreman-1-22.anubis.example.com\",\"puppet_ca_proxy_id\":1,\"puppet_ca_proxy_name\":\"centos7-foreman-1-22.anubis.example.com\",\"puppet_proxy\":{\"name\":\"centos7-foreman-1-22.anubis.example.com\",\"id\":1,\"url\":\"https://centos7-foreman-1-22.anubis.example.com:8443\"},\"puppet_ca_proxy\":{\"name\":\"centos7-foreman-1-22.anubis.example.com\",\"id\":1,\"url\":\"https://centos7-foreman-1-22.anubis.example.com:8443\"}}]\n}\n"
    headers:
      apipie-checksum:
      - d3e1ab676c84fc216ffc13da25fd35b92959027b
      cache-control:
      - max-age=0, private, must-revalidate
      content-security-policy:
      - 'default-src ''self''; child-src ''self''; connect-src ''self'' ws: wss:;
        img-src ''self'' data: *.gravatar.com; script-src ''unsafe-eval'' ''unsafe-inline''
        ''self''; style-src ''unsafe-inline'' ''self'''
      content-type:
      - application/json; charset=utf-8
      date:
      - Tue, 27 Aug 2019 16:01:13 GMT
      etag:
      - W/"28c37adc1bdb431af200e284eeb1407e"
      foreman_api_version:
      - '2'
      foreman_version:
      - 1.22.0
      server:
      - Apache
      status:
      - 200 OK
      strict-transport-security:
      - max-age=631139040; includeSubdomains
      transfer-encoding:
      - chunked
      vary:
      - Accept-Encoding
      x-content-type-options:
      - nosniff
      x-download-options:
      - noopen
      x-frame-options:
      - sameorigin
      x-permitted-cross-domain-policies:
      - none
      x-powered-by:
      - Phusion Passenger 4.0.53
      x-request-id:
      - 77c02572-5f4c-46be-a549-8827f26cf5a7
      x-runtime:
      - '0.023696'
      x-xss-protection:
      - 1; mode=block
    status:
      code: 200
      message: OK
- request:
    body: null
    headers:
      Accept:
      - application/json;version=2
      Cookie:
      - _session_id=b0940a8114428c68243bad11c30c466b
    method: GET
    uri: https://centos7-foreman-1-22/api/locations?per_page=4294967296&search=title%3D%22Foo%22&thin=True
  response:
    body:
      string: !!python/unicode "{\n  \"total\": 6,\n  \"subtotal\": 1,\n  \"page\":
        1,\n  \"per_page\": 4294967296,\n  \"search\": \"title=\\\"Foo\\\"\",\n  \"sort\":
        {\n    \"by\": null,\n    \"order\": null\n  },\n  \"results\": [{\"ancestry\":null,\"parent_id\":null,\"parent_name\":null,\"created_at\":\"2019-08-02
        08:24:53 UTC\",\"updated_at\":\"2019-08-02 08:24:53 UTC\",\"id\":3,\"name\":\"Foo\",\"title\":\"Foo\",\"description\":null}]\n}\n"
    headers:
      apipie-checksum:
      - d3e1ab676c84fc216ffc13da25fd35b92959027b
      cache-control:
      - max-age=0, private, must-revalidate
      content-security-policy:
      - 'default-src ''self''; child-src ''self''; connect-src ''self'' ws: wss:;
        img-src ''self'' data: *.gravatar.com; script-src ''unsafe-eval'' ''unsafe-inline''
        ''self''; style-src ''unsafe-inline'' ''self'''
      content-type:
      - application/json; charset=utf-8
      date:
      - Tue, 27 Aug 2019 16:01:13 GMT
      etag:
      - W/"d2e87a8399497bbdbda7bf2dcc1c4e36"
      foreman_api_version:
      - '2'
      foreman_version:
      - 1.22.0
      server:
      - Apache
      status:
      - 200 OK
      strict-transport-security:
      - max-age=631139040; includeSubdomains
      transfer-encoding:
      - chunked
      vary:
      - Accept-Encoding
      x-content-type-options:
      - nosniff
      x-download-options:
      - noopen
      x-frame-options:
      - sameorigin
      x-permitted-cross-domain-policies:
      - none
      x-powered-by:
      - Phusion Passenger 4.0.53
      x-request-id:
      - 44752068-378a-4868-903d-a99719f25442
      x-runtime:
      - '0.012578'
      x-xss-protection:
      - 1; mode=block
    status:
      code: 200
      message: OK
- request:
    body: null
    headers:
      Accept:
      - application/json;version=2
      Cookie:
      - _session_id=b0940a8114428c68243bad11c30c466b
    method: GET
    uri: https://centos7-foreman-1-22/api/locations?per_page=4294967296&search=title%3D%22Foo%2FBaz%22&thin=True
  response:
    body:
      string: !!python/unicode "{\n  \"total\": 6,\n  \"subtotal\": 1,\n  \"page\":
        1,\n  \"per_page\": 4294967296,\n  \"search\": \"title=\\\"Foo/Baz\\\"\",\n
        \ \"sort\": {\n    \"by\": null,\n    \"order\": null\n  },\n  \"results\":
        [{\"ancestry\":\"3\",\"parent_id\":3,\"parent_name\":\"Foo\",\"created_at\":\"2019-08-02
        08:24:54 UTC\",\"updated_at\":\"2019-08-02 08:24:54 UTC\",\"id\":4,\"name\":\"Baz\",\"title\":\"Foo/Baz\",\"description\":null}]\n}\n"
    headers:
      apipie-checksum:
      - d3e1ab676c84fc216ffc13da25fd35b92959027b
      cache-control:
      - max-age=0, private, must-revalidate
      content-security-policy:
      - 'default-src ''self''; child-src ''self''; connect-src ''self'' ws: wss:;
        img-src ''self'' data: *.gravatar.com; script-src ''unsafe-eval'' ''unsafe-inline''
        ''self''; style-src ''unsafe-inline'' ''self'''
      content-type:
      - application/json; charset=utf-8
      date:
      - Tue, 27 Aug 2019 16:01:13 GMT
      etag:
      - W/"6fada7681989c9f02f5a6d1cbe963778"
      foreman_api_version:
      - '2'
      foreman_version:
      - 1.22.0
      server:
      - Apache
      status:
      - 200 OK
      strict-transport-security:
      - max-age=631139040; includeSubdomains
      transfer-encoding:
      - chunked
      vary:
      - Accept-Encoding
      x-content-type-options:
      - nosniff
      x-download-options:
      - noopen
      x-frame-options:
      - sameorigin
      x-permitted-cross-domain-policies:
      - none
      x-powered-by:
      - Phusion Passenger 4.0.53
      x-request-id:
      - d45ddfec-0e8f-43d7-be0e-991d4e9bc3a1
      x-runtime:
      - '0.016197'
      x-xss-protection:
      - 1; mode=block
    status:
      code: 200
      message: OK
- request:
    body: null
    headers:
      Accept:
      - application/json;version=2
      Cookie:
      - _session_id=b0940a8114428c68243bad11c30c466b
    method: GET
    uri: https://centos7-foreman-1-22/api/locations?per_page=4294967296&search=title%3D%22Bar%22&thin=True
  response:
    body:
      string: !!python/unicode "{\n  \"total\": 6,\n  \"subtotal\": 1,\n  \"page\":
        1,\n  \"per_page\": 4294967296,\n  \"search\": \"title=\\\"Bar\\\"\",\n  \"sort\":
        {\n    \"by\": null,\n    \"order\": null\n  },\n  \"results\": [{\"ancestry\":null,\"parent_id\":null,\"parent_name\":null,\"created_at\":\"2019-08-02
        08:24:55 UTC\",\"updated_at\":\"2019-08-02 08:24:55 UTC\",\"id\":5,\"name\":\"Bar\",\"title\":\"Bar\",\"description\":null}]\n}\n"
    headers:
      apipie-checksum:
      - d3e1ab676c84fc216ffc13da25fd35b92959027b
      cache-control:
      - max-age=0, private, must-revalidate
      content-security-policy:
      - 'default-src ''self''; child-src ''self''; connect-src ''self'' ws: wss:;
        img-src ''self'' data: *.gravatar.com; script-src ''unsafe-eval'' ''unsafe-inline''
        ''self''; style-src ''unsafe-inline'' ''self'''
      content-type:
      - application/json; charset=utf-8
      date:
      - Tue, 27 Aug 2019 16:01:13 GMT
      etag:
      - W/"cb501d0ff3c584388e040109107ef018"
      foreman_api_version:
      - '2'
      foreman_version:
      - 1.22.0
      server:
      - Apache
      status:
      - 200 OK
      strict-transport-security:
      - max-age=631139040; includeSubdomains
      transfer-encoding:
      - chunked
      vary:
      - Accept-Encoding
      x-content-type-options:
      - nosniff
      x-download-options:
      - noopen
      x-frame-options:
      - sameorigin
      x-permitted-cross-domain-policies:
      - none
      x-powered-by:
      - Phusion Passenger 4.0.53
      x-request-id:
      - 8bddef8a-dad2-4893-aa15-821bd8774c16
      x-runtime:
      - '0.012619'
      x-xss-protection:
      - 1; mode=block
    status:
      code: 200
      message: OK
- request:
    body: null
    headers:
      Accept:
      - application/json;version=2
      Cookie:
      - _session_id=b0940a8114428c68243bad11c30c466b
    method: GET
    uri: https://centos7-foreman-1-22/api/domains?per_page=4294967296&search=name%3D%22foo.example.com%22&thin=True
  response:
    body:
      string: !!python/unicode "{\n  \"total\": 3,\n  \"subtotal\": 1,\n  \"page\":
        1,\n  \"per_page\": 4294967296,\n  \"search\": \"name=\\\"foo.example.com\\\"\",\n
        \ \"sort\": {\n    \"by\": null,\n    \"order\": null\n  },\n  \"results\":
        [{\"fullname\":null,\"created_at\":\"2019-08-27 16:01:06 UTC\",\"updated_at\":\"2019-08-27
        16:01:06 UTC\",\"id\":2,\"name\":\"foo.example.com\",\"dns_id\":1,\"dns\":{\"name\":\"centos7-foreman-1-22.anubis.example.com\",\"id\":1,\"url\":\"https://centos7-foreman-1-22.anubis.example.com:8443\"}}]\n}\n"
    headers:
      apipie-checksum:
      - d3e1ab676c84fc216ffc13da25fd35b92959027b
      cache-control:
      - max-age=0, private, must-revalidate
      content-security-policy:
      - 'default-src ''self''; child-src ''self''; connect-src ''self'' ws: wss:;
        img-src ''self'' data: *.gravatar.com; script-src ''unsafe-eval'' ''unsafe-inline''
        ''self''; style-src ''unsafe-inline'' ''self'''
      content-type:
      - application/json; charset=utf-8
      date:
      - Tue, 27 Aug 2019 16:01:13 GMT
      etag:
      - W/"73bc3916da868ea2858b914713c9f27d"
      foreman_api_version:
      - '2'
      foreman_version:
      - 1.22.0
      server:
      - Apache
      status:
      - 200 OK
      strict-transport-security:
      - max-age=631139040; includeSubdomains
      transfer-encoding:
      - chunked
      vary:
      - Accept-Encoding
      x-content-type-options:
      - nosniff
      x-download-options:
      - noopen
      x-frame-options:
      - sameorigin
      x-permitted-cross-domain-policies:
      - none
      x-powered-by:
      - Phusion Passenger 4.0.53
      x-request-id:
      - ab8ea90f-574d-4401-9449-c76081daa4b0
      x-runtime:
      - '0.014717'
      x-xss-protection:
      - 1; mode=block
    status:
      code: 200
      message: OK
- request:
    body: null
    headers:
      Accept:
      - application/json;version=2
      Cookie:
      - _session_id=b0940a8114428c68243bad11c30c466b
    method: GET
    uri: https://centos7-foreman-1-22/api/subnets?per_page=4294967296&search=name%3D%22Test+subnet4%22&thin=True
  response:
    body:
      string: !!python/unicode "{\n  \"total\": 1,\n  \"subtotal\": 1,\n  \"page\":
        1,\n  \"per_page\": 4294967296,\n  \"search\": \"name=\\\"Test subnet4\\\"\",\n
        \ \"sort\": {\n    \"by\": null,\n    \"order\": null\n  },\n  \"results\":
        [{\"network\":\"192.168.200.0\",\"network_type\":\"IPv4\",\"cidr\":27,\"mask\":\"255.255.255.224\",\"priority\":null,\"vlanid\":null,\"mtu\":1500,\"gateway\":null,\"dns_primary\":null,\"dns_secondary\":null,\"from\":null,\"to\":null,\"created_at\":\"2019-08-27
        16:01:07 UTC\",\"updated_at\":\"2019-08-27 16:01:07 UTC\",\"ipam\":\"DHCP\",\"boot_mode\":\"DHCP\",\"id\":1,\"name\":\"Test
        subnet4\",\"description\":null,\"network_address\":\"192.168.200.0/27\",\"dhcp_id\":null,\"dhcp_name\":null,\"tftp_id\":null,\"tftp_name\":null,\"httpboot_id\":null,\"httpboot_name\":null,\"dns_id\":null,\"template_id\":null,\"template_name\":null,\"dhcp\":null,\"tftp\":null,\"httpboot\":null,\"dns\":null,\"template\":null}]\n}\n"
    headers:
      apipie-checksum:
      - d3e1ab676c84fc216ffc13da25fd35b92959027b
      cache-control:
      - max-age=0, private, must-revalidate
      content-security-policy:
      - 'default-src ''self''; child-src ''self''; connect-src ''self'' ws: wss:;
        img-src ''self'' data: *.gravatar.com; script-src ''unsafe-eval'' ''unsafe-inline''
        ''self''; style-src ''unsafe-inline'' ''self'''
      content-type:
      - application/json; charset=utf-8
      date:
      - Tue, 27 Aug 2019 16:01:13 GMT
      etag:
      - W/"9e3cf1a9d49011d69262c17855751957"
      foreman_api_version:
      - '2'
      foreman_version:
      - 1.22.0
      server:
      - Apache
      status:
      - 200 OK
      strict-transport-security:
      - max-age=631139040; includeSubdomains
      transfer-encoding:
      - chunked
      vary:
      - Accept-Encoding
      x-content-type-options:
      - nosniff
      x-download-options:
      - noopen
      x-frame-options:
      - sameorigin
      x-permitted-cross-domain-policies:
      - none
      x-powered-by:
      - Phusion Passenger 4.0.53
      x-request-id:
      - e15abd05-4372-40be-bb53-824bf65fcfff
      x-runtime:
      - '0.013617'
      x-xss-protection:
      - 1; mode=block
    status:
      code: 200
      message: OK
- request:
    body: null
    headers:
      Accept:
      - application/json;version=2
      Cookie:
      - _session_id=b0940a8114428c68243bad11c30c466b
    method: GET
    uri: https://centos7-foreman-1-22/api/architectures?per_page=4294967296&search=name%3D%22x86_64%22&thin=True
  response:
    body:
      string: !!python/unicode "{\n  \"total\": 2,\n  \"subtotal\": 1,\n  \"page\":
        1,\n  \"per_page\": 4294967296,\n  \"search\": \"name=\\\"x86_64\\\"\",\n
        \ \"sort\": {\n    \"by\": null,\n    \"order\": null\n  },\n  \"results\":
        [{\"created_at\":\"2019-08-01 11:30:44 UTC\",\"updated_at\":\"2019-08-01 11:30:44
        UTC\",\"name\":\"x86_64\",\"id\":1}]\n}\n"
    headers:
      apipie-checksum:
      - d3e1ab676c84fc216ffc13da25fd35b92959027b
      cache-control:
      - max-age=0, private, must-revalidate
      content-security-policy:
      - 'default-src ''self''; child-src ''self''; connect-src ''self'' ws: wss:;
        img-src ''self'' data: *.gravatar.com; script-src ''unsafe-eval'' ''unsafe-inline''
        ''self''; style-src ''unsafe-inline'' ''self'''
      content-type:
      - application/json; charset=utf-8
      date:
      - Tue, 27 Aug 2019 16:01:13 GMT
      etag:
      - W/"5526bc6c028f831ba0d04eda919ac0f9"
      foreman_api_version:
      - '2'
      foreman_version:
      - 1.22.0
      server:
      - Apache
      status:
      - 200 OK
      strict-transport-security:
      - max-age=631139040; includeSubdomains
      transfer-encoding:
      - chunked
      vary:
      - Accept-Encoding
      x-content-type-options:
      - nosniff
      x-download-options:
      - noopen
      x-frame-options:
      - sameorigin
      x-permitted-cross-domain-policies:
      - none
      x-powered-by:
      - Phusion Passenger 4.0.53
      x-request-id:
      - e9c4c39f-b240-440c-a06d-cfa7af501644
      x-runtime:
      - '0.011955'
      x-xss-protection:
      - 1; mode=block
    status:
      code: 200
      message: OK
- request:
    body: null
    headers:
      Accept:
      - application/json;version=2
      Cookie:
      - _session_id=b0940a8114428c68243bad11c30c466b
    method: GET
    uri: https://centos7-foreman-1-22/api/operatingsystems?per_page=4294967296&search=title%3D%22TestOS+7.6%22&thin=True
  response:
    body:
      string: !!python/unicode "{\n  \"total\": 3,\n  \"subtotal\": 1,\n  \"page\":
        1,\n  \"per_page\": 4294967296,\n  \"search\": \"title=\\\"TestOS 7.6\\\"\",\n
        \ \"sort\": {\n    \"by\": null,\n    \"order\": null\n  },\n  \"results\":
        [{\"description\":null,\"major\":\"7\",\"minor\":\"6\",\"family\":\"Redhat\",\"release_name\":\"reverse
        whip\",\"password_hash\":\"SHA256\",\"created_at\":\"2019-08-27 16:01:08 UTC\",\"updated_at\":\"2019-08-27
        16:01:08 UTC\",\"id\":8,\"name\":\"TestOS\",\"title\":\"TestOS 7.6\"}]\n}\n"
    headers:
      apipie-checksum:
      - d3e1ab676c84fc216ffc13da25fd35b92959027b
      cache-control:
      - max-age=0, private, must-revalidate
      content-security-policy:
      - 'default-src ''self''; child-src ''self''; connect-src ''self'' ws: wss:;
        img-src ''self'' data: *.gravatar.com; script-src ''unsafe-eval'' ''unsafe-inline''
        ''self''; style-src ''unsafe-inline'' ''self'''
      content-type:
      - application/json; charset=utf-8
      date:
      - Tue, 27 Aug 2019 16:01:13 GMT
      etag:
      - W/"0d918476d4f999024f838c74cb3e4948"
      foreman_api_version:
      - '2'
      foreman_version:
      - 1.22.0
      server:
      - Apache
      status:
      - 200 OK
      strict-transport-security:
      - max-age=631139040; includeSubdomains
      transfer-encoding:
      - chunked
      vary:
      - Accept-Encoding
      x-content-type-options:
      - nosniff
      x-download-options:
      - noopen
      x-frame-options:
      - sameorigin
      x-permitted-cross-domain-policies:
      - none
      x-powered-by:
      - Phusion Passenger 4.0.53
      x-request-id:
      - 675e576d-f83e-4685-8e9a-c477e69fd781
      x-runtime:
      - '0.012333'
      x-xss-protection:
      - 1; mode=block
    status:
      code: 200
      message: OK
- request:
    body: null
    headers:
      Accept:
      - application/json;version=2
      Cookie:
      - _session_id=b0940a8114428c68243bad11c30c466b
    method: GET
    uri: https://centos7-foreman-1-22/api/media?per_page=4294967296&search=name%3D%22TestOS+Mirror%22&thin=True
  response:
    body:
      string: !!python/unicode "{\n  \"total\": 1,\n  \"subtotal\": 1,\n  \"page\":
        1,\n  \"per_page\": 4294967296,\n  \"search\": \"name=\\\"TestOS Mirror\\\"\",\n
        \ \"sort\": {\n    \"by\": null,\n    \"order\": null\n  },\n  \"results\":
        [{\"path\":\"https://templeos.org/TempleOS.ISO\",\"os_family\":\"Redhat\",\"created_at\":\"2019-08-27
        16:01:09 UTC\",\"updated_at\":\"2019-08-27 16:01:09 UTC\",\"id\":12,\"name\":\"TestOS
        Mirror\"}]\n}\n"
    headers:
      apipie-checksum:
      - d3e1ab676c84fc216ffc13da25fd35b92959027b
      cache-control:
      - max-age=0, private, must-revalidate
      content-security-policy:
      - 'default-src ''self''; child-src ''self''; connect-src ''self'' ws: wss:;
        img-src ''self'' data: *.gravatar.com; script-src ''unsafe-eval'' ''unsafe-inline''
        ''self''; style-src ''unsafe-inline'' ''self'''
      content-type:
      - application/json; charset=utf-8
      date:
      - Tue, 27 Aug 2019 16:01:13 GMT
      etag:
      - W/"192075762b64bf647996d2f2df984163"
      foreman_api_version:
      - '2'
      foreman_version:
      - 1.22.0
      server:
      - Apache
      status:
      - 200 OK
      strict-transport-security:
      - max-age=631139040; includeSubdomains
      transfer-encoding:
      - chunked
      vary:
      - Accept-Encoding
      x-content-type-options:
      - nosniff
      x-download-options:
      - noopen
      x-frame-options:
      - sameorigin
      x-permitted-cross-domain-policies:
      - none
      x-powered-by:
      - Phusion Passenger 4.0.53
      x-request-id:
      - 3e5226a0-d45b-414b-83d3-5cb3a0b00490
      x-runtime:
      - '0.012525'
      x-xss-protection:
      - 1; mode=block
    status:
      code: 200
      message: OK
- request:
    body: null
    headers:
      Accept:
      - application/json;version=2
      Cookie:
      - _session_id=b0940a8114428c68243bad11c30c466b
    method: GET
    uri: https://centos7-foreman-1-22/api/ptables?per_page=4294967296&search=name%3D%22Part+table%22&thin=True
  response:
    body:
      string: !!python/unicode "{\n  \"total\": 16,\n  \"subtotal\": 1,\n  \"page\":
        1,\n  \"per_page\": 4294967296,\n  \"search\": \"name=\\\"Part table\\\"\",\n
        \ \"sort\": {\n    \"by\": null,\n    \"order\": null\n  },\n  \"results\":
        [{\"os_family\":\"Redhat\",\"created_at\":\"2019-08-27 16:01:07 UTC\",\"updated_at\":\"2019-08-27
        16:01:07 UTC\",\"name\":\"Part table\",\"id\":113}]\n}\n"
    headers:
      apipie-checksum:
      - d3e1ab676c84fc216ffc13da25fd35b92959027b
      cache-control:
      - max-age=0, private, must-revalidate
      content-security-policy:
      - 'default-src ''self''; child-src ''self''; connect-src ''self'' ws: wss:;
        img-src ''self'' data: *.gravatar.com; script-src ''unsafe-eval'' ''unsafe-inline''
        ''self''; style-src ''unsafe-inline'' ''self'''
      content-type:
      - application/json; charset=utf-8
      date:
      - Tue, 27 Aug 2019 16:01:13 GMT
      etag:
      - W/"6a78674b534af402b5426e0427df2689"
      foreman_api_version:
      - '2'
      foreman_version:
      - 1.22.0
      server:
      - Apache
      status:
      - 200 OK
      strict-transport-security:
      - max-age=631139040; includeSubdomains
      transfer-encoding:
      - chunked
      vary:
      - Accept-Encoding
      x-content-type-options:
      - nosniff
      x-download-options:
      - noopen
      x-frame-options:
      - sameorigin
      x-permitted-cross-domain-policies:
      - none
      x-powered-by:
      - Phusion Passenger 4.0.53
      x-request-id:
      - 81c7c3d2-97a5-4253-a8a0-9417ef7a6c5d
      x-runtime:
      - '0.013395'
      x-xss-protection:
      - 1; mode=block
    status:
      code: 200
      message: OK
- request:
    body: null
    headers:
      Accept:
      - application/json;version=2
      Cookie:
      - _session_id=b0940a8114428c68243bad11c30c466b
    method: GET
    uri: https://centos7-foreman-1-22/api/smart_proxies?per_page=4294967296&search=name%3D%22centos7-foreman-1-22.anubis.example.com%22&thin=True
  response:
    body:
      string: !!python/unicode "{\n  \"total\": 1,\n  \"subtotal\": 1,\n  \"page\":
        1,\n  \"per_page\": 4294967296,\n  \"search\": \"name=\\\"centos7-foreman-1-22.anubis.example.com\\\"\",\n
        \ \"sort\": {\n    \"by\": null,\n    \"order\": null\n  },\n  \"results\":
        [{\"created_at\":\"2019-08-01 11:32:09 UTC\",\"updated_at\":\"2019-08-01 11:32:09
        UTC\",\"name\":\"centos7-foreman-1-22.anubis.example.com\",\"id\":1,\"url\":\"https://centos7-foreman-1-22.anubis.example.com:8443\",\"features\":[{\"capabilities\":[],\"name\":\"TFTP\",\"id\":2},{\"capabilities\":[],\"name\":\"Puppet
        CA\",\"id\":6},{\"capabilities\":[],\"name\":\"Puppet\",\"id\":5},{\"capabilities\":[],\"name\":\"Logs\",\"id\":10},{\"capabilities\":[],\"name\":\"HTTPBoot\",\"id\":11},{\"capabilities\":[],\"name\":\"Realm\",\"id\":8},{\"capabilities\":[],\"name\":\"DNS\",\"id\":3}]}]\n}\n"
    headers:
      apipie-checksum:
      - d3e1ab676c84fc216ffc13da25fd35b92959027b
      cache-control:
      - max-age=0, private, must-revalidate
      content-security-policy:
      - 'default-src ''self''; child-src ''self''; connect-src ''self'' ws: wss:;
        img-src ''self'' data: *.gravatar.com; script-src ''unsafe-eval'' ''unsafe-inline''
        ''self''; style-src ''unsafe-inline'' ''self'''
      content-type:
      - application/json; charset=utf-8
      date:
      - Tue, 27 Aug 2019 16:01:13 GMT
      etag:
      - W/"a72a9239fdbbbedfe56d8d71f7c99162"
      foreman_api_version:
      - '2'
      foreman_version:
      - 1.22.0
      server:
      - Apache
      status:
      - 200 OK
      strict-transport-security:
      - max-age=631139040; includeSubdomains
      transfer-encoding:
      - chunked
      vary:
      - Accept-Encoding
      x-content-type-options:
      - nosniff
      x-download-options:
      - noopen
      x-frame-options:
      - sameorigin
      x-permitted-cross-domain-policies:
      - none
      x-powered-by:
      - Phusion Passenger 4.0.53
      x-request-id:
      - 3c2f66d2-bf37-45ca-a608-2ff85e5b0959
      x-runtime:
      - '0.016416'
      x-xss-protection:
      - 1; mode=block
    status:
      code: 200
      message: OK
- request:
    body: null
    headers:
      Accept:
      - application/json;version=2
      Cookie:
      - _session_id=b0940a8114428c68243bad11c30c466b
    method: GET
    uri: https://centos7-foreman-1-22/api/smart_proxies?per_page=4294967296&search=name%3D%22centos7-foreman-1-22.anubis.example.com%22&thin=True
  response:
    body:
      string: !!python/unicode "{\n  \"total\": 1,\n  \"subtotal\": 1,\n  \"page\":
        1,\n  \"per_page\": 4294967296,\n  \"search\": \"name=\\\"centos7-foreman-1-22.anubis.example.com\\\"\",\n
        \ \"sort\": {\n    \"by\": null,\n    \"order\": null\n  },\n  \"results\":
        [{\"created_at\":\"2019-08-01 11:32:09 UTC\",\"updated_at\":\"2019-08-01 11:32:09
        UTC\",\"name\":\"centos7-foreman-1-22.anubis.example.com\",\"id\":1,\"url\":\"https://centos7-foreman-1-22.anubis.example.com:8443\",\"features\":[{\"capabilities\":[],\"name\":\"TFTP\",\"id\":2},{\"capabilities\":[],\"name\":\"Puppet
        CA\",\"id\":6},{\"capabilities\":[],\"name\":\"Puppet\",\"id\":5},{\"capabilities\":[],\"name\":\"Logs\",\"id\":10},{\"capabilities\":[],\"name\":\"HTTPBoot\",\"id\":11},{\"capabilities\":[],\"name\":\"Realm\",\"id\":8},{\"capabilities\":[],\"name\":\"DNS\",\"id\":3}]}]\n}\n"
    headers:
      apipie-checksum:
      - d3e1ab676c84fc216ffc13da25fd35b92959027b
      cache-control:
      - max-age=0, private, must-revalidate
      content-security-policy:
      - 'default-src ''self''; child-src ''self''; connect-src ''self'' ws: wss:;
        img-src ''self'' data: *.gravatar.com; script-src ''unsafe-eval'' ''unsafe-inline''
        ''self''; style-src ''unsafe-inline'' ''self'''
      content-type:
      - application/json; charset=utf-8
      date:
      - Tue, 27 Aug 2019 16:01:13 GMT
      etag:
      - W/"a72a9239fdbbbedfe56d8d71f7c99162"
      foreman_api_version:
      - '2'
      foreman_version:
      - 1.22.0
      server:
      - Apache
      status:
      - 200 OK
      strict-transport-security:
      - max-age=631139040; includeSubdomains
      transfer-encoding:
      - chunked
      vary:
      - Accept-Encoding
      x-content-type-options:
      - nosniff
      x-download-options:
      - noopen
      x-frame-options:
      - sameorigin
      x-permitted-cross-domain-policies:
      - none
      x-powered-by:
      - Phusion Passenger 4.0.53
      x-request-id:
      - d767d893-cd25-4443-a8bd-774987b3e996
      x-runtime:
      - '0.015976'
      x-xss-protection:
      - 1; mode=block
    status:
      code: 200
      message: OK
- request:
    body: null
    headers:
      Accept:
      - application/json;version=2
      Cookie:
      - _session_id=b0940a8114428c68243bad11c30c466b
    method: GET
    uri: https://centos7-foreman-1-22/api/organizations?per_page=4294967296&search=name%3D%22Test+Org1%22&thin=True
  response:
    body:
      string: !!python/unicode "{\n  \"total\": 3,\n  \"subtotal\": 1,\n  \"page\":
        1,\n  \"per_page\": 4294967296,\n  \"search\": \"name=\\\"Test Org1\\\"\",\n
        \ \"sort\": {\n    \"by\": null,\n    \"order\": null\n  },\n  \"results\":
        [{\"ancestry\":null,\"parent_id\":null,\"parent_name\":null,\"created_at\":\"2019-08-02
        08:24:57 UTC\",\"updated_at\":\"2019-08-02 08:24:57 UTC\",\"id\":6,\"name\":\"Test
        Org1\",\"title\":\"Test Org1\",\"description\":\"A test organization\"}]\n}\n"
    headers:
      apipie-checksum:
      - d3e1ab676c84fc216ffc13da25fd35b92959027b
      cache-control:
      - max-age=0, private, must-revalidate
      content-security-policy:
      - 'default-src ''self''; child-src ''self''; connect-src ''self'' ws: wss:;
        img-src ''self'' data: *.gravatar.com; script-src ''unsafe-eval'' ''unsafe-inline''
        ''self''; style-src ''unsafe-inline'' ''self'''
      content-type:
      - application/json; charset=utf-8
      date:
      - Tue, 27 Aug 2019 16:01:13 GMT
      etag:
      - W/"bb982d18024bc8515d22a184b9b67223"
      foreman_api_version:
      - '2'
      foreman_version:
      - 1.22.0
      server:
      - Apache
      status:
      - 200 OK
      strict-transport-security:
      - max-age=631139040; includeSubdomains
      transfer-encoding:
      - chunked
      vary:
      - Accept-Encoding
      x-content-type-options:
      - nosniff
      x-download-options:
      - noopen
      x-frame-options:
      - sameorigin
      x-permitted-cross-domain-policies:
      - none
      x-powered-by:
      - Phusion Passenger 4.0.53
      x-request-id:
      - da830293-4c40-48cd-9814-ef681f2d9f2c
      x-runtime:
      - '0.013593'
      x-xss-protection:
      - 1; mode=block
    status:
      code: 200
      message: OK
- request:
    body: null
    headers:
      Accept:
      - application/json;version=2
      Cookie:
      - _session_id=b0940a8114428c68243bad11c30c466b
    method: GET
    uri: https://centos7-foreman-1-22/api/organizations?per_page=4294967296&search=name%3D%22Test+Org2%22&thin=True
  response:
    body:
      string: !!python/unicode "{\n  \"total\": 3,\n  \"subtotal\": 1,\n  \"page\":
        1,\n  \"per_page\": 4294967296,\n  \"search\": \"name=\\\"Test Org2\\\"\",\n
        \ \"sort\": {\n    \"by\": null,\n    \"order\": null\n  },\n  \"results\":
        [{\"ancestry\":null,\"parent_id\":null,\"parent_name\":null,\"created_at\":\"2019-08-02
        08:24:58 UTC\",\"updated_at\":\"2019-08-02 08:24:58 UTC\",\"id\":7,\"name\":\"Test
        Org2\",\"title\":\"Test Org2\",\"description\":\"A test organization\"}]\n}\n"
    headers:
      apipie-checksum:
      - d3e1ab676c84fc216ffc13da25fd35b92959027b
      cache-control:
      - max-age=0, private, must-revalidate
      content-security-policy:
      - 'default-src ''self''; child-src ''self''; connect-src ''self'' ws: wss:;
        img-src ''self'' data: *.gravatar.com; script-src ''unsafe-eval'' ''unsafe-inline''
        ''self''; style-src ''unsafe-inline'' ''self'''
      content-type:
      - application/json; charset=utf-8
      date:
      - Tue, 27 Aug 2019 16:01:13 GMT
      etag:
      - W/"21b6c219c8231438ae4e8d2981b0c1d0"
      foreman_api_version:
      - '2'
      foreman_version:
      - 1.22.0
      server:
      - Apache
      status:
      - 200 OK
      strict-transport-security:
      - max-age=631139040; includeSubdomains
      transfer-encoding:
      - chunked
      vary:
      - Accept-Encoding
      x-content-type-options:
      - nosniff
      x-download-options:
      - noopen
      x-frame-options:
      - sameorigin
      x-permitted-cross-domain-policies:
      - none
      x-powered-by:
      - Phusion Passenger 4.0.53
      x-request-id:
      - 40eb1159-9aec-4a66-b594-b3fa9e375205
      x-runtime:
      - '0.012527'
      x-xss-protection:
      - 1; mode=block
    status:
      code: 200
      message: OK
- request:
    body: null
    headers:
      Accept:
      - application/json;version=2
      Cookie:
      - _session_id=b0940a8114428c68243bad11c30c466b
    method: GET
    uri: https://centos7-foreman-1-22/api/hostgroups?per_page=4294967296&search=title%3D%22New+host+group%2FNested+New+host+group%22&thin=False
  response:
    body:
      string: !!python/unicode "{\n  \"total\": 1,\n  \"subtotal\": 0,\n  \"page\":
        1,\n  \"per_page\": 4294967296,\n  \"search\": \"title=\\\"New host group/Nested
        New host group\\\"\",\n  \"sort\": {\n    \"by\": null,\n    \"order\": null\n
        \ },\n  \"results\": []\n}\n"
    headers:
      apipie-checksum:
      - d3e1ab676c84fc216ffc13da25fd35b92959027b
      cache-control:
      - max-age=0, private, must-revalidate
      content-security-policy:
      - 'default-src ''self''; child-src ''self''; connect-src ''self'' ws: wss:;
        img-src ''self'' data: *.gravatar.com; script-src ''unsafe-eval'' ''unsafe-inline''
        ''self''; style-src ''unsafe-inline'' ''self'''
      content-type:
      - application/json; charset=utf-8
      date:
      - Tue, 27 Aug 2019 16:01:13 GMT
      etag:
      - W/"8210002945fe208c948de2cc67701973"
      foreman_api_version:
      - '2'
      foreman_version:
      - 1.22.0
      server:
      - Apache
      status:
      - 200 OK
      strict-transport-security:
      - max-age=631139040; includeSubdomains
      transfer-encoding:
      - chunked
      vary:
      - Accept-Encoding
      x-content-type-options:
      - nosniff
      x-download-options:
      - noopen
      x-frame-options:
      - sameorigin
      x-permitted-cross-domain-policies:
      - none
      x-powered-by:
      - Phusion Passenger 4.0.53
      x-request-id:
      - 17f16207-e249-472d-a729-1768b8567143
      x-runtime:
      - '0.012506'
      x-xss-protection:
      - 1; mode=block
    status:
      code: 200
      message: OK
- request:
    body: !!python/unicode '{"hostgroup": {"operatingsystem_id": 8, "name": "Nested
      New host group", "medium_id": 12, "subnet_id": 1, "parent_id": 1, "architecture_id":
      1, "organization_ids": [6, 7], "puppet_ca_proxy_id": 1, "ptable_id": 113, "location_ids":
      [3, 4, 5], "pxe_loader": "Grub2 UEFI", "domain_id": 2, "puppet_proxy_id": 1,
      "description": "Nested group"}}'
    headers:
      Accept:
      - application/json;version=2
      Content-Length:
      - '339'
      Content-Type:
      - application/json
      Cookie:
      - _session_id=b0940a8114428c68243bad11c30c466b
    method: POST
    uri: https://centos7-foreman-1-22/api/hostgroups
  response:
    body:
      string: !!python/unicode '{"subnet_id":1,"subnet_name":"Test subnet4","operatingsystem_id":8,"operatingsystem_name":"TestOS
        7.6","domain_id":2,"domain_name":"foo.example.com","environment_id":null,"environment_name":"production","compute_profile_id":null,"compute_profile_name":"myprofile","ancestry":"1","parent_id":1,"parent_name":"New
        host group","ptable_id":113,"ptable_name":"Part table","medium_id":12,"medium_name":"TestOS
        Mirror","pxe_loader":"Grub2 UEFI","subnet6_id":null,"subnet6_name":null,"architecture_id":1,"architecture_name":"x86_64","realm_id":null,"realm_name":null,"created_at":"2019-08-27
        16:01:13 UTC","updated_at":"2019-08-27 16:01:13 UTC","id":2,"name":"Nested
        New host group","title":"New host group/Nested New host group","description":"Nested
        group","puppet_proxy_id":1,"puppet_proxy_name":"centos7-foreman-1-22.anubis.example.com","puppet_ca_proxy_id":1,"puppet_ca_proxy_name":"centos7-foreman-1-22.anubis.example.com","puppet_proxy":{"name":"centos7-foreman-1-22.anubis.example.com","id":1,"url":"https://centos7-foreman-1-22.anubis.example.com:8443"},"puppet_ca_proxy":{"name":"centos7-foreman-1-22.anubis.example.com","id":1,"url":"https://centos7-foreman-1-22.anubis.example.com:8443"},"parameters":[],"template_combinations":[],"puppetclasses":[],"config_groups":[],"all_puppetclasses":[],"locations":[{"id":3,"name":"Foo","title":"Foo","description":null},{"id":4,"name":"Baz","title":"Foo/Baz","description":null},{"id":5,"name":"Bar","title":"Bar","description":null}],"organizations":[{"id":6,"name":"Test
        Org1","title":"Test Org1","description":"A test organization"},{"id":7,"name":"Test
        Org2","title":"Test Org2","description":"A test organization"}]}'
    headers:
      apipie-checksum:
      - d3e1ab676c84fc216ffc13da25fd35b92959027b
      cache-control:
      - max-age=0, private, must-revalidate
      content-security-policy:
      - 'default-src ''self''; child-src ''self''; connect-src ''self'' ws: wss:;
        img-src ''self'' data: *.gravatar.com; script-src ''unsafe-eval'' ''unsafe-inline''
        ''self''; style-src ''unsafe-inline'' ''self'''
      content-type:
      - application/json; charset=utf-8
      date:
      - Tue, 27 Aug 2019 16:01:13 GMT
      etag:
      - W/"8ea730498759d87cbb25ac89680ff6ec"
      foreman_api_version:
      - '2'
      foreman_version:
      - 1.22.0
      server:
      - Apache
      set-cookie:
      - request_method=POST; path=/; secure; HttpOnly; SameSite=Lax
      status:
      - 201 Created
      strict-transport-security:
      - max-age=631139040; includeSubdomains
      transfer-encoding:
      - chunked
      x-content-type-options:
      - nosniff
      x-download-options:
      - noopen
      x-frame-options:
      - sameorigin
      x-permitted-cross-domain-policies:
      - none
      x-powered-by:
      - Phusion Passenger 4.0.53
      x-request-id:
      - 2433e26a-f8fd-4939-b04a-2e47329ce6ef
      x-runtime:
      - '0.123223'
      x-xss-protection:
      - 1; mode=block
    status:
      code: 201
      message: Created
version: 1
