interactions:
- request:
    body: null
    headers:
      Accept: [application/json;version=2]
      Accept-Encoding: ['gzip, deflate']
      Connection: [keep-alive]
      User-Agent: ['apypie (https://github.com/Apipie/apypie)']
    method: GET
    uri: https://centos7-foreman-nightly.desktop.example.com/api/status
  response:
    body: {string: '{"result":"ok","status":200,"version":"1.25.0-develop","api_version":2}'}
    headers:
      Cache-Control: ['max-age=0, private, must-revalidate']
      Connection: [Keep-Alive]
      Content-Security-Policy: ['default-src ''self''; child-src ''self''; connect-src
          ''self'' ws: wss:; img-src ''self'' data: *.gravatar.com; script-src ''unsafe-eval''
          ''unsafe-inline'' ''self''; style-src ''unsafe-inline'' ''self''']
      Content-Type: [application/json; charset=utf-8]
      Date: ['Wed, 06 Nov 2019 19:10:13 GMT']
      ETag: [W/"557e0fd7e4a7e8a98a13de495e96f89e-gzip"]
      Foreman_api_version: ['2']
      Foreman_current_location: [; ANY]
      Foreman_current_organization: [; ANY]
      Foreman_version: [1.25.0-develop]
      Keep-Alive: ['timeout=5, max=100']
      Server: [Apache]
      Set-Cookie: [_session_id=32756137057fdf128cce2a92ac853e55; path=/; secure; HttpOnly;
          SameSite=Lax]
      Status: [200 OK]
      Strict-Transport-Security: [max-age=631139040; includeSubdomains]
      Vary: [Accept-Encoding]
      X-Content-Type-Options: [nosniff]
      X-Download-Options: [noopen]
      X-Frame-Options: [sameorigin]
      X-Permitted-Cross-Domain-Policies: [none]
      X-Powered-By: [Phusion Passenger 4.0.53]
      X-Request-Id: [be927005-a223-4395-8eb2-9cadafa2e3b7]
      X-Runtime: ['0.116641']
      X-XSS-Protection: [1; mode=block]
      content-length: ['71']
    status: {code: 200, message: OK}
- request:
    body: null
    headers:
      Accept: [application/json;version=2]
      Accept-Encoding: ['gzip, deflate']
      Connection: [keep-alive]
      Cookie: [_session_id=32756137057fdf128cce2a92ac853e55]
      User-Agent: ['apypie (https://github.com/Apipie/apypie)']
    method: GET
    uri: https://centos7-foreman-nightly.desktop.example.com/api/locations?search=title%3D%22Foo%22&per_page=4294967296
  response:
    body: {string: "{\n  \"total\": 4,\n  \"subtotal\": 1,\n  \"page\": 1,\n  \"per_page\":
        4294967296,\n  \"search\": \"title=\\\"Foo\\\"\",\n  \"sort\": {\n    \"by\":
        null,\n    \"order\": null\n  },\n  \"results\": [{\"ancestry\":null,\"parent_id\":null,\"parent_name\":null,\"created_at\":\"2019-11-03
        11:23:30 UTC\",\"updated_at\":\"2019-11-03 11:23:30 UTC\",\"id\":5,\"name\":\"Foo\",\"title\":\"Foo\",\"description\":null}]\n}\n"}
    headers:
      Cache-Control: ['max-age=0, private, must-revalidate']
      Connection: [Keep-Alive]
      Content-Security-Policy: ['default-src ''self''; child-src ''self''; connect-src
          ''self'' ws: wss:; img-src ''self'' data: *.gravatar.com; script-src ''unsafe-eval''
          ''unsafe-inline'' ''self''; style-src ''unsafe-inline'' ''self''']
      Content-Type: [application/json; charset=utf-8]
      Date: ['Wed, 06 Nov 2019 19:10:13 GMT']
      ETag: [W/"e1c57ff320979ccc0b522bac81528de1-gzip"]
      Foreman_api_version: ['2']
      Foreman_current_location: [; ANY]
      Foreman_current_organization: [; ANY]
      Foreman_version: [1.25.0-develop]
      Keep-Alive: ['timeout=5, max=99']
      Server: [Apache]
      Status: [200 OK]
      Strict-Transport-Security: [max-age=631139040; includeSubdomains]
      Vary: [Accept-Encoding]
      X-Content-Type-Options: [nosniff]
      X-Download-Options: [noopen]
      X-Frame-Options: [sameorigin]
      X-Permitted-Cross-Domain-Policies: [none]
      X-Powered-By: [Phusion Passenger 4.0.53]
      X-Request-Id: [bb9f63e3-5c00-4b16-b868-57da64fb625b]
      X-Runtime: ['0.020747']
      X-XSS-Protection: [1; mode=block]
      content-length: ['354']
    status: {code: 200, message: OK}
- request:
    body: null
    headers:
      Accept: [application/json;version=2]
      Accept-Encoding: ['gzip, deflate']
      Connection: [keep-alive]
      Cookie: [_session_id=32756137057fdf128cce2a92ac853e55]
      User-Agent: ['apypie (https://github.com/Apipie/apypie)']
    method: GET
    uri: https://centos7-foreman-nightly.desktop.example.com/api/locations?search=title%3D%22Foo%2FBaz%22&per_page=4294967296
  response:
    body: {string: "{\n  \"total\": 4,\n  \"subtotal\": 1,\n  \"page\": 1,\n  \"per_page\":
        4294967296,\n  \"search\": \"title=\\\"Foo/Baz\\\"\",\n  \"sort\": {\n    \"by\":
        null,\n    \"order\": null\n  },\n  \"results\": [{\"ancestry\":\"5\",\"parent_id\":5,\"parent_name\":\"Foo\",\"created_at\":\"2019-11-06
        19:09:55 UTC\",\"updated_at\":\"2019-11-06 19:09:55 UTC\",\"id\":24,\"name\":\"Baz\",\"title\":\"Foo/Baz\",\"description\":null}]\n}\n"}
    headers:
      Cache-Control: ['max-age=0, private, must-revalidate']
      Connection: [Keep-Alive]
      Content-Security-Policy: ['default-src ''self''; child-src ''self''; connect-src
          ''self'' ws: wss:; img-src ''self'' data: *.gravatar.com; script-src ''unsafe-eval''
          ''unsafe-inline'' ''self''; style-src ''unsafe-inline'' ''self''']
      Content-Type: [application/json; charset=utf-8]
      Date: ['Wed, 06 Nov 2019 19:10:14 GMT']
      ETag: [W/"efe0067e189d3833ba63d7d6d2f859fb-gzip"]
      Foreman_api_version: ['2']
      Foreman_current_location: [; ANY]
      Foreman_current_organization: [; ANY]
      Foreman_version: [1.25.0-develop]
      Keep-Alive: ['timeout=5, max=98']
      Server: [Apache]
      Status: [200 OK]
      Strict-Transport-Security: [max-age=631139040; includeSubdomains]
      Vary: [Accept-Encoding]
      X-Content-Type-Options: [nosniff]
      X-Download-Options: [noopen]
      X-Frame-Options: [sameorigin]
      X-Permitted-Cross-Domain-Policies: [none]
      X-Powered-By: [Phusion Passenger 4.0.53]
      X-Request-Id: [b483c454-dcd7-433c-b5b5-bda7995c6b75]
      X-Runtime: ['0.023463']
      X-XSS-Protection: [1; mode=block]
      content-length: ['360']
    status: {code: 200, message: OK}
- request:
    body: null
    headers:
      Accept: [application/json;version=2]
      Accept-Encoding: ['gzip, deflate']
      Connection: [keep-alive]
      Cookie: [_session_id=32756137057fdf128cce2a92ac853e55]
      User-Agent: ['apypie (https://github.com/Apipie/apypie)']
    method: GET
    uri: https://centos7-foreman-nightly.desktop.example.com/api/locations?search=title%3D%22Bar%22&per_page=4294967296
  response:
    body: {string: "{\n  \"total\": 4,\n  \"subtotal\": 1,\n  \"page\": 1,\n  \"per_page\":
        4294967296,\n  \"search\": \"title=\\\"Bar\\\"\",\n  \"sort\": {\n    \"by\":
        null,\n    \"order\": null\n  },\n  \"results\": [{\"ancestry\":null,\"parent_id\":null,\"parent_name\":null,\"created_at\":\"2019-11-06
        19:09:57 UTC\",\"updated_at\":\"2019-11-06 19:09:57 UTC\",\"id\":25,\"name\":\"Bar\",\"title\":\"Bar\",\"description\":null}]\n}\n"}
    headers:
      Cache-Control: ['max-age=0, private, must-revalidate']
      Connection: [Keep-Alive]
      Content-Security-Policy: ['default-src ''self''; child-src ''self''; connect-src
          ''self'' ws: wss:; img-src ''self'' data: *.gravatar.com; script-src ''unsafe-eval''
          ''unsafe-inline'' ''self''; style-src ''unsafe-inline'' ''self''']
      Content-Type: [application/json; charset=utf-8]
      Date: ['Wed, 06 Nov 2019 19:10:14 GMT']
      ETag: [W/"966347f617e23b741e706a9af1ce91c4-gzip"]
      Foreman_api_version: ['2']
      Foreman_current_location: [; ANY]
      Foreman_current_organization: [; ANY]
      Foreman_version: [1.25.0-develop]
      Keep-Alive: ['timeout=5, max=97']
      Server: [Apache]
      Status: [200 OK]
      Strict-Transport-Security: [max-age=631139040; includeSubdomains]
      Vary: [Accept-Encoding]
      X-Content-Type-Options: [nosniff]
      X-Download-Options: [noopen]
      X-Frame-Options: [sameorigin]
      X-Permitted-Cross-Domain-Policies: [none]
      X-Powered-By: [Phusion Passenger 4.0.53]
      X-Request-Id: [03aed1a1-4384-4d6d-bb87-1d8bd51c9581]
      X-Runtime: ['0.016136']
      X-XSS-Protection: [1; mode=block]
      content-length: ['355']
    status: {code: 200, message: OK}
- request:
    body: null
    headers:
      Accept: [application/json;version=2]
      Accept-Encoding: ['gzip, deflate']
      Connection: [keep-alive]
      Cookie: [_session_id=32756137057fdf128cce2a92ac853e55]
      User-Agent: ['apypie (https://github.com/Apipie/apypie)']
    method: GET
    uri: https://centos7-foreman-nightly.desktop.example.com/api/compute_profiles?search=name%3D%22myprofile%22&per_page=4294967296
  response:
    body: {string: "{\n  \"total\": 4,\n  \"subtotal\": 1,\n  \"page\": 1,\n  \"per_page\":
        4294967296,\n  \"search\": \"name=\\\"myprofile\\\"\",\n  \"sort\": {\n    \"by\":
        null,\n    \"order\": null\n  },\n  \"results\": [{\"created_at\":\"2019-11-06
        19:10:09 UTC\",\"updated_at\":\"2019-11-06 19:10:09 UTC\",\"id\":7,\"name\":\"myprofile\"}]\n}\n"}
    headers:
      Cache-Control: ['max-age=0, private, must-revalidate']
      Connection: [Keep-Alive]
      Content-Security-Policy: ['default-src ''self''; child-src ''self''; connect-src
          ''self'' ws: wss:; img-src ''self'' data: *.gravatar.com; script-src ''unsafe-eval''
          ''unsafe-inline'' ''self''; style-src ''unsafe-inline'' ''self''']
      Content-Type: [application/json; charset=utf-8]
      Date: ['Wed, 06 Nov 2019 19:10:14 GMT']
      ETag: [W/"4660b51dcf9314e682a12907f1c80405-gzip"]
      Foreman_api_version: ['2']
      Foreman_current_location: [; ANY]
      Foreman_current_organization: [; ANY]
      Foreman_version: [1.25.0-develop]
      Keep-Alive: ['timeout=5, max=96']
      Server: [Apache]
      Status: [200 OK]
      Strict-Transport-Security: [max-age=631139040; includeSubdomains]
      Vary: [Accept-Encoding]
      X-Content-Type-Options: [nosniff]
      X-Download-Options: [noopen]
      X-Frame-Options: [sameorigin]
      X-Permitted-Cross-Domain-Policies: [none]
      X-Powered-By: [Phusion Passenger 4.0.53]
      X-Request-Id: [06bc72fb-d2e8-4c22-acfc-6d09eb8325ef]
      X-Runtime: ['0.015743']
      X-XSS-Protection: [1; mode=block]
      content-length: ['280']
    status: {code: 200, message: OK}
- request:
    body: null
    headers:
      Accept: [application/json;version=2]
      Accept-Encoding: ['gzip, deflate']
      Connection: [keep-alive]
      Cookie: [_session_id=32756137057fdf128cce2a92ac853e55]
      User-Agent: ['apypie (https://github.com/Apipie/apypie)']
    method: GET
    uri: https://centos7-foreman-nightly.desktop.example.com/api/domains?search=name%3D%22foo.example.com%22&per_page=4294967296
  response:
    body: {string: "{\n  \"total\": 4,\n  \"subtotal\": 1,\n  \"page\": 1,\n  \"per_page\":
        4294967296,\n  \"search\": \"name=\\\"foo.example.com\\\"\",\n  \"sort\":
        {\n    \"by\": null,\n    \"order\": null\n  },\n  \"results\": [{\"fullname\":null,\"created_at\":\"2019-11-06
        19:10:02 UTC\",\"updated_at\":\"2019-11-06 19:10:02 UTC\",\"id\":9,\"name\":\"foo.example.com\",\"dns_id\":1,\"dns\":{\"name\":\"centos7-foreman-nightly.desktop.example.com\",\"id\":1,\"url\":\"https://centos7-foreman-nightly.desktop.example.com:8443\"}}]\n}\n"}
    headers:
      Cache-Control: ['max-age=0, private, must-revalidate']
      Connection: [Keep-Alive]
      Content-Security-Policy: ['default-src ''self''; child-src ''self''; connect-src
          ''self'' ws: wss:; img-src ''self'' data: *.gravatar.com; script-src ''unsafe-eval''
          ''unsafe-inline'' ''self''; style-src ''unsafe-inline'' ''self''']
      Content-Type: [application/json; charset=utf-8]
      Date: ['Wed, 06 Nov 2019 19:10:14 GMT']
      ETag: [W/"370ab1b3b5d723fd801e41862ff1a872-gzip"]
      Foreman_api_version: ['2']
      Foreman_current_location: [; ANY]
      Foreman_current_organization: [; ANY]
      Foreman_version: [1.25.0-develop]
      Keep-Alive: ['timeout=5, max=95']
      Server: [Apache]
      Status: [200 OK]
      Strict-Transport-Security: [max-age=631139040; includeSubdomains]
      Vary: [Accept-Encoding]
      X-Content-Type-Options: [nosniff]
      X-Download-Options: [noopen]
      X-Frame-Options: [sameorigin]
      X-Permitted-Cross-Domain-Policies: [none]
      X-Powered-By: [Phusion Passenger 4.0.53]
      X-Request-Id: [ed3ed769-1767-46c4-af59-a0d4eb9a892b]
      X-Runtime: ['0.016951']
      X-XSS-Protection: [1; mode=block]
      content-length: ['452']
    status: {code: 200, message: OK}
- request:
    body: null
    headers:
      Accept: [application/json;version=2]
      Accept-Encoding: ['gzip, deflate']
      Connection: [keep-alive]
      Cookie: [_session_id=32756137057fdf128cce2a92ac853e55]
      User-Agent: ['apypie (https://github.com/Apipie/apypie)']
    method: GET
    uri: https://centos7-foreman-nightly.desktop.example.com/api/subnets?search=name%3D%22Test+subnet4%22&per_page=4294967296
  response:
    body: {string: "{\n  \"total\": 1,\n  \"subtotal\": 1,\n  \"page\": 1,\n  \"per_page\":
        4294967296,\n  \"search\": \"name=\\\"Test subnet4\\\"\",\n  \"sort\": {\n
        \   \"by\": null,\n    \"order\": null\n  },\n  \"results\": [{\"network\":\"192.168.200.0\",\"network_type\":\"IPv4\",\"cidr\":27,\"mask\":\"255.255.255.224\",\"priority\":null,\"vlanid\":null,\"mtu\":1500,\"gateway\":null,\"dns_primary\":null,\"dns_secondary\":null,\"from\":null,\"to\":null,\"created_at\":\"2019-11-06
        19:10:04 UTC\",\"updated_at\":\"2019-11-06 19:10:04 UTC\",\"ipam\":\"DHCP\",\"boot_mode\":\"DHCP\",\"id\":4,\"name\":\"Test
        subnet4\",\"description\":null,\"network_address\":\"192.168.200.0/27\",\"dhcp_id\":null,\"dhcp_name\":null,\"tftp_id\":null,\"tftp_name\":null,\"httpboot_id\":null,\"httpboot_name\":null,\"dns_id\":null,\"template_id\":null,\"template_name\":null,\"dhcp\":null,\"tftp\":null,\"httpboot\":null,\"dns\":null,\"template\":null}]\n}\n"}
    headers:
      Cache-Control: ['max-age=0, private, must-revalidate']
      Connection: [Keep-Alive]
      Content-Security-Policy: ['default-src ''self''; child-src ''self''; connect-src
          ''self'' ws: wss:; img-src ''self'' data: *.gravatar.com; script-src ''unsafe-eval''
          ''unsafe-inline'' ''self''; style-src ''unsafe-inline'' ''self''']
      Content-Type: [application/json; charset=utf-8]
      Date: ['Wed, 06 Nov 2019 19:10:14 GMT']
      ETag: [W/"1c63e288a9502a13821e0fdf81dfbcc5-gzip"]
      Foreman_api_version: ['2']
      Foreman_current_location: [; ANY]
      Foreman_current_organization: [; ANY]
      Foreman_version: [1.25.0-develop]
      Keep-Alive: ['timeout=5, max=94']
      Server: [Apache]
      Status: [200 OK]
      Strict-Transport-Security: [max-age=631139040; includeSubdomains]
      Vary: [Accept-Encoding]
      X-Content-Type-Options: [nosniff]
      X-Download-Options: [noopen]
      X-Frame-Options: [sameorigin]
      X-Permitted-Cross-Domain-Policies: [none]
      X-Powered-By: [Phusion Passenger 4.0.53]
      X-Request-Id: [42589ca3-8fb2-47ec-bc86-efe1fdeb1e1a]
      X-Runtime: ['0.016902']
      X-XSS-Protection: [1; mode=block]
      content-length: ['801']
    status: {code: 200, message: OK}
- request:
    body: null
    headers:
      Accept: [application/json;version=2]
      Accept-Encoding: ['gzip, deflate']
      Connection: [keep-alive]
      Cookie: [_session_id=32756137057fdf128cce2a92ac853e55]
      User-Agent: ['apypie (https://github.com/Apipie/apypie)']
    method: GET
    uri: https://centos7-foreman-nightly.desktop.example.com/api/architectures?search=name%3D%22x86_64%22&per_page=4294967296
  response:
    body: {string: "{\n  \"total\": 2,\n  \"subtotal\": 1,\n  \"page\": 1,\n  \"per_page\":
        4294967296,\n  \"search\": \"name=\\\"x86_64\\\"\",\n  \"sort\": {\n    \"by\":
        null,\n    \"order\": null\n  },\n  \"results\": [{\"created_at\":\"2019-11-03
        11:02:32 UTC\",\"updated_at\":\"2019-11-03 11:02:32 UTC\",\"name\":\"x86_64\",\"id\":1}]\n}\n"}
    headers:
      Cache-Control: ['max-age=0, private, must-revalidate']
      Connection: [Keep-Alive]
      Content-Security-Policy: ['default-src ''self''; child-src ''self''; connect-src
          ''self'' ws: wss:; img-src ''self'' data: *.gravatar.com; script-src ''unsafe-eval''
          ''unsafe-inline'' ''self''; style-src ''unsafe-inline'' ''self''']
      Content-Type: [application/json; charset=utf-8]
      Date: ['Wed, 06 Nov 2019 19:10:14 GMT']
      ETag: [W/"5f7983a52cd8f7886d78cf0f0fa1e82f-gzip"]
      Foreman_api_version: ['2']
      Foreman_current_location: [; ANY]
      Foreman_current_organization: [; ANY]
      Foreman_version: [1.25.0-develop]
      Keep-Alive: ['timeout=5, max=93']
      Server: [Apache]
      Status: [200 OK]
      Strict-Transport-Security: [max-age=631139040; includeSubdomains]
      Vary: [Accept-Encoding]
      X-Content-Type-Options: [nosniff]
      X-Download-Options: [noopen]
      X-Frame-Options: [sameorigin]
      X-Permitted-Cross-Domain-Policies: [none]
      X-Powered-By: [Phusion Passenger 4.0.53]
      X-Request-Id: [b74dddad-0a7a-440e-8e5c-d30862fd9c16]
      X-Runtime: ['0.018082']
      X-XSS-Protection: [1; mode=block]
      content-length: ['274']
    status: {code: 200, message: OK}
- request:
    body: null
    headers:
      Accept: [application/json;version=2]
      Accept-Encoding: ['gzip, deflate']
      Connection: [keep-alive]
      Cookie: [_session_id=32756137057fdf128cce2a92ac853e55]
      User-Agent: ['apypie (https://github.com/Apipie/apypie)']
    method: GET
    uri: https://centos7-foreman-nightly.desktop.example.com/api/operatingsystems?search=title%3D%22TestOS+7.6%22&per_page=4294967296
  response:
    body: {string: "{\n  \"total\": 2,\n  \"subtotal\": 1,\n  \"page\": 1,\n  \"per_page\":
        4294967296,\n  \"search\": \"title=\\\"TestOS 7.6\\\"\",\n  \"sort\": {\n
        \   \"by\": null,\n    \"order\": null\n  },\n  \"results\": [{\"description\":null,\"major\":\"7\",\"minor\":\"6\",\"family\":\"Redhat\",\"release_name\":\"reverse
        whip\",\"password_hash\":\"SHA256\",\"created_at\":\"2019-11-06 19:10:06 UTC\",\"updated_at\":\"2019-11-06
        19:10:06 UTC\",\"id\":5,\"name\":\"TestOS\",\"title\":\"TestOS 7.6\"}]\n}\n"}
    headers:
      Cache-Control: ['max-age=0, private, must-revalidate']
      Connection: [Keep-Alive]
      Content-Security-Policy: ['default-src ''self''; child-src ''self''; connect-src
          ''self'' ws: wss:; img-src ''self'' data: *.gravatar.com; script-src ''unsafe-eval''
          ''unsafe-inline'' ''self''; style-src ''unsafe-inline'' ''self''']
      Content-Type: [application/json; charset=utf-8]
      Date: ['Wed, 06 Nov 2019 19:10:14 GMT']
      ETag: [W/"2b1442daeac2e5b546c384d266d0a47a-gzip"]
      Foreman_api_version: ['2']
      Foreman_current_location: [; ANY]
      Foreman_current_organization: [; ANY]
      Foreman_version: [1.25.0-develop]
      Keep-Alive: ['timeout=5, max=92']
      Server: [Apache]
      Status: [200 OK]
      Strict-Transport-Security: [max-age=631139040; includeSubdomains]
      Vary: [Accept-Encoding]
      X-Content-Type-Options: [nosniff]
      X-Download-Options: [noopen]
      X-Frame-Options: [sameorigin]
      X-Permitted-Cross-Domain-Policies: [none]
      X-Powered-By: [Phusion Passenger 4.0.53]
      X-Request-Id: [487ff22f-1ac9-4049-ba26-306a63e97b23]
      X-Runtime: ['0.021148']
      X-XSS-Protection: [1; mode=block]
      content-length: ['416']
    status: {code: 200, message: OK}
- request:
    body: null
    headers:
      Accept: [application/json;version=2]
      Accept-Encoding: ['gzip, deflate']
      Connection: [keep-alive]
      Cookie: [_session_id=32756137057fdf128cce2a92ac853e55]
      User-Agent: ['apypie (https://github.com/Apipie/apypie)']
    method: GET
    uri: https://centos7-foreman-nightly.desktop.example.com/api/media?search=name%3D%22TestOS+Mirror%22&per_page=4294967296
  response:
    body: {string: "{\n  \"total\": 10,\n  \"subtotal\": 1,\n  \"page\": 1,\n  \"per_page\":
        4294967296,\n  \"search\": \"name=\\\"TestOS Mirror\\\"\",\n  \"sort\": {\n
        \   \"by\": null,\n    \"order\": null\n  },\n  \"results\": [{\"path\":\"https://templeos.org/TempleOS.ISO\",\"os_family\":\"Redhat\",\"created_at\":\"2019-11-06
        19:10:07 UTC\",\"updated_at\":\"2019-11-06 19:10:07 UTC\",\"id\":13,\"name\":\"TestOS
        Mirror\"}]\n}\n"}
    headers:
      Cache-Control: ['max-age=0, private, must-revalidate']
      Connection: [Keep-Alive]
      Content-Security-Policy: ['default-src ''self''; child-src ''self''; connect-src
          ''self'' ws: wss:; img-src ''self'' data: *.gravatar.com; script-src ''unsafe-eval''
          ''unsafe-inline'' ''self''; style-src ''unsafe-inline'' ''self''']
      Content-Type: [application/json; charset=utf-8]
      Date: ['Wed, 06 Nov 2019 19:10:14 GMT']
      ETag: [W/"2826063a91b21c7baedd01c55bc40cbc-gzip"]
      Foreman_api_version: ['2']
      Foreman_current_location: [; ANY]
      Foreman_current_organization: [; ANY]
      Foreman_version: [1.25.0-develop]
      Keep-Alive: ['timeout=5, max=91']
      Server: [Apache]
      Status: [200 OK]
      Strict-Transport-Security: [max-age=631139040; includeSubdomains]
      Vary: [Accept-Encoding]
      X-Content-Type-Options: [nosniff]
      X-Download-Options: [noopen]
      X-Frame-Options: [sameorigin]
      X-Permitted-Cross-Domain-Policies: [none]
      X-Powered-By: [Phusion Passenger 4.0.53]
      X-Request-Id: [e6d3ffbd-d91f-4daa-94d4-697134ef5be3]
      X-Runtime: ['0.020689']
      X-XSS-Protection: [1; mode=block]
      content-length: ['354']
    status: {code: 200, message: OK}
- request:
    body: null
    headers:
      Accept: [application/json;version=2]
      Accept-Encoding: ['gzip, deflate']
      Connection: [keep-alive]
      Cookie: [_session_id=32756137057fdf128cce2a92ac853e55]
      User-Agent: ['apypie (https://github.com/Apipie/apypie)']
    method: GET
    uri: https://centos7-foreman-nightly.desktop.example.com/api/ptables?search=name%3D%22Part+table%22&per_page=4294967296
  response:
    body: {string: "{\n  \"total\": 16,\n  \"subtotal\": 1,\n  \"page\": 1,\n  \"per_page\":
        4294967296,\n  \"search\": \"name=\\\"Part table\\\"\",\n  \"sort\": {\n    \"by\":
        null,\n    \"order\": null\n  },\n  \"results\": [{\"description\":null,\"os_family\":\"Redhat\",\"created_at\":\"2019-11-06
        19:10:05 UTC\",\"updated_at\":\"2019-11-06 19:10:05 UTC\",\"name\":\"Part
        table\",\"id\":116}]\n}\n"}
    headers:
      Cache-Control: ['max-age=0, private, must-revalidate']
      Connection: [Keep-Alive]
      Content-Security-Policy: ['default-src ''self''; child-src ''self''; connect-src
          ''self'' ws: wss:; img-src ''self'' data: *.gravatar.com; script-src ''unsafe-eval''
          ''unsafe-inline'' ''self''; style-src ''unsafe-inline'' ''self''']
      Content-Type: [application/json; charset=utf-8]
      Date: ['Wed, 06 Nov 2019 19:10:14 GMT']
      ETag: [W/"82a105f9c4bce45a91e2e0b5e0e0378f-gzip"]
      Foreman_api_version: ['2']
      Foreman_current_location: [; ANY]
      Foreman_current_organization: [; ANY]
      Foreman_version: [1.25.0-develop]
      Keep-Alive: ['timeout=5, max=90']
      Server: [Apache]
      Status: [200 OK]
      Strict-Transport-Security: [max-age=631139040; includeSubdomains]
      Vary: [Accept-Encoding]
      X-Content-Type-Options: [nosniff]
      X-Download-Options: [noopen]
      X-Frame-Options: [sameorigin]
      X-Permitted-Cross-Domain-Policies: [none]
      X-Powered-By: [Phusion Passenger 4.0.53]
      X-Request-Id: [7638ef73-4bbf-4ff6-81d3-550c30497aba]
      X-Runtime: ['0.020973']
      X-XSS-Protection: [1; mode=block]
      content-length: ['325']
    status: {code: 200, message: OK}
- request:
    body: null
    headers:
      Accept: [application/json;version=2]
      Accept-Encoding: ['gzip, deflate']
      Connection: [keep-alive]
      Cookie: [_session_id=32756137057fdf128cce2a92ac853e55]
      User-Agent: ['apypie (https://github.com/Apipie/apypie)']
    method: GET
    uri: https://centos7-foreman-nightly.desktop.example.com/api/environments?search=name%3D%22production%22&per_page=4294967296
  response:
    body: {string: "{\n  \"total\": 1,\n  \"subtotal\": 1,\n  \"page\": 1,\n  \"per_page\":
        4294967296,\n  \"search\": \"name=\\\"production\\\"\",\n  \"sort\": {\n    \"by\":
        null,\n    \"order\": null\n  },\n  \"results\": [{\"created_at\":\"2019-11-03
        11:04:01 UTC\",\"updated_at\":\"2019-11-03 11:04:01 UTC\",\"name\":\"production\",\"id\":1}]\n}\n"}
    headers:
      Cache-Control: ['max-age=0, private, must-revalidate']
      Connection: [Keep-Alive]
      Content-Security-Policy: ['default-src ''self''; child-src ''self''; connect-src
          ''self'' ws: wss:; img-src ''self'' data: *.gravatar.com; script-src ''unsafe-eval''
          ''unsafe-inline'' ''self''; style-src ''unsafe-inline'' ''self''']
      Content-Type: [application/json; charset=utf-8]
      Date: ['Wed, 06 Nov 2019 19:10:14 GMT']
      ETag: [W/"95d52a3a62e7740c040c3eb04b9aded2-gzip"]
      Foreman_api_version: ['2']
      Foreman_current_location: [; ANY]
      Foreman_current_organization: [; ANY]
      Foreman_version: [1.25.0-develop]
      Keep-Alive: ['timeout=5, max=89']
      Server: [Apache]
      Status: [200 OK]
      Strict-Transport-Security: [max-age=631139040; includeSubdomains]
      Vary: [Accept-Encoding]
      X-Content-Type-Options: [nosniff]
      X-Download-Options: [noopen]
      X-Frame-Options: [sameorigin]
      X-Permitted-Cross-Domain-Policies: [none]
      X-Powered-By: [Phusion Passenger 4.0.53]
      X-Request-Id: [101ce8a7-6a7c-4ce4-bd9f-e4e056774054]
      X-Runtime: ['0.020154']
      X-XSS-Protection: [1; mode=block]
      content-length: ['282']
    status: {code: 200, message: OK}
- request:
    body: null
    headers:
      Accept: [application/json;version=2]
      Accept-Encoding: ['gzip, deflate']
      Connection: [keep-alive]
      Cookie: [_session_id=32756137057fdf128cce2a92ac853e55]
      User-Agent: ['apypie (https://github.com/Apipie/apypie)']
    method: GET
    uri: https://centos7-foreman-nightly.desktop.example.com/api/config_groups?search=name%3D%22cfg_group1%22&per_page=4294967296
  response:
    body: {string: "{\n  \"total\": 2,\n  \"subtotal\": 1,\n  \"page\": 1,\n  \"per_page\":
        4294967296,\n  \"search\": \"name=\\\"cfg_group1\\\"\",\n  \"sort\": {\n    \"by\":
        null,\n    \"order\": null\n  },\n  \"results\": [{\"created_at\":\"2019-11-06
        19:10:10 UTC\",\"updated_at\":\"2019-11-06 19:10:10 UTC\",\"id\":7,\"name\":\"cfg_group1\",\"puppetclasses\":[]}]\n}\n"}
    headers:
      Cache-Control: ['max-age=0, private, must-revalidate']
      Connection: [Keep-Alive]
      Content-Security-Policy: ['default-src ''self''; child-src ''self''; connect-src
          ''self'' ws: wss:; img-src ''self'' data: *.gravatar.com; script-src ''unsafe-eval''
          ''unsafe-inline'' ''self''; style-src ''unsafe-inline'' ''self''']
      Content-Type: [application/json; charset=utf-8]
      Date: ['Wed, 06 Nov 2019 19:10:14 GMT']
      ETag: [W/"653c14e0e7026a76724fda84cf8aa1ba-gzip"]
      Foreman_api_version: ['2']
      Foreman_current_location: [; ANY]
      Foreman_current_organization: [; ANY]
      Foreman_version: [1.25.0-develop]
      Keep-Alive: ['timeout=5, max=88']
      Server: [Apache]
      Status: [200 OK]
      Strict-Transport-Security: [max-age=631139040; includeSubdomains]
      Vary: [Accept-Encoding]
      X-Content-Type-Options: [nosniff]
      X-Download-Options: [noopen]
      X-Frame-Options: [sameorigin]
      X-Permitted-Cross-Domain-Policies: [none]
      X-Powered-By: [Phusion Passenger 4.0.53]
      X-Request-Id: [224648cf-0aad-4a60-864e-649e01488fd8]
      X-Runtime: ['0.022442']
      X-XSS-Protection: [1; mode=block]
      content-length: ['301']
    status: {code: 200, message: OK}
- request:
    body: null
    headers:
      Accept: [application/json;version=2]
      Accept-Encoding: ['gzip, deflate']
      Connection: [keep-alive]
      Cookie: [_session_id=32756137057fdf128cce2a92ac853e55]
      User-Agent: ['apypie (https://github.com/Apipie/apypie)']
    method: GET
    uri: https://centos7-foreman-nightly.desktop.example.com/api/config_groups?search=name%3D%22cfg_group2%22&per_page=4294967296
  response:
    body: {string: "{\n  \"total\": 2,\n  \"subtotal\": 1,\n  \"page\": 1,\n  \"per_page\":
        4294967296,\n  \"search\": \"name=\\\"cfg_group2\\\"\",\n  \"sort\": {\n    \"by\":
        null,\n    \"order\": null\n  },\n  \"results\": [{\"created_at\":\"2019-11-06
        19:10:10 UTC\",\"updated_at\":\"2019-11-06 19:10:10 UTC\",\"id\":8,\"name\":\"cfg_group2\",\"puppetclasses\":[]}]\n}\n"}
    headers:
      Cache-Control: ['max-age=0, private, must-revalidate']
      Connection: [Keep-Alive]
      Content-Security-Policy: ['default-src ''self''; child-src ''self''; connect-src
          ''self'' ws: wss:; img-src ''self'' data: *.gravatar.com; script-src ''unsafe-eval''
          ''unsafe-inline'' ''self''; style-src ''unsafe-inline'' ''self''']
      Content-Type: [application/json; charset=utf-8]
      Date: ['Wed, 06 Nov 2019 19:10:14 GMT']
      ETag: [W/"4941fd668930ca2f2815faafeffcdd5a-gzip"]
      Foreman_api_version: ['2']
      Foreman_current_location: [; ANY]
      Foreman_current_organization: [; ANY]
      Foreman_version: [1.25.0-develop]
      Keep-Alive: ['timeout=5, max=87']
      Server: [Apache]
      Status: [200 OK]
      Strict-Transport-Security: [max-age=631139040; includeSubdomains]
      Vary: [Accept-Encoding]
      X-Content-Type-Options: [nosniff]
      X-Download-Options: [noopen]
      X-Frame-Options: [sameorigin]
      X-Permitted-Cross-Domain-Policies: [none]
      X-Powered-By: [Phusion Passenger 4.0.53]
      X-Request-Id: [c13a8817-857e-49cc-9d98-48b77b68c61b]
      X-Runtime: ['0.022023']
      X-XSS-Protection: [1; mode=block]
      content-length: ['301']
    status: {code: 200, message: OK}
- request:
    body: null
    headers:
      Accept: [application/json;version=2]
      Accept-Encoding: ['gzip, deflate']
      Connection: [keep-alive]
      Cookie: [_session_id=32756137057fdf128cce2a92ac853e55]
      User-Agent: ['apypie (https://github.com/Apipie/apypie)']
    method: GET
    uri: https://centos7-foreman-nightly.desktop.example.com/api/smart_proxies?search=name%3D%22centos7-foreman-nightly.desktop.example.com%22&per_page=4294967296
  response:
    body: {string: "{\n  \"total\": 1,\n  \"subtotal\": 1,\n  \"page\": 1,\n  \"per_page\":
        4294967296,\n  \"search\": \"name=\\\"centos7-foreman-nightly.desktop.example.com\\\"\",\n
        \ \"sort\": {\n    \"by\": null,\n    \"order\": null\n  },\n  \"results\":
        [{\"created_at\":\"2019-11-03 11:03:54 UTC\",\"updated_at\":\"2019-11-03 11:03:54
        UTC\",\"name\":\"centos7-foreman-nightly.desktop.example.com\",\"id\":1,\"url\":\"https://centos7-foreman-nightly.desktop.example.com:8443\",\"features\":[{\"capabilities\":[],\"name\":\"TFTP\",\"id\":2},{\"capabilities\":[],\"name\":\"Puppet
        CA\",\"id\":6},{\"capabilities\":[],\"name\":\"Puppet\",\"id\":5},{\"capabilities\":[],\"name\":\"Logs\",\"id\":10},{\"capabilities\":[],\"name\":\"HTTPBoot\",\"id\":11},{\"capabilities\":[],\"name\":\"DNS\",\"id\":3}]}]\n}\n"}
    headers:
      Cache-Control: ['max-age=0, private, must-revalidate']
      Connection: [Keep-Alive]
      Content-Security-Policy: ['default-src ''self''; child-src ''self''; connect-src
          ''self'' ws: wss:; img-src ''self'' data: *.gravatar.com; script-src ''unsafe-eval''
          ''unsafe-inline'' ''self''; style-src ''unsafe-inline'' ''self''']
      Content-Type: [application/json; charset=utf-8]
      Date: ['Wed, 06 Nov 2019 19:10:14 GMT']
      ETag: [W/"902d42c7fbe5bf4a10178d5acf727986-gzip"]
      Foreman_api_version: ['2']
      Foreman_current_location: [; ANY]
      Foreman_current_organization: [; ANY]
      Foreman_version: [1.25.0-develop]
      Keep-Alive: ['timeout=5, max=86']
      Server: [Apache]
      Status: [200 OK]
      Strict-Transport-Security: [max-age=631139040; includeSubdomains]
      Vary: [Accept-Encoding]
      X-Content-Type-Options: [nosniff]
      X-Download-Options: [noopen]
      X-Frame-Options: [sameorigin]
      X-Permitted-Cross-Domain-Policies: [none]
      X-Powered-By: [Phusion Passenger 4.0.53]
      X-Request-Id: [cb1be33c-cb2b-42dd-8660-6b3195ecaae6]
      X-Runtime: ['0.024348']
      X-XSS-Protection: [1; mode=block]
      content-length: ['684']
    status: {code: 200, message: OK}
- request:
    body: null
    headers:
      Accept: [application/json;version=2]
      Accept-Encoding: ['gzip, deflate']
      Connection: [keep-alive]
      Cookie: [_session_id=32756137057fdf128cce2a92ac853e55]
      User-Agent: ['apypie (https://github.com/Apipie/apypie)']
    method: GET
    uri: https://centos7-foreman-nightly.desktop.example.com/api/smart_proxies?search=name%3D%22centos7-foreman-nightly.desktop.example.com%22&per_page=4294967296
  response:
    body: {string: "{\n  \"total\": 1,\n  \"subtotal\": 1,\n  \"page\": 1,\n  \"per_page\":
        4294967296,\n  \"search\": \"name=\\\"centos7-foreman-nightly.desktop.example.com\\\"\",\n
        \ \"sort\": {\n    \"by\": null,\n    \"order\": null\n  },\n  \"results\":
        [{\"created_at\":\"2019-11-03 11:03:54 UTC\",\"updated_at\":\"2019-11-03 11:03:54
        UTC\",\"name\":\"centos7-foreman-nightly.desktop.example.com\",\"id\":1,\"url\":\"https://centos7-foreman-nightly.desktop.example.com:8443\",\"features\":[{\"capabilities\":[],\"name\":\"TFTP\",\"id\":2},{\"capabilities\":[],\"name\":\"Puppet
        CA\",\"id\":6},{\"capabilities\":[],\"name\":\"Puppet\",\"id\":5},{\"capabilities\":[],\"name\":\"Logs\",\"id\":10},{\"capabilities\":[],\"name\":\"HTTPBoot\",\"id\":11},{\"capabilities\":[],\"name\":\"DNS\",\"id\":3}]}]\n}\n"}
    headers:
      Cache-Control: ['max-age=0, private, must-revalidate']
      Connection: [Keep-Alive]
      Content-Security-Policy: ['default-src ''self''; child-src ''self''; connect-src
          ''self'' ws: wss:; img-src ''self'' data: *.gravatar.com; script-src ''unsafe-eval''
          ''unsafe-inline'' ''self''; style-src ''unsafe-inline'' ''self''']
      Content-Type: [application/json; charset=utf-8]
      Date: ['Wed, 06 Nov 2019 19:10:14 GMT']
      ETag: [W/"902d42c7fbe5bf4a10178d5acf727986-gzip"]
      Foreman_api_version: ['2']
      Foreman_current_location: [; ANY]
      Foreman_current_organization: [; ANY]
      Foreman_version: [1.25.0-develop]
      Keep-Alive: ['timeout=5, max=85']
      Server: [Apache]
      Status: [200 OK]
      Strict-Transport-Security: [max-age=631139040; includeSubdomains]
      Vary: [Accept-Encoding]
      X-Content-Type-Options: [nosniff]
      X-Download-Options: [noopen]
      X-Frame-Options: [sameorigin]
      X-Permitted-Cross-Domain-Policies: [none]
      X-Powered-By: [Phusion Passenger 4.0.53]
      X-Request-Id: [085e1237-4987-40c8-917e-b49ba43d573d]
      X-Runtime: ['0.025397']
      X-XSS-Protection: [1; mode=block]
      content-length: ['684']
    status: {code: 200, message: OK}
- request:
    body: null
    headers:
      Accept: [application/json;version=2]
      Accept-Encoding: ['gzip, deflate']
      Connection: [keep-alive]
      Cookie: [_session_id=32756137057fdf128cce2a92ac853e55]
      User-Agent: ['apypie (https://github.com/Apipie/apypie)']
    method: GET
    uri: https://centos7-foreman-nightly.desktop.example.com/api/organizations?search=name%3D%22Test+Org1%22&per_page=4294967296
  response:
    body: {string: "{\n  \"total\": 3,\n  \"subtotal\": 1,\n  \"page\": 1,\n  \"per_page\":
        4294967296,\n  \"search\": \"name=\\\"Test Org1\\\"\",\n  \"sort\": {\n    \"by\":
        null,\n    \"order\": null\n  },\n  \"results\": [{\"ancestry\":null,\"parent_id\":null,\"parent_name\":null,\"created_at\":\"2019-11-06
        19:09:59 UTC\",\"updated_at\":\"2019-11-06 19:09:59 UTC\",\"id\":26,\"name\":\"Test
        Org1\",\"title\":\"Test Org1\",\"description\":\"A test organization\"}]\n}\n"}
    headers:
      Cache-Control: ['max-age=0, private, must-revalidate']
      Connection: [Keep-Alive]
      Content-Security-Policy: ['default-src ''self''; child-src ''self''; connect-src
          ''self'' ws: wss:; img-src ''self'' data: *.gravatar.com; script-src ''unsafe-eval''
          ''unsafe-inline'' ''self''; style-src ''unsafe-inline'' ''self''']
      Content-Type: [application/json; charset=utf-8]
      Date: ['Wed, 06 Nov 2019 19:10:14 GMT']
      ETag: [W/"d32c2e88936206aa265dfc5db3392486-gzip"]
      Foreman_api_version: ['2']
      Foreman_current_location: [; ANY]
      Foreman_current_organization: [; ANY]
      Foreman_version: [1.25.0-develop]
      Keep-Alive: ['timeout=5, max=84']
      Server: [Apache]
      Status: [200 OK]
      Strict-Transport-Security: [max-age=631139040; includeSubdomains]
      Vary: [Accept-Encoding]
      X-Content-Type-Options: [nosniff]
      X-Download-Options: [noopen]
      X-Frame-Options: [sameorigin]
      X-Permitted-Cross-Domain-Policies: [none]
      X-Powered-By: [Phusion Passenger 4.0.53]
      X-Request-Id: [1339d47f-7b94-4198-8ec7-ebf825ecc432]
      X-Runtime: ['0.017744']
      X-XSS-Protection: [1; mode=block]
      content-length: ['389']
    status: {code: 200, message: OK}
- request:
    body: null
    headers:
      Accept: [application/json;version=2]
      Accept-Encoding: ['gzip, deflate']
      Connection: [keep-alive]
      Cookie: [_session_id=32756137057fdf128cce2a92ac853e55]
      User-Agent: ['apypie (https://github.com/Apipie/apypie)']
    method: GET
    uri: https://centos7-foreman-nightly.desktop.example.com/api/organizations?search=name%3D%22Test+Org2%22&per_page=4294967296
  response:
    body: {string: "{\n  \"total\": 3,\n  \"subtotal\": 1,\n  \"page\": 1,\n  \"per_page\":
        4294967296,\n  \"search\": \"name=\\\"Test Org2\\\"\",\n  \"sort\": {\n    \"by\":
        null,\n    \"order\": null\n  },\n  \"results\": [{\"ancestry\":null,\"parent_id\":null,\"parent_name\":null,\"created_at\":\"2019-11-06
        19:10:00 UTC\",\"updated_at\":\"2019-11-06 19:10:00 UTC\",\"id\":27,\"name\":\"Test
        Org2\",\"title\":\"Test Org2\",\"description\":\"A test organization\"}]\n}\n"}
    headers:
      Cache-Control: ['max-age=0, private, must-revalidate']
      Connection: [Keep-Alive]
      Content-Security-Policy: ['default-src ''self''; child-src ''self''; connect-src
          ''self'' ws: wss:; img-src ''self'' data: *.gravatar.com; script-src ''unsafe-eval''
          ''unsafe-inline'' ''self''; style-src ''unsafe-inline'' ''self''']
      Content-Type: [application/json; charset=utf-8]
      Date: ['Wed, 06 Nov 2019 19:10:14 GMT']
      ETag: [W/"f3ab5fb7522d674ffbd27586271a5ce8-gzip"]
      Foreman_api_version: ['2']
      Foreman_current_location: [; ANY]
      Foreman_current_organization: [; ANY]
      Foreman_version: [1.25.0-develop]
      Keep-Alive: ['timeout=5, max=83']
      Server: [Apache]
      Status: [200 OK]
      Strict-Transport-Security: [max-age=631139040; includeSubdomains]
      Vary: [Accept-Encoding]
      X-Content-Type-Options: [nosniff]
      X-Download-Options: [noopen]
      X-Frame-Options: [sameorigin]
      X-Permitted-Cross-Domain-Policies: [none]
      X-Powered-By: [Phusion Passenger 4.0.53]
      X-Request-Id: [cf62d072-6729-4a96-9488-0ceff8f3a5ec]
      X-Runtime: ['0.017526']
      X-XSS-Protection: [1; mode=block]
      content-length: ['389']
    status: {code: 200, message: OK}
- request:
    body: null
    headers:
      Accept: [application/json;version=2]
      Accept-Encoding: ['gzip, deflate']
      Connection: [keep-alive]
      Cookie: [_session_id=32756137057fdf128cce2a92ac853e55]
      User-Agent: ['apypie (https://github.com/Apipie/apypie)']
    method: GET
    uri: https://centos7-foreman-nightly.desktop.example.com/api/hostgroups?search=title%3D%22New+host+group%22&per_page=4294967296
  response:
    body: {string: "{\n  \"total\": 1,\n  \"subtotal\": 1,\n  \"page\": 1,\n  \"per_page\":
        4294967296,\n  \"search\": \"title=\\\"New host group\\\"\",\n  \"sort\":
        {\n    \"by\": null,\n    \"order\": null\n  },\n  \"results\": [{\"subnet_id\":4,\"subnet_name\":\"Test
        subnet4\",\"operatingsystem_id\":5,\"operatingsystem_name\":\"TestOS 7.6\",\"domain_id\":9,\"domain_name\":\"foo.example.com\",\"environment_id\":1,\"environment_name\":\"production\",\"compute_profile_id\":7,\"compute_profile_name\":\"myprofile\",\"ancestry\":null,\"parent_id\":null,\"parent_name\":null,\"ptable_id\":116,\"ptable_name\":\"Part
        table\",\"medium_id\":13,\"medium_name\":\"TestOS Mirror\",\"pxe_loader\":\"Grub2
        UEFI\",\"subnet6_id\":null,\"subnet6_name\":null,\"compute_resource_id\":1,\"compute_resource_name\":\"libvirt-cr\",\"architecture_id\":1,\"architecture_name\":\"x86_64\",\"realm_id\":null,\"realm_name\":null,\"created_at\":\"2019-11-06
        19:10:12 UTC\",\"updated_at\":\"2019-11-06 19:10:12 UTC\",\"id\":45,\"name\":\"New
        host group\",\"title\":\"New host group\",\"description\":\"New host group\",\"puppet_proxy_id\":1,\"puppet_proxy_name\":\"centos7-foreman-nightly.desktop.example.com\",\"puppet_ca_proxy_id\":1,\"puppet_ca_proxy_name\":\"centos7-foreman-nightly.desktop.example.com\",\"puppet_proxy\":{\"name\":\"centos7-foreman-nightly.desktop.example.com\",\"id\":1,\"url\":\"https://centos7-foreman-nightly.desktop.example.com:8443\"},\"puppet_ca_proxy\":{\"name\":\"centos7-foreman-nightly.desktop.example.com\",\"id\":1,\"url\":\"https://centos7-foreman-nightly.desktop.example.com:8443\"}}]\n}\n"}
    headers:
      Cache-Control: ['max-age=0, private, must-revalidate']
      Connection: [Keep-Alive]
      Content-Security-Policy: ['default-src ''self''; child-src ''self''; connect-src
          ''self'' ws: wss:; img-src ''self'' data: *.gravatar.com; script-src ''unsafe-eval''
          ''unsafe-inline'' ''self''; style-src ''unsafe-inline'' ''self''']
      Content-Type: [application/json; charset=utf-8]
      Date: ['Wed, 06 Nov 2019 19:10:14 GMT']
      ETag: [W/"19021893ee5b2b5f6dabbf7216183054-gzip"]
      Foreman_api_version: ['2']
      Foreman_current_location: [; ANY]
      Foreman_current_organization: [; ANY]
      Foreman_version: [1.25.0-develop]
      Keep-Alive: ['timeout=5, max=82']
      Server: [Apache]
      Status: [200 OK]
      Strict-Transport-Security: [max-age=631139040; includeSubdomains]
      Vary: [Accept-Encoding]
      X-Content-Type-Options: [nosniff]
      X-Download-Options: [noopen]
      X-Frame-Options: [sameorigin]
      X-Permitted-Cross-Domain-Policies: [none]
      X-Powered-By: [Phusion Passenger 4.0.53]
      X-Request-Id: [bfcc7a81-9367-4e41-af66-8ad4e8f4745b]
      X-Runtime: ['0.025748']
      X-XSS-Protection: [1; mode=block]
      content-length: ['1418']
    status: {code: 200, message: OK}
- request:
    body: null
    headers:
      Accept: [application/json;version=2]
      Accept-Encoding: ['gzip, deflate']
      Connection: [keep-alive]
      Cookie: [_session_id=32756137057fdf128cce2a92ac853e55]
      User-Agent: ['apypie (https://github.com/Apipie/apypie)']
    method: GET
    uri: https://centos7-foreman-nightly.desktop.example.com/api/hostgroups/45
  response:
    body: {string: '{"subnet_id":4,"subnet_name":"Test subnet4","operatingsystem_id":5,"operatingsystem_name":"TestOS
        7.6","domain_id":9,"domain_name":"foo.example.com","environment_id":1,"environment_name":"production","compute_profile_id":7,"compute_profile_name":"myprofile","ancestry":null,"parent_id":null,"parent_name":null,"ptable_id":116,"ptable_name":"Part
        table","medium_id":13,"medium_name":"TestOS Mirror","pxe_loader":"Grub2 UEFI","subnet6_id":null,"subnet6_name":null,"compute_resource_id":1,"compute_resource_name":"libvirt-cr","architecture_id":1,"architecture_name":"x86_64","realm_id":null,"realm_name":null,"created_at":"2019-11-06
        19:10:12 UTC","updated_at":"2019-11-06 19:10:12 UTC","id":45,"name":"New host
        group","title":"New host group","description":"New host group","puppet_proxy_id":1,"puppet_proxy_name":"centos7-foreman-nightly.desktop.example.com","puppet_ca_proxy_id":1,"puppet_ca_proxy_name":"centos7-foreman-nightly.desktop.example.com","puppet_proxy":{"name":"centos7-foreman-nightly.desktop.example.com","id":1,"url":"https://centos7-foreman-nightly.desktop.example.com:8443"},"puppet_ca_proxy":{"name":"centos7-foreman-nightly.desktop.example.com","id":1,"url":"https://centos7-foreman-nightly.desktop.example.com:8443"},"parameters":[{"priority":60,"created_at":"2019-11-06
        19:10:13 UTC","updated_at":"2019-11-06 19:10:13 UTC","id":24,"name":"subnet_param1","parameter_type":"string","value":"value1"},{"priority":60,"created_at":"2019-11-06
        19:10:13 UTC","updated_at":"2019-11-06 19:10:13 UTC","id":25,"name":"subnet_param2","parameter_type":"string","value":"value2"}],"template_combinations":[],"puppetclasses":[],"config_groups":[{"created_at":"2019-11-06
        19:10:10 UTC","updated_at":"2019-11-06 19:10:10 UTC","id":7,"name":"cfg_group1","puppetclasses":[]},{"created_at":"2019-11-06
        19:10:10 UTC","updated_at":"2019-11-06 19:10:10 UTC","id":8,"name":"cfg_group2","puppetclasses":[]}],"all_puppetclasses":[],"locations":[{"id":25,"name":"Bar","title":"Bar","description":null},{"id":5,"name":"Foo","title":"Foo","description":null},{"id":24,"name":"Baz","title":"Foo/Baz","description":null}],"organizations":[{"id":26,"name":"Test
        Org1","title":"Test Org1","description":"A test organization"},{"id":27,"name":"Test
        Org2","title":"Test Org2","description":"A test organization"}]}'}
    headers:
      Cache-Control: ['max-age=0, private, must-revalidate']
      Connection: [Keep-Alive]
      Content-Security-Policy: ['default-src ''self''; child-src ''self''; connect-src
          ''self'' ws: wss:; img-src ''self'' data: *.gravatar.com; script-src ''unsafe-eval''
          ''unsafe-inline'' ''self''; style-src ''unsafe-inline'' ''self''']
      Content-Type: [application/json; charset=utf-8]
      Date: ['Wed, 06 Nov 2019 19:10:14 GMT']
      ETag: [W/"a6a50dab804c8707755ac5041969b315-gzip"]
      Foreman_api_version: ['2']
      Foreman_current_location: [; ANY]
      Foreman_current_organization: [; ANY]
      Foreman_version: [1.25.0-develop]
      Keep-Alive: ['timeout=5, max=81']
      Server: [Apache]
      Status: [200 OK]
      Strict-Transport-Security: [max-age=631139040; includeSubdomains]
      Vary: [Accept-Encoding]
      X-Content-Type-Options: [nosniff]
      X-Download-Options: [noopen]
      X-Frame-Options: [sameorigin]
      X-Permitted-Cross-Domain-Policies: [none]
      X-Powered-By: [Phusion Passenger 4.0.53]
      X-Request-Id: [0d347322-43e4-4557-801c-b849f58a4768]
      X-Runtime: ['0.069887']
      X-XSS-Protection: [1; mode=block]
      content-length: ['2300']
    status: {code: 200, message: OK}
version: 1
