interactions:
- request:
    body: null
    headers:
      Accept: [application/json;version=2]
    method: GET
    uri: https://foreman.example.com/api/status
  response:
    body: {string: !!python/unicode '{"result":"ok","status":200,"version":"1.22.1","api_version":2}'}
    headers:
      cache-control: ['max-age=0, private, must-revalidate']
      content-length: ['63']
      content-security-policy: ['default-src ''self''; child-src ''self''; connect-src
          ''self'' ws: wss:; img-src ''self'' data: *.gravatar.com; script-src ''unsafe-eval''
          ''unsafe-inline'' ''self''; style-src ''unsafe-inline'' ''self''']
      content-type: [application/json; charset=utf-8]
      date: ['Fri, 27 Sep 2019 15:24:48 GMT']
      etag: [W/"7462024e111aafa1fe0b7de16a6757f0"]
      foreman_api_version: ['2']
      foreman_version: [1.22.1]
      server: [Apache]
      set-cookie: [_session_id=2caa8f2cf6f6d44160246658dcea5523; path=/; secure; HttpOnly;
          SameSite=Lax]
      status: [200 OK]
      strict-transport-security: [max-age=631139040; includeSubdomains]
      x-content-type-options: [nosniff]
      x-download-options: [noopen]
      x-frame-options: [sameorigin]
      x-permitted-cross-domain-policies: [none]
      x-powered-by: [Phusion Passenger 4.0.53]
      x-request-id: [d8e1bf03-17a9-4209-bea6-6cdbc7276aa0]
      x-runtime: ['0.027563']
      x-xss-protection: [1; mode=block]
    status: {code: 200, message: OK}
- request:
    body: null
    headers:
      Accept: [application/json;version=2]
      Cookie: [_session_id=2caa8f2cf6f6d44160246658dcea5523]
    method: GET
    uri: https://foreman.example.com/api/media?per_page=4294967296&search=name%3D%22Temple+OS+1.0%22
  response:
    body: {string: !!python/unicode "{\n  \"total\": 10,\n  \"subtotal\": 1,\n  \"page\":
        1,\n  \"per_page\": 4294967296,\n  \"search\": \"name=\\\"Temple OS 1.0\\\"\",\n
        \ \"sort\": {\n    \"by\": null,\n    \"order\": null\n  },\n  \"results\":
        [{\"path\":\"https://templeos.org/TempleOS.ISO\",\"os_family\":\"Debian\",\"created_at\":\"2019-09-27
        15:24:47 UTC\",\"updated_at\":\"2019-09-27 15:24:47 UTC\",\"id\":11,\"name\":\"Temple
        OS 1.0\"}]\n}\n"}
    headers:
      cache-control: ['max-age=0, private, must-revalidate']
      content-security-policy: ['default-src ''self''; child-src ''self''; connect-src
          ''self'' ws: wss:; img-src ''self'' data: *.gravatar.com; script-src ''unsafe-eval''
          ''unsafe-inline'' ''self''; style-src ''unsafe-inline'' ''self''']
      content-type: [application/json; charset=utf-8]
      date: ['Fri, 27 Sep 2019 15:24:48 GMT']
      etag: [W/"5a866b0360278cee584cbeb9c9a89ea0"]
      foreman_api_version: ['2']
      foreman_version: [1.22.1]
      server: [Apache]
      status: [200 OK]
      strict-transport-security: [max-age=631139040; includeSubdomains]
      transfer-encoding: [chunked]
      vary: [Accept-Encoding]
      x-content-type-options: [nosniff]
      x-download-options: [noopen]
      x-frame-options: [sameorigin]
      x-permitted-cross-domain-policies: [none]
      x-powered-by: [Phusion Passenger 4.0.53]
      x-request-id: [7fe9644b-17a7-4051-8cc2-e8a93e56358c]
      x-runtime: ['0.017474']
      x-xss-protection: [1; mode=block]
    status: {code: 200, message: OK}
- request:
    body: null
    headers:
      Accept: [application/json;version=2]
      Cookie: [_session_id=2caa8f2cf6f6d44160246658dcea5523]
    method: GET
    uri: https://foreman.example.com/api/media/11
  response:
    body: {string: !!python/unicode '{"path":"https://templeos.org/TempleOS.ISO","os_family":"Debian","created_at":"2019-09-27
        15:24:47 UTC","updated_at":"2019-09-27 15:24:47 UTC","id":11,"name":"Temple
        OS 1.0","operatingsystems":[{"id":3,"name":"TempleOS","title":"TempleOS 1.2"}],"locations":[{"id":12,"name":"Test
        Location","title":"Test Location","description":null}],"organizations":[{"id":11,"name":"Test
        Organization","title":"Test Organization","description":"A test organization"}]}'}
    headers:
      cache-control: ['max-age=0, private, must-revalidate']
      content-security-policy: ['default-src ''self''; child-src ''self''; connect-src
          ''self'' ws: wss:; img-src ''self'' data: *.gravatar.com; script-src ''unsafe-eval''
          ''unsafe-inline'' ''self''; style-src ''unsafe-inline'' ''self''']
      content-type: [application/json; charset=utf-8]
      date: ['Fri, 27 Sep 2019 15:24:48 GMT']
      etag: [W/"183f64b6ac677e4b04a7167eb8563ec8"]
      foreman_api_version: ['2']
      foreman_version: [1.22.1]
      server: [Apache]
      status: [200 OK]
      strict-transport-security: [max-age=631139040; includeSubdomains]
      transfer-encoding: [chunked]
      vary: [Accept-Encoding]
      x-content-type-options: [nosniff]
      x-download-options: [noopen]
      x-frame-options: [sameorigin]
      x-permitted-cross-domain-policies: [none]
      x-powered-by: [Phusion Passenger 4.0.53]
      x-request-id: [ab45c4f7-d075-4718-aaf3-562fc354d167]
      x-runtime: ['0.024625']
      x-xss-protection: [1; mode=block]
    status: {code: 200, message: OK}
- request:
    body: null
    headers:
      Accept: [application/json;version=2]
      Cookie: [_session_id=2caa8f2cf6f6d44160246658dcea5523]
    method: GET
    uri: https://foreman.example.com/api/operatingsystems?per_page=4294967296&search=title%3D%22TempleOS%22
  response:
    body: {string: !!python/unicode "{\n  \"total\": 2,\n  \"subtotal\": 0,\n  \"page\":
        1,\n  \"per_page\": 4294967296,\n  \"search\": \"title=\\\"TempleOS\\\"\",\n
        \ \"sort\": {\n    \"by\": null,\n    \"order\": null\n  },\n  \"results\":
        []\n}\n"}
    headers:
      cache-control: ['max-age=0, private, must-revalidate']
      content-security-policy: ['default-src ''self''; child-src ''self''; connect-src
          ''self'' ws: wss:; img-src ''self'' data: *.gravatar.com; script-src ''unsafe-eval''
          ''unsafe-inline'' ''self''; style-src ''unsafe-inline'' ''self''']
      content-type: [application/json; charset=utf-8]
      date: ['Fri, 27 Sep 2019 15:24:48 GMT']
      etag: [W/"4d2cea65282a7b86541ea65dc34c7daf"]
      foreman_api_version: ['2']
      foreman_version: [1.22.1]
      server: [Apache]
      status: [200 OK]
      strict-transport-security: [max-age=631139040; includeSubdomains]
      transfer-encoding: [chunked]
      vary: [Accept-Encoding]
      x-content-type-options: [nosniff]
      x-download-options: [noopen]
      x-frame-options: [sameorigin]
      x-permitted-cross-domain-policies: [none]
      x-powered-by: [Phusion Passenger 4.0.53]
      x-request-id: [6eac485f-c36a-4d50-866b-0ad49ec85523]
      x-runtime: ['0.016148']
      x-xss-protection: [1; mode=block]
    status: {code: 200, message: OK}
- request:
    body: null
    headers:
      Accept: [application/json;version=2]
      Cookie: [_session_id=2caa8f2cf6f6d44160246658dcea5523]
    method: GET
    uri: https://foreman.example.com/api/operatingsystems?per_page=4294967296&search=title~%22TempleOS%22
  response:
    body: {string: !!python/unicode "{\n  \"total\": 2,\n  \"subtotal\": 1,\n  \"page\":
        1,\n  \"per_page\": 4294967296,\n  \"search\": \"title~\\\"TempleOS\\\"\",\n
        \ \"sort\": {\n    \"by\": null,\n    \"order\": null\n  },\n  \"results\":
        [{\"description\":null,\"major\":\"1\",\"minor\":\"2\",\"family\":\"Debian\",\"release_name\":\"reverse
        whip\",\"password_hash\":\"SHA256\",\"created_at\":\"2019-09-27 15:24:47 UTC\",\"updated_at\":\"2019-09-27
        15:24:47 UTC\",\"id\":3,\"name\":\"TempleOS\",\"title\":\"TempleOS 1.2\"}]\n}\n"}
    headers:
      cache-control: ['max-age=0, private, must-revalidate']
      content-security-policy: ['default-src ''self''; child-src ''self''; connect-src
          ''self'' ws: wss:; img-src ''self'' data: *.gravatar.com; script-src ''unsafe-eval''
          ''unsafe-inline'' ''self''; style-src ''unsafe-inline'' ''self''']
      content-type: [application/json; charset=utf-8]
      date: ['Fri, 27 Sep 2019 15:24:48 GMT']
      etag: [W/"b9f5ecac3a1e8a1d938b2c8faa65852f"]
      foreman_api_version: ['2']
      foreman_version: [1.22.1]
      server: [Apache]
      status: [200 OK]
      strict-transport-security: [max-age=631139040; includeSubdomains]
      transfer-encoding: [chunked]
      vary: [Accept-Encoding]
      x-content-type-options: [nosniff]
      x-download-options: [noopen]
      x-frame-options: [sameorigin]
      x-permitted-cross-domain-policies: [none]
      x-powered-by: [Phusion Passenger 4.0.53]
      x-request-id: [ae99d4be-e578-42bd-bda1-11619dbe126d]
      x-runtime: ['0.015854']
      x-xss-protection: [1; mode=block]
    status: {code: 200, message: OK}
- request:
    body: null
    headers:
      Accept: [application/json;version=2]
      Cookie: [_session_id=2caa8f2cf6f6d44160246658dcea5523]
    method: GET
    uri: https://foreman.example.com/api/locations?per_page=4294967296&search=title%3D%22Test+Location%22
  response:
    body: {string: !!python/unicode "{\n  \"total\": 3,\n  \"subtotal\": 1,\n  \"page\":
        1,\n  \"per_page\": 4294967296,\n  \"search\": \"title=\\\"Test Location\\\"\",\n
        \ \"sort\": {\n    \"by\": null,\n    \"order\": null\n  },\n  \"results\":
        [{\"ancestry\":null,\"parent_id\":null,\"parent_name\":null,\"created_at\":\"2019-09-27
        15:24:46 UTC\",\"updated_at\":\"2019-09-27 15:24:46 UTC\",\"id\":12,\"name\":\"Test
        Location\",\"title\":\"Test Location\",\"description\":null}]\n}\n"}
    headers:
      cache-control: ['max-age=0, private, must-revalidate']
      content-security-policy: ['default-src ''self''; child-src ''self''; connect-src
          ''self'' ws: wss:; img-src ''self'' data: *.gravatar.com; script-src ''unsafe-eval''
          ''unsafe-inline'' ''self''; style-src ''unsafe-inline'' ''self''']
      content-type: [application/json; charset=utf-8]
      date: ['Fri, 27 Sep 2019 15:24:48 GMT']
      etag: [W/"91344b4afe741ed725297871c2569f08"]
      foreman_api_version: ['2']
      foreman_version: [1.22.1]
      server: [Apache]
      status: [200 OK]
      strict-transport-security: [max-age=631139040; includeSubdomains]
      transfer-encoding: [chunked]
      vary: [Accept-Encoding]
      x-content-type-options: [nosniff]
      x-download-options: [noopen]
      x-frame-options: [sameorigin]
      x-permitted-cross-domain-policies: [none]
      x-powered-by: [Phusion Passenger 4.0.53]
      x-request-id: [8d59aac7-bc52-48c7-8dd1-a1c7b5ed43ca]
      x-runtime: ['0.016116']
      x-xss-protection: [1; mode=block]
    status: {code: 200, message: OK}
- request:
    body: null
    headers:
      Accept: [application/json;version=2]
      Cookie: [_session_id=2caa8f2cf6f6d44160246658dcea5523]
    method: GET
    uri: https://foreman.example.com/api/organizations?per_page=4294967296&search=name%3D%22Test+Organization%22
  response:
    body: {string: !!python/unicode "{\n  \"total\": 2,\n  \"subtotal\": 1,\n  \"page\":
        1,\n  \"per_page\": 4294967296,\n  \"search\": \"name=\\\"Test Organization\\\"\",\n
        \ \"sort\": {\n    \"by\": null,\n    \"order\": null\n  },\n  \"results\":
        [{\"ancestry\":null,\"parent_id\":null,\"parent_name\":null,\"created_at\":\"2019-09-27
        15:24:45 UTC\",\"updated_at\":\"2019-09-27 15:24:45 UTC\",\"id\":11,\"name\":\"Test
        Organization\",\"title\":\"Test Organization\",\"description\":\"A test organization\"}]\n}\n"}
    headers:
      cache-control: ['max-age=0, private, must-revalidate']
      content-security-policy: ['default-src ''self''; child-src ''self''; connect-src
          ''self'' ws: wss:; img-src ''self'' data: *.gravatar.com; script-src ''unsafe-eval''
          ''unsafe-inline'' ''self''; style-src ''unsafe-inline'' ''self''']
      content-type: [application/json; charset=utf-8]
      date: ['Fri, 27 Sep 2019 15:24:48 GMT']
      etag: [W/"eadf1d55902cdd6701276227faf499d2"]
      foreman_api_version: ['2']
      foreman_version: [1.22.1]
      server: [Apache]
      status: [200 OK]
      strict-transport-security: [max-age=631139040; includeSubdomains]
      transfer-encoding: [chunked]
      vary: [Accept-Encoding]
      x-content-type-options: [nosniff]
      x-download-options: [noopen]
      x-frame-options: [sameorigin]
      x-permitted-cross-domain-policies: [none]
      x-powered-by: [Phusion Passenger 4.0.53]
      x-request-id: [25370dc8-80ec-4aac-a029-d6e53b7f63c8]
      x-runtime: ['0.016380']
      x-xss-protection: [1; mode=block]
    status: {code: 200, message: OK}
version: 1
