interactions:
- request:
    body: null
    headers:
      Accept:
      - application/json;version=2
      Accept-Encoding:
      - gzip, deflate
      Connection:
      - keep-alive
      User-Agent:
      - apypie (https://github.com/Apipie/apypie)
    method: GET
    uri: https://foreman.example.org/api/status
  response:
    body:
      string: '{"result":"ok","status":200,"version":"3.13.0-develop","api_version":2}'
    headers:
      Cache-Control:
      - max-age=0, private, must-revalidate
      Connection:
      - Keep-Alive
      Content-Length:
      - '71'
      Content-Security-Policy:
      - 'default-src ''self''; child-src ''self''; connect-src ''self'' ws: wss:;
        img-src ''self'' data:; script-src ''unsafe-eval'' ''unsafe-inline'' ''self'';
        style-src ''unsafe-inline'' ''self'''
      Content-Type:
      - application/json; charset=utf-8
      Foreman_api_version:
      - '2'
      Foreman_current_location:
      - ; ANY
      Foreman_current_organization:
      - ; ANY
      Foreman_version:
      - 3.13.0-develop
      Keep-Alive:
      - timeout=15, max=100
      Strict-Transport-Security:
      - max-age=631139040; includeSubdomains
      X-Content-Type-Options:
      - nosniff
      X-Download-Options:
      - noopen
      X-Frame-Options:
      - sameorigin
      X-Permitted-Cross-Domain-Policies:
      - none
      X-XSS-Protection:
      - 1; mode=block
    status:
      code: 200
      message: OK
- request:
    body: null
    headers:
      Accept:
      - application/json;version=2
      Accept-Encoding:
      - gzip, deflate
      Connection:
      - keep-alive
      User-Agent:
      - apypie (https://github.com/Apipie/apypie)
    method: GET
    uri: https://foreman.example.org/api/hostgroups?search=title%3D%22New+host+group%22&per_page=4294967296
  response:
    body:
      string: "{\n  \"total\": 1,\n  \"subtotal\": 1,\n  \"page\": 1,\n  \"per_page\":
        4294967296,\n  \"search\": \"title=\\\"New host group\\\"\",\n  \"sort\":
        {\n    \"by\": null,\n    \"order\": null\n  },\n  \"results\": [{\"subnet_id\":null,\"subnet_name\":null,\"operatingsystem_id\":null,\"operatingsystem_name\":null,\"domain_id\":null,\"domain_name\":null,\"compute_profile_id\":null,\"compute_profile_name\":null,\"ancestry\":null,\"parent_id\":null,\"parent_name\":null,\"ptable_id\":null,\"ptable_name\":null,\"medium_id\":null,\"medium_name\":null,\"pxe_loader\":null,\"subnet6_id\":null,\"subnet6_name\":null,\"compute_resource_id\":null,\"compute_resource_name\":null,\"architecture_id\":null,\"architecture_name\":null,\"realm_id\":null,\"realm_name\":null,\"created_at\":\"2024-10-15
        08:36:42 UTC\",\"updated_at\":\"2024-10-15 08:36:42 UTC\",\"id\":30,\"name\":\"New
        host group\",\"title\":\"New host group\",\"description\":null,\"puppet_proxy_id\":null,\"puppet_proxy_name\":null,\"puppet_ca_proxy_id\":null,\"puppet_ca_proxy_name\":null,\"puppet_proxy\":null,\"puppet_ca_proxy\":null,\"inherited_compute_profile_id\":null,\"inherited_domain_id\":null,\"inherited_puppet_proxy_id\":null,\"inherited_puppet_ca_proxy_id\":null,\"inherited_compute_resource_id\":null,\"inherited_operatingsystem_id\":null,\"inherited_architecture_id\":null,\"inherited_medium_id\":null,\"inherited_ptable_id\":null,\"inherited_subnet_id\":null,\"inherited_subnet6_id\":null,\"inherited_realm_id\":null,\"inherited_pxe_loader\":null}]\n}\n"
    headers:
      Cache-Control:
      - max-age=0, private, must-revalidate
      Connection:
      - Keep-Alive
      Content-Length:
      - '1380'
      Content-Security-Policy:
      - 'default-src ''self''; child-src ''self''; connect-src ''self'' ws: wss:;
        img-src ''self'' data:; script-src ''unsafe-eval'' ''unsafe-inline'' ''self'';
        style-src ''unsafe-inline'' ''self'''
      Content-Type:
      - application/json; charset=utf-8
      Foreman_api_version:
      - '2'
      Foreman_current_location:
      - ; ANY
      Foreman_current_organization:
      - ; ANY
      Foreman_version:
      - 3.13.0-develop
      Keep-Alive:
      - timeout=15, max=99
      Strict-Transport-Security:
      - max-age=631139040; includeSubdomains
      X-Content-Type-Options:
      - nosniff
      X-Download-Options:
      - noopen
      X-Frame-Options:
      - sameorigin
      X-Permitted-Cross-Domain-Policies:
      - none
      X-XSS-Protection:
      - 1; mode=block
    status:
      code: 200
      message: OK
- request:
    body: null
    headers:
      Accept:
      - application/json;version=2
      Accept-Encoding:
      - gzip, deflate
      Connection:
      - keep-alive
      User-Agent:
      - apypie (https://github.com/Apipie/apypie)
    method: GET
    uri: https://foreman.example.org/api/hostgroups/30?show_hidden_parameters=true
  response:
    body:
      string: '{"content_source_id":1,"content_source_name":"centos9-stream-katello-nightly.tanso.example.com","content_view_id":15,"content_view_name":"my_content","lifecycle_environment_id":13,"lifecycle_environment_name":"Library","kickstart_repository_id":null,"subnet_id":null,"subnet_name":null,"operatingsystem_id":null,"operatingsystem_name":null,"domain_id":null,"domain_name":null,"compute_profile_id":null,"compute_profile_name":null,"ancestry":null,"parent_id":null,"parent_name":null,"ptable_id":null,"ptable_name":null,"medium_id":null,"medium_name":null,"pxe_loader":null,"subnet6_id":null,"subnet6_name":null,"compute_resource_id":null,"compute_resource_name":null,"architecture_id":null,"architecture_name":null,"realm_id":null,"realm_name":null,"created_at":"2024-10-15
        08:36:42 UTC","updated_at":"2024-10-15 08:36:42 UTC","id":30,"name":"New host
        group","title":"New host group","description":null,"puppet_proxy_id":null,"puppet_proxy_name":null,"puppet_ca_proxy_id":null,"puppet_ca_proxy_name":null,"puppet_proxy":null,"puppet_ca_proxy":null,"inherited_compute_profile_id":null,"inherited_domain_id":null,"inherited_puppet_proxy_id":null,"inherited_puppet_ca_proxy_id":null,"inherited_compute_resource_id":null,"inherited_operatingsystem_id":null,"inherited_architecture_id":null,"inherited_medium_id":null,"inherited_ptable_id":null,"inherited_subnet_id":null,"inherited_subnet6_id":null,"inherited_realm_id":null,"inherited_pxe_loader":null,"parameters":[{"priority":60,"created_at":"2024-10-15
        08:36:42 UTC","updated_at":"2024-10-15 08:36:42 UTC","id":38,"name":"kt_activation_keys","parameter_type":"string","associated_type":"host
        group","hidden_value?":false,"value":"key_one"},{"priority":60,"created_at":"2024-10-15
        08:36:42 UTC","updated_at":"2024-10-15 08:36:42 UTC","id":37,"name":"test_param_one","parameter_type":"string","associated_type":"host
        group","hidden_value?":false,"value":"oneoneone"}],"template_combinations":[],"locations":[{"id":25,"name":"Bar","title":"Bar","description":null},{"id":23,"name":"Foo","title":"Foo","description":null},{"id":24,"name":"Baz","title":"Foo/Baz","description":null}],"organizations":[{"id":26,"name":"Test
        Org1","title":"Test Org1","description":"A test organization"},{"id":27,"name":"Test
        Org2","title":"Test Org2","description":"A test organization"}]}'
    headers:
      Cache-Control:
      - max-age=0, private, must-revalidate
      Connection:
      - Keep-Alive
      Content-Length:
      - '2316'
      Content-Security-Policy:
      - 'default-src ''self''; child-src ''self''; connect-src ''self'' ws: wss:;
        img-src ''self'' data:; script-src ''unsafe-eval'' ''unsafe-inline'' ''self'';
        style-src ''unsafe-inline'' ''self'''
      Content-Type:
      - application/json; charset=utf-8
      Foreman_api_version:
      - '2'
      Foreman_current_location:
      - ; ANY
      Foreman_current_organization:
      - ; ANY
      Foreman_version:
      - 3.13.0-develop
      Keep-Alive:
      - timeout=15, max=98
      Strict-Transport-Security:
      - max-age=631139040; includeSubdomains
      X-Content-Type-Options:
      - nosniff
      X-Download-Options:
      - noopen
      X-Frame-Options:
      - sameorigin
      X-Permitted-Cross-Domain-Policies:
      - none
      X-XSS-Protection:
      - 1; mode=block
    status:
      code: 200
      message: OK
- request:
    body: null
    headers:
      Accept:
      - application/json;version=2
      Accept-Encoding:
      - gzip, deflate
      Connection:
      - keep-alive
      User-Agent:
      - apypie (https://github.com/Apipie/apypie)
    method: GET
    uri: https://foreman.example.org/katello/api/organizations?search=name%3D%22Test+Org1%22&per_page=4294967296
  response:
    body:
      string: "{\n  \"total\": 7,\n  \"subtotal\": 1,\n  \"page\": 1,\n  \"per_page\":
        4294967296,\n  \"search\": \"name=\\\"Test Org1\\\"\",\n  \"sort\": {\n    \"by\":
        null,\n    \"order\": null\n  },\n  \"results\": [{\"label\":\"Test_Org1\",\"created_at\":\"2024-10-15
        08:35:54 UTC\",\"updated_at\":\"2024-10-15 08:35:57 UTC\",\"id\":26,\"name\":\"Test
        Org1\",\"title\":\"Test Org1\",\"description\":\"A test organization\"}]\n}\n"
    headers:
      Cache-Control:
      - max-age=0, private, must-revalidate
      Connection:
      - Keep-Alive
      Content-Length:
      - '357'
      Content-Security-Policy:
      - 'default-src ''self''; child-src ''self''; connect-src ''self'' ws: wss:;
        img-src ''self'' data:; script-src ''unsafe-eval'' ''unsafe-inline'' ''self'';
        style-src ''unsafe-inline'' ''self'''
      Content-Type:
      - application/json; charset=utf-8
      Foreman_api_version:
      - '2'
      Foreman_current_location:
      - ; ANY
      Foreman_current_organization:
      - ; ANY
      Foreman_version:
      - 3.13.0-develop
      Keep-Alive:
      - timeout=15, max=97
      Strict-Transport-Security:
      - max-age=631139040; includeSubdomains
      X-Content-Type-Options:
      - nosniff
      X-Download-Options:
      - noopen
      X-Frame-Options:
      - sameorigin
      X-Permitted-Cross-Domain-Policies:
      - none
      X-XSS-Protection:
      - 1; mode=block
    status:
      code: 200
      message: OK
- request:
    body: null
    headers:
      Accept:
      - application/json;version=2
      Accept-Encoding:
      - gzip, deflate
      Connection:
      - keep-alive
      User-Agent:
      - apypie (https://github.com/Apipie/apypie)
    method: GET
    uri: https://foreman.example.org/katello/api/organizations?search=name%3D%22Test+Org2%22&per_page=4294967296
  response:
    body:
      string: "{\n  \"total\": 7,\n  \"subtotal\": 1,\n  \"page\": 1,\n  \"per_page\":
        4294967296,\n  \"search\": \"name=\\\"Test Org2\\\"\",\n  \"sort\": {\n    \"by\":
        null,\n    \"order\": null\n  },\n  \"results\": [{\"label\":\"Test_Org2\",\"created_at\":\"2024-10-15
        08:35:58 UTC\",\"updated_at\":\"2024-10-15 08:35:59 UTC\",\"id\":27,\"name\":\"Test
        Org2\",\"title\":\"Test Org2\",\"description\":\"A test organization\"}]\n}\n"
    headers:
      Cache-Control:
      - max-age=0, private, must-revalidate
      Connection:
      - Keep-Alive
      Content-Length:
      - '357'
      Content-Security-Policy:
      - 'default-src ''self''; child-src ''self''; connect-src ''self'' ws: wss:;
        img-src ''self'' data:; script-src ''unsafe-eval'' ''unsafe-inline'' ''self'';
        style-src ''unsafe-inline'' ''self'''
      Content-Type:
      - application/json; charset=utf-8
      Foreman_api_version:
      - '2'
      Foreman_current_location:
      - ; ANY
      Foreman_current_organization:
      - ; ANY
      Foreman_version:
      - 3.13.0-develop
      Keep-Alive:
      - timeout=15, max=96
      Strict-Transport-Security:
      - max-age=631139040; includeSubdomains
      X-Content-Type-Options:
      - nosniff
      X-Download-Options:
      - noopen
      X-Frame-Options:
      - sameorigin
      X-Permitted-Cross-Domain-Policies:
      - none
      X-XSS-Protection:
      - 1; mode=block
    status:
      code: 200
      message: OK
- request:
    body: null
    headers:
      Accept:
      - application/json;version=2
      Accept-Encoding:
      - gzip, deflate
      Connection:
      - keep-alive
      User-Agent:
      - apypie (https://github.com/Apipie/apypie)
    method: GET
    uri: https://foreman.example.org/katello/api/organizations?search=name%3D%22Test+Org1%22&per_page=4294967296
  response:
    body:
      string: "{\n  \"total\": 7,\n  \"subtotal\": 1,\n  \"page\": 1,\n  \"per_page\":
        4294967296,\n  \"search\": \"name=\\\"Test Org1\\\"\",\n  \"sort\": {\n    \"by\":
        null,\n    \"order\": null\n  },\n  \"results\": [{\"label\":\"Test_Org1\",\"created_at\":\"2024-10-15
        08:35:54 UTC\",\"updated_at\":\"2024-10-15 08:35:57 UTC\",\"id\":26,\"name\":\"Test
        Org1\",\"title\":\"Test Org1\",\"description\":\"A test organization\"}]\n}\n"
    headers:
      Cache-Control:
      - max-age=0, private, must-revalidate
      Connection:
      - Keep-Alive
      Content-Length:
      - '357'
      Content-Security-Policy:
      - 'default-src ''self''; child-src ''self''; connect-src ''self'' ws: wss:;
        img-src ''self'' data:; script-src ''unsafe-eval'' ''unsafe-inline'' ''self'';
        style-src ''unsafe-inline'' ''self'''
      Content-Type:
      - application/json; charset=utf-8
      Foreman_api_version:
      - '2'
      Foreman_current_location:
      - ; ANY
      Foreman_current_organization:
      - ; ANY
      Foreman_version:
      - 3.13.0-develop
      Keep-Alive:
      - timeout=15, max=95
      Strict-Transport-Security:
      - max-age=631139040; includeSubdomains
      X-Content-Type-Options:
      - nosniff
      X-Download-Options:
      - noopen
      X-Frame-Options:
      - sameorigin
      X-Permitted-Cross-Domain-Policies:
      - none
      X-XSS-Protection:
      - 1; mode=block
    status:
      code: 200
      message: OK
- request:
    body: '{"hostgroup": {"group_parameters_attributes": [{"name": "kt_activation_keys",
      "parameter_type": "string", "value": "new_key"}]}}'
    headers:
      Accept:
      - application/json;version=2
      Accept-Encoding:
      - gzip, deflate
      Connection:
      - keep-alive
      Content-Length:
      - '128'
      Content-Type:
      - application/json
      User-Agent:
      - apypie (https://github.com/Apipie/apypie)
    method: PUT
    uri: https://foreman.example.org/api/hostgroups/30
  response:
    body:
      string: '{"subnet_id":null,"subnet_name":null,"operatingsystem_id":null,"operatingsystem_name":null,"domain_id":null,"domain_name":null,"compute_profile_id":null,"compute_profile_name":null,"ancestry":null,"parent_id":null,"parent_name":null,"ptable_id":null,"ptable_name":null,"medium_id":null,"medium_name":null,"pxe_loader":null,"subnet6_id":null,"subnet6_name":null,"compute_resource_id":null,"compute_resource_name":null,"architecture_id":null,"architecture_name":null,"realm_id":null,"realm_name":null,"created_at":"2024-10-15
        08:36:42 UTC","updated_at":"2024-10-15 08:36:42 UTC","id":30,"name":"New host
        group","title":"New host group","description":null,"puppet_proxy_id":null,"puppet_proxy_name":null,"puppet_ca_proxy_id":null,"puppet_ca_proxy_name":null,"puppet_proxy":null,"puppet_ca_proxy":null,"inherited_compute_profile_id":null,"inherited_domain_id":null,"inherited_puppet_proxy_id":null,"inherited_puppet_ca_proxy_id":null,"inherited_compute_resource_id":null,"inherited_operatingsystem_id":null,"inherited_architecture_id":null,"inherited_medium_id":null,"inherited_ptable_id":null,"inherited_subnet_id":null,"inherited_subnet6_id":null,"inherited_realm_id":null,"inherited_pxe_loader":null,"parameters":[{"priority":60,"created_at":"2024-10-15
        08:36:42 UTC","updated_at":"2024-10-15 08:36:44 UTC","id":38,"name":"kt_activation_keys","parameter_type":"string","associated_type":"host
        group","hidden_value?":false,"value":"new_key"}],"template_combinations":[],"locations":[{"id":25,"name":"Bar","title":"Bar","description":null},{"id":23,"name":"Foo","title":"Foo","description":null},{"id":24,"name":"Baz","title":"Foo/Baz","description":null}],"organizations":[{"id":26,"name":"Test
        Org1","title":"Test Org1","description":"A test organization"},{"id":27,"name":"Test
        Org2","title":"Test Org2","description":"A test organization"}]}'
    headers:
      Cache-Control:
      - max-age=0, private, must-revalidate
      Connection:
      - Keep-Alive
      Content-Length:
      - '1842'
      Content-Security-Policy:
      - 'default-src ''self''; child-src ''self''; connect-src ''self'' ws: wss:;
        img-src ''self'' data:; script-src ''unsafe-eval'' ''unsafe-inline'' ''self'';
        style-src ''unsafe-inline'' ''self'''
      Content-Type:
      - application/json; charset=utf-8
      Foreman_api_version:
      - '2'
      Foreman_current_location:
      - ; ANY
      Foreman_current_organization:
      - ; ANY
      Foreman_version:
      - 3.13.0-develop
      Keep-Alive:
      - timeout=15, max=94
      Strict-Transport-Security:
      - max-age=631139040; includeSubdomains
      X-Content-Type-Options:
      - nosniff
      X-Download-Options:
      - noopen
      X-Frame-Options:
      - sameorigin
      X-Permitted-Cross-Domain-Policies:
      - none
      X-XSS-Protection:
      - 1; mode=block
    status:
      code: 200
      message: OK
version: 1
