interactions:
- request:
    body: null
    headers:
      Accept:
      - application/json;version=2
      Accept-Encoding:
      - gzip, deflate
      Connection:
      - keep-alive
      User-Agent:
      - apypie (https://github.com/Apipie/apypie)
    method: GET
    uri: https://foreman.example.org/api/status
  response:
    body:
      string: '{"result":"ok","status":200,"version":"2.2.1","api_version":2}'
    headers:
      Cache-Control:
      - max-age=0, private, must-revalidate
      Connection:
      - Keep-Alive
      Content-Security-Policy:
      - 'default-src ''self''; child-src ''self''; connect-src ''self'' ws: wss:;
        img-src ''self'' data:; script-src ''unsafe-eval'' ''unsafe-inline'' ''self'';
        style-src ''unsafe-inline'' ''self'''
      Content-Type:
      - application/json; charset=utf-8
      Foreman_api_version:
      - '2'
      Foreman_current_location:
      - ; ANY
      Foreman_current_organization:
      - ; ANY
      Foreman_version:
      - 2.2.1
      Keep-Alive:
      - timeout=15, max=100
      Strict-Transport-Security:
      - max-age=631139040; includeSubdomains
      Vary:
      - Accept-Encoding
      X-Content-Type-Options:
      - nosniff
      X-Download-Options:
      - noopen
      X-Frame-Options:
      - sameorigin
      X-Permitted-Cross-Domain-Policies:
      - none
      X-XSS-Protection:
      - 1; mode=block
      content-length:
      - '62'
    status:
      code: 200
      message: OK
- request:
    body: null
    headers:
      Accept:
      - application/json;version=2
      Accept-Encoding:
      - gzip, deflate
      Connection:
      - keep-alive
      User-Agent:
      - apypie (https://github.com/Apipie/apypie)
    method: GET
    uri: https://foreman.example.org/api/hostgroups?search=title%3D%22New+host+group%22&per_page=4294967296
  response:
    body:
      string: "{\n  \"total\": 1,\n  \"subtotal\": 1,\n  \"page\": 1,\n  \"per_page\"\
        : 4294967296,\n  \"search\": \"title=\\\"New host group\\\"\",\n  \"sort\"\
        : {\n    \"by\": null,\n    \"order\": null\n  },\n  \"results\": [{\"subnet_id\"\
        :null,\"subnet_name\":null,\"operatingsystem_id\":null,\"operatingsystem_name\"\
        :null,\"domain_id\":null,\"domain_name\":null,\"environment_id\":null,\"environment_name\"\
        :null,\"compute_profile_id\":null,\"compute_profile_name\":null,\"ancestry\"\
        :null,\"parent_id\":null,\"parent_name\":null,\"ptable_id\":null,\"ptable_name\"\
        :null,\"medium_id\":null,\"medium_name\":null,\"pxe_loader\":null,\"subnet6_id\"\
        :null,\"subnet6_name\":null,\"compute_resource_id\":null,\"compute_resource_name\"\
        :null,\"architecture_id\":null,\"architecture_name\":null,\"realm_id\":null,\"\
        realm_name\":null,\"created_at\":\"2021-01-28 13:41:45 UTC\",\"updated_at\"\
        :\"2021-01-28 13:41:45 UTC\",\"id\":1,\"name\":\"New host group\",\"title\"\
        :\"New host group\",\"description\":null,\"puppet_proxy_id\":null,\"puppet_proxy_name\"\
        :null,\"puppet_ca_proxy_id\":null,\"puppet_ca_proxy_name\":null,\"puppet_proxy\"\
        :null,\"puppet_ca_proxy\":null,\"inherited_compute_profile_id\":null,\"inherited_environment_id\"\
        :null,\"inherited_domain_id\":null,\"inherited_puppet_proxy_id\":null,\"inherited_puppet_ca_proxy_id\"\
        :null,\"inherited_compute_resource_id\":null,\"inherited_operatingsystem_id\"\
        :null,\"inherited_architecture_id\":null,\"inherited_medium_id\":null,\"inherited_ptable_id\"\
        :null,\"inherited_subnet_id\":null,\"inherited_subnet6_id\":null,\"inherited_realm_id\"\
        :null,\"inherited_pxe_loader\":null}]\n}\n"
    headers:
      Cache-Control:
      - max-age=0, private, must-revalidate
      Connection:
      - Keep-Alive
      Content-Security-Policy:
      - 'default-src ''self''; child-src ''self''; connect-src ''self'' ws: wss:;
        img-src ''self'' data:; script-src ''unsafe-eval'' ''unsafe-inline'' ''self'';
        style-src ''unsafe-inline'' ''self'''
      Content-Type:
      - application/json; charset=utf-8
      Foreman_api_version:
      - '2'
      Foreman_current_location:
      - ; ANY
      Foreman_current_organization:
      - ; ANY
      Foreman_version:
      - 2.2.1
      Keep-Alive:
      - timeout=15, max=99
      Strict-Transport-Security:
      - max-age=631139040; includeSubdomains
      Vary:
      - Accept-Encoding
      X-Content-Type-Options:
      - nosniff
      X-Download-Options:
      - noopen
      X-Frame-Options:
      - sameorigin
      X-Permitted-Cross-Domain-Policies:
      - none
      X-XSS-Protection:
      - 1; mode=block
      content-length:
      - '1457'
    status:
      code: 200
      message: OK
- request:
    body: null
    headers:
      Accept:
      - application/json;version=2
      Accept-Encoding:
      - gzip, deflate
      Connection:
      - keep-alive
      Content-Length:
      - '0'
      User-Agent:
      - apypie (https://github.com/Apipie/apypie)
    method: DELETE
    uri: https://foreman.example.org/api/hostgroups/1
  response:
    body:
      string: '{"id":1,"name":"New host group","created_at":"2021-01-28T13:41:45.106Z","updated_at":"2021-01-28T13:41:45.106Z","environment_id":null,"operatingsystem_id":null,"architecture_id":null,"medium_id":null,"ptable_id":null,"root_pass":null,"puppet_ca_proxy_id":null,"use_image":null,"image_file":"","ancestry":null,"vm_defaults":null,"subnet_id":null,"domain_id":null,"puppet_proxy_id":null,"title":"New
        host group","realm_id":null,"compute_profile_id":null,"grub_pass":"","lookup_value_matcher":"hostgroup=New
        host group","subnet6_id":null,"pxe_loader":null,"description":null,"compute_resource_id":null,"content_facet_attributes":{"id":1,"hostgroup_id":1,"kickstart_repository_id":null,"content_source_id":1,"content_view_id":5,"lifecycle_environment_id":3}}'
    headers:
      Cache-Control:
      - max-age=0, private, must-revalidate
      Connection:
      - Keep-Alive
      Content-Security-Policy:
      - 'default-src ''self''; child-src ''self''; connect-src ''self'' ws: wss:;
        img-src ''self'' data:; script-src ''unsafe-eval'' ''unsafe-inline'' ''self'';
        style-src ''unsafe-inline'' ''self'''
      Content-Type:
      - application/json; charset=utf-8
      Foreman_api_version:
      - '2'
      Foreman_current_location:
      - ; ANY
      Foreman_current_organization:
      - ; ANY
      Foreman_version:
      - 2.2.1
      Keep-Alive:
      - timeout=15, max=98
      Strict-Transport-Security:
      - max-age=631139040; includeSubdomains
      Vary:
      - Accept-Encoding
      X-Content-Type-Options:
      - nosniff
      X-Download-Options:
      - noopen
      X-Frame-Options:
      - sameorigin
      X-Permitted-Cross-Domain-Policies:
      - none
      X-XSS-Protection:
      - 1; mode=block
      content-length:
      - '754'
    status:
      code: 200
      message: OK
version: 1
