interactions:
- request:
    body: null
    headers:
      Accept: [application/json;version=2]
    method: GET
    uri: https://foreman.example.com/api/status
  response:
    body: {string: !!python/unicode '{"result":"ok","status":200,"version":"1.22.0","api_version":2}'}
    headers:
      cache-control: ['max-age=0, private, must-revalidate']
      content-length: ['63']
      content-security-policy: ['default-src ''self''; child-src ''self''; connect-src
          ''self'' ws: wss:; img-src ''self'' data: *.gravatar.com; script-src ''unsafe-eval''
          ''unsafe-inline'' ''self''; style-src ''unsafe-inline'' ''self''']
      content-type: [application/json; charset=utf-8]
      date: ['Sat, 10 Aug 2019 08:27:50 GMT']
      etag: [W/"674e9dbc2140c688b559566b581c5c09"]
      foreman_api_version: ['2']
      foreman_version: [1.22.0]
      server: [Apache]
      set-cookie: [_session_id=d7b0f2becdc63f24aa63c71b5d94c1f6; path=/; secure; HttpOnly;
          SameSite=Lax]
      status: [200 OK]
      strict-transport-security: [max-age=631139040; includeSubdomains]
      x-content-type-options: [nosniff]
      x-download-options: [noopen]
      x-frame-options: [sameorigin]
      x-permitted-cross-domain-policies: [none]
      x-powered-by: [Phusion Passenger 4.0.53]
      x-request-id: [c083a4b8-12e5-4801-9b3b-a66a07da7384]
      x-runtime: ['0.028236']
      x-xss-protection: [1; mode=block]
    status: {code: 200, message: OK}
- request:
    body: null
    headers:
      Accept: [application/json;version=2]
      Cookie: [_session_id=d7b0f2becdc63f24aa63c71b5d94c1f6]
    method: GET
    uri: https://foreman.example.com/katello/api/organizations?per_page=4294967296&search=name%3D%22Test+Organization%22
  response:
    body: {string: !!python/unicode "{\n  \"total\": 3,\n  \"subtotal\": 1,\n  \"page\":
        1,\n  \"per_page\": 4294967296,\n  \"search\": \"name=\\\"Test Organization\\\"\",\n
        \ \"sort\": {\n    \"by\": null,\n    \"order\": null\n  },\n  \"results\":
        [{\"label\":\"Test_Organization\",\"created_at\":\"2019-08-09 18:03:41 UTC\",\"updated_at\":\"2019-08-09
        18:03:41 UTC\",\"id\":100,\"name\":\"Test Organization\",\"title\":\"Test
        Organization\",\"description\":\"A test organization\"}]\n}\n"}
    headers:
      cache-control: ['max-age=0, private, must-revalidate']
      content-security-policy: ['default-src ''self''; child-src ''self''; connect-src
          ''self'' ws: wss:; img-src ''self'' data: *.gravatar.com; script-src ''unsafe-eval''
          ''unsafe-inline'' ''self''; style-src ''unsafe-inline'' ''self''']
      content-type: [application/json; charset=utf-8]
      date: ['Sat, 10 Aug 2019 08:27:50 GMT']
      etag: [W/"319316690b1e302153714d688c7a8c54"]
      foreman_api_version: ['2']
      foreman_version: [1.22.0]
      server: [Apache]
      status: [200 OK]
      strict-transport-security: [max-age=631139040; includeSubdomains]
      transfer-encoding: [chunked]
      vary: [Accept-Encoding]
      x-content-type-options: [nosniff]
      x-download-options: [noopen]
      x-frame-options: [sameorigin]
      x-permitted-cross-domain-policies: [none]
      x-powered-by: [Phusion Passenger 4.0.53]
      x-request-id: [ee828d34-fa00-49ce-8440-b928073a4d3f]
      x-runtime: ['0.020965']
      x-xss-protection: [1; mode=block]
    status: {code: 200, message: OK}
- request:
    body: null
    headers:
      Accept: [application/json;version=2]
      Cookie: [_session_id=d7b0f2becdc63f24aa63c71b5d94c1f6]
    method: GET
    uri: https://foreman.example.com/katello/api/organizations/100/environments?per_page=4294967296&search=name%3D%22Test%22
  response:
    body: {string: !!python/unicode '{"total":3,"subtotal":1,"page":1,"per_page":"4294967296","error":null,"search":"name=\"Test\"","sort":{"by":"name","order":"asc"},"results":[{"library":false,"registry_name_pattern":null,"registry_unauthenticated_pull":false,"id":133,"name":"Test","label":"test","description":"The
        new test environment","organization_id":100,"organization":{"name":"Test Organization","label":"Test_Organization","id":100},"created_at":"2019-08-10
        08:27:47 UTC","updated_at":"2019-08-10 08:27:49 UTC","prior":{"name":"Dev","id":132},"successor":null,"counts":{"content_hosts":0,"content_views":0},"permissions":{"create_lifecycle_environments":true,"view_lifecycle_environments":true,"edit_lifecycle_environments":true,"destroy_lifecycle_environments":true,"promote_or_remove_content_views_to_environments":true}}]}

'}
    headers:
      cache-control: ['max-age=0, private, must-revalidate']
      content-security-policy: ['default-src ''self''; child-src ''self''; connect-src
          ''self'' ws: wss:; img-src ''self'' data: *.gravatar.com; script-src ''unsafe-eval''
          ''unsafe-inline'' ''self''; style-src ''unsafe-inline'' ''self''']
      content-type: [application/json; charset=utf-8]
      date: ['Sat, 10 Aug 2019 08:27:50 GMT']
      etag: [W/"d02873eb4c2c00b16600aaf5600100d1"]
      foreman_api_version: ['2']
      foreman_version: [1.22.0]
      server: [Apache]
      status: [200 OK]
      strict-transport-security: [max-age=631139040; includeSubdomains]
      transfer-encoding: [chunked]
      vary: [Accept-Encoding]
      x-content-type-options: [nosniff]
      x-download-options: [noopen]
      x-frame-options: [sameorigin]
      x-permitted-cross-domain-policies: [none]
      x-powered-by: [Phusion Passenger 4.0.53]
      x-request-id: [3655d605-7fb0-4448-9676-2267eb9e9bfe]
      x-runtime: ['0.034208']
      x-xss-protection: [1; mode=block]
    status: {code: 200, message: OK}
- request:
    body: null
    headers:
      Accept: [application/json;version=2]
      Content-Length: ['0']
      Cookie: [_session_id=d7b0f2becdc63f24aa63c71b5d94c1f6]
    method: DELETE
    uri: https://foreman.example.com/katello/api/organizations/100/environments/133
  response:
    body: {string: !!python/unicode '  {}

'}
    headers:
      cache-control: ['max-age=0, private, must-revalidate']
      content-length: ['5']
      content-security-policy: ['default-src ''self''; child-src ''self''; connect-src
          ''self'' ws: wss:; img-src ''self'' data: *.gravatar.com; script-src ''unsafe-eval''
          ''unsafe-inline'' ''self''; style-src ''unsafe-inline'' ''self''']
      content-type: [application/json; charset=utf-8]
      date: ['Sat, 10 Aug 2019 08:27:50 GMT']
      etag: [W/"a3a266c31b4c8f6ee28635870aaeb2b1"]
      foreman_api_version: ['2']
      foreman_version: [1.22.0]
      server: [Apache]
      set-cookie: [request_method=DELETE; path=/; secure; HttpOnly; SameSite=Lax]
      status: [200 OK]
      strict-transport-security: [max-age=631139040; includeSubdomains]
      x-content-type-options: [nosniff]
      x-download-options: [noopen]
      x-frame-options: [sameorigin]
      x-permitted-cross-domain-policies: [none]
      x-powered-by: [Phusion Passenger 4.0.53]
      x-request-id: [7c7b3224-179e-4bb3-8b7d-fa41900dfdd1]
      x-runtime: ['0.213680']
      x-xss-protection: [1; mode=block]
    status: {code: 200, message: OK}
version: 1
