interactions:
- request:
    body: null
    headers:
      Accept: [application/json;version=2]
    method: GET
    uri: https://foreman.example.com/api/status
  response:
    body: {string: !!python/unicode '{"result":"ok","status":200,"version":"1.22.0","api_version":2}'}
    headers:
      apipie-checksum: [57b27c3a1eb004e5a0fe05ef2b2a8b0d9a6baae5]
      cache-control: ['max-age=0, private, must-revalidate']
      content-length: ['63']
      content-security-policy: ['default-src ''self''; child-src ''self''; connect-src
          ''self'' ws: wss:; img-src ''self'' data: *.gravatar.com; script-src ''unsafe-eval''
          ''unsafe-inline'' ''self''; style-src ''unsafe-inline'' ''self''']
      content-type: [application/json; charset=utf-8]
      date: ['Fri, 23 Aug 2019 14:45:08 GMT']
      etag: [W/"674e9dbc2140c688b559566b581c5c09"]
      foreman_api_version: ['2']
      foreman_version: [1.22.0]
      server: [Apache]
      set-cookie: [_session_id=0753bc640df89622b0c907afb6a63fa1; path=/; secure; HttpOnly;
          SameSite=Lax]
      status: [200 OK]
      strict-transport-security: [max-age=631139040; includeSubdomains]
      x-content-type-options: [nosniff]
      x-download-options: [noopen]
      x-frame-options: [sameorigin]
      x-permitted-cross-domain-policies: [none]
      x-powered-by: [Phusion Passenger 4.0.53]
      x-request-id: [fa94279f-bbfd-4354-babf-a5ed868c17a7]
      x-runtime: ['0.029616']
      x-xss-protection: [1; mode=block]
    status: {code: 200, message: OK}
- request:
    body: null
    headers:
      Accept: [application/json;version=2]
      Cookie: [_session_id=0753bc640df89622b0c907afb6a63fa1]
    method: GET
    uri: https://foreman.example.com/api/locations?per_page=4294967296&search=title%3D%22Test+Location%22&thin=True
  response:
    body: {string: !!python/unicode "{\n  \"total\": 5,\n  \"subtotal\": 1,\n  \"\
        page\": 1,\n  \"per_page\": 4294967296,\n  \"search\": \"title=\\\"Test Location\\\
        \"\",\n  \"sort\": {\n    \"by\": null,\n    \"order\": null\n  },\n  \"results\"\
        : [{\"ancestry\":null,\"parent_id\":null,\"parent_name\":null,\"created_at\"\
        :\"2019-08-23 14:44:59 UTC\",\"updated_at\":\"2019-08-23 14:44:59 UTC\",\"\
        id\":42,\"name\":\"Test Location\",\"title\":\"Test Location\",\"description\"\
        :null}]\n}\n"}
    headers:
      apipie-checksum: [57b27c3a1eb004e5a0fe05ef2b2a8b0d9a6baae5]
      cache-control: ['max-age=0, private, must-revalidate']
      content-security-policy: ['default-src ''self''; child-src ''self''; connect-src
          ''self'' ws: wss:; img-src ''self'' data: *.gravatar.com; script-src ''unsafe-eval''
          ''unsafe-inline'' ''self''; style-src ''unsafe-inline'' ''self''']
      content-type: [application/json; charset=utf-8]
      date: ['Fri, 23 Aug 2019 14:45:08 GMT']
      etag: [W/"3d7f238aea07540accc835cebe13af0d"]
      foreman_api_version: ['2']
      foreman_version: [1.22.0]
      server: [Apache]
      status: [200 OK]
      strict-transport-security: [max-age=631139040; includeSubdomains]
      transfer-encoding: [chunked]
      vary: [Accept-Encoding]
      x-content-type-options: [nosniff]
      x-download-options: [noopen]
      x-frame-options: [sameorigin]
      x-permitted-cross-domain-policies: [none]
      x-powered-by: [Phusion Passenger 4.0.53]
      x-request-id: [384d41ed-dbe1-4062-94e2-8ac3fcfa3df3]
      x-runtime: ['0.016062']
      x-xss-protection: [1; mode=block]
    status: {code: 200, message: OK}
- request:
    body: null
    headers:
      Accept: [application/json;version=2]
      Cookie: [_session_id=0753bc640df89622b0c907afb6a63fa1]
    method: GET
    uri: https://foreman.example.com/api/locations?per_page=4294967296
  response:
    body: {string: !!python/unicode "{\n  \"total\": 5,\n  \"subtotal\": 5,\n  \"\
        page\": 1,\n  \"per_page\": 4294967296,\n  \"search\": null,\n  \"sort\":\
        \ {\n    \"by\": null,\n    \"order\": null\n  },\n  \"results\": [{\"ancestry\"\
        :null,\"parent_id\":null,\"parent_name\":null,\"created_at\":\"2019-07-16\
        \ 06:56:18 UTC\",\"updated_at\":\"2019-07-16 06:56:18 UTC\",\"id\":2,\"name\"\
        :\"Default Location\",\"title\":\"Default Location\",\"description\":null},{\"\
        ancestry\":null,\"parent_id\":null,\"parent_name\":null,\"created_at\":\"\
        2019-08-23 14:23:38 UTC\",\"updated_at\":\"2019-08-23 14:23:38 UTC\",\"id\"\
        :36,\"name\":\"new\",\"title\":\"new\",\"description\":\"\"},{\"ancestry\"\
        :null,\"parent_id\":null,\"parent_name\":null,\"created_at\":\"2019-08-23\
        \ 14:23:13 UTC\",\"updated_at\":\"2019-08-23 14:23:13 UTC\",\"id\":34,\"name\"\
        :\"test\",\"title\":\"test\",\"description\":\"\"},{\"ancestry\":null,\"parent_id\"\
        :null,\"parent_name\":null,\"created_at\":\"2019-08-23 14:44:59 UTC\",\"updated_at\"\
        :\"2019-08-23 14:44:59 UTC\",\"id\":42,\"name\":\"Test Location\",\"title\"\
        :\"Test Location\",\"description\":null},{\"ancestry\":\"34\",\"parent_id\"\
        :34,\"parent_name\":\"test\",\"created_at\":\"2019-08-23 14:23:24 UTC\",\"\
        updated_at\":\"2019-08-23 14:23:24 UTC\",\"id\":35,\"name\":\"sub\",\"title\"\
        :\"test/sub\",\"description\":\"\"}]\n}\n"}
    headers:
      apipie-checksum: [57b27c3a1eb004e5a0fe05ef2b2a8b0d9a6baae5]
      cache-control: ['max-age=0, private, must-revalidate']
      content-security-policy: ['default-src ''self''; child-src ''self''; connect-src
          ''self'' ws: wss:; img-src ''self'' data: *.gravatar.com; script-src ''unsafe-eval''
          ''unsafe-inline'' ''self''; style-src ''unsafe-inline'' ''self''']
      content-type: [application/json; charset=utf-8]
      date: ['Fri, 23 Aug 2019 14:45:08 GMT']
      etag: [W/"5849be19c46071131ef65ae0cde90e46"]
      foreman_api_version: ['2']
      foreman_version: [1.22.0]
      server: [Apache]
      status: [200 OK]
      strict-transport-security: [max-age=631139040; includeSubdomains]
      transfer-encoding: [chunked]
      vary: [Accept-Encoding]
      x-content-type-options: [nosniff]
      x-download-options: [noopen]
      x-frame-options: [sameorigin]
      x-permitted-cross-domain-policies: [none]
      x-powered-by: [Phusion Passenger 4.0.53]
      x-request-id: [bd1e395c-7f12-4ea5-91cf-7ef6ee2ad2cf]
      x-runtime: ['0.016537']
      x-xss-protection: [1; mode=block]
    status: {code: 200, message: OK}
- request:
    body: null
    headers:
      Accept: [application/json;version=2]
      Content-Length: ['0']
      Cookie: [_session_id=0753bc640df89622b0c907afb6a63fa1]
    method: DELETE
    uri: https://foreman.example.com/api/locations/42
  response:
    body: {string: !!python/unicode '{"id":42,"name":"Test Location","created_at":"2019-08-23T14:44:59.081Z","updated_at":"2019-08-23T14:44:59.081Z","ignore_types":["ProvisioningTemplate","Hostgroup"],"description":null,"label":null,"ancestry":null,"title":"Test
        Location","manifest_refreshed_at":null}'}
    headers:
      apipie-checksum: [57b27c3a1eb004e5a0fe05ef2b2a8b0d9a6baae5]
      cache-control: ['max-age=0, private, must-revalidate']
      content-security-policy: ['default-src ''self''; child-src ''self''; connect-src
          ''self'' ws: wss:; img-src ''self'' data: *.gravatar.com; script-src ''unsafe-eval''
          ''unsafe-inline'' ''self''; style-src ''unsafe-inline'' ''self''']
      content-type: [application/json; charset=utf-8]
      date: ['Fri, 23 Aug 2019 14:45:08 GMT']
      etag: [W/"e3b5051910257f9c84c6d6373a9759c7"]
      foreman_api_version: ['2']
      foreman_version: [1.22.0]
      server: [Apache]
      set-cookie: [request_method=DELETE; path=/; secure; HttpOnly; SameSite=Lax]
      status: [200 OK]
      strict-transport-security: [max-age=631139040; includeSubdomains]
      transfer-encoding: [chunked]
      vary: [Accept-Encoding]
      x-content-type-options: [nosniff]
      x-download-options: [noopen]
      x-frame-options: [sameorigin]
      x-permitted-cross-domain-policies: [none]
      x-powered-by: [Phusion Passenger 4.0.53]
      x-request-id: [af10da17-5ae4-4f65-be16-5a83f3abfea4]
      x-runtime: ['0.087361']
      x-xss-protection: [1; mode=block]
    status: {code: 200, message: OK}
version: 1
