interactions:
- request:
    body: null
    headers:
      Accept: [application/json;version=2]
    method: GET
    uri: https://foreman.example.com/api/status
  response:
    body: {string: !!python/unicode '{"result":"ok","status":200,"version":"1.22.0","api_version":2}'}
    headers:
      apipie-checksum: [57b27c3a1eb004e5a0fe05ef2b2a8b0d9a6baae5]
      cache-control: ['max-age=0, private, must-revalidate']
      content-length: ['63']
      content-security-policy: ['default-src ''self''; child-src ''self''; connect-src
          ''self'' ws: wss:; img-src ''self'' data: *.gravatar.com; script-src ''unsafe-eval''
          ''unsafe-inline'' ''self''; style-src ''unsafe-inline'' ''self''']
      content-type: [application/json; charset=utf-8]
      date: ['Fri, 23 Aug 2019 14:52:21 GMT']
      etag: [W/"674e9dbc2140c688b559566b581c5c09"]
      foreman_api_version: ['2']
      foreman_version: [1.22.0]
      server: [Apache]
      set-cookie: [_session_id=1fa7d761efa51b807139a438c74cf7f8; path=/; secure; HttpOnly;
          SameSite=Lax]
      status: [200 OK]
      strict-transport-security: [max-age=631139040; includeSubdomains]
      x-content-type-options: [nosniff]
      x-download-options: [noopen]
      x-frame-options: [sameorigin]
      x-permitted-cross-domain-policies: [none]
      x-powered-by: [Phusion Passenger 4.0.53]
      x-request-id: [718789ab-026e-45af-92cb-4ecbcababe88]
      x-runtime: ['0.028640']
      x-xss-protection: [1; mode=block]
    status: {code: 200, message: OK}
- request:
    body: null
    headers:
      Accept: [application/json;version=2]
      Cookie: [_session_id=1fa7d761efa51b807139a438c74cf7f8]
    method: GET
    uri: https://foreman.example.com/api/locations?per_page=4294967296&search=title%3D%22Test+Location%22&thin=True
  response:
    body: {string: !!python/unicode "{\n  \"total\": 5,\n  \"subtotal\": 1,\n  \"\
        page\": 1,\n  \"per_page\": 4294967296,\n  \"search\": \"title=\\\"Test Location\\\
        \"\",\n  \"sort\": {\n    \"by\": null,\n    \"order\": null\n  },\n  \"results\"\
        : [{\"ancestry\":null,\"parent_id\":null,\"parent_name\":null,\"created_at\"\
        :\"2019-08-23 14:52:11 UTC\",\"updated_at\":\"2019-08-23 14:52:11 UTC\",\"\
        id\":47,\"name\":\"Test Location\",\"title\":\"Test Location\",\"description\"\
        :null}]\n}\n"}
    headers:
      apipie-checksum: [57b27c3a1eb004e5a0fe05ef2b2a8b0d9a6baae5]
      cache-control: ['max-age=0, private, must-revalidate']
      content-security-policy: ['default-src ''self''; child-src ''self''; connect-src
          ''self'' ws: wss:; img-src ''self'' data: *.gravatar.com; script-src ''unsafe-eval''
          ''unsafe-inline'' ''self''; style-src ''unsafe-inline'' ''self''']
      content-type: [application/json; charset=utf-8]
      date: ['Fri, 23 Aug 2019 14:52:21 GMT']
      etag: [W/"820b51487ae331d7d16c3275d348a9f9"]
      foreman_api_version: ['2']
      foreman_version: [1.22.0]
      server: [Apache]
      status: [200 OK]
      strict-transport-security: [max-age=631139040; includeSubdomains]
      transfer-encoding: [chunked]
      vary: [Accept-Encoding]
      x-content-type-options: [nosniff]
      x-download-options: [noopen]
      x-frame-options: [sameorigin]
      x-permitted-cross-domain-policies: [none]
      x-powered-by: [Phusion Passenger 4.0.53]
      x-request-id: [eba29f68-59b8-4597-b3c4-fff4ec6c8e7c]
      x-runtime: ['0.016565']
      x-xss-protection: [1; mode=block]
    status: {code: 200, message: OK}
- request:
    body: null
    headers:
      Accept: [application/json;version=2]
      Cookie: [_session_id=1fa7d761efa51b807139a438c74cf7f8]
    method: GET
    uri: https://foreman.example.com/api/locations?per_page=4294967296&search=title%3D%22Test+Location%2FSub+Location+2%22&thin=True
  response:
    body: {string: !!python/unicode "{\n  \"total\": 5,\n  \"subtotal\": 0,\n  \"\
        page\": 1,\n  \"per_page\": 4294967296,\n  \"search\": \"title=\\\"Test Location/Sub\
        \ Location 2\\\"\",\n  \"sort\": {\n    \"by\": null,\n    \"order\": null\n\
        \  },\n  \"results\": []\n}\n"}
    headers:
      apipie-checksum: [57b27c3a1eb004e5a0fe05ef2b2a8b0d9a6baae5]
      cache-control: ['max-age=0, private, must-revalidate']
      content-security-policy: ['default-src ''self''; child-src ''self''; connect-src
          ''self'' ws: wss:; img-src ''self'' data: *.gravatar.com; script-src ''unsafe-eval''
          ''unsafe-inline'' ''self''; style-src ''unsafe-inline'' ''self''']
      content-type: [application/json; charset=utf-8]
      date: ['Fri, 23 Aug 2019 14:52:21 GMT']
      etag: [W/"238ca7b1024d408ad3f79221cd74a2ed"]
      foreman_api_version: ['2']
      foreman_version: [1.22.0]
      server: [Apache]
      status: [200 OK]
      strict-transport-security: [max-age=631139040; includeSubdomains]
      transfer-encoding: [chunked]
      vary: [Accept-Encoding]
      x-content-type-options: [nosniff]
      x-download-options: [noopen]
      x-frame-options: [sameorigin]
      x-permitted-cross-domain-policies: [none]
      x-powered-by: [Phusion Passenger 4.0.53]
      x-request-id: [47beb760-5c5a-423a-bbb4-d665bbc20437]
      x-runtime: ['0.013099']
      x-xss-protection: [1; mode=block]
    status: {code: 200, message: OK}
version: 1
