interactions:
- request:
    body: null
    headers:
      Accept:
      - application/json;version=2
      Accept-Encoding:
      - gzip, deflate
      Connection:
      - keep-alive
      User-Agent:
      - apypie (https://github.com/Apipie/apypie)
    method: GET
    uri: https://foreman.example.org/api/status
  response:
    body:
      string: '{"result":"ok","status":200,"version":"1.24.1","api_version":2}'
    headers:
      Cache-Control:
      - max-age=0, private, must-revalidate
      Connection:
      - Keep-Alive
      Content-Length:
      - '63'
      Content-Security-Policy:
      - 'default-src ''self''; child-src ''self''; connect-src ''self'' ws: wss:;
        img-src ''self'' data: *.gravatar.com; script-src ''unsafe-eval'' ''unsafe-inline''
        ''self''; style-src ''unsafe-inline'' ''self'''
      Content-Type:
      - application/json; charset=utf-8
      Date:
      - Mon, 23 Mar 2020 16:15:39 GMT
      ETag:
      - W/"46a2e9ebe3393470b5018da3cfc1e32a"
      Foreman_api_version:
      - '2'
      Foreman_current_location:
      - ; ANY
      Foreman_current_organization:
      - ; ANY
      Foreman_version:
      - 1.24.1
      Keep-Alive:
      - timeout=5, max=100
      Server:
      - Apache
      Set-Cookie:
      - _session_id=d6f940265c3ee7741555b87ef77a22bd; path=/; secure; HttpOnly; SameSite=Lax
      Status:
      - 200 OK
      Strict-Transport-Security:
      - max-age=631139040; includeSubdomains
      X-Content-Type-Options:
      - nosniff
      X-Download-Options:
      - noopen
      X-Frame-Options:
      - sameorigin
      X-Permitted-Cross-Domain-Policies:
      - none
      X-Powered-By:
      - Phusion Passenger 4.0.53
      X-Request-Id:
      - 6db37e7a-2fd8-403d-8b4a-bb7f32af0c19
      X-Runtime:
      - '0.121935'
      X-XSS-Protection:
      - 1; mode=block
    status:
      code: 200
      message: OK
- request:
    body: null
    headers:
      Accept:
      - application/json;version=2
      Accept-Encoding:
      - gzip, deflate
      Connection:
      - keep-alive
      Cookie:
      - _session_id=d6f940265c3ee7741555b87ef77a22bd
      User-Agent:
      - apypie (https://github.com/Apipie/apypie)
    method: GET
    uri: https://foreman.example.org/api/locations?search=title%3D%22Test+Location%22&per_page=4294967296
  response:
    body:
      string: "{\n  \"total\": 2,\n  \"subtotal\": 1,\n  \"page\": 1,\n  \"per_page\":
        4294967296,\n  \"search\": \"title=\\\"Test Location\\\"\",\n  \"sort\": {\n
        \   \"by\": null,\n    \"order\": null\n  },\n  \"results\": [{\"ancestry\":null,\"parent_id\":null,\"parent_name\":null,\"created_at\":\"2020-03-23
        16:15:33 UTC\",\"updated_at\":\"2020-03-23 16:15:33 UTC\",\"id\":13,\"name\":\"Test
        Location\",\"title\":\"Test Location\",\"description\":null}]\n}\n"
    headers:
      Cache-Control:
      - max-age=0, private, must-revalidate
      Connection:
      - Keep-Alive
      Content-Security-Policy:
      - 'default-src ''self''; child-src ''self''; connect-src ''self'' ws: wss:;
        img-src ''self'' data: *.gravatar.com; script-src ''unsafe-eval'' ''unsafe-inline''
        ''self''; style-src ''unsafe-inline'' ''self'''
      Content-Type:
      - application/json; charset=utf-8
      Date:
      - Mon, 23 Mar 2020 16:15:39 GMT
      ETag:
      - W/"924b25c29498fc78c08657179dd2a0c5-gzip"
      Foreman_api_version:
      - '2'
      Foreman_current_location:
      - ; ANY
      Foreman_current_organization:
      - ; ANY
      Foreman_version:
      - 1.24.1
      Keep-Alive:
      - timeout=5, max=99
      Server:
      - Apache
      Status:
      - 200 OK
      Strict-Transport-Security:
      - max-age=631139040; includeSubdomains
      Vary:
      - Accept-Encoding
      X-Content-Type-Options:
      - nosniff
      X-Download-Options:
      - noopen
      X-Frame-Options:
      - sameorigin
      X-Permitted-Cross-Domain-Policies:
      - none
      X-Powered-By:
      - Phusion Passenger 4.0.53
      X-Request-Id:
      - 1ecd2c15-d705-4e2e-a10b-be7a3ca58880
      X-Runtime:
      - '0.015181'
      X-XSS-Protection:
      - 1; mode=block
      content-length:
      - '385'
    status:
      code: 200
      message: OK
- request:
    body: null
    headers:
      Accept:
      - application/json;version=2
      Accept-Encoding:
      - gzip, deflate
      Connection:
      - keep-alive
      Cookie:
      - _session_id=d6f940265c3ee7741555b87ef77a22bd
      User-Agent:
      - apypie (https://github.com/Apipie/apypie)
    method: GET
    uri: https://foreman.example.org/api/locations/13
  response:
    body:
      string: '{"select_all_types":[],"description":null,"created_at":"2020-03-23
        16:15:33 UTC","updated_at":"2020-03-23 16:15:33 UTC","ancestry":null,"parent_id":null,"parent_name":null,"id":13,"name":"Test
        Location","title":"Test Location","users":[],"smart_proxies":[],"subnets":[],"compute_resources":[],"media":[],"config_templates":[{"id":40,"name":"Alterator
        default","template_kind_id":5,"template_kind_name":"provision"},{"id":27,"name":"Alterator
        default finish","template_kind_id":6,"template_kind_name":"finish"},{"id":10,"name":"Alterator
        default PXELinux","template_kind_id":1,"template_kind_name":"PXELinux"},{"id":54,"name":"alterator_pkglist","template_kind_id":null,"template_kind_name":null},{"id":55,"name":"ansible_provisioning_callback","template_kind_id":null,"template_kind_name":null},{"id":56,"name":"ansible_tower_callback_script","template_kind_id":null,"template_kind_name":null},{"id":57,"name":"ansible_tower_callback_service","template_kind_id":null,"template_kind_name":null},{"id":41,"name":"Atomic
        Kickstart default","template_kind_id":5,"template_kind_name":"provision"},{"id":42,"name":"AutoYaST
        default","template_kind_id":5,"template_kind_name":"provision"},{"id":34,"name":"AutoYaST
        default iPXE","template_kind_id":4,"template_kind_name":"iPXE"},{"id":11,"name":"AutoYaST
        default PXELinux","template_kind_id":1,"template_kind_name":"PXELinux"},{"id":92,"name":"AutoYaST
        default user data","template_kind_id":8,"template_kind_name":"user_data"},{"id":43,"name":"AutoYaST
        SLES default","template_kind_id":5,"template_kind_name":"provision"},{"id":58,"name":"blacklist_kernel_modules","template_kind_id":null,"template_kind_name":null},{"id":59,"name":"bmc_nic_setup","template_kind_id":null,"template_kind_name":null},{"id":60,"name":"built","template_kind_id":null,"template_kind_name":null},{"id":61,"name":"chef_client","template_kind_id":null,"template_kind_name":null},{"id":26,"name":"CloudInit
        default","template_kind_id":11,"template_kind_name":"cloud-init"},{"id":62,"name":"coreos_cloudconfig","template_kind_id":null,"template_kind_name":null},{"id":44,"name":"CoreOS
        provision","template_kind_id":5,"template_kind_name":"provision"},{"id":12,"name":"CoreOS
        PXELinux","template_kind_id":1,"template_kind_name":"PXELinux"},{"id":63,"name":"create_users","template_kind_id":null,"template_kind_name":null},{"id":64,"name":"csr_attributes.yaml","template_kind_id":null,"template_kind_name":null},{"id":65,"name":"efibootmgr_netboot","template_kind_id":null,"template_kind_name":null},{"id":66,"name":"epel","template_kind_id":null,"template_kind_name":null},{"id":67,"name":"fips_packages","template_kind_id":null,"template_kind_name":null},{"id":68,"name":"fix_hosts","template_kind_id":null,"template_kind_name":null},{"id":28,"name":"FreeBSD
        (mfsBSD) finish","template_kind_id":6,"template_kind_name":"finish"},{"id":45,"name":"FreeBSD
        (mfsBSD) provision","template_kind_id":5,"template_kind_name":"provision"},{"id":13,"name":"FreeBSD
        (mfsBSD) PXELinux","template_kind_id":1,"template_kind_name":"PXELinux"},{"id":69,"name":"freeipa_register","template_kind_id":null,"template_kind_name":null},{"id":53,"name":"Grubby
        default","template_kind_id":7,"template_kind_name":"script"},{"id":70,"name":"http_proxy","template_kind_id":null,"template_kind_name":null},{"id":35,"name":"iPXE
        default local boot","template_kind_id":4,"template_kind_name":"iPXE"},{"id":36,"name":"iPXE
        global default","template_kind_id":4,"template_kind_name":"iPXE"},{"id":37,"name":"iPXE
        intermediate script","template_kind_id":4,"template_kind_name":"iPXE"},{"id":46,"name":"Jumpstart
        default","template_kind_id":5,"template_kind_name":"provision"},{"id":29,"name":"Jumpstart
        default finish","template_kind_id":6,"template_kind_name":"finish"},{"id":2,"name":"Jumpstart
        default PXEGrub","template_kind_id":2,"template_kind_name":"PXEGrub"},{"id":30,"name":"Junos
        default finish","template_kind_id":6,"template_kind_name":"finish"},{"id":47,"name":"Junos
        default SLAX","template_kind_id":5,"template_kind_name":"provision"},{"id":25,"name":"Junos
        default ZTP config","template_kind_id":9,"template_kind_name":"ZTP"},{"id":48,"name":"Kickstart
        default","template_kind_id":5,"template_kind_name":"provision"},{"id":31,"name":"Kickstart
        default finish","template_kind_id":6,"template_kind_name":"finish"},{"id":38,"name":"Kickstart
        default iPXE","template_kind_id":4,"template_kind_name":"iPXE"},{"id":3,"name":"Kickstart
        default PXEGrub","template_kind_id":2,"template_kind_name":"PXEGrub"},{"id":6,"name":"Kickstart
        default PXEGrub2","template_kind_id":3,"template_kind_name":"PXEGrub2"},{"id":14,"name":"Kickstart
        default PXELinux","template_kind_id":1,"template_kind_name":"PXELinux"},{"id":93,"name":"Kickstart
        default user data","template_kind_id":8,"template_kind_name":"user_data"},{"id":72,"name":"kickstart_ifcfg_bonded_interface","template_kind_id":null,"template_kind_name":null},{"id":71,"name":"kickstart_ifcfg_bond_interface","template_kind_id":null,"template_kind_name":null},{"id":73,"name":"kickstart_ifcfg_generic_interface","template_kind_id":null,"template_kind_name":null},{"id":74,"name":"kickstart_ifcfg_get_identifier_names","template_kind_id":null,"template_kind_name":null},{"id":75,"name":"kickstart_networking_setup","template_kind_id":null,"template_kind_name":null},{"id":49,"name":"Kickstart
        oVirt-RHVH","template_kind_id":5,"template_kind_name":"provision"},{"id":15,"name":"Kickstart
        oVirt-RHVH PXELinux","template_kind_id":1,"template_kind_name":"PXELinux"},{"id":1,"name":"NX-OS
        default POAP setup","template_kind_id":10,"template_kind_name":"POAP"},{"id":50,"name":"Preseed
        default","template_kind_id":5,"template_kind_name":"provision"},{"id":32,"name":"Preseed
        default finish","template_kind_id":6,"template_kind_name":"finish"},{"id":39,"name":"Preseed
        default iPXE","template_kind_id":4,"template_kind_name":"iPXE"},{"id":7,"name":"Preseed
        default PXEGrub2","template_kind_id":3,"template_kind_name":"PXEGrub2"},{"id":16,"name":"Preseed
        default PXELinux","template_kind_id":1,"template_kind_name":"PXELinux"},{"id":94,"name":"Preseed
        default user data","template_kind_id":8,"template_kind_name":"user_data"},{"id":76,"name":"preseed_networking_setup","template_kind_id":null,"template_kind_name":null},{"id":77,"name":"puppet.conf","template_kind_id":null,"template_kind_name":null},{"id":79,"name":"puppetlabs_repo","template_kind_id":null,"template_kind_name":null},{"id":78,"name":"puppet_setup","template_kind_id":null,"template_kind_name":null},{"id":80,"name":"pxegrub2_chainload","template_kind_id":null,"template_kind_name":null},{"id":8,"name":"PXEGrub2
        default local boot","template_kind_id":3,"template_kind_name":"PXEGrub2"},{"id":81,"name":"pxegrub2_discovery","template_kind_id":null,"template_kind_name":null},{"id":9,"name":"PXEGrub2
        global default","template_kind_id":3,"template_kind_name":"PXEGrub2"},{"id":82,"name":"pxegrub2_mac","template_kind_id":null,"template_kind_name":null},{"id":83,"name":"pxegrub_chainload","template_kind_id":null,"template_kind_name":null},{"id":4,"name":"PXEGrub
        default local boot","template_kind_id":2,"template_kind_name":"PXEGrub"},{"id":84,"name":"pxegrub_discovery","template_kind_id":null,"template_kind_name":null},{"id":5,"name":"PXEGrub
        global default","template_kind_id":2,"template_kind_name":"PXEGrub"},{"id":17,"name":"PXELinux
        chain iPXE","template_kind_id":1,"template_kind_name":"PXELinux"},{"id":18,"name":"PXELinux
        chain iPXE UNDI","template_kind_id":1,"template_kind_name":"PXELinux"},{"id":85,"name":"pxelinux_chainload","template_kind_id":null,"template_kind_name":null},{"id":19,"name":"PXELinux
        default local boot","template_kind_id":1,"template_kind_name":"PXELinux"},{"id":20,"name":"PXELinux
        default memdisk","template_kind_id":1,"template_kind_name":"PXELinux"},{"id":86,"name":"pxelinux_discovery","template_kind_id":null,"template_kind_name":null},{"id":21,"name":"PXELinux
        global default","template_kind_id":1,"template_kind_name":"PXELinux"},{"id":87,"name":"rancheros_cloudconfig","template_kind_id":null,"template_kind_name":null},{"id":51,"name":"RancherOS
        provision","template_kind_id":5,"template_kind_name":"provision"},{"id":22,"name":"RancherOS
        PXELinux","template_kind_id":1,"template_kind_name":"PXELinux"},{"id":88,"name":"redhat_register","template_kind_id":null,"template_kind_name":null},{"id":89,"name":"remote_execution_ssh_keys","template_kind_id":null,"template_kind_name":null},{"id":90,"name":"saltstack_minion","template_kind_id":null,"template_kind_name":null},{"id":91,"name":"saltstack_setup","template_kind_id":null,"template_kind_name":null},{"id":95,"name":"UserData
        default","template_kind_id":8,"template_kind_name":"user_data"},{"id":96,"name":"UserData
        open-vm-tools","template_kind_id":8,"template_kind_name":"user_data"},{"id":23,"name":"WAIK
        default PXELinux","template_kind_id":1,"template_kind_name":"PXELinux"},{"id":52,"name":"XenServer
        default answerfile","template_kind_id":5,"template_kind_name":"provision"},{"id":33,"name":"XenServer
        default finish","template_kind_id":6,"template_kind_name":"finish"},{"id":24,"name":"XenServer
        default PXELinux","template_kind_id":1,"template_kind_name":"PXELinux"}],"ptables":[{"description":null,"os_family":"Suse","created_at":"2020-01-11
        10:37:15 UTC","updated_at":"2020-01-11 10:37:15 UTC","name":"AutoYaST entire
        SCSI disk","id":97},{"description":null,"os_family":"Suse","created_at":"2020-01-11
        10:37:15 UTC","updated_at":"2020-01-11 10:37:15 UTC","name":"AutoYaST entire
        virtual disk","id":98},{"description":null,"os_family":"Suse","created_at":"2020-01-11
        10:37:15 UTC","updated_at":"2020-01-11 10:37:15 UTC","name":"AutoYaST LVM","id":99},{"description":null,"os_family":"Coreos","created_at":"2020-01-11
        10:37:15 UTC","updated_at":"2020-01-11 10:37:15 UTC","name":"CoreOS default
        fake","id":100},{"description":null,"os_family":"Rancheros","created_at":"2020-01-11
        10:37:15 UTC","updated_at":"2020-01-11 10:37:15 UTC","name":"Empty","id":101},{"description":null,"os_family":"Freebsd","created_at":"2020-01-11
        10:37:15 UTC","updated_at":"2020-01-11 10:37:15 UTC","name":"FreeBSD default
        fake","id":102},{"description":null,"os_family":"Solaris","created_at":"2020-01-11
        10:37:15 UTC","updated_at":"2020-01-11 10:37:15 UTC","name":"Jumpstart default","id":103},{"description":null,"os_family":"Solaris","created_at":"2020-01-11
        10:37:15 UTC","updated_at":"2020-01-11 10:37:15 UTC","name":"Jumpstart mirrored","id":104},{"description":null,"os_family":"Junos","created_at":"2020-01-11
        10:37:15 UTC","updated_at":"2020-01-11 10:37:15 UTC","name":"Junos default
        fake","id":105},{"description":null,"os_family":"Redhat","created_at":"2020-01-11
        10:37:15 UTC","updated_at":"2020-01-11 10:37:15 UTC","name":"Kickstart default","id":106},{"description":null,"os_family":"Redhat","created_at":"2020-01-11
        10:37:15 UTC","updated_at":"2020-01-11 10:37:15 UTC","name":"Kickstart default
        thin","id":107},{"description":null,"os_family":"NXOS","created_at":"2020-01-11
        10:37:15 UTC","updated_at":"2020-01-11 10:37:15 UTC","name":"NX-OS default
        fake","id":108},{"description":null,"os_family":"Debian","created_at":"2020-01-11
        10:37:15 UTC","updated_at":"2020-01-11 10:37:15 UTC","name":"Preseed default","id":109},{"description":null,"os_family":"Debian","created_at":"2020-01-11
        10:37:15 UTC","updated_at":"2020-01-11 10:37:15 UTC","name":"Preseed default
        LVM","id":110},{"description":null,"os_family":"Xenserver","created_at":"2020-01-11
        10:37:15 UTC","updated_at":"2020-01-11 10:37:15 UTC","name":"XenServer default","id":111}],"provisioning_templates":[{"id":40,"name":"Alterator
        default","template_kind_id":5,"template_kind_name":"provision"},{"id":27,"name":"Alterator
        default finish","template_kind_id":6,"template_kind_name":"finish"},{"id":10,"name":"Alterator
        default PXELinux","template_kind_id":1,"template_kind_name":"PXELinux"},{"id":54,"name":"alterator_pkglist","template_kind_id":null,"template_kind_name":null},{"id":55,"name":"ansible_provisioning_callback","template_kind_id":null,"template_kind_name":null},{"id":56,"name":"ansible_tower_callback_script","template_kind_id":null,"template_kind_name":null},{"id":57,"name":"ansible_tower_callback_service","template_kind_id":null,"template_kind_name":null},{"id":41,"name":"Atomic
        Kickstart default","template_kind_id":5,"template_kind_name":"provision"},{"id":42,"name":"AutoYaST
        default","template_kind_id":5,"template_kind_name":"provision"},{"id":34,"name":"AutoYaST
        default iPXE","template_kind_id":4,"template_kind_name":"iPXE"},{"id":11,"name":"AutoYaST
        default PXELinux","template_kind_id":1,"template_kind_name":"PXELinux"},{"id":92,"name":"AutoYaST
        default user data","template_kind_id":8,"template_kind_name":"user_data"},{"id":43,"name":"AutoYaST
        SLES default","template_kind_id":5,"template_kind_name":"provision"},{"id":58,"name":"blacklist_kernel_modules","template_kind_id":null,"template_kind_name":null},{"id":59,"name":"bmc_nic_setup","template_kind_id":null,"template_kind_name":null},{"id":60,"name":"built","template_kind_id":null,"template_kind_name":null},{"id":61,"name":"chef_client","template_kind_id":null,"template_kind_name":null},{"id":26,"name":"CloudInit
        default","template_kind_id":11,"template_kind_name":"cloud-init"},{"id":62,"name":"coreos_cloudconfig","template_kind_id":null,"template_kind_name":null},{"id":44,"name":"CoreOS
        provision","template_kind_id":5,"template_kind_name":"provision"},{"id":12,"name":"CoreOS
        PXELinux","template_kind_id":1,"template_kind_name":"PXELinux"},{"id":63,"name":"create_users","template_kind_id":null,"template_kind_name":null},{"id":64,"name":"csr_attributes.yaml","template_kind_id":null,"template_kind_name":null},{"id":65,"name":"efibootmgr_netboot","template_kind_id":null,"template_kind_name":null},{"id":66,"name":"epel","template_kind_id":null,"template_kind_name":null},{"id":67,"name":"fips_packages","template_kind_id":null,"template_kind_name":null},{"id":68,"name":"fix_hosts","template_kind_id":null,"template_kind_name":null},{"id":28,"name":"FreeBSD
        (mfsBSD) finish","template_kind_id":6,"template_kind_name":"finish"},{"id":45,"name":"FreeBSD
        (mfsBSD) provision","template_kind_id":5,"template_kind_name":"provision"},{"id":13,"name":"FreeBSD
        (mfsBSD) PXELinux","template_kind_id":1,"template_kind_name":"PXELinux"},{"id":69,"name":"freeipa_register","template_kind_id":null,"template_kind_name":null},{"id":53,"name":"Grubby
        default","template_kind_id":7,"template_kind_name":"script"},{"id":70,"name":"http_proxy","template_kind_id":null,"template_kind_name":null},{"id":35,"name":"iPXE
        default local boot","template_kind_id":4,"template_kind_name":"iPXE"},{"id":36,"name":"iPXE
        global default","template_kind_id":4,"template_kind_name":"iPXE"},{"id":37,"name":"iPXE
        intermediate script","template_kind_id":4,"template_kind_name":"iPXE"},{"id":46,"name":"Jumpstart
        default","template_kind_id":5,"template_kind_name":"provision"},{"id":29,"name":"Jumpstart
        default finish","template_kind_id":6,"template_kind_name":"finish"},{"id":2,"name":"Jumpstart
        default PXEGrub","template_kind_id":2,"template_kind_name":"PXEGrub"},{"id":30,"name":"Junos
        default finish","template_kind_id":6,"template_kind_name":"finish"},{"id":47,"name":"Junos
        default SLAX","template_kind_id":5,"template_kind_name":"provision"},{"id":25,"name":"Junos
        default ZTP config","template_kind_id":9,"template_kind_name":"ZTP"},{"id":48,"name":"Kickstart
        default","template_kind_id":5,"template_kind_name":"provision"},{"id":31,"name":"Kickstart
        default finish","template_kind_id":6,"template_kind_name":"finish"},{"id":38,"name":"Kickstart
        default iPXE","template_kind_id":4,"template_kind_name":"iPXE"},{"id":3,"name":"Kickstart
        default PXEGrub","template_kind_id":2,"template_kind_name":"PXEGrub"},{"id":6,"name":"Kickstart
        default PXEGrub2","template_kind_id":3,"template_kind_name":"PXEGrub2"},{"id":14,"name":"Kickstart
        default PXELinux","template_kind_id":1,"template_kind_name":"PXELinux"},{"id":93,"name":"Kickstart
        default user data","template_kind_id":8,"template_kind_name":"user_data"},{"id":72,"name":"kickstart_ifcfg_bonded_interface","template_kind_id":null,"template_kind_name":null},{"id":71,"name":"kickstart_ifcfg_bond_interface","template_kind_id":null,"template_kind_name":null},{"id":73,"name":"kickstart_ifcfg_generic_interface","template_kind_id":null,"template_kind_name":null},{"id":74,"name":"kickstart_ifcfg_get_identifier_names","template_kind_id":null,"template_kind_name":null},{"id":75,"name":"kickstart_networking_setup","template_kind_id":null,"template_kind_name":null},{"id":49,"name":"Kickstart
        oVirt-RHVH","template_kind_id":5,"template_kind_name":"provision"},{"id":15,"name":"Kickstart
        oVirt-RHVH PXELinux","template_kind_id":1,"template_kind_name":"PXELinux"},{"id":1,"name":"NX-OS
        default POAP setup","template_kind_id":10,"template_kind_name":"POAP"},{"id":50,"name":"Preseed
        default","template_kind_id":5,"template_kind_name":"provision"},{"id":32,"name":"Preseed
        default finish","template_kind_id":6,"template_kind_name":"finish"},{"id":39,"name":"Preseed
        default iPXE","template_kind_id":4,"template_kind_name":"iPXE"},{"id":7,"name":"Preseed
        default PXEGrub2","template_kind_id":3,"template_kind_name":"PXEGrub2"},{"id":16,"name":"Preseed
        default PXELinux","template_kind_id":1,"template_kind_name":"PXELinux"},{"id":94,"name":"Preseed
        default user data","template_kind_id":8,"template_kind_name":"user_data"},{"id":76,"name":"preseed_networking_setup","template_kind_id":null,"template_kind_name":null},{"id":77,"name":"puppet.conf","template_kind_id":null,"template_kind_name":null},{"id":79,"name":"puppetlabs_repo","template_kind_id":null,"template_kind_name":null},{"id":78,"name":"puppet_setup","template_kind_id":null,"template_kind_name":null},{"id":80,"name":"pxegrub2_chainload","template_kind_id":null,"template_kind_name":null},{"id":8,"name":"PXEGrub2
        default local boot","template_kind_id":3,"template_kind_name":"PXEGrub2"},{"id":81,"name":"pxegrub2_discovery","template_kind_id":null,"template_kind_name":null},{"id":9,"name":"PXEGrub2
        global default","template_kind_id":3,"template_kind_name":"PXEGrub2"},{"id":82,"name":"pxegrub2_mac","template_kind_id":null,"template_kind_name":null},{"id":83,"name":"pxegrub_chainload","template_kind_id":null,"template_kind_name":null},{"id":4,"name":"PXEGrub
        default local boot","template_kind_id":2,"template_kind_name":"PXEGrub"},{"id":84,"name":"pxegrub_discovery","template_kind_id":null,"template_kind_name":null},{"id":5,"name":"PXEGrub
        global default","template_kind_id":2,"template_kind_name":"PXEGrub"},{"id":17,"name":"PXELinux
        chain iPXE","template_kind_id":1,"template_kind_name":"PXELinux"},{"id":18,"name":"PXELinux
        chain iPXE UNDI","template_kind_id":1,"template_kind_name":"PXELinux"},{"id":85,"name":"pxelinux_chainload","template_kind_id":null,"template_kind_name":null},{"id":19,"name":"PXELinux
        default local boot","template_kind_id":1,"template_kind_name":"PXELinux"},{"id":20,"name":"PXELinux
        default memdisk","template_kind_id":1,"template_kind_name":"PXELinux"},{"id":86,"name":"pxelinux_discovery","template_kind_id":null,"template_kind_name":null},{"id":21,"name":"PXELinux
        global default","template_kind_id":1,"template_kind_name":"PXELinux"},{"id":87,"name":"rancheros_cloudconfig","template_kind_id":null,"template_kind_name":null},{"id":51,"name":"RancherOS
        provision","template_kind_id":5,"template_kind_name":"provision"},{"id":22,"name":"RancherOS
        PXELinux","template_kind_id":1,"template_kind_name":"PXELinux"},{"id":88,"name":"redhat_register","template_kind_id":null,"template_kind_name":null},{"id":89,"name":"remote_execution_ssh_keys","template_kind_id":null,"template_kind_name":null},{"id":90,"name":"saltstack_minion","template_kind_id":null,"template_kind_name":null},{"id":91,"name":"saltstack_setup","template_kind_id":null,"template_kind_name":null},{"id":95,"name":"UserData
        default","template_kind_id":8,"template_kind_name":"user_data"},{"id":96,"name":"UserData
        open-vm-tools","template_kind_id":8,"template_kind_name":"user_data"},{"id":23,"name":"WAIK
        default PXELinux","template_kind_id":1,"template_kind_name":"PXELinux"},{"id":52,"name":"XenServer
        default answerfile","template_kind_id":5,"template_kind_name":"provision"},{"id":33,"name":"XenServer
        default finish","template_kind_id":6,"template_kind_name":"finish"},{"id":24,"name":"XenServer
        default PXELinux","template_kind_id":1,"template_kind_name":"PXELinux"}],"domains":[],"realms":[],"environments":[],"hostgroups":[],"organizations":[],"hosts_count":0,"parameters":[]}'
    headers:
      Cache-Control:
      - max-age=0, private, must-revalidate
      Connection:
      - Keep-Alive
      Content-Security-Policy:
      - 'default-src ''self''; child-src ''self''; connect-src ''self'' ws: wss:;
        img-src ''self'' data: *.gravatar.com; script-src ''unsafe-eval'' ''unsafe-inline''
        ''self''; style-src ''unsafe-inline'' ''self'''
      Content-Type:
      - application/json; charset=utf-8
      Date:
      - Mon, 23 Mar 2020 16:15:39 GMT
      ETag:
      - W/"9a9e4c92802cb79e12c17b5461544f2e-gzip"
      Foreman_api_version:
      - '2'
      Foreman_current_location:
      - ; ANY
      Foreman_current_organization:
      - ; ANY
      Foreman_version:
      - 1.24.1
      Keep-Alive:
      - timeout=5, max=98
      Server:
      - Apache
      Status:
      - 200 OK
      Strict-Transport-Security:
      - max-age=631139040; includeSubdomains
      Vary:
      - Accept-Encoding
      X-Content-Type-Options:
      - nosniff
      X-Download-Options:
      - noopen
      X-Frame-Options:
      - sameorigin
      X-Permitted-Cross-Domain-Policies:
      - none
      X-Powered-By:
      - Phusion Passenger 4.0.53
      X-Request-Id:
      - 2bebb137-31c7-49b8-9bb9-0433440a97d7
      X-Runtime:
      - '0.100414'
      X-XSS-Protection:
      - 1; mode=block
      content-length:
      - '20524'
    status:
      code: 200
      message: OK
version: 1
