interactions:
- request:
    body: null
    headers:
      Accept:
      - application/json;version=2
      Accept-Encoding:
      - gzip, deflate
      Connection:
      - keep-alive
      User-Agent:
      - apypie (https://github.com/Apipie/apypie)
    method: GET
    uri: https://foreman.example.com/api/status
  response:
    body:
      string: '{"result":"ok","status":200,"version":"1.24.0","api_version":2}'
    headers:
      Cache-Control:
      - max-age=0, private, must-revalidate
      Connection:
      - Keep-Alive
      Content-Length:
      - '63'
      Content-Security-Policy:
      - 'default-src ''self''; child-src ''self''; connect-src ''self'' ws: wss:;
        img-src ''self'' data: *.gravatar.com; script-src ''unsafe-eval'' ''unsafe-inline''
        ''self''; style-src ''unsafe-inline'' ''self'''
      Content-Type:
      - application/json; charset=utf-8
      Date:
      - Wed, 08 Jan 2020 13:33:11 GMT
      ETag:
      - W/"53b0d6d0bf9fce118840f03bbd316797"
      Foreman_api_version:
      - '2'
      Foreman_current_location:
      - ; ANY
      Foreman_current_organization:
      - ; ANY
      Foreman_version:
      - 1.24.0
      Keep-Alive:
      - timeout=5, max=100
      Server:
      - Apache
      Set-Cookie:
      - _session_id=ba963db584030f753ba1c24d92e7621f; path=/; secure; HttpOnly; SameSite=Lax
      Status:
      - 200 OK
      Strict-Transport-Security:
      - max-age=631139040; includeSubdomains
      X-Content-Type-Options:
      - nosniff
      X-Download-Options:
      - noopen
      X-Frame-Options:
      - sameorigin
      X-Permitted-Cross-Domain-Policies:
      - none
      X-Powered-By:
      - Phusion Passenger 4.0.53
      X-Request-Id:
      - 8dad8bfb-51f8-4766-a15c-8e2c8fb23910
      X-Runtime:
      - '0.088375'
      X-XSS-Protection:
      - 1; mode=block
    status:
      code: 200
      message: OK
- request:
    body: null
    headers:
      Accept:
      - application/json;version=2
      Accept-Encoding:
      - gzip, deflate
      Connection:
      - keep-alive
      Cookie:
      - _session_id=ba963db584030f753ba1c24d92e7621f
      User-Agent:
      - apypie (https://github.com/Apipie/apypie)
    method: GET
    uri: https://foreman.example.com/api/organizations?search=name%3D%22%C3%84CM%C3%88%22&per_page=4294967296
  response:
    body:
      string: "{\n  \"total\": 2,\n  \"subtotal\": 1,\n  \"page\": 1,\n  \"per_page\":
        4294967296,\n  \"search\": \"name=\\\"\xC4CM\xC8\\\"\",\n  \"sort\": {\n    \"by\":
        null,\n    \"order\": null\n  },\n  \"results\": [{\"ancestry\":null,\"parent_id\":null,\"parent_name\":null,\"created_at\":\"2020-01-08
        13:33:06 UTC\",\"updated_at\":\"2020-01-08 13:33:06 UTC\",\"id\":5,\"name\":\"\xC4CM\xC8\",\"title\":\"\xC4CM\xC8\",\"description\":\"Because
        \xC4 makes it look more METAL\"}]\n}\n"
    headers:
      Cache-Control:
      - max-age=0, private, must-revalidate
      Connection:
      - Keep-Alive
      Content-Security-Policy:
      - 'default-src ''self''; child-src ''self''; connect-src ''self'' ws: wss:;
        img-src ''self'' data: *.gravatar.com; script-src ''unsafe-eval'' ''unsafe-inline''
        ''self''; style-src ''unsafe-inline'' ''self'''
      Content-Type:
      - application/json; charset=utf-8
      Date:
      - Wed, 08 Jan 2020 13:33:11 GMT
      ETag:
      - W/"9bc3937792978db477b5a3baf47ea6ca-gzip"
      Foreman_api_version:
      - '2'
      Foreman_current_location:
      - ; ANY
      Foreman_current_organization:
      - ; ANY
      Foreman_version:
      - 1.24.0
      Keep-Alive:
      - timeout=5, max=99
      Server:
      - Apache
      Status:
      - 200 OK
      Strict-Transport-Security:
      - max-age=631139040; includeSubdomains
      Vary:
      - Accept-Encoding
      X-Content-Type-Options:
      - nosniff
      X-Download-Options:
      - noopen
      X-Frame-Options:
      - sameorigin
      X-Permitted-Cross-Domain-Policies:
      - none
      X-Powered-By:
      - Phusion Passenger 4.0.53
      X-Request-Id:
      - fd955691-1cec-4a64-bbbf-88cdde7c2970
      X-Runtime:
      - '0.017046'
      X-XSS-Protection:
      - 1; mode=block
      content-length:
      - '395'
    status:
      code: 200
      message: OK
- request:
    body: null
    headers:
      Accept:
      - application/json;version=2
      Accept-Encoding:
      - gzip, deflate
      Connection:
      - keep-alive
      Content-Length:
      - '0'
      Cookie:
      - _session_id=ba963db584030f753ba1c24d92e7621f
      User-Agent:
      - apypie (https://github.com/Apipie/apypie)
    method: DELETE
    uri: https://foreman.example.com/api/organizations/5
  response:
    body:
      string: "{\"id\":5,\"name\":\"\xC4CM\xC8\",\"created_at\":\"2020-01-08T13:33:06.814Z\",\"updated_at\":\"2020-01-08T13:33:06.814Z\",\"ignore_types\":[],\"ancestry\":null,\"title\":\"\xC4CM\xC8\",\"description\":\"Because
        \xC4 makes it look more METAL\"}"
    headers:
      Cache-Control:
      - max-age=0, private, must-revalidate
      Connection:
      - Keep-Alive
      Content-Security-Policy:
      - 'default-src ''self''; child-src ''self''; connect-src ''self'' ws: wss:;
        img-src ''self'' data: *.gravatar.com; script-src ''unsafe-eval'' ''unsafe-inline''
        ''self''; style-src ''unsafe-inline'' ''self'''
      Content-Type:
      - application/json; charset=utf-8
      Date:
      - Wed, 08 Jan 2020 13:33:11 GMT
      ETag:
      - W/"a6e93d66c87090b38a561df9bbd7fec9-gzip"
      Foreman_api_version:
      - '2'
      Foreman_current_location:
      - ; ANY
      Foreman_current_organization:
      - ; ANY
      Foreman_version:
      - 1.24.0
      Keep-Alive:
      - timeout=5, max=98
      Server:
      - Apache
      Set-Cookie:
      - request_method=DELETE; path=/; secure; HttpOnly; SameSite=Lax
      Status:
      - 200 OK
      Strict-Transport-Security:
      - max-age=631139040; includeSubdomains
      Vary:
      - Accept-Encoding
      X-Content-Type-Options:
      - nosniff
      X-Download-Options:
      - noopen
      X-Frame-Options:
      - sameorigin
      X-Permitted-Cross-Domain-Policies:
      - none
      X-Powered-By:
      - Phusion Passenger 4.0.53
      X-Request-Id:
      - ce948cbb-055a-468f-9642-adb1ce9b2782
      X-Runtime:
      - '0.103463'
      X-XSS-Protection:
      - 1; mode=block
      content-length:
      - '207'
    status:
      code: 200
      message: OK
version: 1
