interactions:
- request:
    body: null
    headers:
      Accept: [application/json;version=2]
    method: GET
    uri: https://foreman.example.com/api/status
  response:
    body: {string: !!python/unicode '{"result":"ok","status":200,"version":"1.22.0","api_version":2}'}
    headers:
      apipie-checksum: [57b27c3a1eb004e5a0fe05ef2b2a8b0d9a6baae5]
      cache-control: ['max-age=0, private, must-revalidate']
      content-length: ['63']
      content-security-policy: ['default-src ''self''; child-src ''self''; connect-src
          ''self'' ws: wss:; img-src ''self'' data: *.gravatar.com; script-src ''unsafe-eval''
          ''unsafe-inline'' ''self''; style-src ''unsafe-inline'' ''self''']
      content-type: [application/json; charset=utf-8]
      date: ['Mon, 26 Aug 2019 11:13:38 GMT']
      etag: [W/"674e9dbc2140c688b559566b581c5c09"]
      foreman_api_version: ['2']
      foreman_version: [1.22.0]
      server: [Apache]
      set-cookie: [_session_id=d8f91e7741275990cea03f2f841f2ce7; path=/; secure; HttpOnly;
          SameSite=Lax]
      status: [200 OK]
      strict-transport-security: [max-age=631139040; includeSubdomains]
      x-content-type-options: [nosniff]
      x-download-options: [noopen]
      x-frame-options: [sameorigin]
      x-permitted-cross-domain-policies: [none]
      x-powered-by: [Phusion Passenger 4.0.53]
      x-request-id: [8f9b9727-5f8e-44e7-8c62-c008f4bb7442]
      x-runtime: ['0.071099']
      x-xss-protection: [1; mode=block]
    status: {code: 200, message: OK}
- request:
    body: null
    headers:
      Accept: [application/json;version=2]
      Cookie: [_session_id=d8f91e7741275990cea03f2f841f2ce7]
    method: GET
    uri: https://foreman.example.com/katello/api/organizations?per_page=4294967296&search=name%3D%22Test+Organization%22&thin=True
  response:
    body: {string: !!python/unicode "{\n  \"total\": 2,\n  \"subtotal\": 1,\n  \"\
        page\": 1,\n  \"per_page\": 4294967296,\n  \"search\": \"name=\\\"Test Organization\\\
        \"\",\n  \"sort\": {\n    \"by\": null,\n    \"order\": null\n  },\n  \"results\"\
        : [{\"label\":\"Test_Organization\",\"created_at\":\"2019-08-26 11:13:22 UTC\"\
        ,\"updated_at\":\"2019-08-26 11:13:22 UTC\",\"id\":64,\"name\":\"Test Organization\"\
        ,\"title\":\"Test Organization\",\"description\":\"A test organization\"}]\n\
        }\n"}
    headers:
      apipie-checksum: [57b27c3a1eb004e5a0fe05ef2b2a8b0d9a6baae5]
      cache-control: ['max-age=0, private, must-revalidate']
      content-security-policy: ['default-src ''self''; child-src ''self''; connect-src
          ''self'' ws: wss:; img-src ''self'' data: *.gravatar.com; script-src ''unsafe-eval''
          ''unsafe-inline'' ''self''; style-src ''unsafe-inline'' ''self''']
      content-type: [application/json; charset=utf-8]
      date: ['Mon, 26 Aug 2019 11:13:38 GMT']
      etag: [W/"f0208cd58e9ba25d940191bee1004520"]
      foreman_api_version: ['2']
      foreman_version: [1.22.0]
      server: [Apache]
      status: [200 OK]
      strict-transport-security: [max-age=631139040; includeSubdomains]
      transfer-encoding: [chunked]
      vary: [Accept-Encoding]
      x-content-type-options: [nosniff]
      x-download-options: [noopen]
      x-frame-options: [sameorigin]
      x-permitted-cross-domain-policies: [none]
      x-powered-by: [Phusion Passenger 4.0.53]
      x-request-id: [a3c97402-f7e8-4ba7-923a-04b49982958f]
      x-runtime: ['0.042119']
      x-xss-protection: [1; mode=block]
    status: {code: 200, message: OK}
- request:
    body: null
    headers:
      Accept: [application/json;version=2]
      Cookie: [_session_id=d8f91e7741275990cea03f2f841f2ce7]
    method: GET
    uri: https://foreman.example.com/katello/api/organizations/64/products?per_page=4294967296&search=name%3D%22Test+Product%22&thin=False
  response:
    body: {string: !!python/unicode '{"total":0,"subtotal":0,"page":1,"per_page":"4294967296","error":null,"search":"name=\"Test
        Product\"","sort":{"by":"name","order":"asc"},"results":[]}

        '}
    headers:
      apipie-checksum: [57b27c3a1eb004e5a0fe05ef2b2a8b0d9a6baae5]
      cache-control: ['max-age=0, private, must-revalidate']
      content-security-policy: ['default-src ''self''; child-src ''self''; connect-src
          ''self'' ws: wss:; img-src ''self'' data: *.gravatar.com; script-src ''unsafe-eval''
          ''unsafe-inline'' ''self''; style-src ''unsafe-inline'' ''self''']
      content-type: [application/json; charset=utf-8]
      date: ['Mon, 26 Aug 2019 11:13:38 GMT']
      etag: [W/"779af0631e7209158cdad7b50370f608"]
      foreman_api_version: ['2']
      foreman_version: [1.22.0]
      server: [Apache]
      status: [200 OK]
      strict-transport-security: [max-age=631139040; includeSubdomains]
      transfer-encoding: [chunked]
      vary: [Accept-Encoding]
      x-content-type-options: [nosniff]
      x-download-options: [noopen]
      x-frame-options: [sameorigin]
      x-permitted-cross-domain-policies: [none]
      x-powered-by: [Phusion Passenger 4.0.53]
      x-request-id: [7b59b37c-9358-430b-959d-7937bb15e2ca]
      x-runtime: ['0.041036']
      x-xss-protection: [1; mode=block]
    status: {code: 200, message: OK}
- request:
    body: !!python/unicode '{"organization_id": 64, "description": "A happy little
      test product", "name": "Test Product"}'
    headers:
      Accept: [application/json;version=2]
      Content-Length: ['93']
      Content-Type: [application/json]
      Cookie: [_session_id=d8f91e7741275990cea03f2f841f2ce7]
    method: POST
    uri: https://foreman.example.com/katello/api/products
  response:
    body: {string: !!python/unicode '  {"redhat":false,"id":484,"cp_id":"431583326886","name":"Test
        Product","label":"Test_Product","description":"A happy little test product","provider_id":29,"sync_plan_id":null,"sync_summary":{},"gpg_key_id":null,"ssl_ca_cert_id":null,"ssl_client_cert_id":null,"ssl_client_key_id":null,"sync_state":null,"last_sync":null,"last_sync_words":null,"organization_id":64,"organization":{"name":"Test
        Organization","label":"Test_Organization","id":64},"sync_plan":null,"repository_count":0,"created_at":"2019-08-26
        11:13:38 UTC","updated_at":"2019-08-26 11:13:38 UTC","product_content":[],"available_content":[],"repositories":[],"provider":{"name":"Anonymous"},"sync_status":{"id":null,"product_id":null,"progress":null,"sync_id":null,"state":null,"raw_state":null,"start_time":null,"finish_time":null,"duration":null,"display_size":null,"size":null,"is_running":null,"error_details":null},"permissions":{"view_products":true,"edit_products":true,"destroy_products":true,"sync_products":true},"published_content_view_ids":[],"active_task_count":0}

        '}
    headers:
      apipie-checksum: [57b27c3a1eb004e5a0fe05ef2b2a8b0d9a6baae5]
      cache-control: ['max-age=0, private, must-revalidate']
      content-security-policy: ['default-src ''self''; child-src ''self''; connect-src
          ''self'' ws: wss:; img-src ''self'' data: *.gravatar.com; script-src ''unsafe-eval''
          ''unsafe-inline'' ''self''; style-src ''unsafe-inline'' ''self''']
      content-type: [application/json; charset=utf-8]
      date: ['Mon, 26 Aug 2019 11:13:38 GMT']
      etag: [W/"a81bf01bc4dc36c98aac2fb8863356d8"]
      foreman_api_version: ['2']
      foreman_version: [1.22.0]
      server: [Apache]
      set-cookie: [request_method=POST; path=/; secure; HttpOnly; SameSite=Lax]
      status: [200 OK]
      strict-transport-security: [max-age=631139040; includeSubdomains]
      transfer-encoding: [chunked]
      vary: [Accept-Encoding]
      x-content-type-options: [nosniff]
      x-download-options: [noopen]
      x-frame-options: [sameorigin]
      x-permitted-cross-domain-policies: [none]
      x-powered-by: [Phusion Passenger 4.0.53]
      x-request-id: [618c16ea-8530-47f2-bdc4-93f01ebe2108]
      x-runtime: ['3.513556']
      x-xss-protection: [1; mode=block]
    status: {code: 200, message: OK}
version: 1
