interactions:
- request:
    body: null
    headers:
      Accept: [application/json;version=2]
    method: GET
    uri: https://centos7-katello-3-12/api/status
  response:
    body: {string: !!python/unicode '{"result":"ok","status":200,"version":"1.22.0","api_version":2}'}
    headers:
      apipie-checksum: [5adea7a94ce02bd4ebd4e9df5046899d962d1188]
      cache-control: ['max-age=0, private, must-revalidate']
      content-length: ['63']
      content-security-policy: ['default-src ''self''; child-src ''self''; connect-src
          ''self'' ws: wss:; img-src ''self'' data: *.gravatar.com; script-src ''unsafe-eval''
          ''unsafe-inline'' ''self''; style-src ''unsafe-inline'' ''self''']
      content-type: [application/json; charset=utf-8]
      date: ['Mon, 29 Jul 2019 09:29:41 GMT']
      etag: [W/"674e9dbc2140c688b559566b581c5c09"]
      foreman_api_version: ['2']
      foreman_version: [1.22.0]
      server: [Apache]
      set-cookie: [_session_id=f7b819d8363aa73d3c6a601f3a4125d6; path=/; secure; HttpOnly;
          SameSite=Lax]
      status: [200 OK]
      strict-transport-security: [max-age=631139040; includeSubdomains]
      x-content-type-options: [nosniff]
      x-download-options: [noopen]
      x-frame-options: [sameorigin]
      x-permitted-cross-domain-policies: [none]
      x-powered-by: [Phusion Passenger 4.0.53]
      x-request-id: [c001ff0b-034a-46c9-8a15-9efd407ba506]
      x-runtime: ['0.029095']
      x-xss-protection: [1; mode=block]
    status: {code: 200, message: OK}
- request:
    body: null
    headers:
      Accept: [application/json;version=2]
      Cookie: [_session_id=f7b819d8363aa73d3c6a601f3a4125d6]
    method: GET
    uri: https://centos7-katello-3-12/katello/api/organizations?per_page=4294967296&search=name%3D%22Test+Organization%22&thin=True
  response:
    body: {string: !!python/unicode "{\n  \"total\": 2,\n  \"subtotal\": 1,\n  \"page\":
        1,\n  \"per_page\": 4294967296,\n  \"search\": \"name=\\\"Test Organization\\\"\",\n
        \ \"sort\": {\n    \"by\": null,\n    \"order\": null\n  },\n  \"results\":
        [{\"label\":\"Test_Organization\",\"created_at\":\"2019-07-29 09:29:33 UTC\",\"updated_at\":\"2019-07-29
        09:29:33 UTC\",\"id\":13,\"name\":\"Test Organization\",\"title\":\"Test Organization\",\"description\":\"A
        test organization\"}]\n}\n"}
    headers:
      apipie-checksum: [5adea7a94ce02bd4ebd4e9df5046899d962d1188]
      cache-control: ['max-age=0, private, must-revalidate']
      content-security-policy: ['default-src ''self''; child-src ''self''; connect-src
          ''self'' ws: wss:; img-src ''self'' data: *.gravatar.com; script-src ''unsafe-eval''
          ''unsafe-inline'' ''self''; style-src ''unsafe-inline'' ''self''']
      content-type: [application/json; charset=utf-8]
      date: ['Mon, 29 Jul 2019 09:29:41 GMT']
      etag: [W/"877ebc9ede4176a18d1305bc7ed788bf"]
      foreman_api_version: ['2']
      foreman_version: [1.22.0]
      server: [Apache]
      status: [200 OK]
      strict-transport-security: [max-age=631139040; includeSubdomains]
      transfer-encoding: [chunked]
      vary: [Accept-Encoding]
      x-content-type-options: [nosniff]
      x-download-options: [noopen]
      x-frame-options: [sameorigin]
      x-permitted-cross-domain-policies: [none]
      x-powered-by: [Phusion Passenger 4.0.53]
      x-request-id: [54c7b0d7-b2c9-45ad-91d8-d08332268f26]
      x-runtime: ['0.015595']
      x-xss-protection: [1; mode=block]
    status: {code: 200, message: OK}
- request:
    body: null
    headers:
      Accept: [application/json;version=2]
      Cookie: [_session_id=f7b819d8363aa73d3c6a601f3a4125d6]
    method: GET
    uri: https://centos7-katello-3-12/katello/api/organizations/13/products?per_page=4294967296&search=name%3D%22Test+Product%22&thin=False
  response:
    body: {string: !!python/unicode '{"total":1,"subtotal":1,"page":1,"per_page":"4294967296","error":null,"search":"name=\"Test
        Product\"","sort":{"by":"name","order":"asc"},"results":[{"id":2,"cp_id":"332649891643","name":"Test
        Product","label":"Test_Product","description":"A happy little test product","provider_id":5,"sync_plan_id":null,"sync_summary":{},"gpg_key_id":null,"ssl_ca_cert_id":null,"ssl_client_cert_id":null,"ssl_client_key_id":null,"sync_state":null,"last_sync":null,"last_sync_words":null,"organization_id":13,"organization":{"name":"Test
        Organization","label":"Test_Organization","id":13},"sync_plan":null,"repository_count":0}]}

'}
    headers:
      apipie-checksum: [5adea7a94ce02bd4ebd4e9df5046899d962d1188]
      cache-control: ['max-age=0, private, must-revalidate']
      content-security-policy: ['default-src ''self''; child-src ''self''; connect-src
          ''self'' ws: wss:; img-src ''self'' data: *.gravatar.com; script-src ''unsafe-eval''
          ''unsafe-inline'' ''self''; style-src ''unsafe-inline'' ''self''']
      content-type: [application/json; charset=utf-8]
      date: ['Mon, 29 Jul 2019 09:29:41 GMT']
      etag: [W/"a69304684ee02b3396ed28041b4798e8"]
      foreman_api_version: ['2']
      foreman_version: [1.22.0]
      server: [Apache]
      status: [200 OK]
      strict-transport-security: [max-age=631139040; includeSubdomains]
      transfer-encoding: [chunked]
      vary: [Accept-Encoding]
      x-content-type-options: [nosniff]
      x-download-options: [noopen]
      x-frame-options: [sameorigin]
      x-permitted-cross-domain-policies: [none]
      x-powered-by: [Phusion Passenger 4.0.53]
      x-request-id: [4c824c29-9bb2-4aa4-8845-5e3d225a3049]
      x-runtime: ['0.035235']
      x-xss-protection: [1; mode=block]
    status: {code: 200, message: OK}
- request:
    body: null
    headers:
      Accept: [application/json;version=2]
      Cookie: [_session_id=f7b819d8363aa73d3c6a601f3a4125d6]
    method: GET
    uri: https://centos7-katello-3-12/katello/api/products/2?organization_id=13
  response:
    body: {string: !!python/unicode '  {"redhat":false,"id":2,"cp_id":"332649891643","name":"Test
        Product","label":"Test_Product","description":"A happy little test product","provider_id":5,"sync_plan_id":null,"sync_summary":{},"gpg_key_id":null,"ssl_ca_cert_id":null,"ssl_client_cert_id":null,"ssl_client_key_id":null,"sync_state":null,"last_sync":null,"last_sync_words":null,"organization_id":13,"organization":{"name":"Test
        Organization","label":"Test_Organization","id":13},"sync_plan":null,"repository_count":0,"created_at":"2019-07-29
        09:29:39 UTC","updated_at":"2019-07-29 09:29:39 UTC","product_content":[],"available_content":[],"repositories":[],"provider":{"name":"Anonymous"},"sync_status":{"id":null,"product_id":null,"progress":null,"sync_id":null,"state":null,"raw_state":null,"start_time":null,"finish_time":null,"duration":null,"display_size":null,"size":null,"is_running":null,"error_details":null},"permissions":{"view_products":true,"edit_products":true,"destroy_products":true,"sync_products":true},"published_content_view_ids":[],"active_task_count":0}

'}
    headers:
      apipie-checksum: [5adea7a94ce02bd4ebd4e9df5046899d962d1188]
      cache-control: ['max-age=0, private, must-revalidate']
      content-security-policy: ['default-src ''self''; child-src ''self''; connect-src
          ''self'' ws: wss:; img-src ''self'' data: *.gravatar.com; script-src ''unsafe-eval''
          ''unsafe-inline'' ''self''; style-src ''unsafe-inline'' ''self''']
      content-type: [application/json; charset=utf-8]
      date: ['Mon, 29 Jul 2019 09:29:41 GMT']
      etag: [W/"64b70d11bb152886abd6e0cc18860ec6"]
      foreman_api_version: ['2']
      foreman_version: [1.22.0]
      server: [Apache]
      status: [200 OK]
      strict-transport-security: [max-age=631139040; includeSubdomains]
      transfer-encoding: [chunked]
      vary: [Accept-Encoding]
      x-content-type-options: [nosniff]
      x-download-options: [noopen]
      x-frame-options: [sameorigin]
      x-permitted-cross-domain-policies: [none]
      x-powered-by: [Phusion Passenger 4.0.53]
      x-request-id: [4db4c037-f926-4bdf-a658-c098b17bf25e]
      x-runtime: ['0.047511']
      x-xss-protection: [1; mode=block]
    status: {code: 200, message: OK}
version: 1
