interactions:
- request:
    body: null
    headers:
      Accept: [application/json;version=2]
    method: GET
    uri: https://foreman.example.com/api/status
  response:
    body: {string: !!python/unicode '{"result":"ok","status":200,"version":"1.22.0","api_version":2}'}
    headers:
      cache-control: ['max-age=0, private, must-revalidate']
      content-length: ['63']
      content-security-policy: ['default-src ''self''; child-src ''self''; connect-src
          ''self'' ws: wss:; img-src ''self'' data: *.gravatar.com; script-src ''unsafe-eval''
          ''unsafe-inline'' ''self''; style-src ''unsafe-inline'' ''self''']
      content-type: [application/json; charset=utf-8]
      date: ['Mon, 26 Aug 2019 11:14:06 GMT']
      etag: [W/"674e9dbc2140c688b559566b581c5c09"]
      foreman_api_version: ['2']
      foreman_version: [1.22.0]
      server: [Apache]
      set-cookie: [_session_id=ef437ab4179f42f8abb1181f2bd289c4; path=/; secure; HttpOnly;
          SameSite=Lax]
      status: [200 OK]
      strict-transport-security: [max-age=631139040; includeSubdomains]
      x-content-type-options: [nosniff]
      x-download-options: [noopen]
      x-frame-options: [sameorigin]
      x-permitted-cross-domain-policies: [none]
      x-powered-by: [Phusion Passenger 4.0.53]
      x-request-id: [b560e723-e8bc-4490-851a-8c1e4c5ea1f5]
      x-runtime: ['0.074290']
      x-xss-protection: [1; mode=block]
    status: {code: 200, message: OK}
- request:
    body: null
    headers:
      Accept: [application/json;version=2]
      Cookie: [_session_id=ef437ab4179f42f8abb1181f2bd289c4]
    method: GET
    uri: https://foreman.example.com/katello/api/organizations?per_page=4294967296&search=name%3D%22Test+Organization%22&thin=True
  response:
    body: {string: !!python/unicode "{\n  \"total\": 2,\n  \"subtotal\": 1,\n  \"\
        page\": 1,\n  \"per_page\": 4294967296,\n  \"search\": \"name=\\\"Test Organization\\\
        \"\",\n  \"sort\": {\n    \"by\": null,\n    \"order\": null\n  },\n  \"results\"\
        : [{\"label\":\"Test_Organization\",\"created_at\":\"2019-08-26 11:13:22 UTC\"\
        ,\"updated_at\":\"2019-08-26 11:13:22 UTC\",\"id\":64,\"name\":\"Test Organization\"\
        ,\"title\":\"Test Organization\",\"description\":\"A test organization\"}]\n\
        }\n"}
    headers:
      cache-control: ['max-age=0, private, must-revalidate']
      content-security-policy: ['default-src ''self''; child-src ''self''; connect-src
          ''self'' ws: wss:; img-src ''self'' data: *.gravatar.com; script-src ''unsafe-eval''
          ''unsafe-inline'' ''self''; style-src ''unsafe-inline'' ''self''']
      content-type: [application/json; charset=utf-8]
      date: ['Mon, 26 Aug 2019 11:14:06 GMT']
      etag: [W/"f0208cd58e9ba25d940191bee1004520"]
      foreman_api_version: ['2']
      foreman_version: [1.22.0]
      server: [Apache]
      status: [200 OK]
      strict-transport-security: [max-age=631139040; includeSubdomains]
      transfer-encoding: [chunked]
      vary: [Accept-Encoding]
      x-content-type-options: [nosniff]
      x-download-options: [noopen]
      x-frame-options: [sameorigin]
      x-permitted-cross-domain-policies: [none]
      x-powered-by: [Phusion Passenger 4.0.53]
      x-request-id: [c6b71f8e-7ef6-4480-845d-e48bc11e7445]
      x-runtime: ['0.042851']
      x-xss-protection: [1; mode=block]
    status: {code: 200, message: OK}
- request:
    body: null
    headers:
      Accept: [application/json;version=2]
      Cookie: [_session_id=ef437ab4179f42f8abb1181f2bd289c4]
    method: GET
    uri: https://foreman.example.com/katello/api/organizations/64/products?per_page=4294967296&search=name%3D%22Test+Product+3%22&thin=False
  response:
    body: {string: !!python/unicode '{"total":1,"subtotal":1,"page":1,"per_page":"4294967296","error":null,"search":"name=\"Test
        Product 3\"","sort":{"by":"name","order":"asc"},"results":[{"id":486,"cp_id":"979954936323","name":"Test
        Product 3","label":"Test_Product_3","description":"A happy little test product","provider_id":29,"sync_plan_id":1,"sync_summary":{},"gpg_key_id":null,"ssl_ca_cert_id":null,"ssl_client_cert_id":null,"ssl_client_key_id":null,"sync_state":null,"last_sync":null,"last_sync_words":null,"organization_id":64,"organization":{"name":"Test
        Organization","label":"Test_Organization","id":64},"sync_plan":{"id":1,"name":"Test
        Sync Plan","description":null,"sync_date":"2017-01-01 00:00:00 UTC","interval":"weekly","next_sync":null,"cron_expression":null},"repository_count":0}]}

        '}
    headers:
      cache-control: ['max-age=0, private, must-revalidate']
      content-security-policy: ['default-src ''self''; child-src ''self''; connect-src
          ''self'' ws: wss:; img-src ''self'' data: *.gravatar.com; script-src ''unsafe-eval''
          ''unsafe-inline'' ''self''; style-src ''unsafe-inline'' ''self''']
      content-type: [application/json; charset=utf-8]
      date: ['Mon, 26 Aug 2019 11:14:06 GMT']
      etag: [W/"33e401c504b846b8b432f873b3ea7cfa"]
      foreman_api_version: ['2']
      foreman_version: [1.22.0]
      server: [Apache]
      status: [200 OK]
      strict-transport-security: [max-age=631139040; includeSubdomains]
      transfer-encoding: [chunked]
      vary: [Accept-Encoding]
      x-content-type-options: [nosniff]
      x-download-options: [noopen]
      x-frame-options: [sameorigin]
      x-permitted-cross-domain-policies: [none]
      x-powered-by: [Phusion Passenger 4.0.53]
      x-request-id: [7c32e938-18ab-4dbe-8677-ad61fbf18d04]
      x-runtime: ['0.118481']
      x-xss-protection: [1; mode=block]
    status: {code: 200, message: OK}
- request:
    body: null
    headers:
      Accept: [application/json;version=2]
      Cookie: [_session_id=ef437ab4179f42f8abb1181f2bd289c4]
    method: GET
    uri: https://foreman.example.com/katello/api/products/486?organization_id=64
  response:
    body: {string: !!python/unicode '  {"redhat":false,"id":486,"cp_id":"979954936323","name":"Test
        Product 3","label":"Test_Product_3","description":"A happy little test product","provider_id":29,"sync_plan_id":1,"sync_summary":{},"gpg_key_id":null,"ssl_ca_cert_id":null,"ssl_client_cert_id":null,"ssl_client_key_id":null,"sync_state":null,"last_sync":null,"last_sync_words":null,"organization_id":64,"organization":{"name":"Test
        Organization","label":"Test_Organization","id":64},"sync_plan":{"id":1,"name":"Test
        Sync Plan","description":null,"sync_date":"2017-01-01 00:00:00 UTC","interval":"weekly","next_sync":null,"cron_expression":null},"repository_count":0,"created_at":"2019-08-26
        11:14:04 UTC","updated_at":"2019-08-26 11:14:04 UTC","product_content":[],"available_content":[],"repositories":[],"provider":{"name":"Anonymous"},"sync_status":{"id":null,"product_id":null,"progress":null,"sync_id":null,"state":null,"raw_state":null,"start_time":null,"finish_time":null,"duration":null,"display_size":null,"size":null,"is_running":null,"error_details":null},"permissions":{"view_products":true,"edit_products":true,"destroy_products":true,"sync_products":true},"published_content_view_ids":[],"active_task_count":0}

        '}
    headers:
      cache-control: ['max-age=0, private, must-revalidate']
      content-security-policy: ['default-src ''self''; child-src ''self''; connect-src
          ''self'' ws: wss:; img-src ''self'' data: *.gravatar.com; script-src ''unsafe-eval''
          ''unsafe-inline'' ''self''; style-src ''unsafe-inline'' ''self''']
      content-type: [application/json; charset=utf-8]
      date: ['Mon, 26 Aug 2019 11:14:07 GMT']
      etag: [W/"601a8f3d9c3b09e6163d2bd271e1c9b2"]
      foreman_api_version: ['2']
      foreman_version: [1.22.0]
      server: [Apache]
      status: [200 OK]
      strict-transport-security: [max-age=631139040; includeSubdomains]
      transfer-encoding: [chunked]
      vary: [Accept-Encoding]
      x-content-type-options: [nosniff]
      x-download-options: [noopen]
      x-frame-options: [sameorigin]
      x-permitted-cross-domain-policies: [none]
      x-powered-by: [Phusion Passenger 4.0.53]
      x-request-id: [e7a44acc-84ae-49e9-b2fa-373858f8af60]
      x-runtime: ['0.184238']
      x-xss-protection: [1; mode=block]
    status: {code: 200, message: OK}
- request:
    body: null
    headers:
      Accept: [application/json;version=2]
      Cookie: [_session_id=ef437ab4179f42f8abb1181f2bd289c4]
    method: GET
    uri: https://foreman.example.com/katello/api/organizations/64/sync_plans?per_page=4294967296&search=name%3D%22Test+Sync+Plan%22&id=486&thin=True
  response:
    body: {string: !!python/unicode '{"total":1,"subtotal":1,"page":1,"per_page":"4294967296","error":null,"search":"name=\"Test
        Sync Plan\"","sort":{"by":"name","order":"asc"},"results":[{"id":1,"organization_id":64,"name":"Test
        Sync Plan","description":null,"interval":"weekly","next_sync":null,"sync_date":"2017-01-01
        00:00:00 UTC","created_at":"2019-08-26 11:13:36 UTC","updated_at":"2019-08-26
        11:13:36 UTC","enabled":false,"foreman_tasks_recurring_logic_id":1,"cron_expression":null,"products":[{"id":486,"cp_id":"979954936323","name":"Test
        Product 3","label":"Test_Product_3","description":"A happy little test product","sync_state":null,"last_sync":null,"last_sync_words":null,"repository_count":0}],"permissions":{"view_sync_plans":true,"edit_sync_plans":true,"destroy_sync_plans":true}}]}

        '}
    headers:
      cache-control: ['max-age=0, private, must-revalidate']
      content-security-policy: ['default-src ''self''; child-src ''self''; connect-src
          ''self'' ws: wss:; img-src ''self'' data: *.gravatar.com; script-src ''unsafe-eval''
          ''unsafe-inline'' ''self''; style-src ''unsafe-inline'' ''self''']
      content-type: [application/json; charset=utf-8]
      date: ['Mon, 26 Aug 2019 11:14:07 GMT']
      etag: [W/"26004fe4505414652ffc145eba1bbe4f"]
      foreman_api_version: ['2']
      foreman_version: [1.22.0]
      server: [Apache]
      status: [200 OK]
      strict-transport-security: [max-age=631139040; includeSubdomains]
      transfer-encoding: [chunked]
      vary: [Accept-Encoding]
      x-content-type-options: [nosniff]
      x-download-options: [noopen]
      x-frame-options: [sameorigin]
      x-permitted-cross-domain-policies: [none]
      x-powered-by: [Phusion Passenger 4.0.53]
      x-request-id: [56b2b958-2b65-4e6d-b38e-b11e677a53e6]
      x-runtime: ['0.105077']
      x-xss-protection: [1; mode=block]
    status: {code: 200, message: OK}
version: 1
