interactions:
- request:
    body: null
    headers:
      Accept:
      - application/json;version=2
      Accept-Encoding:
      - gzip, deflate
      Connection:
      - keep-alive
      User-Agent:
      - apypie (https://github.com/Apipie/apypie)
    method: GET
    uri: https://127.0.0.1:4433/api/status
  response:
    body:
      string: '{"result":"ok","status":200,"version":"1.24.0","api_version":2}'
    headers:
      Cache-Control:
      - max-age=0, private, must-revalidate
      Connection:
      - Keep-Alive
      Content-Length:
      - '63'
      Content-Security-Policy:
      - 'default-src ''self''; child-src ''self''; connect-src ''self'' ws: wss:;
        img-src ''self'' data: *.gravatar.com; script-src ''unsafe-eval'' ''unsafe-inline''
        ''self''; style-src ''unsafe-inline'' ''self'''
      Content-Type:
      - application/json; charset=utf-8
      Date:
      - Fri, 10 Jan 2020 09:16:45 GMT
      ETag:
      - W/"53b0d6d0bf9fce118840f03bbd316797"
      Foreman_api_version:
      - '2'
      Foreman_current_location:
      - ; ANY
      Foreman_current_organization:
      - ; ANY
      Foreman_version:
      - 1.24.0
      Keep-Alive:
      - timeout=5, max=10000
      Server:
      - Apache
      Set-Cookie:
      - _session_id=17d4b075b8125e0c0ad2804390c96b16; path=/; secure; HttpOnly; SameSite=Lax
      Status:
      - 200 OK
      Strict-Transport-Security:
      - max-age=631139040; includeSubdomains
      X-Content-Type-Options:
      - nosniff
      X-Download-Options:
      - noopen
      X-Frame-Options:
      - sameorigin
      X-Permitted-Cross-Domain-Policies:
      - none
      X-Powered-By:
      - Phusion Passenger 4.0.53
      X-Request-Id:
      - ebc8e69e-b54c-4404-8e38-aaa9e3ebbeba
      X-Runtime:
      - '0.068660'
      X-XSS-Protection:
      - 1; mode=block
    status:
      code: 200
      message: OK
- request:
    body: null
    headers:
      Accept:
      - application/json;version=2
      Accept-Encoding:
      - gzip, deflate
      Connection:
      - keep-alive
      Cookie:
      - _session_id=17d4b075b8125e0c0ad2804390c96b16
      User-Agent:
      - apypie (https://github.com/Apipie/apypie)
    method: GET
    uri: https://127.0.0.1:4433/katello/api/organizations?search=name%3D%22Test+Organization%22&per_page=4294967296
  response:
    body:
      string: "{\n  \"total\": 2,\n  \"subtotal\": 1,\n  \"page\": 1,\n  \"per_page\":
        4294967296,\n  \"search\": \"name=\\\"Test Organization\\\"\",\n  \"sort\":
        {\n    \"by\": null,\n    \"order\": null\n  },\n  \"results\": [{\"label\":\"Test_Organization\",\"created_at\":\"2020-01-10
        09:16:23 UTC\",\"updated_at\":\"2020-01-10 09:16:23 UTC\",\"id\":6,\"name\":\"Test
        Organization\",\"title\":\"Test Organization\",\"description\":\"A test organization\"}]\n}\n"
    headers:
      Cache-Control:
      - max-age=0, private, must-revalidate
      Connection:
      - Keep-Alive
      Content-Security-Policy:
      - 'default-src ''self''; child-src ''self''; connect-src ''self'' ws: wss:;
        img-src ''self'' data: *.gravatar.com; script-src ''unsafe-eval'' ''unsafe-inline''
        ''self''; style-src ''unsafe-inline'' ''self'''
      Content-Type:
      - application/json; charset=utf-8
      Date:
      - Fri, 10 Jan 2020 09:16:45 GMT
      ETag:
      - W/"681e0aa090293bc5c8b8e80d2cd24d19-gzip"
      Foreman_api_version:
      - '2'
      Foreman_current_location:
      - ; ANY
      Foreman_current_organization:
      - ; ANY
      Foreman_version:
      - 1.24.0
      Keep-Alive:
      - timeout=5, max=9999
      Server:
      - Apache
      Status:
      - 200 OK
      Strict-Transport-Security:
      - max-age=631139040; includeSubdomains
      Vary:
      - Accept-Encoding
      X-Content-Type-Options:
      - nosniff
      X-Download-Options:
      - noopen
      X-Frame-Options:
      - sameorigin
      X-Permitted-Cross-Domain-Policies:
      - none
      X-Powered-By:
      - Phusion Passenger 4.0.53
      X-Request-Id:
      - bb24deae-6ef6-4778-bcf9-24c5b9baced9
      X-Runtime:
      - '0.013285'
      X-XSS-Protection:
      - 1; mode=block
      content-length:
      - '388'
    status:
      code: 200
      message: OK
- request:
    body: null
    headers:
      Accept:
      - application/json;version=2
      Accept-Encoding:
      - gzip, deflate
      Connection:
      - keep-alive
      Cookie:
      - _session_id=17d4b075b8125e0c0ad2804390c96b16
      User-Agent:
      - apypie (https://github.com/Apipie/apypie)
    method: GET
    uri: https://127.0.0.1:4433/katello/api/organizations/6/products?search=name%3D%22Test+Product+3%22&per_page=4294967296
  response:
    body:
      string: '{"total":0,"subtotal":0,"page":1,"per_page":"4294967296","error":null,"search":"name=\"Test
        Product 3\"","sort":{"by":"name","order":"asc"},"results":[]}

        '
    headers:
      Cache-Control:
      - max-age=0, private, must-revalidate
      Connection:
      - Keep-Alive
      Content-Security-Policy:
      - 'default-src ''self''; child-src ''self''; connect-src ''self'' ws: wss:;
        img-src ''self'' data: *.gravatar.com; script-src ''unsafe-eval'' ''unsafe-inline''
        ''self''; style-src ''unsafe-inline'' ''self'''
      Content-Type:
      - application/json; charset=utf-8
      Date:
      - Fri, 10 Jan 2020 09:16:45 GMT
      ETag:
      - W/"a8b7e0065f7c49e0d8cbcf19d7e3cf36-gzip"
      Foreman_api_version:
      - '2'
      Foreman_current_location:
      - ; ANY
      Foreman_current_organization:
      - 6; Test Organization
      Foreman_version:
      - 1.24.0
      Keep-Alive:
      - timeout=5, max=9998
      Server:
      - Apache
      Status:
      - 200 OK
      Strict-Transport-Security:
      - max-age=631139040; includeSubdomains
      Vary:
      - Accept-Encoding
      X-Content-Type-Options:
      - nosniff
      X-Download-Options:
      - noopen
      X-Frame-Options:
      - sameorigin
      X-Permitted-Cross-Domain-Policies:
      - none
      X-Powered-By:
      - Phusion Passenger 4.0.53
      X-Request-Id:
      - 67cecf07-70f2-41da-beab-1eeca01846f2
      X-Runtime:
      - '0.012734'
      X-XSS-Protection:
      - 1; mode=block
      content-length:
      - '154'
    status:
      code: 200
      message: OK
- request:
    body: null
    headers:
      Accept:
      - application/json;version=2
      Accept-Encoding:
      - gzip, deflate
      Connection:
      - keep-alive
      Cookie:
      - _session_id=17d4b075b8125e0c0ad2804390c96b16
      User-Agent:
      - apypie (https://github.com/Apipie/apypie)
    method: GET
    uri: https://127.0.0.1:4433/katello/api/organizations/6/sync_plans?search=name%3D%22Test+Sync+Plan%22&per_page=4294967296
  response:
    body:
      string: '{"total":1,"subtotal":1,"page":1,"per_page":"4294967296","error":null,"search":"name=\"Test
        Sync Plan\"","sort":{"by":"name","order":"asc"},"results":[{"id":2,"organization_id":6,"name":"Test
        Sync Plan","description":null,"interval":"weekly","next_sync":null,"sync_date":"2017-01-01
        00:00:00 UTC","created_at":"2020-01-10 09:16:28 UTC","updated_at":"2020-01-10
        09:16:28 UTC","enabled":false,"foreman_tasks_recurring_logic_id":2,"cron_expression":null,"products":[],"permissions":{"view_sync_plans":true,"edit_sync_plans":true,"destroy_sync_plans":true}}]}

        '
    headers:
      Cache-Control:
      - max-age=0, private, must-revalidate
      Connection:
      - Keep-Alive
      Content-Security-Policy:
      - 'default-src ''self''; child-src ''self''; connect-src ''self'' ws: wss:;
        img-src ''self'' data: *.gravatar.com; script-src ''unsafe-eval'' ''unsafe-inline''
        ''self''; style-src ''unsafe-inline'' ''self'''
      Content-Type:
      - application/json; charset=utf-8
      Date:
      - Fri, 10 Jan 2020 09:16:45 GMT
      ETag:
      - W/"f084c84025f9bfc1a799e7e4c2f9c853-gzip"
      Foreman_api_version:
      - '2'
      Foreman_current_location:
      - ; ANY
      Foreman_current_organization:
      - 6; Test Organization
      Foreman_version:
      - 1.24.0
      Keep-Alive:
      - timeout=5, max=9997
      Server:
      - Apache
      Status:
      - 200 OK
      Strict-Transport-Security:
      - max-age=631139040; includeSubdomains
      Vary:
      - Accept-Encoding
      X-Content-Type-Options:
      - nosniff
      X-Download-Options:
      - noopen
      X-Frame-Options:
      - sameorigin
      X-Permitted-Cross-Domain-Policies:
      - none
      X-Powered-By:
      - Phusion Passenger 4.0.53
      X-Request-Id:
      - 80174183-d3e2-4096-bdaa-0504d997e192
      X-Runtime:
      - '0.015339'
      X-XSS-Protection:
      - 1; mode=block
      content-length:
      - '556'
    status:
      code: 200
      message: OK
- request:
    body: '{"organization_id": 6, "description": "A happy little test product", "sync_plan_id":
      2, "name": "Test Product 3"}'
    headers:
      Accept:
      - application/json;version=2
      Accept-Encoding:
      - gzip, deflate
      Connection:
      - keep-alive
      Content-Length:
      - '113'
      Content-Type:
      - application/json
      Cookie:
      - _session_id=17d4b075b8125e0c0ad2804390c96b16
      User-Agent:
      - apypie (https://github.com/Apipie/apypie)
    method: POST
    uri: https://127.0.0.1:4433/katello/api/products
  response:
    body:
      string: '  {"redhat":false,"id":11,"cp_id":"251389715576","name":"Test Product
        3","label":"Test_Product_3","description":"A happy little test product","provider_id":9,"sync_plan_id":2,"sync_summary":{},"gpg_key_id":null,"ssl_ca_cert_id":null,"ssl_client_cert_id":null,"ssl_client_key_id":null,"sync_state":null,"last_sync":null,"last_sync_words":null,"organization_id":6,"organization":{"name":"Test
        Organization","label":"Test_Organization","id":6},"sync_plan":{"id":2,"name":"Test
        Sync Plan","description":null,"sync_date":"2017-01-01 00:00:00 UTC","interval":"weekly","next_sync":null,"cron_expression":null},"repository_count":0,"created_at":"2020-01-10
        09:16:45 UTC","updated_at":"2020-01-10 09:16:45 UTC","product_content":[],"available_content":[],"repositories":[],"provider":{"name":"Anonymous"},"sync_status":{"id":null,"product_id":null,"progress":null,"sync_id":null,"state":null,"raw_state":null,"start_time":null,"finish_time":null,"duration":null,"display_size":null,"size":null,"is_running":null,"error_details":null},"permissions":{"view_products":true,"edit_products":true,"destroy_products":true,"sync_products":true},"published_content_view_ids":[],"active_task_count":0}

        '
    headers:
      Cache-Control:
      - max-age=0, private, must-revalidate
      Connection:
      - Keep-Alive
      Content-Security-Policy:
      - 'default-src ''self''; child-src ''self''; connect-src ''self'' ws: wss:;
        img-src ''self'' data: *.gravatar.com; script-src ''unsafe-eval'' ''unsafe-inline''
        ''self''; style-src ''unsafe-inline'' ''self'''
      Content-Type:
      - application/json; charset=utf-8
      Date:
      - Fri, 10 Jan 2020 09:16:45 GMT
      ETag:
      - W/"4d51984261966653cc8a91bb17e1a867-gzip"
      Foreman_api_version:
      - '2'
      Foreman_current_location:
      - ; ANY
      Foreman_current_organization:
      - 6; Test Organization
      Foreman_version:
      - 1.24.0
      Keep-Alive:
      - timeout=5, max=9996
      Server:
      - Apache
      Set-Cookie:
      - request_method=POST; path=/; secure; HttpOnly; SameSite=Lax
      Status:
      - 200 OK
      Strict-Transport-Security:
      - max-age=631139040; includeSubdomains
      Vary:
      - Accept-Encoding
      X-Content-Type-Options:
      - nosniff
      X-Download-Options:
      - noopen
      X-Frame-Options:
      - sameorigin
      X-Permitted-Cross-Domain-Policies:
      - none
      X-Powered-By:
      - Phusion Passenger 4.0.53
      X-Request-Id:
      - 81dc92be-975b-49f5-8769-643ca197c613
      X-Runtime:
      - '0.861254'
      X-XSS-Protection:
      - 1; mode=block
      content-length:
      - '1183'
    status:
      code: 200
      message: OK
version: 1
