interactions:
- request:
    body: null
    headers:
      Accept: [application/json;version=2]
    method: GET
    uri: https://centos7-katello-3-12/api/status
  response:
    body: {string: !!python/unicode '{"result":"ok","status":200,"version":"1.22.0","api_version":2}'}
    headers:
      apipie-checksum: [5adea7a94ce02bd4ebd4e9df5046899d962d1188]
      cache-control: ['max-age=0, private, must-revalidate']
      content-length: ['63']
      content-security-policy: ['default-src ''self''; child-src ''self''; connect-src
          ''self'' ws: wss:; img-src ''self'' data: *.gravatar.com; script-src ''unsafe-eval''
          ''unsafe-inline'' ''self''; style-src ''unsafe-inline'' ''self''']
      content-type: [application/json; charset=utf-8]
      date: ['Mon, 29 Jul 2019 09:29:48 GMT']
      etag: [W/"674e9dbc2140c688b559566b581c5c09"]
      foreman_api_version: ['2']
      foreman_version: [1.22.0]
      server: [Apache]
      set-cookie: [_session_id=47ebef82492bc2442d0d95d7746c491c; path=/; secure; HttpOnly;
          SameSite=Lax]
      status: [200 OK]
      strict-transport-security: [max-age=631139040; includeSubdomains]
      x-content-type-options: [nosniff]
      x-download-options: [noopen]
      x-frame-options: [sameorigin]
      x-permitted-cross-domain-policies: [none]
      x-powered-by: [Phusion Passenger 4.0.53]
      x-request-id: [76317a64-e914-4fca-8415-15ca76481f74]
      x-runtime: ['0.041912']
      x-xss-protection: [1; mode=block]
    status: {code: 200, message: OK}
- request:
    body: null
    headers:
      Accept: [application/json;version=2]
      Cookie: [_session_id=47ebef82492bc2442d0d95d7746c491c]
    method: GET
    uri: https://centos7-katello-3-12/katello/api/organizations?per_page=4294967296&search=name%3D%22Test+Organization%22&thin=True
  response:
    body: {string: !!python/unicode "{\n  \"total\": 2,\n  \"subtotal\": 1,\n  \"page\":
        1,\n  \"per_page\": 4294967296,\n  \"search\": \"name=\\\"Test Organization\\\"\",\n
        \ \"sort\": {\n    \"by\": null,\n    \"order\": null\n  },\n  \"results\":
        [{\"label\":\"Test_Organization\",\"created_at\":\"2019-07-29 09:29:33 UTC\",\"updated_at\":\"2019-07-29
        09:29:33 UTC\",\"id\":13,\"name\":\"Test Organization\",\"title\":\"Test Organization\",\"description\":\"A
        test organization\"}]\n}\n"}
    headers:
      apipie-checksum: [5adea7a94ce02bd4ebd4e9df5046899d962d1188]
      cache-control: ['max-age=0, private, must-revalidate']
      content-security-policy: ['default-src ''self''; child-src ''self''; connect-src
          ''self'' ws: wss:; img-src ''self'' data: *.gravatar.com; script-src ''unsafe-eval''
          ''unsafe-inline'' ''self''; style-src ''unsafe-inline'' ''self''']
      content-type: [application/json; charset=utf-8]
      date: ['Mon, 29 Jul 2019 09:29:48 GMT']
      etag: [W/"877ebc9ede4176a18d1305bc7ed788bf"]
      foreman_api_version: ['2']
      foreman_version: [1.22.0]
      server: [Apache]
      status: [200 OK]
      strict-transport-security: [max-age=631139040; includeSubdomains]
      transfer-encoding: [chunked]
      vary: [Accept-Encoding]
      x-content-type-options: [nosniff]
      x-download-options: [noopen]
      x-frame-options: [sameorigin]
      x-permitted-cross-domain-policies: [none]
      x-powered-by: [Phusion Passenger 4.0.53]
      x-request-id: [0b84b9e0-ce15-44f1-9fcf-40d4ecd84f87]
      x-runtime: ['0.020875']
      x-xss-protection: [1; mode=block]
    status: {code: 200, message: OK}
- request:
    body: null
    headers:
      Accept: [application/json;version=2]
      Cookie: [_session_id=47ebef82492bc2442d0d95d7746c491c]
    method: GET
    uri: https://centos7-katello-3-12/katello/api/organizations/13/products?per_page=4294967296&search=name%3D%22Test+Product+2%22&thin=True
  response:
    body: {string: !!python/unicode '{"total":1,"subtotal":1,"page":1,"per_page":"4294967296","error":null,"search":"name=\"Test
        Product 2\"","sort":{"by":"name","order":"asc"},"results":[{"id":3,"cp_id":"285832916457","name":"Test
        Product 2","label":"Test_Product_2","description":"A happy little test product","provider_id":5,"sync_plan_id":null,"sync_summary":{},"gpg_key_id":2,"ssl_ca_cert_id":null,"ssl_client_cert_id":null,"ssl_client_key_id":null,"sync_state":null,"last_sync":null,"last_sync_words":null,"organization_id":13,"organization":{"name":"Test
        Organization","label":"Test_Organization","id":13},"sync_plan":null,"repository_count":0}]}

'}
    headers:
      apipie-checksum: [5adea7a94ce02bd4ebd4e9df5046899d962d1188]
      cache-control: ['max-age=0, private, must-revalidate']
      content-security-policy: ['default-src ''self''; child-src ''self''; connect-src
          ''self'' ws: wss:; img-src ''self'' data: *.gravatar.com; script-src ''unsafe-eval''
          ''unsafe-inline'' ''self''; style-src ''unsafe-inline'' ''self''']
      content-type: [application/json; charset=utf-8]
      date: ['Mon, 29 Jul 2019 09:29:48 GMT']
      etag: [W/"042145c463bdf021775951ebdc497e60"]
      foreman_api_version: ['2']
      foreman_version: [1.22.0]
      server: [Apache]
      status: [200 OK]
      strict-transport-security: [max-age=631139040; includeSubdomains]
      transfer-encoding: [chunked]
      vary: [Accept-Encoding]
      x-content-type-options: [nosniff]
      x-download-options: [noopen]
      x-frame-options: [sameorigin]
      x-permitted-cross-domain-policies: [none]
      x-powered-by: [Phusion Passenger 4.0.53]
      x-request-id: [7e35a43c-1763-49b1-995d-555e759d7bf4]
      x-runtime: ['0.048883']
      x-xss-protection: [1; mode=block]
    status: {code: 200, message: OK}
- request:
    body: null
    headers:
      Accept: [application/json;version=2]
      Content-Length: ['0']
      Cookie: [_session_id=47ebef82492bc2442d0d95d7746c491c]
    method: DELETE
    uri: https://centos7-katello-3-12/katello/api/products/3
  response:
    body: {string: !!python/unicode '  {"id":"8beaafa7-855d-43df-be4b-416bd62595a0","label":"Actions::Katello::Product::Destroy","pending":true,"action":"Delete
        Product product ''Test Product 2''; organization ''Test Organization''","username":"admin","started_at":"2019-07-29
        09:29:48 UTC","ended_at":null,"state":"planned","result":"pending","progress":0.0,"input":{"product":{"id":3,"name":"Test
        Product 2","label":"Test_Product_2","cp_id":"285832916457"},"provider":{"id":5,"name":"Anonymous"},"organization":{"id":13,"name":"Test
        Organization","label":"Test_Organization"},"services_checked":["candlepin","candlepin_auth"],"product_id":3,"current_request_id":null,"current_timezone":"UTC","current_user_id":4,"current_organization_id":null,"current_location_id":null},"output":{},"humanized":{"action":"Delete
        Product","input":[["product",{"text":"product ''Test Product 2''","link":"/products/3/"}],["organization",{"text":"organization
        ''Test Organization''","link":"/organizations/13/edit"}]],"output":"","errors":[]},"cli_example":null}

'}
    headers:
      apipie-checksum: [5adea7a94ce02bd4ebd4e9df5046899d962d1188]
      cache-control: [no-cache]
      content-security-policy: ['default-src ''self''; child-src ''self''; connect-src
          ''self'' ws: wss:; img-src ''self'' data: *.gravatar.com; script-src ''unsafe-eval''
          ''unsafe-inline'' ''self''; style-src ''unsafe-inline'' ''self''']
      content-type: [application/json; charset=utf-8]
      date: ['Mon, 29 Jul 2019 09:29:48 GMT']
      foreman_api_version: ['2']
      foreman_version: [1.22.0]
      server: [Apache]
      set-cookie: [request_method=DELETE; path=/; secure; HttpOnly; SameSite=Lax]
      status: [202 Accepted]
      strict-transport-security: [max-age=631139040; includeSubdomains]
      transfer-encoding: [chunked]
      x-content-type-options: [nosniff]
      x-download-options: [noopen]
      x-frame-options: [sameorigin]
      x-permitted-cross-domain-policies: [none]
      x-powered-by: [Phusion Passenger 4.0.53]
      x-request-id: [48a02da3-916a-49f7-b4c4-ac9532e0c84c]
      x-runtime: ['0.186079']
      x-xss-protection: [1; mode=block]
    status: {code: 202, message: Accepted}
version: 1
