interactions:
- request:
    body: null
    headers:
      Accept:
      - application/json;version=2
      Accept-Encoding:
      - gzip, deflate
      Connection:
      - keep-alive
      User-Agent:
      - apypie (https://github.com/Apipie/apypie)
    method: GET
    uri: https://centos7-katello-3-13.yatsu.example.com/api/status
  response:
    body:
      string: !!python/unicode '{"result":"ok","status":200,"version":"1.23.0","api_version":2}'
    headers:
      cache-control:
      - max-age=0, private, must-revalidate
      connection:
      - Keep-Alive
      content-length:
      - '63'
      content-security-policy:
      - 'default-src ''self''; child-src ''self''; connect-src ''self'' ws: wss:;
        img-src ''self'' data: *.gravatar.com; script-src ''unsafe-eval'' ''unsafe-inline''
        ''self''; style-src ''unsafe-inline'' ''self'''
      content-type:
      - application/json; charset=utf-8
      date:
      - Fri, 01 Nov 2019 12:21:24 GMT
      etag:
      - W/"e155d3039d3e53c9bd4f09acfe48e637"
      foreman_api_version:
      - '2'
      foreman_current_location:
      - ; ANY
      foreman_current_organization:
      - ; ANY
      foreman_version:
      - 1.23.0
      keep-alive:
      - timeout=5, max=10000
      server:
      - Apache
      set-cookie:
      - _session_id=9dd99c28fd4586524805c7c6c1220523; path=/; secure; HttpOnly; SameSite=Lax
      status:
      - 200 OK
      strict-transport-security:
      - max-age=631139040; includeSubdomains
      x-content-type-options:
      - nosniff
      x-download-options:
      - noopen
      x-frame-options:
      - sameorigin
      x-permitted-cross-domain-policies:
      - none
      x-powered-by:
      - Phusion Passenger 4.0.53
      x-request-id:
      - b6ddb9a8-ff03-4ec4-a42e-65f8f1051b7f
      x-runtime:
      - '0.123732'
      x-xss-protection:
      - 1; mode=block
    status:
      code: 200
      message: OK
- request:
    body: null
    headers:
      Accept:
      - application/json;version=2
      Accept-Encoding:
      - gzip, deflate
      Connection:
      - keep-alive
      Cookie:
      - _session_id=9dd99c28fd4586524805c7c6c1220523
      User-Agent:
      - apypie (https://github.com/Apipie/apypie)
    method: GET
    uri: https://centos7-katello-3-13.yatsu.example.com/katello/api/organizations?per_page=4294967296&search=name%3D%22Test+Organization%22
  response:
    body:
      string: !!python/unicode "{\n  \"total\": 2,\n  \"subtotal\": 1,\n  \"page\":
        1,\n  \"per_page\": 4294967296,\n  \"search\": \"name=\\\"Test Organization\\\"\",\n
        \ \"sort\": {\n    \"by\": null,\n    \"order\": null\n  },\n  \"results\":
        [{\"label\":\"Test_Organization\",\"created_at\":\"2019-11-01 12:21:20 UTC\",\"updated_at\":\"2019-11-01
        12:21:20 UTC\",\"id\":10,\"name\":\"Test Organization\",\"title\":\"Test Organization\",\"description\":\"A
        test organization\"}]\n}\n"
    headers:
      cache-control:
      - max-age=0, private, must-revalidate
      connection:
      - Keep-Alive
      content-length:
      - '389'
      content-security-policy:
      - 'default-src ''self''; child-src ''self''; connect-src ''self'' ws: wss:;
        img-src ''self'' data: *.gravatar.com; script-src ''unsafe-eval'' ''unsafe-inline''
        ''self''; style-src ''unsafe-inline'' ''self'''
      content-type:
      - application/json; charset=utf-8
      date:
      - Fri, 01 Nov 2019 12:21:24 GMT
      etag:
      - W/"f93f5b6b289f39d9d762a6b4f3fbf207-gzip"
      foreman_api_version:
      - '2'
      foreman_current_location:
      - ; ANY
      foreman_current_organization:
      - ; ANY
      foreman_version:
      - 1.23.0
      keep-alive:
      - timeout=5, max=9999
      server:
      - Apache
      status:
      - 200 OK
      strict-transport-security:
      - max-age=631139040; includeSubdomains
      vary:
      - Accept-Encoding
      x-content-type-options:
      - nosniff
      x-download-options:
      - noopen
      x-frame-options:
      - sameorigin
      x-permitted-cross-domain-policies:
      - none
      x-powered-by:
      - Phusion Passenger 4.0.53
      x-request-id:
      - 710d5f38-1521-46b4-8b28-3480604a289b
      x-runtime:
      - '0.015432'
      x-xss-protection:
      - 1; mode=block
    status:
      code: 200
      message: OK
- request:
    body: null
    headers:
      Accept:
      - application/json;version=2
      Accept-Encoding:
      - gzip, deflate
      Connection:
      - keep-alive
      Cookie:
      - _session_id=9dd99c28fd4586524805c7c6c1220523
      User-Agent:
      - apypie (https://github.com/Apipie/apypie)
    method: GET
    uri: https://centos7-katello-3-13.yatsu.example.com/katello/api/organizations/10/products?per_page=4294967296&search=name%3D%22Test+Product%22
  response:
    body:
      string: !!python/unicode '{"total":0,"subtotal":0,"page":1,"per_page":"4294967296","error":null,"search":"name=\"Test
        Product\"","sort":{"by":"name","order":"asc"},"results":[]}

'
    headers:
      cache-control:
      - max-age=0, private, must-revalidate
      connection:
      - Keep-Alive
      content-length:
      - '152'
      content-security-policy:
      - 'default-src ''self''; child-src ''self''; connect-src ''self'' ws: wss:;
        img-src ''self'' data: *.gravatar.com; script-src ''unsafe-eval'' ''unsafe-inline''
        ''self''; style-src ''unsafe-inline'' ''self'''
      content-type:
      - application/json; charset=utf-8
      date:
      - Fri, 01 Nov 2019 12:21:24 GMT
      etag:
      - W/"779af0631e7209158cdad7b50370f608-gzip"
      foreman_api_version:
      - '2'
      foreman_current_location:
      - ; ANY
      foreman_current_organization:
      - 10; Test Organization
      foreman_version:
      - 1.23.0
      keep-alive:
      - timeout=5, max=9998
      server:
      - Apache
      status:
      - 200 OK
      strict-transport-security:
      - max-age=631139040; includeSubdomains
      vary:
      - Accept-Encoding
      x-content-type-options:
      - nosniff
      x-download-options:
      - noopen
      x-frame-options:
      - sameorigin
      x-permitted-cross-domain-policies:
      - none
      x-powered-by:
      - Phusion Passenger 4.0.53
      x-request-id:
      - fd46ad49-70f8-4a5c-8af1-58afd8a4d10e
      x-runtime:
      - '0.014172'
      x-xss-protection:
      - 1; mode=block
    status:
      code: 200
      message: OK
- request:
    body: !!python/unicode '{"organization_id": 10, "description": "A happy little
      test product", "name": "Test Product"}'
    headers:
      Accept:
      - application/json;version=2
      Accept-Encoding:
      - gzip, deflate
      Connection:
      - keep-alive
      Content-Length:
      - '93'
      Content-Type:
      - application/json
      Cookie:
      - _session_id=9dd99c28fd4586524805c7c6c1220523
      User-Agent:
      - apypie (https://github.com/Apipie/apypie)
    method: POST
    uri: https://centos7-katello-3-13.yatsu.example.com/katello/api/products
  response:
    body:
      string: !!python/unicode '  {"redhat":false,"id":11,"cp_id":"644184060712","name":"Test
        Product","label":"Test_Product","description":"A happy little test product","provider_id":17,"sync_plan_id":null,"sync_summary":{},"gpg_key_id":null,"ssl_ca_cert_id":null,"ssl_client_cert_id":null,"ssl_client_key_id":null,"sync_state":null,"last_sync":null,"last_sync_words":null,"organization_id":10,"organization":{"name":"Test
        Organization","label":"Test_Organization","id":10},"sync_plan":null,"repository_count":0,"created_at":"2019-11-01
        12:21:24 UTC","updated_at":"2019-11-01 12:21:24 UTC","product_content":[],"available_content":[],"repositories":[],"provider":{"name":"Anonymous"},"sync_status":{"id":null,"product_id":null,"progress":null,"sync_id":null,"state":null,"raw_state":null,"start_time":null,"finish_time":null,"duration":null,"display_size":null,"size":null,"is_running":null,"error_details":null},"permissions":{"view_products":true,"edit_products":true,"destroy_products":true,"sync_products":true},"published_content_view_ids":[],"active_task_count":0}

'
    headers:
      cache-control:
      - max-age=0, private, must-revalidate
      connection:
      - Keep-Alive
      content-length:
      - '1040'
      content-security-policy:
      - 'default-src ''self''; child-src ''self''; connect-src ''self'' ws: wss:;
        img-src ''self'' data: *.gravatar.com; script-src ''unsafe-eval'' ''unsafe-inline''
        ''self''; style-src ''unsafe-inline'' ''self'''
      content-type:
      - application/json; charset=utf-8
      date:
      - Fri, 01 Nov 2019 12:21:24 GMT
      etag:
      - W/"e0c56de7fc8ba3b11d2542ce0c79e57f-gzip"
      foreman_api_version:
      - '2'
      foreman_current_location:
      - ; ANY
      foreman_current_organization:
      - 10; Test Organization
      foreman_version:
      - 1.23.0
      keep-alive:
      - timeout=5, max=9997
      server:
      - Apache
      set-cookie:
      - request_method=POST; path=/; secure; HttpOnly; SameSite=Lax
      status:
      - 200 OK
      strict-transport-security:
      - max-age=631139040; includeSubdomains
      vary:
      - Accept-Encoding
      x-content-type-options:
      - nosniff
      x-download-options:
      - noopen
      x-frame-options:
      - sameorigin
      x-permitted-cross-domain-policies:
      - none
      x-powered-by:
      - Phusion Passenger 4.0.53
      x-request-id:
      - e0323b2e-2745-447e-85ac-3aa8c4e2540b
      x-runtime:
      - '0.692566'
      x-xss-protection:
      - 1; mode=block
    status:
      code: 200
      message: OK
version: 1
