interactions:
- request:
    body: null
    headers:
      Accept: [application/json;version=2]
    method: GET
    uri: https://foreman.example.com/api/status
  response:
    body: {string: !!python/unicode '{"result":"ok","status":200,"version":"1.22.1","api_version":2}'}
    headers:
      cache-control: ['max-age=0, private, must-revalidate']
      content-length: ['63']
      content-security-policy: ['default-src ''self''; child-src ''self''; connect-src
          ''self'' ws: wss:; img-src ''self'' data: *.gravatar.com; script-src ''unsafe-eval''
          ''unsafe-inline'' ''self''; style-src ''unsafe-inline'' ''self''']
      content-type: [application/json; charset=utf-8]
      date: ['Fri, 27 Sep 2019 15:23:13 GMT']
      etag: [W/"7462024e111aafa1fe0b7de16a6757f0"]
      foreman_api_version: ['2']
      foreman_version: [1.22.1]
      server: [Apache]
      set-cookie: [_session_id=a4ce65fe4a477b15984d1a13f4c5b143; path=/; secure; HttpOnly;
          SameSite=Lax]
      status: [200 OK]
      strict-transport-security: [max-age=631139040; includeSubdomains]
      x-content-type-options: [nosniff]
      x-download-options: [noopen]
      x-frame-options: [sameorigin]
      x-permitted-cross-domain-policies: [none]
      x-powered-by: [Phusion Passenger 4.0.53]
      x-request-id: [22bc67ec-ab3e-4255-9dff-244ad318a23f]
      x-runtime: ['0.028952']
      x-xss-protection: [1; mode=block]
    status: {code: 200, message: OK}
- request:
    body: null
    headers:
      Accept: [application/json;version=2]
      Cookie: [_session_id=a4ce65fe4a477b15984d1a13f4c5b143]
    method: GET
    uri: https://foreman.example.com/api/ptables?per_page=4294967296&search=name%3D%22Timetravel+finish%22
  response:
    body: {string: !!python/unicode "{\n  \"total\": 15,\n  \"subtotal\": 0,\n  \"page\":
        1,\n  \"per_page\": 4294967296,\n  \"search\": \"name=\\\"Timetravel finish\\\"\",\n
        \ \"sort\": {\n    \"by\": null,\n    \"order\": null\n  },\n  \"results\":
        []\n}\n"}
    headers:
      cache-control: ['max-age=0, private, must-revalidate']
      content-security-policy: ['default-src ''self''; child-src ''self''; connect-src
          ''self'' ws: wss:; img-src ''self'' data: *.gravatar.com; script-src ''unsafe-eval''
          ''unsafe-inline'' ''self''; style-src ''unsafe-inline'' ''self''']
      content-type: [application/json; charset=utf-8]
      date: ['Fri, 27 Sep 2019 15:23:13 GMT']
      etag: [W/"e96e774c867ee504bd1283d0a98a1c94"]
      foreman_api_version: ['2']
      foreman_version: [1.22.1]
      server: [Apache]
      status: [200 OK]
      strict-transport-security: [max-age=631139040; includeSubdomains]
      transfer-encoding: [chunked]
      vary: [Accept-Encoding]
      x-content-type-options: [nosniff]
      x-download-options: [noopen]
      x-frame-options: [sameorigin]
      x-permitted-cross-domain-policies: [none]
      x-powered-by: [Phusion Passenger 4.0.53]
      x-request-id: [f3c3c9fb-883c-47d1-8b66-4e8cfaa8d513]
      x-runtime: ['0.017200']
      x-xss-protection: [1; mode=block]
    status: {code: 200, message: OK}
- request:
    body: null
    headers:
      Accept: [application/json;version=2]
      Cookie: [_session_id=a4ce65fe4a477b15984d1a13f4c5b143]
    method: GET
    uri: https://foreman.example.com/api/locations?per_page=4294967296&search=title%3D%22Test+Location%22
  response:
    body: {string: !!python/unicode "{\n  \"total\": 3,\n  \"subtotal\": 1,\n  \"page\":
        1,\n  \"per_page\": 4294967296,\n  \"search\": \"title=\\\"Test Location\\\"\",\n
        \ \"sort\": {\n    \"by\": null,\n    \"order\": null\n  },\n  \"results\":
        [{\"ancestry\":null,\"parent_id\":null,\"parent_name\":null,\"created_at\":\"2019-09-27
        15:23:12 UTC\",\"updated_at\":\"2019-09-27 15:23:12 UTC\",\"id\":10,\"name\":\"Test
        Location\",\"title\":\"Test Location\",\"description\":null}]\n}\n"}
    headers:
      cache-control: ['max-age=0, private, must-revalidate']
      content-security-policy: ['default-src ''self''; child-src ''self''; connect-src
          ''self'' ws: wss:; img-src ''self'' data: *.gravatar.com; script-src ''unsafe-eval''
          ''unsafe-inline'' ''self''; style-src ''unsafe-inline'' ''self''']
      content-type: [application/json; charset=utf-8]
      date: ['Fri, 27 Sep 2019 15:23:13 GMT']
      etag: [W/"c3967eaa24ddfd4b7eb018be0be67ee0"]
      foreman_api_version: ['2']
      foreman_version: [1.22.1]
      server: [Apache]
      status: [200 OK]
      strict-transport-security: [max-age=631139040; includeSubdomains]
      transfer-encoding: [chunked]
      vary: [Accept-Encoding]
      x-content-type-options: [nosniff]
      x-download-options: [noopen]
      x-frame-options: [sameorigin]
      x-permitted-cross-domain-policies: [none]
      x-powered-by: [Phusion Passenger 4.0.53]
      x-request-id: [afe0e057-d0fd-431f-bf15-7616a0b1b048]
      x-runtime: ['0.019131']
      x-xss-protection: [1; mode=block]
    status: {code: 200, message: OK}
- request:
    body: null
    headers:
      Accept: [application/json;version=2]
      Cookie: [_session_id=a4ce65fe4a477b15984d1a13f4c5b143]
    method: GET
    uri: https://foreman.example.com/api/organizations?per_page=4294967296&search=name%3D%22Test+Organization%22
  response:
    body: {string: !!python/unicode "{\n  \"total\": 2,\n  \"subtotal\": 1,\n  \"page\":
        1,\n  \"per_page\": 4294967296,\n  \"search\": \"name=\\\"Test Organization\\\"\",\n
        \ \"sort\": {\n    \"by\": null,\n    \"order\": null\n  },\n  \"results\":
        [{\"ancestry\":null,\"parent_id\":null,\"parent_name\":null,\"created_at\":\"2019-09-27
        15:23:11 UTC\",\"updated_at\":\"2019-09-27 15:23:11 UTC\",\"id\":9,\"name\":\"Test
        Organization\",\"title\":\"Test Organization\",\"description\":\"A test organization\"}]\n}\n"}
    headers:
      cache-control: ['max-age=0, private, must-revalidate']
      content-security-policy: ['default-src ''self''; child-src ''self''; connect-src
          ''self'' ws: wss:; img-src ''self'' data: *.gravatar.com; script-src ''unsafe-eval''
          ''unsafe-inline'' ''self''; style-src ''unsafe-inline'' ''self''']
      content-type: [application/json; charset=utf-8]
      date: ['Fri, 27 Sep 2019 15:23:13 GMT']
      etag: [W/"927158990c4bf48305e24f9e4bb4384f"]
      foreman_api_version: ['2']
      foreman_version: [1.22.1]
      server: [Apache]
      status: [200 OK]
      strict-transport-security: [max-age=631139040; includeSubdomains]
      transfer-encoding: [chunked]
      vary: [Accept-Encoding]
      x-content-type-options: [nosniff]
      x-download-options: [noopen]
      x-frame-options: [sameorigin]
      x-permitted-cross-domain-policies: [none]
      x-powered-by: [Phusion Passenger 4.0.53]
      x-request-id: [d6eb6fcb-2a71-44ef-bd51-cd4938d3ff81]
      x-runtime: ['0.014716']
      x-xss-protection: [1; mode=block]
    status: {code: 200, message: OK}
- request:
    body: !!python/unicode '{"ptable": {"location_ids": [10], "layout": "<%#\n    name:
      A Partition Template\n%>\nzerombr\nclearpart --all --initlabel\nautopart\n",
      "name": "Timetravel finish", "organization_ids": [9]}}'
    headers:
      Accept: [application/json;version=2]
      Content-Length: ['191']
      Content-Type: [application/json]
      Cookie: [_session_id=a4ce65fe4a477b15984d1a13f4c5b143]
    method: POST
    uri: https://foreman.example.com/api/ptables
  response:
    body: {string: !!python/unicode '{"layout":"<%#\n    name: A Partition Template\n%>\nzerombr\nclearpart
        --all --initlabel\nautopart\n","locked":false,"os_family":null,"created_at":"2019-09-27
        15:23:13 UTC","updated_at":"2019-09-27 15:23:13 UTC","name":"Timetravel finish","id":116,"operatingsystems":[],"locations":[{"id":10,"name":"Test
        Location","title":"Test Location","description":null}],"organizations":[{"id":9,"name":"Test
        Organization","title":"Test Organization","description":"A test organization"}]}'}
    headers:
      cache-control: ['max-age=0, private, must-revalidate']
      content-security-policy: ['default-src ''self''; child-src ''self''; connect-src
          ''self'' ws: wss:; img-src ''self'' data: *.gravatar.com; script-src ''unsafe-eval''
          ''unsafe-inline'' ''self''; style-src ''unsafe-inline'' ''self''']
      content-type: [application/json; charset=utf-8]
      date: ['Fri, 27 Sep 2019 15:23:13 GMT']
      etag: [W/"d0c9ad0350dc211b7051ef9435fe289b"]
      foreman_api_version: ['2']
      foreman_version: [1.22.1]
      server: [Apache]
      set-cookie: [request_method=POST; path=/; secure; HttpOnly; SameSite=Lax]
      status: [201 Created]
      strict-transport-security: [max-age=631139040; includeSubdomains]
      transfer-encoding: [chunked]
      x-content-type-options: [nosniff]
      x-download-options: [noopen]
      x-frame-options: [sameorigin]
      x-permitted-cross-domain-policies: [none]
      x-powered-by: [Phusion Passenger 4.0.53]
      x-request-id: [e9d3b9b7-4d15-4cc2-9bc5-44d433ac3177]
      x-runtime: ['0.052905']
      x-xss-protection: [1; mode=block]
    status: {code: 201, message: Created}
version: 1
