interactions:
- request:
    body: null
    headers:
      Accept:
      - application/json;version=2
      Accept-Encoding:
      - gzip, deflate
      Connection:
      - keep-alive
      User-Agent:
      - apypie (https://github.com/Apipie/apypie)
    method: GET
    uri: https://foreman.example.com/api/status
  response:
    body:
      string: '{"result":"ok","status":200,"version":"1.23.1","api_version":2}'
    headers:
      Cache-Control:
      - max-age=0, private, must-revalidate
      Connection:
      - Keep-Alive
      Content-Length:
      - '63'
      Content-Security-Policy:
      - 'default-src ''self''; child-src ''self''; connect-src ''self'' ws: wss:;
        img-src ''self'' data: *.gravatar.com; script-src ''unsafe-eval'' ''unsafe-inline''
        ''self''; style-src ''unsafe-inline'' ''self'''
      Content-Type:
      - application/json; charset=utf-8
      Date:
      - Thu, 05 Dec 2019 19:35:17 GMT
      ETag:
      - W/"f26fab35869f9a602399f2f56dc6b2ef"
      Foreman_api_version:
      - '2'
      Foreman_current_location:
      - ; ANY
      Foreman_current_organization:
      - ; ANY
      Foreman_version:
      - 1.23.1
      Keep-Alive:
      - timeout=5, max=100
      Server:
      - Apache
      Set-Cookie:
      - _session_id=4e6032b53a6f1152cac14f0ecbfea731; path=/; secure; HttpOnly; SameSite=Lax
      Status:
      - 200 OK
      Strict-Transport-Security:
      - max-age=631139040; includeSubdomains
      X-Content-Type-Options:
      - nosniff
      X-Download-Options:
      - noopen
      X-Frame-Options:
      - sameorigin
      X-Permitted-Cross-Domain-Policies:
      - none
      X-Powered-By:
      - Phusion Passenger 4.0.53
      X-Request-Id:
      - fbd567bc-323f-4e04-ac43-1e84593c5bc3
      X-Runtime:
      - '0.124680'
      X-XSS-Protection:
      - 1; mode=block
    status:
      code: 200
      message: OK
- request:
    body: null
    headers:
      Accept:
      - application/json;version=2
      Accept-Encoding:
      - gzip, deflate
      Connection:
      - keep-alive
      Cookie:
      - _session_id=4e6032b53a6f1152cac14f0ecbfea731
      User-Agent:
      - apypie (https://github.com/Apipie/apypie)
    method: GET
    uri: https://foreman.example.com/api/ptables?search=name%3D%22Timetravel+finish%22&per_page=4294967296
  response:
    body:
      string: "{\n  \"total\": 16,\n  \"subtotal\": 1,\n  \"page\": 1,\n  \"per_page\":
        4294967296,\n  \"search\": \"name=\\\"Timetravel finish\\\"\",\n  \"sort\":
        {\n    \"by\": null,\n    \"order\": null\n  },\n  \"results\": [{\"os_family\":null,\"created_at\":\"2019-12-05
        18:38:32 UTC\",\"updated_at\":\"2019-12-05 19:35:16 UTC\",\"name\":\"Timetravel
        finish\",\"id\":113}]\n}\n"
    headers:
      Cache-Control:
      - max-age=0, private, must-revalidate
      Connection:
      - Keep-Alive
      Content-Security-Policy:
      - 'default-src ''self''; child-src ''self''; connect-src ''self'' ws: wss:;
        img-src ''self'' data: *.gravatar.com; script-src ''unsafe-eval'' ''unsafe-inline''
        ''self''; style-src ''unsafe-inline'' ''self'''
      Content-Type:
      - application/json; charset=utf-8
      Date:
      - Thu, 05 Dec 2019 19:35:17 GMT
      ETag:
      - W/"1bc67d37650353a4ac70bdb4b8549811-gzip"
      Foreman_api_version:
      - '2'
      Foreman_current_location:
      - ; ANY
      Foreman_current_organization:
      - ; ANY
      Foreman_version:
      - 1.23.1
      Keep-Alive:
      - timeout=5, max=99
      Server:
      - Apache
      Status:
      - 200 OK
      Strict-Transport-Security:
      - max-age=631139040; includeSubdomains
      Vary:
      - Accept-Encoding
      X-Content-Type-Options:
      - nosniff
      X-Download-Options:
      - noopen
      X-Frame-Options:
      - sameorigin
      X-Permitted-Cross-Domain-Policies:
      - none
      X-Powered-By:
      - Phusion Passenger 4.0.53
      X-Request-Id:
      - 8824b636-49b8-4f4e-bc56-e3d60739ed07
      X-Runtime:
      - '0.014391'
      X-XSS-Protection:
      - 1; mode=block
      content-length:
      - '316'
    status:
      code: 200
      message: OK
- request:
    body: null
    headers:
      Accept:
      - application/json;version=2
      Accept-Encoding:
      - gzip, deflate
      Connection:
      - keep-alive
      Cookie:
      - _session_id=4e6032b53a6f1152cac14f0ecbfea731
      User-Agent:
      - apypie (https://github.com/Apipie/apypie)
    method: GET
    uri: https://foreman.example.com/api/ptables/113
  response:
    body:
      string: '{"layout":"<%#\n    name: A Partition Template\n%>\nzerombr\nclearpart
        --all --initlabel\nautopart\n","locked":false,"os_family":null,"created_at":"2019-12-05
        18:38:32 UTC","updated_at":"2019-12-05 19:35:16 UTC","name":"Timetravel finish","id":113,"operatingsystems":[],"locations":[{"id":4,"name":"Test
        Location","title":"Test Location","description":null}],"organizations":[{"id":3,"name":"Test
        Organization","title":"Test Organization","description":"A test organization"}]}'
    headers:
      Cache-Control:
      - max-age=0, private, must-revalidate
      Connection:
      - Keep-Alive
      Content-Security-Policy:
      - 'default-src ''self''; child-src ''self''; connect-src ''self'' ws: wss:;
        img-src ''self'' data: *.gravatar.com; script-src ''unsafe-eval'' ''unsafe-inline''
        ''self''; style-src ''unsafe-inline'' ''self'''
      Content-Type:
      - application/json; charset=utf-8
      Date:
      - Thu, 05 Dec 2019 19:35:17 GMT
      ETag:
      - W/"4dc1394b8719569c8d06bb1fe21c8019-gzip"
      Foreman_api_version:
      - '2'
      Foreman_current_location:
      - ; ANY
      Foreman_current_organization:
      - ; ANY
      Foreman_version:
      - 1.23.1
      Keep-Alive:
      - timeout=5, max=98
      Server:
      - Apache
      Status:
      - 200 OK
      Strict-Transport-Security:
      - max-age=631139040; includeSubdomains
      Vary:
      - Accept-Encoding
      X-Content-Type-Options:
      - nosniff
      X-Download-Options:
      - noopen
      X-Frame-Options:
      - sameorigin
      X-Permitted-Cross-Domain-Policies:
      - none
      X-Powered-By:
      - Phusion Passenger 4.0.53
      X-Request-Id:
      - f06dcda9-1ef2-414e-a1e4-ac38823627a1
      X-Runtime:
      - '0.018006'
      X-XSS-Protection:
      - 1; mode=block
      content-length:
      - '477'
    status:
      code: 200
      message: OK
- request:
    body: null
    headers:
      Accept:
      - application/json;version=2
      Accept-Encoding:
      - gzip, deflate
      Connection:
      - keep-alive
      Cookie:
      - _session_id=4e6032b53a6f1152cac14f0ecbfea731
      User-Agent:
      - apypie (https://github.com/Apipie/apypie)
    method: GET
    uri: https://foreman.example.com/api/organizations?search=name%3D%22Test+Organization%22&per_page=4294967296
  response:
    body:
      string: "{\n  \"total\": 2,\n  \"subtotal\": 1,\n  \"page\": 1,\n  \"per_page\":
        4294967296,\n  \"search\": \"name=\\\"Test Organization\\\"\",\n  \"sort\":
        {\n    \"by\": null,\n    \"order\": null\n  },\n  \"results\": [{\"ancestry\":null,\"parent_id\":null,\"parent_name\":null,\"created_at\":\"2019-12-05
        18:38:29 UTC\",\"updated_at\":\"2019-12-05 18:38:29 UTC\",\"id\":3,\"name\":\"Test
        Organization\",\"title\":\"Test Organization\",\"description\":\"A test organization\"}]\n}\n"
    headers:
      Cache-Control:
      - max-age=0, private, must-revalidate
      Connection:
      - Keep-Alive
      Content-Security-Policy:
      - 'default-src ''self''; child-src ''self''; connect-src ''self'' ws: wss:;
        img-src ''self'' data: *.gravatar.com; script-src ''unsafe-eval'' ''unsafe-inline''
        ''self''; style-src ''unsafe-inline'' ''self'''
      Content-Type:
      - application/json; charset=utf-8
      Date:
      - Thu, 05 Dec 2019 19:35:17 GMT
      ETag:
      - W/"eeb21cd3fbc7f43d5733a494e0d82a29-gzip"
      Foreman_api_version:
      - '2'
      Foreman_current_location:
      - ; ANY
      Foreman_current_organization:
      - ; ANY
      Foreman_version:
      - 1.23.1
      Keep-Alive:
      - timeout=5, max=97
      Server:
      - Apache
      Status:
      - 200 OK
      Strict-Transport-Security:
      - max-age=631139040; includeSubdomains
      Vary:
      - Accept-Encoding
      X-Content-Type-Options:
      - nosniff
      X-Download-Options:
      - noopen
      X-Frame-Options:
      - sameorigin
      X-Permitted-Cross-Domain-Policies:
      - none
      X-Powered-By:
      - Phusion Passenger 4.0.53
      X-Request-Id:
      - 46d923d7-cc06-4f2a-b434-c610efcc6e3d
      X-Runtime:
      - '0.012738'
      X-XSS-Protection:
      - 1; mode=block
      content-length:
      - '412'
    status:
      code: 200
      message: OK
- request:
    body: null
    headers:
      Accept:
      - application/json;version=2
      Accept-Encoding:
      - gzip, deflate
      Connection:
      - keep-alive
      Cookie:
      - _session_id=4e6032b53a6f1152cac14f0ecbfea731
      User-Agent:
      - apypie (https://github.com/Apipie/apypie)
    method: GET
    uri: https://foreman.example.com/api/locations?search=title%3D%22Test+Location%22&per_page=4294967296
  response:
    body:
      string: "{\n  \"total\": 2,\n  \"subtotal\": 1,\n  \"page\": 1,\n  \"per_page\":
        4294967296,\n  \"search\": \"title=\\\"Test Location\\\"\",\n  \"sort\": {\n
        \   \"by\": null,\n    \"order\": null\n  },\n  \"results\": [{\"ancestry\":null,\"parent_id\":null,\"parent_name\":null,\"created_at\":\"2019-12-05
        18:38:30 UTC\",\"updated_at\":\"2019-12-05 18:38:30 UTC\",\"id\":4,\"name\":\"Test
        Location\",\"title\":\"Test Location\",\"description\":null}]\n}\n"
    headers:
      Cache-Control:
      - max-age=0, private, must-revalidate
      Connection:
      - Keep-Alive
      Content-Security-Policy:
      - 'default-src ''self''; child-src ''self''; connect-src ''self'' ws: wss:;
        img-src ''self'' data: *.gravatar.com; script-src ''unsafe-eval'' ''unsafe-inline''
        ''self''; style-src ''unsafe-inline'' ''self'''
      Content-Type:
      - application/json; charset=utf-8
      Date:
      - Thu, 05 Dec 2019 19:35:17 GMT
      ETag:
      - W/"b58d7b785a95289160dff5b0cc026c33-gzip"
      Foreman_api_version:
      - '2'
      Foreman_current_location:
      - ; ANY
      Foreman_current_organization:
      - ; ANY
      Foreman_version:
      - 1.23.1
      Keep-Alive:
      - timeout=5, max=96
      Server:
      - Apache
      Status:
      - 200 OK
      Strict-Transport-Security:
      - max-age=631139040; includeSubdomains
      Vary:
      - Accept-Encoding
      X-Content-Type-Options:
      - nosniff
      X-Download-Options:
      - noopen
      X-Frame-Options:
      - sameorigin
      X-Permitted-Cross-Domain-Policies:
      - none
      X-Powered-By:
      - Phusion Passenger 4.0.53
      X-Request-Id:
      - 92d68016-4fbe-42de-9952-eaee99a07f4c
      X-Runtime:
      - '0.013928'
      X-XSS-Protection:
      - 1; mode=block
      content-length:
      - '384'
    status:
      code: 200
      message: OK
version: 1
