interactions:
- request:
    body: null
    headers:
      Accept:
      - application/json;version=2
      Accept-Encoding:
      - gzip, deflate
      Connection:
      - keep-alive
      User-Agent:
      - apypie (https://github.com/Apipie/apypie)
    method: GET
    uri: https://127.0.0.1:4433/api/status
  response:
    body:
      string: '{"result":"ok","status":200,"version":"1.24.0","api_version":2}'
    headers:
      Cache-Control:
      - max-age=0, private, must-revalidate
      Connection:
      - Keep-Alive
      Content-Length:
      - '63'
      Content-Security-Policy:
      - 'default-src ''self''; child-src ''self''; connect-src ''self'' ws: wss:;
        img-src ''self'' data: *.gravatar.com; script-src ''unsafe-eval'' ''unsafe-inline''
        ''self''; style-src ''unsafe-inline'' ''self'''
      Content-Type:
      - application/json; charset=utf-8
      Date:
      - Fri, 10 Jan 2020 09:24:05 GMT
      ETag:
      - W/"53b0d6d0bf9fce118840f03bbd316797"
      Foreman_api_version:
      - '2'
      Foreman_current_location:
      - ; ANY
      Foreman_current_organization:
      - ; ANY
      Foreman_version:
      - 1.24.0
      Keep-Alive:
      - timeout=5, max=10000
      Server:
      - Apache
      Set-Cookie:
      - _session_id=771c220780cc654d20a4b7c543c7fa11; path=/; secure; HttpOnly; SameSite=Lax
      Status:
      - 200 OK
      Strict-Transport-Security:
      - max-age=631139040; includeSubdomains
      X-Content-Type-Options:
      - nosniff
      X-Download-Options:
      - noopen
      X-Frame-Options:
      - sameorigin
      X-Permitted-Cross-Domain-Policies:
      - none
      X-Powered-By:
      - Phusion Passenger 4.0.53
      X-Request-Id:
      - 3afd2d28-cf69-42aa-b5a0-689b3a53fe81
      X-Runtime:
      - '0.069031'
      X-XSS-Protection:
      - 1; mode=block
    status:
      code: 200
      message: OK
- request:
    body: null
    headers:
      Accept:
      - application/json;version=2
      Accept-Encoding:
      - gzip, deflate
      Connection:
      - keep-alive
      Cookie:
      - _session_id=771c220780cc654d20a4b7c543c7fa11
      User-Agent:
      - apypie (https://github.com/Apipie/apypie)
    method: GET
    uri: https://127.0.0.1:4433/katello/api/organizations?search=name%3D%22Test+Organization%22&per_page=4294967296
  response:
    body:
      string: "{\n  \"total\": 2,\n  \"subtotal\": 1,\n  \"page\": 1,\n  \"per_page\":
        4294967296,\n  \"search\": \"name=\\\"Test Organization\\\"\",\n  \"sort\":
        {\n    \"by\": null,\n    \"order\": null\n  },\n  \"results\": [{\"label\":\"Test_Organization\",\"created_at\":\"2020-01-10
        09:19:36 UTC\",\"updated_at\":\"2020-01-10 09:19:36 UTC\",\"id\":7,\"name\":\"Test
        Organization\",\"title\":\"Test Organization\",\"description\":\"A test organization\"}]\n}\n"
    headers:
      Cache-Control:
      - max-age=0, private, must-revalidate
      Connection:
      - Keep-Alive
      Content-Security-Policy:
      - 'default-src ''self''; child-src ''self''; connect-src ''self'' ws: wss:;
        img-src ''self'' data: *.gravatar.com; script-src ''unsafe-eval'' ''unsafe-inline''
        ''self''; style-src ''unsafe-inline'' ''self'''
      Content-Type:
      - application/json; charset=utf-8
      Date:
      - Fri, 10 Jan 2020 09:24:05 GMT
      ETag:
      - W/"a496c7d1c057a6d0bdb998c65703f1a9-gzip"
      Foreman_api_version:
      - '2'
      Foreman_current_location:
      - ; ANY
      Foreman_current_organization:
      - ; ANY
      Foreman_version:
      - 1.24.0
      Keep-Alive:
      - timeout=5, max=9999
      Server:
      - Apache
      Status:
      - 200 OK
      Strict-Transport-Security:
      - max-age=631139040; includeSubdomains
      Vary:
      - Accept-Encoding
      X-Content-Type-Options:
      - nosniff
      X-Download-Options:
      - noopen
      X-Frame-Options:
      - sameorigin
      X-Permitted-Cross-Domain-Policies:
      - none
      X-Powered-By:
      - Phusion Passenger 4.0.53
      X-Request-Id:
      - 50d6f4f1-40f8-47b2-862e-610df5742931
      X-Runtime:
      - '0.016528'
      X-XSS-Protection:
      - 1; mode=block
      content-length:
      - '388'
    status:
      code: 200
      message: OK
- request:
    body: null
    headers:
      Accept:
      - application/json;version=2
      Accept-Encoding:
      - gzip, deflate
      Connection:
      - keep-alive
      Cookie:
      - _session_id=771c220780cc654d20a4b7c543c7fa11
      User-Agent:
      - apypie (https://github.com/Apipie/apypie)
    method: GET
    uri: https://127.0.0.1:4433/katello/api/organizations/7/products?search=name%3D%22Test+Product%22&per_page=4294967296
  response:
    body:
      string: '{"total":1,"subtotal":1,"page":1,"per_page":"4294967296","error":null,"search":"name=\"Test
        Product\"","sort":{"by":"name","order":"asc"},"results":[{"id":12,"cp_id":"418023532283","name":"Test
        Product","label":"Test_Product","description":"A happy little test product","provider_id":11,"sync_plan_id":null,"sync_summary":{},"gpg_key_id":null,"ssl_ca_cert_id":null,"ssl_client_cert_id":null,"ssl_client_key_id":null,"sync_state":null,"last_sync":null,"last_sync_words":null,"organization_id":7,"organization":{"name":"Test
        Organization","label":"Test_Organization","id":7},"sync_plan":null,"repository_count":1}]}

        '
    headers:
      Cache-Control:
      - max-age=0, private, must-revalidate
      Connection:
      - Keep-Alive
      Content-Security-Policy:
      - 'default-src ''self''; child-src ''self''; connect-src ''self'' ws: wss:;
        img-src ''self'' data: *.gravatar.com; script-src ''unsafe-eval'' ''unsafe-inline''
        ''self''; style-src ''unsafe-inline'' ''self'''
      Content-Type:
      - application/json; charset=utf-8
      Date:
      - Fri, 10 Jan 2020 09:24:05 GMT
      ETag:
      - W/"55e2b08c9fa77afa49f7b10c4a69487e-gzip"
      Foreman_api_version:
      - '2'
      Foreman_current_location:
      - ; ANY
      Foreman_current_organization:
      - 7; Test Organization
      Foreman_version:
      - 1.24.0
      Keep-Alive:
      - timeout=5, max=9998
      Server:
      - Apache
      Status:
      - 200 OK
      Strict-Transport-Security:
      - max-age=631139040; includeSubdomains
      Vary:
      - Accept-Encoding
      X-Content-Type-Options:
      - nosniff
      X-Download-Options:
      - noopen
      X-Frame-Options:
      - sameorigin
      X-Permitted-Cross-Domain-Policies:
      - none
      X-Powered-By:
      - Phusion Passenger 4.0.53
      X-Request-Id:
      - de1bef49-c193-4c42-a3df-93fc7e0a306c
      X-Runtime:
      - '0.033373'
      X-XSS-Protection:
      - 1; mode=block
      content-length:
      - '614'
    status:
      code: 200
      message: OK
- request:
    body: null
    headers:
      Accept:
      - application/json;version=2
      Accept-Encoding:
      - gzip, deflate
      Connection:
      - keep-alive
      Cookie:
      - _session_id=771c220780cc654d20a4b7c543c7fa11
      User-Agent:
      - apypie (https://github.com/Apipie/apypie)
    method: GET
    uri: https://127.0.0.1:4433/katello/api/organizations/7/repositories?product_id=12&search=name%3D%22Test+Repository+2%22&per_page=4294967296
  response:
    body:
      string: '{"total":1,"subtotal":1,"page":1,"per_page":"4294967296","error":null,"search":"name=\"Test
        Repository 2\"","sort":{"by":"name","order":"asc"},"results":[{"backend_identifier":"5f52a4c3-f346-472e-a483-a9ed4342098c","relative_path":"Test_Organization/Library/custom/Test_Product/just_a_test_repo2","container_repository_name":null,"full_path":"http://centos7-katello-3-14.tux17.example.com/pulp/repos/Test_Organization/Library/custom/Test_Product/just_a_test_repo2/","library_instance_id":null,"id":11,"name":"Test
        Repository 2","label":"just_a_test_repo2","description":null,"last_sync":null,"content_view":{"id":6,"name":"Default
        Organization View"},"content_type":"yum","url":"https://repos.fedorapeople.org/pulp/pulp/demo_repos/zoo/","arch":"noarch","content_id":"1578648243023","major":null,"minor":null,"product":{"id":12,"cp_id":"418023532283","name":"Test
        Product","orphaned":false,"redhat":false,"sync_plan":null},"content_label":"Test_Organization_Test_Product_just_a_test_repo2","content_counts":{"ostree_branch":0,"docker_manifest":0,"docker_manifest_list":0,"docker_tag":0,"rpm":0,"srpm":0,"package":0,"package_group":0,"erratum":0,"puppet_module":0,"file":0,"deb":0,"module_stream":0,"ansible_collection":0},"last_sync_words":null}]}

        '
    headers:
      Cache-Control:
      - max-age=0, private, must-revalidate
      Connection:
      - Keep-Alive
      Content-Security-Policy:
      - 'default-src ''self''; child-src ''self''; connect-src ''self'' ws: wss:;
        img-src ''self'' data: *.gravatar.com; script-src ''unsafe-eval'' ''unsafe-inline''
        ''self''; style-src ''unsafe-inline'' ''self'''
      Content-Type:
      - application/json; charset=utf-8
      Date:
      - Fri, 10 Jan 2020 09:24:05 GMT
      ETag:
      - W/"224aafcf5d7fa5a75cf4d88d218973ad-gzip"
      Foreman_api_version:
      - '2'
      Foreman_current_location:
      - ; ANY
      Foreman_current_organization:
      - 7; Test Organization
      Foreman_version:
      - 1.24.0
      Keep-Alive:
      - timeout=5, max=9997
      Server:
      - Apache
      Status:
      - 200 OK
      Strict-Transport-Security:
      - max-age=631139040; includeSubdomains
      Vary:
      - Accept-Encoding
      X-Content-Type-Options:
      - nosniff
      X-Download-Options:
      - noopen
      X-Frame-Options:
      - sameorigin
      X-Permitted-Cross-Domain-Policies:
      - none
      X-Powered-By:
      - Phusion Passenger 4.0.53
      X-Request-Id:
      - 4c25b98e-9d61-4bc3-9ca0-900d584fdd6b
      X-Runtime:
      - '0.041372'
      X-XSS-Protection:
      - 1; mode=block
      content-length:
      - '1247'
    status:
      code: 200
      message: OK
- request:
    body: null
    headers:
      Accept:
      - application/json;version=2
      Accept-Encoding:
      - gzip, deflate
      Connection:
      - keep-alive
      Cookie:
      - _session_id=771c220780cc654d20a4b7c543c7fa11
      User-Agent:
      - apypie (https://github.com/Apipie/apypie)
    method: GET
    uri: https://127.0.0.1:4433/katello/api/repositories/11
  response:
    body:
      string: '  {"ostree_branches":[],"relative_path":"Test_Organization/Library/custom/Test_Product/just_a_test_repo2","promoted":false,"content_view_version_id":6,"library_instance_id":null,"organization":{"name":"Test
        Organization","label":"Test_Organization","id":7},"created_at":"2020-01-10
        09:24:02 UTC","updated_at":"2020-01-10 09:24:03 UTC","backend_identifier":"5f52a4c3-f346-472e-a483-a9ed4342098c","container_repository_name":null,"full_path":"http://centos7-katello-3-14.tux17.example.com/pulp/repos/Test_Organization/Library/custom/Test_Product/just_a_test_repo2/","id":11,"name":"Test
        Repository 2","label":"just_a_test_repo2","description":null,"last_sync":null,"content_view":{"id":6,"name":"Default
        Organization View"},"content_type":"yum","url":"https://repos.fedorapeople.org/pulp/pulp/demo_repos/zoo/","arch":"noarch","content_id":"1578648243023","major":null,"minor":null,"product":{"id":12,"cp_id":"418023532283","name":"Test
        Product","orphaned":false,"redhat":false,"sync_plan":null},"content_label":"Test_Organization_Test_Product_just_a_test_repo2","content_counts":{"ostree_branch":0,"docker_manifest":0,"docker_manifest_list":0,"docker_tag":0,"rpm":0,"srpm":0,"package":0,"package_group":0,"erratum":0,"puppet_module":0,"file":0,"deb":0,"module_stream":0,"ansible_collection":0},"last_sync_words":null,"environment":{"id":6,"registry_unauthenticated_pull":false},"docker_upstream_name":null,"docker_tags_whitelist":null,"mirror_on_sync":false,"verify_ssl_on_sync":true,"unprotected":true,"checksum_type":null,"download_policy":"immediate","ansible_collection_requirements":null,"gpg_key_id":12,"ssl_ca_cert_id":13,"ssl_client_cert_id":13,"ssl_client_key_id":13,"upstream_username":null,"ostree_upstream_sync_policy":null,"ostree_upstream_sync_depth":null,"computed_ostree_upstream_sync_depth":0,"deb_releases":null,"deb_components":null,"deb_architectures":null,"http_proxy_policy":"global_default_http_proxy","http_proxy_id":null,"ignorable_content":null,"gpg_key":{"id":12,"name":"Test
        GPG key"},"http_proxy":{"id":null,"name":null},"ssl_ca_cert":{"id":13,"name":"Test
        SSL Cert"},"ssl_client_cert":{"id":13,"name":"Test SSL Cert"},"ssl_client_key":{"id":13,"name":"Test
        SSL Cert"},"permissions":{"deletable":true},"upstream_password_exists":false,"upstream_auth_exists":false}

        '
    headers:
      Cache-Control:
      - max-age=0, private, must-revalidate
      Connection:
      - Keep-Alive
      Content-Security-Policy:
      - 'default-src ''self''; child-src ''self''; connect-src ''self'' ws: wss:;
        img-src ''self'' data: *.gravatar.com; script-src ''unsafe-eval'' ''unsafe-inline''
        ''self''; style-src ''unsafe-inline'' ''self'''
      Content-Type:
      - application/json; charset=utf-8
      Date:
      - Fri, 10 Jan 2020 09:24:05 GMT
      ETag:
      - W/"f3cd786982cbcc92a2d958fba599e5df-gzip"
      Foreman_api_version:
      - '2'
      Foreman_current_location:
      - ; ANY
      Foreman_current_organization:
      - ; ANY
      Foreman_version:
      - 1.24.0
      Keep-Alive:
      - timeout=5, max=9996
      Server:
      - Apache
      Status:
      - 200 OK
      Strict-Transport-Security:
      - max-age=631139040; includeSubdomains
      Vary:
      - Accept-Encoding
      X-Content-Type-Options:
      - nosniff
      X-Download-Options:
      - noopen
      X-Frame-Options:
      - sameorigin
      X-Permitted-Cross-Domain-Policies:
      - none
      X-Powered-By:
      - Phusion Passenger 4.0.53
      X-Request-Id:
      - 5c9c871d-afb4-42c8-85fa-b0971803d60d
      X-Runtime:
      - '0.038480'
      X-XSS-Protection:
      - 1; mode=block
      content-length:
      - '2292'
    status:
      code: 200
      message: OK
- request:
    body: '{"mirror_on_sync": true}'
    headers:
      Accept:
      - application/json;version=2
      Accept-Encoding:
      - gzip, deflate
      Connection:
      - keep-alive
      Content-Length:
      - '24'
      Content-Type:
      - application/json
      Cookie:
      - _session_id=771c220780cc654d20a4b7c543c7fa11
      User-Agent:
      - apypie (https://github.com/Apipie/apypie)
    method: PUT
    uri: https://127.0.0.1:4433/katello/api/repositories/11
  response:
    body:
      string: '  {"ostree_branches":[],"relative_path":"Test_Organization/Library/custom/Test_Product/just_a_test_repo2","promoted":false,"content_view_version_id":6,"library_instance_id":null,"organization":{"name":"Test
        Organization","label":"Test_Organization","id":7},"created_at":"2020-01-10
        09:24:02 UTC","updated_at":"2020-01-10 09:24:05 UTC","backend_identifier":"5f52a4c3-f346-472e-a483-a9ed4342098c","container_repository_name":null,"full_path":"http://centos7-katello-3-14.tux17.example.com/pulp/repos/Test_Organization/Library/custom/Test_Product/just_a_test_repo2/","id":11,"name":"Test
        Repository 2","label":"just_a_test_repo2","description":null,"last_sync":null,"content_view":{"id":6,"name":"Default
        Organization View"},"content_type":"yum","url":"https://repos.fedorapeople.org/pulp/pulp/demo_repos/zoo/","arch":"noarch","content_id":"1578648243023","major":null,"minor":null,"product":{"id":12,"cp_id":"418023532283","name":"Test
        Product","orphaned":false,"redhat":false,"sync_plan":null},"content_label":"Test_Organization_Test_Product_just_a_test_repo2","content_counts":{"ostree_branch":0,"docker_manifest":0,"docker_manifest_list":0,"docker_tag":0,"rpm":0,"srpm":0,"package":0,"package_group":0,"erratum":0,"puppet_module":0,"file":0,"deb":0,"module_stream":0,"ansible_collection":0},"last_sync_words":null,"environment":{"id":6,"registry_unauthenticated_pull":false},"docker_upstream_name":null,"docker_tags_whitelist":null,"mirror_on_sync":true,"verify_ssl_on_sync":true,"unprotected":true,"checksum_type":null,"download_policy":"immediate","ansible_collection_requirements":null,"gpg_key_id":12,"ssl_ca_cert_id":13,"ssl_client_cert_id":13,"ssl_client_key_id":13,"upstream_username":null,"ostree_upstream_sync_policy":null,"ostree_upstream_sync_depth":null,"computed_ostree_upstream_sync_depth":0,"deb_releases":null,"deb_components":null,"deb_architectures":null,"http_proxy_policy":"global_default_http_proxy","http_proxy_id":null,"ignorable_content":null,"gpg_key":{"id":12,"name":"Test
        GPG key"},"http_proxy":{"id":null,"name":null},"ssl_ca_cert":{"id":13,"name":"Test
        SSL Cert"},"ssl_client_cert":{"id":13,"name":"Test SSL Cert"},"ssl_client_key":{"id":13,"name":"Test
        SSL Cert"},"permissions":{"deletable":true},"upstream_password_exists":false,"upstream_auth_exists":false}

        '
    headers:
      Cache-Control:
      - max-age=0, private, must-revalidate
      Connection:
      - Keep-Alive
      Content-Security-Policy:
      - 'default-src ''self''; child-src ''self''; connect-src ''self'' ws: wss:;
        img-src ''self'' data: *.gravatar.com; script-src ''unsafe-eval'' ''unsafe-inline''
        ''self''; style-src ''unsafe-inline'' ''self'''
      Content-Type:
      - application/json; charset=utf-8
      Date:
      - Fri, 10 Jan 2020 09:24:05 GMT
      ETag:
      - W/"8a5aa7b168599d9a255f12a469355a73-gzip"
      Foreman_api_version:
      - '2'
      Foreman_current_location:
      - ; ANY
      Foreman_current_organization:
      - ; ANY
      Foreman_version:
      - 1.24.0
      Keep-Alive:
      - timeout=5, max=9995
      Server:
      - Apache
      Set-Cookie:
      - request_method=PUT; path=/; secure; HttpOnly; SameSite=Lax
      Status:
      - 200 OK
      Strict-Transport-Security:
      - max-age=631139040; includeSubdomains
      Vary:
      - Accept-Encoding
      X-Content-Type-Options:
      - nosniff
      X-Download-Options:
      - noopen
      X-Frame-Options:
      - sameorigin
      X-Permitted-Cross-Domain-Policies:
      - none
      X-Powered-By:
      - Phusion Passenger 4.0.53
      X-Request-Id:
      - 2f05454d-6174-4c4d-b6a9-77bfd50d439e
      X-Runtime:
      - '1.283656'
      X-XSS-Protection:
      - 1; mode=block
      content-length:
      - '2291'
    status:
      code: 200
      message: OK
version: 1
