interactions:
- request:
    body: null
    headers:
      Accept: [application/json;version=2]
    method: GET
    uri: https://centos7-foreman-1-22/api/status
  response:
    body: {string: !!python/unicode '{"result":"ok","status":200,"version":"1.22.0-RC2","api_version":2}'}
    headers:
      apipie-checksum: [9f3fe04d3a1b506370bbd7924e81c1ffa9070904]
      cache-control: ['max-age=0, private, must-revalidate']
      content-length: ['67']
      content-security-policy: ['default-src ''self''; child-src ''self''; connect-src
          ''self'' ws: wss:; img-src ''self'' data: *.gravatar.com; script-src ''unsafe-eval''
          ''unsafe-inline'' ''self''; style-src ''unsafe-inline'' ''self''']
      content-type: [application/json; charset=utf-8]
      date: ['Fri, 12 Jul 2019 12:25:25 GMT']
      etag: [W/"a15604a8fd6a96137136604ae49efef3"]
      foreman_api_version: ['2']
      foreman_version: [1.22.0-RC2]
      server: [Apache]
      set-cookie: [_session_id=821b2fc893a3d61820084c6d7c60c8c0; path=/; secure; HttpOnly;
          SameSite=Lax]
      status: [200 OK]
      strict-transport-security: [max-age=631139040; includeSubdomains]
      x-content-type-options: [nosniff]
      x-download-options: [noopen]
      x-frame-options: [sameorigin]
      x-permitted-cross-domain-policies: [none]
      x-powered-by: [Phusion Passenger 4.0.53]
      x-request-id: [fc4a2027-11f9-4d7f-9148-10ff74322728]
      x-runtime: ['0.030769']
      x-xss-protection: [1; mode=block]
    status: {code: 200, message: OK}
- request:
    body: null
    headers:
      Accept: [application/json;version=2]
      Cookie: [_session_id=821b2fc893a3d61820084c6d7c60c8c0]
    method: GET
    uri: https://centos7-foreman-1-22/api/roles?per_page=4294967296&search=name%3D%22test%22&thin=True
  response:
    body: {string: !!python/unicode "{\n  \"total\": 12,\n  \"subtotal\": 1,\n  \"page\":
        1,\n  \"per_page\": 4294967296,\n  \"search\": \"name=\\\"test\\\"\",\n  \"sort\":
        {\n    \"by\": \"name\",\n    \"order\": \"ASC\"\n  },\n  \"results\": [{\"builtin\":0,\"cloned_from_id\":null,\"name\":\"test\",\"id\":13,\"description\":\"new
        description\",\"origin\":null}]\n}\n"}
    headers:
      apipie-checksum: [9f3fe04d3a1b506370bbd7924e81c1ffa9070904]
      cache-control: ['max-age=0, private, must-revalidate']
      content-security-policy: ['default-src ''self''; child-src ''self''; connect-src
          ''self'' ws: wss:; img-src ''self'' data: *.gravatar.com; script-src ''unsafe-eval''
          ''unsafe-inline'' ''self''; style-src ''unsafe-inline'' ''self''']
      content-type: [application/json; charset=utf-8]
      date: ['Fri, 12 Jul 2019 12:25:25 GMT']
      etag: [W/"8eda2705ae13536166434975c5004910"]
      foreman_api_version: ['2']
      foreman_version: [1.22.0-RC2]
      server: [Apache]
      status: [200 OK]
      strict-transport-security: [max-age=631139040; includeSubdomains]
      transfer-encoding: [chunked]
      vary: [Accept-Encoding]
      x-content-type-options: [nosniff]
      x-download-options: [noopen]
      x-frame-options: [sameorigin]
      x-permitted-cross-domain-policies: [none]
      x-powered-by: [Phusion Passenger 4.0.53]
      x-request-id: [3374f787-8163-4c7d-87f4-70d379f9b6cf]
      x-runtime: ['0.015004']
      x-xss-protection: [1; mode=block]
    status: {code: 200, message: OK}
- request:
    body: null
    headers:
      Accept: [application/json;version=2]
      Content-Length: ['0']
      Cookie: [_session_id=821b2fc893a3d61820084c6d7c60c8c0]
    method: DELETE
    uri: https://centos7-foreman-1-22/api/roles/13
  response:
    body: {string: !!python/unicode '{"id":13,"name":"test","builtin":0,"description":"new
        description","origin":null,"cloned_from_id":null}'}
    headers:
      apipie-checksum: [9f3fe04d3a1b506370bbd7924e81c1ffa9070904]
      cache-control: ['max-age=0, private, must-revalidate']
      content-security-policy: ['default-src ''self''; child-src ''self''; connect-src
          ''self'' ws: wss:; img-src ''self'' data: *.gravatar.com; script-src ''unsafe-eval''
          ''unsafe-inline'' ''self''; style-src ''unsafe-inline'' ''self''']
      content-type: [application/json; charset=utf-8]
      date: ['Fri, 12 Jul 2019 12:25:25 GMT']
      etag: [W/"a368c607dd0bdef7deb66b360317383f"]
      foreman_api_version: ['2']
      foreman_version: [1.22.0-RC2]
      server: [Apache]
      set-cookie: [request_method=DELETE; path=/; secure; HttpOnly; SameSite=Lax]
      status: [200 OK]
      strict-transport-security: [max-age=631139040; includeSubdomains]
      transfer-encoding: [chunked]
      vary: [Accept-Encoding]
      x-content-type-options: [nosniff]
      x-download-options: [noopen]
      x-frame-options: [sameorigin]
      x-permitted-cross-domain-policies: [none]
      x-powered-by: [Phusion Passenger 4.0.53]
      x-request-id: [bbaede01-3eb8-433c-a746-6198e8f6276a]
      x-runtime: ['0.038359']
      x-xss-protection: [1; mode=block]
    status: {code: 200, message: OK}
version: 1
