interactions:
- request:
    body: null
    headers:
      Accept:
      - application/json;version=2
    method: GET
    uri: https://127.0.0.1:4433/api/status
  response:
    body:
      string: '{"result":"ok","status":200,"version":"1.22.1","api_version":2}'
    headers:
      Cache-Control:
      - max-age=0, private, must-revalidate
      Content-Length:
      - '63'
      Content-Security-Policy:
      - 'default-src ''self''; child-src ''self''; connect-src ''self'' ws: wss:;
        img-src ''self'' data: *.gravatar.com; script-src ''unsafe-eval'' ''unsafe-inline''
        ''self''; style-src ''unsafe-inline'' ''self'''
      Content-Type:
      - application/json; charset=utf-8
      Date:
      - Sat, 19 Oct 2019 03:58:57 GMT
      ETag:
      - W/"7462024e111aafa1fe0b7de16a6757f0"
      Foreman_api_version:
      - '2'
      Foreman_version:
      - 1.22.1
      Server:
      - Apache
      Set-Cookie:
      - _session_id=77fcd89cdb63f793efef9159baeaf481; path=/; secure; HttpOnly; SameSite=Lax
      Status:
      - 200 OK
      Strict-Transport-Security:
      - max-age=631139040; includeSubdomains
      X-Content-Type-Options:
      - nosniff
      X-Download-Options:
      - noopen
      X-Frame-Options:
      - sameorigin
      X-Permitted-Cross-Domain-Policies:
      - none
      X-Powered-By:
      - Phusion Passenger 4.0.53
      X-Request-Id:
      - 6454a092-a629-46d1-baed-c6cde6bdc0d6
      X-Runtime:
      - '0.085341'
      X-XSS-Protection:
      - 1; mode=block
    status:
      code: 200
      message: OK
- request:
    body: null
    headers:
      Accept:
      - application/json;version=2
      Cookie:
      - _session_id=77fcd89cdb63f793efef9159baeaf481
    method: GET
    uri: https://127.0.0.1:4433/api/roles?search=name%3D%22test%22&per_page=4294967296
  response:
    body:
      string: "{\n  \"total\": 18,\n  \"subtotal\": 1,\n  \"page\": 1,\n  \"per_page\"\
        : 4294967296,\n  \"search\": \"name=\\\"test\\\"\",\n  \"sort\": {\n    \"\
        by\": \"name\",\n    \"order\": \"ASC\"\n  },\n  \"results\": [{\"builtin\"\
        :0,\"cloned_from_id\":null,\"name\":\"test\",\"id\":39,\"description\":\"\
        test role\",\"origin\":null}]\n}\n"
    headers:
      Cache-Control:
      - max-age=0, private, must-revalidate
      Content-Security-Policy:
      - 'default-src ''self''; child-src ''self''; connect-src ''self'' ws: wss:;
        img-src ''self'' data: *.gravatar.com; script-src ''unsafe-eval'' ''unsafe-inline''
        ''self''; style-src ''unsafe-inline'' ''self'''
      Content-Type:
      - application/json; charset=utf-8
      Date:
      - Sat, 19 Oct 2019 03:58:57 GMT
      ETag:
      - W/"0859631137cdb71777c1b46a715113a0"
      Foreman_api_version:
      - '2'
      Foreman_version:
      - 1.22.1
      Server:
      - Apache
      Status:
      - 200 OK
      Strict-Transport-Security:
      - max-age=631139040; includeSubdomains
      Transfer-Encoding:
      - chunked
      Vary:
      - Accept-Encoding
      X-Content-Type-Options:
      - nosniff
      X-Download-Options:
      - noopen
      X-Frame-Options:
      - sameorigin
      X-Permitted-Cross-Domain-Policies:
      - none
      X-Powered-By:
      - Phusion Passenger 4.0.53
      X-Request-Id:
      - 93f8c65b-3da5-4319-9193-6f444c24df6b
      X-Runtime:
      - '0.054488'
      X-XSS-Protection:
      - 1; mode=block
    status:
      code: 200
      message: OK
- request:
    body: null
    headers:
      Accept:
      - application/json;version=2
      Cookie:
      - _session_id=77fcd89cdb63f793efef9159baeaf481
    method: GET
    uri: https://127.0.0.1:4433/api/roles/39
  response:
    body:
      string: '{"builtin":0,"cloned_from_id":null,"name":"test","id":39,"description":"test
        role","origin":null,"filters":[{"id":355}],"locations":[{"id":32,"name":"Test
        Location","title":"Test Location","description":null}],"organizations":[{"id":33,"name":"Test
        Organization","title":"Test Organization","description":"A test organization"}]}'
    headers:
      Cache-Control:
      - max-age=0, private, must-revalidate
      Content-Security-Policy:
      - 'default-src ''self''; child-src ''self''; connect-src ''self'' ws: wss:;
        img-src ''self'' data: *.gravatar.com; script-src ''unsafe-eval'' ''unsafe-inline''
        ''self''; style-src ''unsafe-inline'' ''self'''
      Content-Type:
      - application/json; charset=utf-8
      Date:
      - Sat, 19 Oct 2019 03:58:57 GMT
      ETag:
      - W/"cb7a0dc1185144ab53601b3b7386033d"
      Foreman_api_version:
      - '2'
      Foreman_version:
      - 1.22.1
      Server:
      - Apache
      Status:
      - 200 OK
      Strict-Transport-Security:
      - max-age=631139040; includeSubdomains
      Transfer-Encoding:
      - chunked
      Vary:
      - Accept-Encoding
      X-Content-Type-Options:
      - nosniff
      X-Download-Options:
      - noopen
      X-Frame-Options:
      - sameorigin
      X-Permitted-Cross-Domain-Policies:
      - none
      X-Powered-By:
      - Phusion Passenger 4.0.53
      X-Request-Id:
      - aeccfdae-907f-4ff4-9457-37e638c49024
      X-Runtime:
      - '0.069558'
      X-XSS-Protection:
      - 1; mode=block
    status:
      code: 200
      message: OK
- request:
    body: null
    headers:
      Accept:
      - application/json;version=2
      Cookie:
      - _session_id=77fcd89cdb63f793efef9159baeaf481
    method: GET
    uri: https://127.0.0.1:4433/api/locations?search=title%3D%22Test+Location%22&per_page=4294967296
  response:
    body:
      string: "{\n  \"total\": 3,\n  \"subtotal\": 1,\n  \"page\": 1,\n  \"per_page\"\
        : 4294967296,\n  \"search\": \"title=\\\"Test Location\\\"\",\n  \"sort\"\
        : {\n    \"by\": null,\n    \"order\": null\n  },\n  \"results\": [{\"ancestry\"\
        :null,\"parent_id\":null,\"parent_name\":null,\"created_at\":\"2019-10-19\
        \ 03:55:36 UTC\",\"updated_at\":\"2019-10-19 03:55:36 UTC\",\"id\":32,\"name\"\
        :\"Test Location\",\"title\":\"Test Location\",\"description\":null}]\n}\n"
    headers:
      Cache-Control:
      - max-age=0, private, must-revalidate
      Content-Security-Policy:
      - 'default-src ''self''; child-src ''self''; connect-src ''self'' ws: wss:;
        img-src ''self'' data: *.gravatar.com; script-src ''unsafe-eval'' ''unsafe-inline''
        ''self''; style-src ''unsafe-inline'' ''self'''
      Content-Type:
      - application/json; charset=utf-8
      Date:
      - Sat, 19 Oct 2019 03:58:57 GMT
      ETag:
      - W/"490aea8f7ca4db0f379b2f57e5ebee46"
      Foreman_api_version:
      - '2'
      Foreman_version:
      - 1.22.1
      Server:
      - Apache
      Status:
      - 200 OK
      Strict-Transport-Security:
      - max-age=631139040; includeSubdomains
      Transfer-Encoding:
      - chunked
      Vary:
      - Accept-Encoding
      X-Content-Type-Options:
      - nosniff
      X-Download-Options:
      - noopen
      X-Frame-Options:
      - sameorigin
      X-Permitted-Cross-Domain-Policies:
      - none
      X-Powered-By:
      - Phusion Passenger 4.0.53
      X-Request-Id:
      - 262636b9-6133-48fd-9bae-8927e2551366
      X-Runtime:
      - '0.056249'
      X-XSS-Protection:
      - 1; mode=block
    status:
      code: 200
      message: OK
- request:
    body: null
    headers:
      Accept:
      - application/json;version=2
      Cookie:
      - _session_id=77fcd89cdb63f793efef9159baeaf481
    method: GET
    uri: https://127.0.0.1:4433/api/organizations?search=name%3D%22Test+Organization%22&per_page=4294967296
  response:
    body:
      string: "{\n  \"total\": 2,\n  \"subtotal\": 1,\n  \"page\": 1,\n  \"per_page\"\
        : 4294967296,\n  \"search\": \"name=\\\"Test Organization\\\"\",\n  \"sort\"\
        : {\n    \"by\": null,\n    \"order\": null\n  },\n  \"results\": [{\"ancestry\"\
        :null,\"parent_id\":null,\"parent_name\":null,\"created_at\":\"2019-10-19\
        \ 03:55:40 UTC\",\"updated_at\":\"2019-10-19 03:55:40 UTC\",\"id\":33,\"name\"\
        :\"Test Organization\",\"title\":\"Test Organization\",\"description\":\"\
        A test organization\"}]\n}\n"
    headers:
      Cache-Control:
      - max-age=0, private, must-revalidate
      Content-Security-Policy:
      - 'default-src ''self''; child-src ''self''; connect-src ''self'' ws: wss:;
        img-src ''self'' data: *.gravatar.com; script-src ''unsafe-eval'' ''unsafe-inline''
        ''self''; style-src ''unsafe-inline'' ''self'''
      Content-Type:
      - application/json; charset=utf-8
      Date:
      - Sat, 19 Oct 2019 03:58:57 GMT
      ETag:
      - W/"933514c61ec7f1b990a79d064c1932dd"
      Foreman_api_version:
      - '2'
      Foreman_version:
      - 1.22.1
      Server:
      - Apache
      Status:
      - 200 OK
      Strict-Transport-Security:
      - max-age=631139040; includeSubdomains
      Transfer-Encoding:
      - chunked
      Vary:
      - Accept-Encoding
      X-Content-Type-Options:
      - nosniff
      X-Download-Options:
      - noopen
      X-Frame-Options:
      - sameorigin
      X-Permitted-Cross-Domain-Policies:
      - none
      X-Powered-By:
      - Phusion Passenger 4.0.53
      X-Request-Id:
      - c53ca15f-1446-48d2-b222-0458fbcb2b3a
      X-Runtime:
      - '0.050411'
      X-XSS-Protection:
      - 1; mode=block
    status:
      code: 200
      message: OK
- request:
    body: '{"role": {"description": "new description"}}'
    headers:
      Accept:
      - application/json;version=2
      Content-Length:
      - '44'
      Content-Type:
      - application/json
      Cookie:
      - _session_id=77fcd89cdb63f793efef9159baeaf481
    method: PUT
    uri: https://127.0.0.1:4433/api/roles/39
  response:
    body:
      string: '{"builtin":0,"cloned_from_id":null,"name":"test","id":39,"description":"new
        description","origin":null,"filters":[{"id":355}],"locations":[{"id":32,"name":"Test
        Location","title":"Test Location","description":null}],"organizations":[{"id":33,"name":"Test
        Organization","title":"Test Organization","description":"A test organization"}]}'
    headers:
      Cache-Control:
      - max-age=0, private, must-revalidate
      Content-Security-Policy:
      - 'default-src ''self''; child-src ''self''; connect-src ''self'' ws: wss:;
        img-src ''self'' data: *.gravatar.com; script-src ''unsafe-eval'' ''unsafe-inline''
        ''self''; style-src ''unsafe-inline'' ''self'''
      Content-Type:
      - application/json; charset=utf-8
      Date:
      - Sat, 19 Oct 2019 03:58:57 GMT
      ETag:
      - W/"d3654ff617581870ce6c493b6e90565a"
      Foreman_api_version:
      - '2'
      Foreman_version:
      - 1.22.1
      Server:
      - Apache
      Set-Cookie:
      - request_method=PUT; path=/; secure; HttpOnly; SameSite=Lax
      Status:
      - 200 OK
      Strict-Transport-Security:
      - max-age=631139040; includeSubdomains
      Transfer-Encoding:
      - chunked
      Vary:
      - Accept-Encoding
      X-Content-Type-Options:
      - nosniff
      X-Download-Options:
      - noopen
      X-Frame-Options:
      - sameorigin
      X-Permitted-Cross-Domain-Policies:
      - none
      X-Powered-By:
      - Phusion Passenger 4.0.53
      X-Request-Id:
      - 4a486706-c98d-4c6f-9f67-3e8af93dd94a
      X-Runtime:
      - '0.211889'
      X-XSS-Protection:
      - 1; mode=block
    status:
      code: 200
      message: OK
version: 1
