interactions:
- request:
    body: null
    headers:
      Accept: [application/json;version=2]
    method: GET
    uri: https://centos7-foreman-1-22/api/status
  response:
    body: {string: !!python/unicode '{"result":"ok","status":200,"version":"1.22.0-RC2","api_version":2}'}
    headers:
      apipie-checksum: [9f3fe04d3a1b506370bbd7924e81c1ffa9070904]
      cache-control: ['max-age=0, private, must-revalidate']
      content-length: ['67']
      content-security-policy: ['default-src ''self''; child-src ''self''; connect-src
          ''self'' ws: wss:; img-src ''self'' data: *.gravatar.com; script-src ''unsafe-eval''
          ''unsafe-inline'' ''self''; style-src ''unsafe-inline'' ''self''']
      content-type: [application/json; charset=utf-8]
      date: ['Fri, 12 Jul 2019 12:25:23 GMT']
      etag: [W/"a15604a8fd6a96137136604ae49efef3"]
      foreman_api_version: ['2']
      foreman_version: [1.22.0-RC2]
      server: [Apache]
      set-cookie: [_session_id=bb3dc6da52ef7bb2f0e01d1aea819792; path=/; secure; HttpOnly;
          SameSite=Lax]
      status: [200 OK]
      strict-transport-security: [max-age=631139040; includeSubdomains]
      x-content-type-options: [nosniff]
      x-download-options: [noopen]
      x-frame-options: [sameorigin]
      x-permitted-cross-domain-policies: [none]
      x-powered-by: [Phusion Passenger 4.0.53]
      x-request-id: [d180563f-521e-41a5-b2e8-74e605883d0e]
      x-runtime: ['0.030033']
      x-xss-protection: [1; mode=block]
    status: {code: 200, message: OK}
- request:
    body: null
    headers:
      Accept: [application/json;version=2]
      Cookie: [_session_id=bb3dc6da52ef7bb2f0e01d1aea819792]
    method: GET
    uri: https://centos7-foreman-1-22/api/roles?per_page=4294967296&search=name%3D%22test%22&thin=False
  response:
    body: {string: !!python/unicode "{\n  \"total\": 11,\n  \"subtotal\": 0,\n  \"page\":
        1,\n  \"per_page\": 4294967296,\n  \"search\": \"name=\\\"test\\\"\",\n  \"sort\":
        {\n    \"by\": \"name\",\n    \"order\": \"ASC\"\n  },\n  \"results\": []\n}\n"}
    headers:
      apipie-checksum: [9f3fe04d3a1b506370bbd7924e81c1ffa9070904]
      cache-control: ['max-age=0, private, must-revalidate']
      content-security-policy: ['default-src ''self''; child-src ''self''; connect-src
          ''self'' ws: wss:; img-src ''self'' data: *.gravatar.com; script-src ''unsafe-eval''
          ''unsafe-inline'' ''self''; style-src ''unsafe-inline'' ''self''']
      content-type: [application/json; charset=utf-8]
      date: ['Fri, 12 Jul 2019 12:25:23 GMT']
      etag: [W/"fc4c56247724a5729620260e28e238dc"]
      foreman_api_version: ['2']
      foreman_version: [1.22.0-RC2]
      server: [Apache]
      status: [200 OK]
      strict-transport-security: [max-age=631139040; includeSubdomains]
      transfer-encoding: [chunked]
      vary: [Accept-Encoding]
      x-content-type-options: [nosniff]
      x-download-options: [noopen]
      x-frame-options: [sameorigin]
      x-permitted-cross-domain-policies: [none]
      x-powered-by: [Phusion Passenger 4.0.53]
      x-request-id: [53e9e4d7-069c-4476-a06b-f2c44e0b9cd7]
      x-runtime: ['0.017591']
      x-xss-protection: [1; mode=block]
    status: {code: 200, message: OK}
- request:
    body: null
    headers:
      Accept: [application/json;version=2]
      Cookie: [_session_id=bb3dc6da52ef7bb2f0e01d1aea819792]
    method: GET
    uri: https://centos7-foreman-1-22/api/locations?per_page=4294967296&search=title%3D%22Test+Location%22&thin=True
  response:
    body: {string: !!python/unicode "{\n  \"total\": 2,\n  \"subtotal\": 1,\n  \"page\":
        1,\n  \"per_page\": 4294967296,\n  \"search\": \"title=\\\"Test Location\\\"\",\n
        \ \"sort\": {\n    \"by\": null,\n    \"order\": null\n  },\n  \"results\":
        [{\"ancestry\":null,\"parent_id\":null,\"parent_name\":null,\"created_at\":\"2019-07-12
        12:25:21 UTC\",\"updated_at\":\"2019-07-12 12:25:21 UTC\",\"id\":127,\"name\":\"Test
        Location\",\"title\":\"Test Location\",\"description\":null}]\n}\n"}
    headers:
      apipie-checksum: [9f3fe04d3a1b506370bbd7924e81c1ffa9070904]
      cache-control: ['max-age=0, private, must-revalidate']
      content-security-policy: ['default-src ''self''; child-src ''self''; connect-src
          ''self'' ws: wss:; img-src ''self'' data: *.gravatar.com; script-src ''unsafe-eval''
          ''unsafe-inline'' ''self''; style-src ''unsafe-inline'' ''self''']
      content-type: [application/json; charset=utf-8]
      date: ['Fri, 12 Jul 2019 12:25:23 GMT']
      etag: [W/"7376c85915fb700437ca9ae4e9052f31"]
      foreman_api_version: ['2']
      foreman_version: [1.22.0-RC2]
      server: [Apache]
      status: [200 OK]
      strict-transport-security: [max-age=631139040; includeSubdomains]
      transfer-encoding: [chunked]
      vary: [Accept-Encoding]
      x-content-type-options: [nosniff]
      x-download-options: [noopen]
      x-frame-options: [sameorigin]
      x-permitted-cross-domain-policies: [none]
      x-powered-by: [Phusion Passenger 4.0.53]
      x-request-id: [e145f855-80b0-4ff0-afbf-cf8c95ed7844]
      x-runtime: ['0.014490']
      x-xss-protection: [1; mode=block]
    status: {code: 200, message: OK}
- request:
    body: null
    headers:
      Accept: [application/json;version=2]
      Cookie: [_session_id=bb3dc6da52ef7bb2f0e01d1aea819792]
    method: GET
    uri: https://centos7-foreman-1-22/api/organizations?per_page=4294967296&search=name%3D%22Test+Organization%22&thin=True
  response:
    body: {string: !!python/unicode "{\n  \"total\": 2,\n  \"subtotal\": 1,\n  \"page\":
        1,\n  \"per_page\": 4294967296,\n  \"search\": \"name=\\\"Test Organization\\\"\",\n
        \ \"sort\": {\n    \"by\": null,\n    \"order\": null\n  },\n  \"results\":
        [{\"ancestry\":null,\"parent_id\":null,\"parent_name\":null,\"created_at\":\"2019-07-12
        12:25:22 UTC\",\"updated_at\":\"2019-07-12 12:25:22 UTC\",\"id\":128,\"name\":\"Test
        Organization\",\"title\":\"Test Organization\",\"description\":\"A test organization\"}]\n}\n"}
    headers:
      apipie-checksum: [9f3fe04d3a1b506370bbd7924e81c1ffa9070904]
      cache-control: ['max-age=0, private, must-revalidate']
      content-security-policy: ['default-src ''self''; child-src ''self''; connect-src
          ''self'' ws: wss:; img-src ''self'' data: *.gravatar.com; script-src ''unsafe-eval''
          ''unsafe-inline'' ''self''; style-src ''unsafe-inline'' ''self''']
      content-type: [application/json; charset=utf-8]
      date: ['Fri, 12 Jul 2019 12:25:23 GMT']
      etag: [W/"960ee90c08ce17d084cde928291e008a"]
      foreman_api_version: ['2']
      foreman_version: [1.22.0-RC2]
      server: [Apache]
      status: [200 OK]
      strict-transport-security: [max-age=631139040; includeSubdomains]
      transfer-encoding: [chunked]
      vary: [Accept-Encoding]
      x-content-type-options: [nosniff]
      x-download-options: [noopen]
      x-frame-options: [sameorigin]
      x-permitted-cross-domain-policies: [none]
      x-powered-by: [Phusion Passenger 4.0.53]
      x-request-id: [b006d250-d455-4a9b-806e-542cb3061d58]
      x-runtime: ['0.013847']
      x-xss-protection: [1; mode=block]
    status: {code: 200, message: OK}
- request:
    body: !!python/unicode '{"role": {"location_ids": [127], "name": "test", "organization_ids":
      [128], "description": "test role"}}'
    headers:
      Accept: [application/json;version=2]
      Content-Length: ['104']
      Content-Type: [application/json]
      Cookie: [_session_id=bb3dc6da52ef7bb2f0e01d1aea819792]
    method: POST
    uri: https://centos7-foreman-1-22/api/roles
  response:
    body: {string: !!python/unicode '{"builtin":0,"cloned_from_id":null,"name":"test","id":13,"description":"test
        role","origin":null,"filters":[],"locations":[{"id":127,"name":"Test Location","title":"Test
        Location","description":null}],"organizations":[{"id":128,"name":"Test Organization","title":"Test
        Organization","description":"A test organization"}]}'}
    headers:
      apipie-checksum: [9f3fe04d3a1b506370bbd7924e81c1ffa9070904]
      cache-control: ['max-age=0, private, must-revalidate']
      content-security-policy: ['default-src ''self''; child-src ''self''; connect-src
          ''self'' ws: wss:; img-src ''self'' data: *.gravatar.com; script-src ''unsafe-eval''
          ''unsafe-inline'' ''self''; style-src ''unsafe-inline'' ''self''']
      content-type: [application/json; charset=utf-8]
      date: ['Fri, 12 Jul 2019 12:25:23 GMT']
      etag: [W/"44170c237ea715fe3540368a932574b5"]
      foreman_api_version: ['2']
      foreman_version: [1.22.0-RC2]
      server: [Apache]
      set-cookie: [request_method=POST; path=/; secure; HttpOnly; SameSite=Lax]
      status: [201 Created]
      strict-transport-security: [max-age=631139040; includeSubdomains]
      transfer-encoding: [chunked]
      x-content-type-options: [nosniff]
      x-download-options: [noopen]
      x-frame-options: [sameorigin]
      x-permitted-cross-domain-policies: [none]
      x-powered-by: [Phusion Passenger 4.0.53]
      x-request-id: [b3348e85-b277-4190-8709-6d90f0ab636f]
      x-runtime: ['0.062922']
      x-xss-protection: [1; mode=block]
    status: {code: 201, message: Created}
version: 1
