interactions:
- request:
    body: null
    headers:
      Accept:
      - application/json;version=2
      Accept-Encoding:
      - gzip, deflate
      Connection:
      - keep-alive
      User-Agent:
      - apypie (https://github.com/Apipie/apypie)
    method: GET
    uri: https://foreman.example.org/api/status
  response:
    body:
      string: '{"result":"ok","status":200,"version":"1.24.2","api_version":2}'
    headers:
      Cache-Control:
      - max-age=0, private, must-revalidate
      Connection:
      - Keep-Alive
      Content-Length:
      - '63'
      Content-Security-Policy:
      - 'default-src ''self''; child-src ''self''; connect-src ''self'' ws: wss:;
        img-src ''self'' data: *.gravatar.com; script-src ''unsafe-eval'' ''unsafe-inline''
        ''self''; style-src ''unsafe-inline'' ''self'''
      Content-Type:
      - application/json; charset=utf-8
      Date:
      - Thu, 26 Mar 2020 19:23:53 GMT
      ETag:
      - W/"39b73f2292fd196be82f6d5e7da4a321"
      Foreman_api_version:
      - '2'
      Foreman_current_location:
      - ; ANY
      Foreman_current_organization:
      - ; ANY
      Foreman_version:
      - 1.24.2
      Keep-Alive:
      - timeout=5, max=10000
      Server:
      - Apache
      Set-Cookie:
      - _session_id=7d5e9c345c6c21be8d014bc1500fe814; path=/; secure; HttpOnly; SameSite=Lax
      Status:
      - 200 OK
      Strict-Transport-Security:
      - max-age=631139040; includeSubdomains
      X-Content-Type-Options:
      - nosniff
      X-Download-Options:
      - noopen
      X-Frame-Options:
      - sameorigin
      X-Permitted-Cross-Domain-Policies:
      - none
      X-Powered-By:
      - Phusion Passenger 4.0.53
      X-Request-Id:
      - 17186901-df40-4fb8-aea9-7e6687e47a37
      X-Runtime:
      - '0.129486'
      X-XSS-Protection:
      - 1; mode=block
    status:
      code: 200
      message: OK
- request:
    body: null
    headers:
      Accept:
      - application/json;version=2
      Accept-Encoding:
      - gzip, deflate
      Connection:
      - keep-alive
      Cookie:
      - _session_id=7d5e9c345c6c21be8d014bc1500fe814
      User-Agent:
      - apypie (https://github.com/Apipie/apypie)
    method: GET
    uri: https://foreman.example.org/api/compliance/tailoring_files?search=name%3D%22updated_scap_tailoring_file_name%22&per_page=4294967296
  response:
    body:
      string: "{\n  \"total\": 1,\n  \"subtotal\": 1,\n  \"page\": 1,\n  \"per_page\"\
        : 4294967296,\n  \"search\": \"name=\\\"updated_scap_tailoring_file_name\\\"\"\
        ,\n  \"sort\": {\n    \"by\": null,\n    \"order\": null\n  },\n  \"results\"\
        : [{\"created_at\":\"2020-03-26 19:23:50 UTC\",\"updated_at\":\"2020-03-26\
        \ 19:23:51 UTC\",\"id\":1,\"name\":\"updated_scap_tailoring_file_name\",\"original_filename\"\
        :\"updated_scap_file_name.xml\",\"digest\":\"aee87964df5292740fbad9887775d370f42f9e99db5a109cd559880b689328c9\"\
        ,\"organizations\":[{\"id\":26,\"name\":\"Test Organization\",\"title\":\"\
        Test Organization\"}],\"locations\":[{\"id\":27,\"name\":\"Test Location\"\
        ,\"title\":\"Test Location\"}]}]\n}\n"
    headers:
      Cache-Control:
      - max-age=0, private, must-revalidate
      Connection:
      - Keep-Alive
      Content-Security-Policy:
      - 'default-src ''self''; child-src ''self''; connect-src ''self'' ws: wss:;
        img-src ''self'' data: *.gravatar.com; script-src ''unsafe-eval'' ''unsafe-inline''
        ''self''; style-src ''unsafe-inline'' ''self'''
      Content-Type:
      - application/json; charset=utf-8
      Date:
      - Thu, 26 Mar 2020 19:23:54 GMT
      ETag:
      - W/"b813899bcc9263a9d6fe8443f971cd77-gzip"
      Foreman_api_version:
      - '2'
      Foreman_current_location:
      - ; ANY
      Foreman_current_organization:
      - ; ANY
      Foreman_version:
      - 1.24.2
      Keep-Alive:
      - timeout=5, max=9999
      Server:
      - Apache
      Status:
      - 200 OK
      Strict-Transport-Security:
      - max-age=631139040; includeSubdomains
      Vary:
      - Accept-Encoding
      X-Content-Type-Options:
      - nosniff
      X-Download-Options:
      - noopen
      X-Frame-Options:
      - sameorigin
      X-Permitted-Cross-Domain-Policies:
      - none
      X-Powered-By:
      - Phusion Passenger 4.0.53
      X-Request-Id:
      - 21afe7b8-4ee3-4bec-83a1-f82ab08e8e3d
      X-Runtime:
      - '0.032872'
      X-XSS-Protection:
      - 1; mode=block
      content-length:
      - '595'
    status:
      code: 200
      message: OK
- request:
    body: null
    headers:
      Accept:
      - application/json;version=2
      Accept-Encoding:
      - gzip, deflate
      Connection:
      - keep-alive
      Content-Length:
      - '0'
      Cookie:
      - _session_id=7d5e9c345c6c21be8d014bc1500fe814
      User-Agent:
      - apypie (https://github.com/Apipie/apypie)
    method: DELETE
    uri: https://foreman.example.org/api/compliance/tailoring_files/1
  response:
    body:
      string: '{"id":1,"name":"updated_scap_tailoring_file_name","scap_file":"\u003c?xml
        version=\"1.0\" encoding=\"UTF-8\"?\u003e\n\u003cxccdf:Tailoring xmlns:xccdf=\"http://checklists.nist.gov/xccdf/1.2\"
        id=\"xccdf_scap-workbench_tailoring_default\"\u003e\n  \u003cxccdf:benchmark
        href=\"/tmp/scap-workbench-nlKqUD/ssg-firefox-ds.xml\"/\u003e\n  \u003cxccdf:version
        time=\"2020-03-26T20:20:49\"\u003e1\u003c/xccdf:version\u003e\n  \u003cxccdf:Profile
        id=\"xccdf_org.theforeman_profile_fam_test_fixtures\" extends=\"xccdf_org.ssgproject.content_profile_stig\"\u003e\n    \u003cxccdf:title
        xmlns:xhtml=\"http://www.w3.org/1999/xhtml\" xml:lang=\"en-US\" override=\"true\"\u003eUpstream
        Firefox STIG [CUSTOMIZED]\u003c/xccdf:title\u003e\n    \u003cxccdf:description
        xmlns:xhtml=\"http://www.w3.org/1999/xhtml\" xml:lang=\"en-US\" override=\"true\"\u003eThis
        profile is developed under the DoD consensus model and DISA FSO Vendor STIG
        process,\nserving as the upstream development environment for the Firefox
        STIG.\n\nAs a result of the upstream/downstream relationship between the SCAP
        Security Guide project\nand the official DISA FSO STIG baseline, users should
        expect variance between SSG and DISA FSO content.\nFor official DISA FSO STIG
        content, refer to https://public.cyber.mil/stigs/downloads/?_dl_facet_stigs=app-security%2Cbrowser-guidance.\n\nWhile
        this profile is packaged by Red Hat as part of the SCAP Security Guide package,
        please note\nthat commercial support of this SCAP content is NOT available.
        This profile is provided as example\nSCAP content with no endorsement for
        suitability or production readiness. Support for this\nprofile is provided
        by the upstream SCAP Security Guide community on a best-effort basis. The\nupstream
        project homepage is https://www.open-scap.org/security-policies/scap-security-guide/.\u003c/xccdf:description\u003e\n    \u003cxccdf:select
        idref=\"xccdf_org.ssgproject.content_rule_firefox_preferences-home_page\"
        selected=\"false\"/\u003e\n  \u003c/xccdf:Profile\u003e\n\u003c/xccdf:Tailoring\u003e","original_filename":"updated_scap_file_name.xml","created_at":"2020-03-26T19:23:50.269Z","updated_at":"2020-03-26T19:23:51.967Z","digest":"aee87964df5292740fbad9887775d370f42f9e99db5a109cd559880b689328c9"}'
    headers:
      Cache-Control:
      - max-age=0, private, must-revalidate
      Connection:
      - Keep-Alive
      Content-Security-Policy:
      - 'default-src ''self''; child-src ''self''; connect-src ''self'' ws: wss:;
        img-src ''self'' data: *.gravatar.com; script-src ''unsafe-eval'' ''unsafe-inline''
        ''self''; style-src ''unsafe-inline'' ''self'''
      Content-Type:
      - application/json; charset=utf-8
      Date:
      - Thu, 26 Mar 2020 19:23:54 GMT
      ETag:
      - W/"eb40ad2278b68c5d32f33217bf9e0562-gzip"
      Foreman_api_version:
      - '2'
      Foreman_current_location:
      - ; ANY
      Foreman_current_organization:
      - ; ANY
      Foreman_version:
      - 1.24.2
      Keep-Alive:
      - timeout=5, max=9998
      Server:
      - Apache
      Set-Cookie:
      - request_method=DELETE; path=/; secure; HttpOnly; SameSite=Lax
      Status:
      - 200 OK
      Strict-Transport-Security:
      - max-age=631139040; includeSubdomains
      Vary:
      - Accept-Encoding
      X-Content-Type-Options:
      - nosniff
      X-Download-Options:
      - noopen
      X-Frame-Options:
      - sameorigin
      X-Permitted-Cross-Domain-Policies:
      - none
      X-Powered-By:
      - Phusion Passenger 4.0.53
      X-Request-Id:
      - 18893ec3-104d-49d3-9baf-7b7b32bfc1f7
      X-Runtime:
      - '0.059771'
      X-XSS-Protection:
      - 1; mode=block
      content-length:
      - '2235'
    status:
      code: 200
      message: OK
version: 1
