interactions:
- request:
    body: null
    headers:
      Accept:
      - application/json;version=2
      Accept-Encoding:
      - gzip, deflate
      Connection:
      - keep-alive
      User-Agent:
      - apypie (https://github.com/Apipie/apypie)
    method: GET
    uri: https://centos7-katello-devel/api/status
  response:
    body:
      string: '{"result":"ok","status":200,"version":"1.24.0-develop","api_version":2}'
    headers:
      Cache-Control:
      - max-age=0, private, must-revalidate
      Connection:
      - Keep-Alive
      Content-Security-Policy:
      - 'default-src ''self''; child-src ''self''; connect-src ''self'' ws: wss:;
        img-src ''self'' data: *.gravatar.com; script-src ''unsafe-eval'' ''unsafe-inline''
        ''self''; style-src ''unsafe-inline'' ''self'''
      Content-Type:
      - application/json; charset=utf-8
      Date:
      - Tue, 10 Dec 2019 10:54:42 GMT
      ETag:
      - W/"3f5599709463dcc7e904cd493ab8c362-gzip"
      Foreman_api_version:
      - '2'
      Foreman_current_location:
      - ; ANY
      Foreman_current_organization:
      - ; ANY
      Foreman_version:
      - 1.24.0-develop
      Keep-Alive:
      - timeout=15, max=100
      Server:
      - Apache
      Set-Cookie:
      - _session_id=baacb70841dbe25de4b8b1b34d397224; path=/; HttpOnly; secure; SameSite=Lax
      Strict-Transport-Security:
      - max-age=631139040; includeSubdomains
      Vary:
      - Accept-Encoding
      Via:
      - 1.1 centos7-katello-devel.manisha-lenovo-g50-80.example.com
      X-Content-Type-Options:
      - nosniff
      X-Download-Options:
      - noopen
      X-Frame-Options:
      - sameorigin
      X-Permitted-Cross-Domain-Policies:
      - none
      X-Request-Id:
      - 68cfdea8-3f4e-4267-82fe-13f4303bf35c
      X-Runtime:
      - '0.220216'
      X-XSS-Protection:
      - 1; mode=block
      content-length:
      - '71'
    status:
      code: 200
      message: OK
- request:
    body: null
    headers:
      Accept:
      - application/json;version=2
      Accept-Encoding:
      - gzip, deflate
      Connection:
      - keep-alive
      Cookie:
      - _session_id=baacb70841dbe25de4b8b1b34d397224
      User-Agent:
      - apypie (https://github.com/Apipie/apypie)
    method: GET
    uri: https://centos7-katello-devel/katello/api/organizations?search=name%3D%22Test+Organization%22&per_page=4294967296
  response:
    body:
      string: "{\n  \"total\": 2,\n  \"subtotal\": 1,\n  \"page\": 1,\n  \"per_page\"\
        : 4294967296,\n  \"search\": \"name=\\\"Test Organization\\\"\",\n  \"sort\"\
        : {\n    \"by\": null,\n    \"order\": null\n  },\n  \"results\": [{\"label\"\
        :\"Test_Organization\",\"created_at\":\"2019-12-10 10:54:34 UTC\",\"updated_at\"\
        :\"2019-12-10 10:54:34 UTC\",\"id\":14,\"name\":\"Test Organization\",\"title\"\
        :\"Test Organization\",\"description\":\"A test organization\"}]\n}\n"
    headers:
      Cache-Control:
      - max-age=0, private, must-revalidate
      Connection:
      - Keep-Alive
      Content-Security-Policy:
      - 'default-src ''self''; child-src ''self''; connect-src ''self'' ws: wss:;
        img-src ''self'' data: *.gravatar.com; script-src ''unsafe-eval'' ''unsafe-inline''
        ''self''; style-src ''unsafe-inline'' ''self'''
      Content-Type:
      - application/json; charset=utf-8
      Date:
      - Tue, 10 Dec 2019 10:54:42 GMT
      ETag:
      - W/"866e51fcaa7ab04593e89326d5b0d96d-gzip"
      Foreman_api_version:
      - '2'
      Foreman_current_location:
      - ; ANY
      Foreman_current_organization:
      - ; ANY
      Foreman_version:
      - 1.24.0-develop
      Keep-Alive:
      - timeout=15, max=99
      Server:
      - Apache
      Strict-Transport-Security:
      - max-age=631139040; includeSubdomains
      Vary:
      - Accept-Encoding
      Via:
      - 1.1 centos7-katello-devel.manisha-lenovo-g50-80.example.com
      X-Content-Type-Options:
      - nosniff
      X-Download-Options:
      - noopen
      X-Frame-Options:
      - sameorigin
      X-Permitted-Cross-Domain-Policies:
      - none
      X-Request-Id:
      - 5c1994f3-cce1-4203-8e93-1ebc415a8234
      X-Runtime:
      - '0.116284'
      X-XSS-Protection:
      - 1; mode=block
      content-length:
      - '389'
    status:
      code: 200
      message: OK
- request:
    body: null
    headers:
      Accept:
      - application/json;version=2
      Accept-Encoding:
      - gzip, deflate
      Connection:
      - keep-alive
      Cookie:
      - _session_id=baacb70841dbe25de4b8b1b34d397224
      User-Agent:
      - apypie (https://github.com/Apipie/apypie)
    method: GET
    uri: https://centos7-katello-devel/api/v2/scc_accounts?organization_id=14&search=name%3D%22Test%22&per_page=4294967296
  response:
    body:
      string: "{\n  \"total\": 0,\n  \"subtotal\": 0,\n  \"page\": 1,\n  \"per_page\"\
        : 4294967296,\n  \"search\": \"name=\\\"Test\\\"\",\n  \"sort\": {\n    \"\
        by\": null,\n    \"order\": null\n  },\n  \"results\": []\n}\n"
    headers:
      Cache-Control:
      - max-age=0, private, must-revalidate
      Connection:
      - Keep-Alive
      Content-Security-Policy:
      - 'default-src ''self''; child-src ''self''; connect-src ''self'' ws: wss:;
        img-src ''self'' data: *.gravatar.com; script-src ''unsafe-eval'' ''unsafe-inline''
        ''self''; style-src ''unsafe-inline'' ''self'''
      Content-Type:
      - application/json; charset=utf-8
      Date:
      - Tue, 10 Dec 2019 10:54:42 GMT
      ETag:
      - W/"25375b08e300ebd45f06787cc37c11de-gzip"
      Foreman_api_version:
      - '2'
      Foreman_current_location:
      - ; ANY
      Foreman_current_organization:
      - 14; Test Organization
      Foreman_version:
      - 1.24.0-develop
      Keep-Alive:
      - timeout=15, max=98
      Server:
      - Apache
      Strict-Transport-Security:
      - max-age=631139040; includeSubdomains
      Vary:
      - Accept-Encoding
      Via:
      - 1.1 centos7-katello-devel.manisha-lenovo-g50-80.example.com
      X-Content-Type-Options:
      - nosniff
      X-Download-Options:
      - noopen
      X-Frame-Options:
      - sameorigin
      X-Permitted-Cross-Domain-Policies:
      - none
      X-Request-Id:
      - b9ff6e67-c390-45cf-995f-8e88f0dd7a9c
      X-Runtime:
      - '0.134854'
      X-XSS-Protection:
      - 1; mode=block
      content-length:
      - '170'
    status:
      code: 200
      message: OK
- request:
    body: '{"organization_id": 14, "scc_account": {"organization_id": 14, "name":
      "Test", "login": "testuser", "password": "testpass", "base_url": "https://scc.suse.com"}}'
    headers:
      Accept:
      - application/json;version=2
      Accept-Encoding:
      - gzip, deflate
      Connection:
      - keep-alive
      Content-Length:
      - '160'
      Content-Type:
      - application/json
      Cookie:
      - _session_id=baacb70841dbe25de4b8b1b34d397224
      User-Agent:
      - apypie (https://github.com/Apipie/apypie)
    method: POST
    uri: https://centos7-katello-devel/api/v2/scc_accounts
  response:
    body:
      string: '{"id":96,"login":"testuser","password":"testpass","base_url":"https://scc.suse.com","created_at":"2019-12-10T10:54:43.203Z","updated_at":"2019-12-10T10:54:43.203Z","organization_id":14,"synced":null,"name":"Test","sync_task_id":null,"foreman_tasks_recurring_logic_id":null,"interval":"never","sync_date":"2019-12-10T10:54:43.183Z","task_group_id":103}'
    headers:
      Cache-Control:
      - max-age=0, private, must-revalidate
      Connection:
      - Keep-Alive
      Content-Security-Policy:
      - 'default-src ''self''; child-src ''self''; connect-src ''self'' ws: wss:;
        img-src ''self'' data: *.gravatar.com; script-src ''unsafe-eval'' ''unsafe-inline''
        ''self''; style-src ''unsafe-inline'' ''self'''
      Content-Type:
      - application/json; charset=utf-8
      Date:
      - Tue, 10 Dec 2019 10:54:43 GMT
      ETag:
      - W/"71042cfe49040a9bafa3d78ba3f71269"
      Foreman_api_version:
      - '2'
      Foreman_current_location:
      - ; ANY
      Foreman_current_organization:
      - 14; Test Organization
      Foreman_version:
      - 1.24.0-develop
      Keep-Alive:
      - timeout=15, max=97
      Location:
      - https://centos7-katello-devel/scc_accounts/96
      Server:
      - Apache
      Set-Cookie:
      - request_method=POST; path=/; secure; HttpOnly; SameSite=Lax
      Strict-Transport-Security:
      - max-age=631139040; includeSubdomains
      Transfer-Encoding:
      - chunked
      Via:
      - 1.1 centos7-katello-devel.manisha-lenovo-g50-80.example.com
      X-Content-Type-Options:
      - nosniff
      X-Download-Options:
      - noopen
      X-Frame-Options:
      - sameorigin
      X-Permitted-Cross-Domain-Policies:
      - none
      X-Request-Id:
      - 172a878d-73c7-4122-b5e1-2b892063ba44
      X-Runtime:
      - '0.119843'
      X-XSS-Protection:
      - 1; mode=block
    status:
      code: 201
      message: Created
version: 1
