interactions:
- request:
    body: null
    headers:
      Accept:
      - application/json;version=2
      Accept-Encoding:
      - gzip, deflate
      Connection:
      - keep-alive
      User-Agent:
      - apypie (https://github.com/Apipie/apypie)
    method: GET
    uri: https://centos7-katello-devel/api/status
  response:
    body:
      string: !!python/unicode '{"result":"ok","status":200,"version":"1.24.0-develop","api_version":2}'
    headers:
      apipie-checksum:
      - 81aa2d6ad424841cf437c47bfb26cebb729dae24
      cache-control:
      - max-age=0, private, must-revalidate
      connection:
      - Keep-Alive
      content-length:
      - '71'
      content-security-policy:
      - 'default-src ''self''; child-src ''self''; connect-src ''self'' ws: wss:;
        img-src ''self'' data: *.gravatar.com; script-src ''unsafe-eval'' ''unsafe-inline''
        ''self''; style-src ''unsafe-inline'' ''self'''
      content-type:
      - application/json; charset=utf-8
      date:
      - Tue, 01 Oct 2019 09:06:39 GMT
      etag:
      - W/"3f5599709463dcc7e904cd493ab8c362-gzip"
      foreman_api_version:
      - '2'
      foreman_current_location:
      - ; ANY
      foreman_current_organization:
      - ; ANY
      foreman_version:
      - 1.24.0-develop
      keep-alive:
      - timeout=15, max=100
      server:
      - Apache
      set-cookie:
      - _session_id=b1d89e0a4f83eb40776db7809b780147; path=/; HttpOnly; secure; SameSite=Lax
      strict-transport-security:
      - max-age=631139040; includeSubdomains
      vary:
      - Accept-Encoding
      via:
      - 1.1 centos7-katello-devel.manisha-lenovo-g50-80.example.com
      x-content-type-options:
      - nosniff
      x-download-options:
      - noopen
      x-frame-options:
      - sameorigin
      x-permitted-cross-domain-policies:
      - none
      x-request-id:
      - be9798d7-4532-44bb-b81f-fd7d6ada1739
      x-runtime:
      - '0.160450'
      x-xss-protection:
      - 1; mode=block
    status:
      code: 200
      message: OK
- request:
    body: null
    headers:
      Accept:
      - application/json;version=2
      Accept-Encoding:
      - gzip, deflate
      Connection:
      - keep-alive
      Cookie:
      - _session_id=b1d89e0a4f83eb40776db7809b780147
      User-Agent:
      - apypie (https://github.com/Apipie/apypie)
    method: GET
    uri: https://centos7-katello-devel/katello/api/organizations?per_page=4294967296&search=name%3D%22Default+Organization%22&thin=True
  response:
    body:
      string: !!python/unicode "{\n  \"total\": 1,\n  \"subtotal\": 1,\n  \"page\"\
        : 1,\n  \"per_page\": 4294967296,\n  \"search\": \"name=\\\"Default Organization\\\
        \"\",\n  \"sort\": {\n    \"by\": null,\n    \"order\": null\n  },\n  \"results\"\
        : [{\"label\":\"Default_Organization\",\"created_at\":\"2019-09-25 08:35:28\
        \ UTC\",\"updated_at\":\"2019-09-25 08:35:28 UTC\",\"id\":1,\"name\":\"Default\
        \ Organization\",\"title\":\"Default Organization\",\"description\":null}]\n\
        }\n"
    headers:
      apipie-checksum:
      - 81aa2d6ad424841cf437c47bfb26cebb729dae24
      cache-control:
      - max-age=0, private, must-revalidate
      connection:
      - Keep-Alive
      content-length:
      - '383'
      content-security-policy:
      - 'default-src ''self''; child-src ''self''; connect-src ''self'' ws: wss:;
        img-src ''self'' data: *.gravatar.com; script-src ''unsafe-eval'' ''unsafe-inline''
        ''self''; style-src ''unsafe-inline'' ''self'''
      content-type:
      - application/json; charset=utf-8
      date:
      - Tue, 01 Oct 2019 09:06:39 GMT
      etag:
      - W/"e1cef214d263abdeaddf2ec74988ec37-gzip"
      foreman_api_version:
      - '2'
      foreman_current_location:
      - ; ANY
      foreman_current_organization:
      - ; ANY
      foreman_version:
      - 1.24.0-develop
      keep-alive:
      - timeout=15, max=99
      server:
      - Apache
      strict-transport-security:
      - max-age=631139040; includeSubdomains
      vary:
      - Accept-Encoding
      via:
      - 1.1 centos7-katello-devel.manisha-lenovo-g50-80.example.com
      x-content-type-options:
      - nosniff
      x-download-options:
      - noopen
      x-frame-options:
      - sameorigin
      x-permitted-cross-domain-policies:
      - none
      x-request-id:
      - 1c67adbc-4166-40b1-9a3e-61437b004940
      x-runtime:
      - '0.078775'
      x-xss-protection:
      - 1; mode=block
    status:
      code: 200
      message: OK
- request:
    body: null
    headers:
      Accept:
      - application/json;version=2
      Accept-Encoding:
      - gzip, deflate
      Connection:
      - keep-alive
      Cookie:
      - _session_id=b1d89e0a4f83eb40776db7809b780147
      User-Agent:
      - apypie (https://github.com/Apipie/apypie)
    method: GET
    uri: https://centos7-katello-devel/api/v2/scc_accounts?organization_id=1&per_page=4294967296&search=name%3D%22Test2%22&thin=False
  response:
    body:
      string: !!python/unicode "{\n  \"total\": 1,\n  \"subtotal\": 1,\n  \"page\"\
        : 1,\n  \"per_page\": 4294967296,\n  \"search\": \"name=\\\"Test2\\\"\",\n\
        \  \"sort\": {\n    \"by\": null,\n    \"order\": null\n  },\n  \"results\"\
        : [{\"login\":\"UC3993\",\"password\":\"94476befb5\",\"base_url\":\"https://scc.suse.com\"\
        ,\"interval\":\"monthly\",\"sync_date\":\"2019-10-01 09:06:36 UTC\",\"id\"\
        :44,\"name\":\"Test2\"}]\n}\n"
    headers:
      apipie-checksum:
      - 81aa2d6ad424841cf437c47bfb26cebb729dae24
      cache-control:
      - max-age=0, private, must-revalidate
      connection:
      - Keep-Alive
      content-length:
      - '329'
      content-security-policy:
      - 'default-src ''self''; child-src ''self''; connect-src ''self'' ws: wss:;
        img-src ''self'' data: *.gravatar.com; script-src ''unsafe-eval'' ''unsafe-inline''
        ''self''; style-src ''unsafe-inline'' ''self'''
      content-type:
      - application/json; charset=utf-8
      date:
      - Tue, 01 Oct 2019 09:06:39 GMT
      etag:
      - W/"d0332de39ec4c610148246f0dc01eaee-gzip"
      foreman_api_version:
      - '2'
      foreman_current_location:
      - ; ANY
      foreman_current_organization:
      - 1; Default Organization
      foreman_version:
      - 1.24.0-develop
      keep-alive:
      - timeout=15, max=98
      server:
      - Apache
      strict-transport-security:
      - max-age=631139040; includeSubdomains
      vary:
      - Accept-Encoding
      via:
      - 1.1 centos7-katello-devel.manisha-lenovo-g50-80.example.com
      x-content-type-options:
      - nosniff
      x-download-options:
      - noopen
      x-frame-options:
      - sameorigin
      x-permitted-cross-domain-policies:
      - none
      x-request-id:
      - 0cd08257-b24c-40a3-91ee-f0a83664ca2e
      x-runtime:
      - '0.074087'
      x-xss-protection:
      - 1; mode=block
    status:
      code: 200
      message: OK
- request:
    body: null
    headers:
      Accept:
      - application/json;version=2
      Accept-Encoding:
      - gzip, deflate
      Connection:
      - keep-alive
      Cookie:
      - _session_id=b1d89e0a4f83eb40776db7809b780147
      User-Agent:
      - apypie (https://github.com/Apipie/apypie)
    method: GET
    uri: https://centos7-katello-devel/api/v2/scc_accounts/44?organization_id=1
  response:
    body:
      string: !!python/unicode '{"login":"UC3993","password":"94476befb5","base_url":"https://scc.suse.com","interval":"monthly","sync_date":"2019-10-01
        09:06:36 UTC","id":44,"name":"Test2"}'
    headers:
      apipie-checksum:
      - 81aa2d6ad424841cf437c47bfb26cebb729dae24
      cache-control:
      - max-age=0, private, must-revalidate
      connection:
      - Keep-Alive
      content-length:
      - '158'
      content-security-policy:
      - 'default-src ''self''; child-src ''self''; connect-src ''self'' ws: wss:;
        img-src ''self'' data: *.gravatar.com; script-src ''unsafe-eval'' ''unsafe-inline''
        ''self''; style-src ''unsafe-inline'' ''self'''
      content-type:
      - application/json; charset=utf-8
      date:
      - Tue, 01 Oct 2019 09:06:39 GMT
      etag:
      - W/"f69298067bb031285ac9b8e56f4170e4-gzip"
      foreman_api_version:
      - '2'
      foreman_current_location:
      - ; ANY
      foreman_current_organization:
      - 1; Default Organization
      foreman_version:
      - 1.24.0-develop
      keep-alive:
      - timeout=15, max=97
      server:
      - Apache
      strict-transport-security:
      - max-age=631139040; includeSubdomains
      vary:
      - Accept-Encoding
      via:
      - 1.1 centos7-katello-devel.manisha-lenovo-g50-80.example.com
      x-content-type-options:
      - nosniff
      x-download-options:
      - noopen
      x-frame-options:
      - sameorigin
      x-permitted-cross-domain-policies:
      - none
      x-request-id:
      - 31ab0253-008d-46d5-a96c-cf3967eab07f
      x-runtime:
      - '0.069691'
      x-xss-protection:
      - 1; mode=block
    status:
      code: 200
      message: OK
version: 1
