interactions:
- request:
    body: null
    headers:
      Accept: [application/json;version=2]
    method: GET
    uri: https://foreman.example.com/api/status
  response:
    body: {string: !!python/unicode '{"result":"ok","status":200,"version":"1.22.1","api_version":2}'}
    headers:
      apipie-checksum: [682fdd16afbeb660a8bfcecc651151a5671d1407]
      cache-control: ['max-age=0, private, must-revalidate']
      content-length: ['63']
      content-security-policy: ['default-src ''self''; child-src ''self''; connect-src
          ''self'' ws: wss:; img-src ''self'' data: *.gravatar.com; script-src ''unsafe-eval''
          ''unsafe-inline'' ''self''; style-src ''unsafe-inline'' ''self''']
      content-type: [application/json; charset=utf-8]
      date: ['Mon, 30 Sep 2019 12:29:58 GMT']
      etag: [W/"7462024e111aafa1fe0b7de16a6757f0"]
      foreman_api_version: ['2']
      foreman_version: [1.22.1]
      server: [Apache]
      set-cookie: [_session_id=3038a6ed1bc2725c1f3a2d4a741d9015; path=/; secure; HttpOnly;
          SameSite=Lax]
      status: [200 OK]
      strict-transport-security: [max-age=631139040; includeSubdomains]
      x-content-type-options: [nosniff]
      x-download-options: [noopen]
      x-frame-options: [sameorigin]
      x-permitted-cross-domain-policies: [none]
      x-powered-by: [Phusion Passenger 4.0.53]
      x-request-id: [b2bf69dc-7b75-4123-a80f-828002eea10b]
      x-runtime: ['0.025828']
      x-xss-protection: [1; mode=block]
    status: {code: 200, message: OK}
- request:
    body: null
    headers:
      Accept: [application/json;version=2]
      Cookie: [_session_id=3038a6ed1bc2725c1f3a2d4a741d9015]
    method: GET
    uri: https://foreman.example.com/api/subnets?per_page=4294967296&search=name%3D%22Test+Subnet+2%22&thin=False
  response:
    body: {string: !!python/unicode "{\n  \"total\": 1,\n  \"subtotal\": 1,\n  \"page\":
        1,\n  \"per_page\": 4294967296,\n  \"search\": \"name=\\\"Test Subnet 2\\\"\",\n
        \ \"sort\": {\n    \"by\": null,\n    \"order\": null\n  },\n  \"results\":
        [{\"network\":\"192.168.200.0\",\"network_type\":\"IPv4\",\"cidr\":27,\"mask\":\"255.255.255.224\",\"priority\":null,\"vlanid\":42,\"mtu\":9000,\"gateway\":\"192.168.200.1\",\"dns_primary\":\"1.1.1.1\",\"dns_secondary\":\"1.1.1.2\",\"from\":\"192.168.200.10\",\"to\":\"192.168.200.20\",\"created_at\":\"2019-09-30
        12:29:58 UTC\",\"updated_at\":\"2019-09-30 12:29:58 UTC\",\"ipam\":\"Internal
        DB\",\"boot_mode\":\"Static\",\"id\":28,\"name\":\"Test Subnet 2\",\"description\":null,\"network_address\":\"192.168.200.0/27\",\"dhcp_id\":null,\"dhcp_name\":null,\"tftp_id\":null,\"tftp_name\":null,\"httpboot_id\":null,\"httpboot_name\":null,\"dns_id\":null,\"template_id\":null,\"template_name\":null,\"dhcp\":null,\"tftp\":null,\"httpboot\":null,\"dns\":null,\"template\":null}]\n}\n"}
    headers:
      apipie-checksum: [682fdd16afbeb660a8bfcecc651151a5671d1407]
      cache-control: ['max-age=0, private, must-revalidate']
      content-security-policy: ['default-src ''self''; child-src ''self''; connect-src
          ''self'' ws: wss:; img-src ''self'' data: *.gravatar.com; script-src ''unsafe-eval''
          ''unsafe-inline'' ''self''; style-src ''unsafe-inline'' ''self''']
      content-type: [application/json; charset=utf-8]
      date: ['Mon, 30 Sep 2019 12:29:58 GMT']
      etag: [W/"8acbc723d4137c1d5fbc7669ba3cf061"]
      foreman_api_version: ['2']
      foreman_version: [1.22.1]
      server: [Apache]
      status: [200 OK]
      strict-transport-security: [max-age=631139040; includeSubdomains]
      transfer-encoding: [chunked]
      vary: [Accept-Encoding]
      x-content-type-options: [nosniff]
      x-download-options: [noopen]
      x-frame-options: [sameorigin]
      x-permitted-cross-domain-policies: [none]
      x-powered-by: [Phusion Passenger 4.0.53]
      x-request-id: [c73ac224-4d15-40d9-8a22-babe37db4a45]
      x-runtime: ['0.018955']
      x-xss-protection: [1; mode=block]
    status: {code: 200, message: OK}
- request:
    body: null
    headers:
      Accept: [application/json;version=2]
      Cookie: [_session_id=3038a6ed1bc2725c1f3a2d4a741d9015]
    method: GET
    uri: https://foreman.example.com/api/subnets/28
  response:
    body: {string: !!python/unicode '{"network":"192.168.200.0","network_type":"IPv4","cidr":27,"mask":"255.255.255.224","priority":null,"vlanid":42,"mtu":9000,"gateway":"192.168.200.1","dns_primary":"1.1.1.1","dns_secondary":"1.1.1.2","from":"192.168.200.10","to":"192.168.200.20","created_at":"2019-09-30
        12:29:58 UTC","updated_at":"2019-09-30 12:29:58 UTC","ipam":"Internal DB","boot_mode":"Static","id":28,"name":"Test
        Subnet 2","description":null,"network_address":"192.168.200.0/27","dhcp_id":null,"dhcp_name":null,"tftp_id":null,"tftp_name":null,"httpboot_id":null,"httpboot_name":null,"dns_id":null,"template_id":null,"template_name":null,"dhcp":null,"tftp":null,"httpboot":null,"dns":null,"template":null,"domains":[{"id":14,"name":"bar.example.com"},{"id":13,"name":"foo.example.com"}],"interfaces":[],"parameters":[],"locations":[{"id":40,"name":"Bar","title":"Bar","description":null},{"id":38,"name":"Foo","title":"Foo","description":null},{"id":39,"name":"Baz","title":"Foo/Baz","description":null}],"organizations":[{"id":41,"name":"Test
        Org1","title":"Test Org1","description":"A test organization"},{"id":42,"name":"Test
        Org2","title":"Test Org2","description":"A test organization"}]}'}
    headers:
      apipie-checksum: [682fdd16afbeb660a8bfcecc651151a5671d1407]
      cache-control: ['max-age=0, private, must-revalidate']
      content-security-policy: ['default-src ''self''; child-src ''self''; connect-src
          ''self'' ws: wss:; img-src ''self'' data: *.gravatar.com; script-src ''unsafe-eval''
          ''unsafe-inline'' ''self''; style-src ''unsafe-inline'' ''self''']
      content-type: [application/json; charset=utf-8]
      date: ['Mon, 30 Sep 2019 12:29:58 GMT']
      etag: [W/"a42cb9fdcb8f016a13698390e5fb11ca"]
      foreman_api_version: ['2']
      foreman_version: [1.22.1]
      server: [Apache]
      status: [200 OK]
      strict-transport-security: [max-age=631139040; includeSubdomains]
      transfer-encoding: [chunked]
      vary: [Accept-Encoding]
      x-content-type-options: [nosniff]
      x-download-options: [noopen]
      x-frame-options: [sameorigin]
      x-permitted-cross-domain-policies: [none]
      x-powered-by: [Phusion Passenger 4.0.53]
      x-request-id: [f788f9d7-905f-45cd-8d07-0184a1fefbf7]
      x-runtime: ['0.027407']
      x-xss-protection: [1; mode=block]
    status: {code: 200, message: OK}
- request:
    body: null
    headers:
      Accept: [application/json;version=2]
      Cookie: [_session_id=3038a6ed1bc2725c1f3a2d4a741d9015]
    method: GET
    uri: https://foreman.example.com/api/organizations?per_page=4294967296&search=name%3D%22Test+Org1%22&thin=True
  response:
    body: {string: !!python/unicode "{\n  \"total\": 7,\n  \"subtotal\": 1,\n  \"page\":
        1,\n  \"per_page\": 4294967296,\n  \"search\": \"name=\\\"Test Org1\\\"\",\n
        \ \"sort\": {\n    \"by\": null,\n    \"order\": null\n  },\n  \"results\":
        [{\"ancestry\":null,\"parent_id\":null,\"parent_name\":null,\"created_at\":\"2019-09-30
        12:29:45 UTC\",\"updated_at\":\"2019-09-30 12:29:45 UTC\",\"id\":41,\"name\":\"Test
        Org1\",\"title\":\"Test Org1\",\"description\":\"A test organization\"}]\n}\n"}
    headers:
      apipie-checksum: [682fdd16afbeb660a8bfcecc651151a5671d1407]
      cache-control: ['max-age=0, private, must-revalidate']
      content-security-policy: ['default-src ''self''; child-src ''self''; connect-src
          ''self'' ws: wss:; img-src ''self'' data: *.gravatar.com; script-src ''unsafe-eval''
          ''unsafe-inline'' ''self''; style-src ''unsafe-inline'' ''self''']
      content-type: [application/json; charset=utf-8]
      date: ['Mon, 30 Sep 2019 12:29:58 GMT']
      etag: [W/"e2eb13794309567cea4710262ea77158"]
      foreman_api_version: ['2']
      foreman_version: [1.22.1]
      server: [Apache]
      status: [200 OK]
      strict-transport-security: [max-age=631139040; includeSubdomains]
      transfer-encoding: [chunked]
      vary: [Accept-Encoding]
      x-content-type-options: [nosniff]
      x-download-options: [noopen]
      x-frame-options: [sameorigin]
      x-permitted-cross-domain-policies: [none]
      x-powered-by: [Phusion Passenger 4.0.53]
      x-request-id: [b55c59f9-5d74-48f0-b977-5045a3dc7e6b]
      x-runtime: ['0.016636']
      x-xss-protection: [1; mode=block]
    status: {code: 200, message: OK}
- request:
    body: null
    headers:
      Accept: [application/json;version=2]
      Cookie: [_session_id=3038a6ed1bc2725c1f3a2d4a741d9015]
    method: GET
    uri: https://foreman.example.com/api/organizations?per_page=4294967296&search=name%3D%22Test+Org2%22&thin=True
  response:
    body: {string: !!python/unicode "{\n  \"total\": 7,\n  \"subtotal\": 1,\n  \"page\":
        1,\n  \"per_page\": 4294967296,\n  \"search\": \"name=\\\"Test Org2\\\"\",\n
        \ \"sort\": {\n    \"by\": null,\n    \"order\": null\n  },\n  \"results\":
        [{\"ancestry\":null,\"parent_id\":null,\"parent_name\":null,\"created_at\":\"2019-09-30
        12:29:45 UTC\",\"updated_at\":\"2019-09-30 12:29:45 UTC\",\"id\":42,\"name\":\"Test
        Org2\",\"title\":\"Test Org2\",\"description\":\"A test organization\"}]\n}\n"}
    headers:
      apipie-checksum: [682fdd16afbeb660a8bfcecc651151a5671d1407]
      cache-control: ['max-age=0, private, must-revalidate']
      content-security-policy: ['default-src ''self''; child-src ''self''; connect-src
          ''self'' ws: wss:; img-src ''self'' data: *.gravatar.com; script-src ''unsafe-eval''
          ''unsafe-inline'' ''self''; style-src ''unsafe-inline'' ''self''']
      content-type: [application/json; charset=utf-8]
      date: ['Mon, 30 Sep 2019 12:29:58 GMT']
      etag: [W/"b11c58797ff0931fd3fe4e894396bef3"]
      foreman_api_version: ['2']
      foreman_version: [1.22.1]
      server: [Apache]
      status: [200 OK]
      strict-transport-security: [max-age=631139040; includeSubdomains]
      transfer-encoding: [chunked]
      vary: [Accept-Encoding]
      x-content-type-options: [nosniff]
      x-download-options: [noopen]
      x-frame-options: [sameorigin]
      x-permitted-cross-domain-policies: [none]
      x-powered-by: [Phusion Passenger 4.0.53]
      x-request-id: [e8af815d-431c-49e1-ab1b-292f878de355]
      x-runtime: ['0.017813']
      x-xss-protection: [1; mode=block]
    status: {code: 200, message: OK}
- request:
    body: null
    headers:
      Accept: [application/json;version=2]
      Cookie: [_session_id=3038a6ed1bc2725c1f3a2d4a741d9015]
    method: GET
    uri: https://foreman.example.com/api/locations?per_page=4294967296&search=title%3D%22Foo%22&thin=True
  response:
    body: {string: !!python/unicode "{\n  \"total\": 4,\n  \"subtotal\": 1,\n  \"page\":
        1,\n  \"per_page\": 4294967296,\n  \"search\": \"title=\\\"Foo\\\"\",\n  \"sort\":
        {\n    \"by\": null,\n    \"order\": null\n  },\n  \"results\": [{\"ancestry\":null,\"parent_id\":null,\"parent_name\":null,\"created_at\":\"2019-09-30
        12:29:43 UTC\",\"updated_at\":\"2019-09-30 12:29:43 UTC\",\"id\":38,\"name\":\"Foo\",\"title\":\"Foo\",\"description\":null}]\n}\n"}
    headers:
      apipie-checksum: [682fdd16afbeb660a8bfcecc651151a5671d1407]
      cache-control: ['max-age=0, private, must-revalidate']
      content-security-policy: ['default-src ''self''; child-src ''self''; connect-src
          ''self'' ws: wss:; img-src ''self'' data: *.gravatar.com; script-src ''unsafe-eval''
          ''unsafe-inline'' ''self''; style-src ''unsafe-inline'' ''self''']
      content-type: [application/json; charset=utf-8]
      date: ['Mon, 30 Sep 2019 12:29:58 GMT']
      etag: [W/"89510578a501f6b4ad5d62d9cee4d907"]
      foreman_api_version: ['2']
      foreman_version: [1.22.1]
      server: [Apache]
      status: [200 OK]
      strict-transport-security: [max-age=631139040; includeSubdomains]
      transfer-encoding: [chunked]
      vary: [Accept-Encoding]
      x-content-type-options: [nosniff]
      x-download-options: [noopen]
      x-frame-options: [sameorigin]
      x-permitted-cross-domain-policies: [none]
      x-powered-by: [Phusion Passenger 4.0.53]
      x-request-id: [29769060-e25b-46d7-bf1e-73650edb579f]
      x-runtime: ['0.019764']
      x-xss-protection: [1; mode=block]
    status: {code: 200, message: OK}
- request:
    body: null
    headers:
      Accept: [application/json;version=2]
      Cookie: [_session_id=3038a6ed1bc2725c1f3a2d4a741d9015]
    method: GET
    uri: https://foreman.example.com/api/locations?per_page=4294967296&search=title%3D%22Foo%2FBaz%22&thin=True
  response:
    body: {string: !!python/unicode "{\n  \"total\": 4,\n  \"subtotal\": 1,\n  \"page\":
        1,\n  \"per_page\": 4294967296,\n  \"search\": \"title=\\\"Foo/Baz\\\"\",\n
        \ \"sort\": {\n    \"by\": null,\n    \"order\": null\n  },\n  \"results\":
        [{\"ancestry\":\"38\",\"parent_id\":38,\"parent_name\":\"Foo\",\"created_at\":\"2019-09-30
        12:29:44 UTC\",\"updated_at\":\"2019-09-30 12:29:44 UTC\",\"id\":39,\"name\":\"Baz\",\"title\":\"Foo/Baz\",\"description\":null}]\n}\n"}
    headers:
      apipie-checksum: [682fdd16afbeb660a8bfcecc651151a5671d1407]
      cache-control: ['max-age=0, private, must-revalidate']
      content-security-policy: ['default-src ''self''; child-src ''self''; connect-src
          ''self'' ws: wss:; img-src ''self'' data: *.gravatar.com; script-src ''unsafe-eval''
          ''unsafe-inline'' ''self''; style-src ''unsafe-inline'' ''self''']
      content-type: [application/json; charset=utf-8]
      date: ['Mon, 30 Sep 2019 12:29:58 GMT']
      etag: [W/"2c8df76dce70e35b156665ebb5fd2ee8"]
      foreman_api_version: ['2']
      foreman_version: [1.22.1]
      server: [Apache]
      status: [200 OK]
      strict-transport-security: [max-age=631139040; includeSubdomains]
      transfer-encoding: [chunked]
      vary: [Accept-Encoding]
      x-content-type-options: [nosniff]
      x-download-options: [noopen]
      x-frame-options: [sameorigin]
      x-permitted-cross-domain-policies: [none]
      x-powered-by: [Phusion Passenger 4.0.53]
      x-request-id: [4aa343bc-620b-4c9d-9752-1bab5c0d2486]
      x-runtime: ['0.017478']
      x-xss-protection: [1; mode=block]
    status: {code: 200, message: OK}
- request:
    body: null
    headers:
      Accept: [application/json;version=2]
      Cookie: [_session_id=3038a6ed1bc2725c1f3a2d4a741d9015]
    method: GET
    uri: https://foreman.example.com/api/locations?per_page=4294967296&search=title%3D%22Bar%22&thin=True
  response:
    body: {string: !!python/unicode "{\n  \"total\": 4,\n  \"subtotal\": 1,\n  \"page\":
        1,\n  \"per_page\": 4294967296,\n  \"search\": \"title=\\\"Bar\\\"\",\n  \"sort\":
        {\n    \"by\": null,\n    \"order\": null\n  },\n  \"results\": [{\"ancestry\":null,\"parent_id\":null,\"parent_name\":null,\"created_at\":\"2019-09-30
        12:29:44 UTC\",\"updated_at\":\"2019-09-30 12:29:44 UTC\",\"id\":40,\"name\":\"Bar\",\"title\":\"Bar\",\"description\":null}]\n}\n"}
    headers:
      apipie-checksum: [682fdd16afbeb660a8bfcecc651151a5671d1407]
      cache-control: ['max-age=0, private, must-revalidate']
      content-security-policy: ['default-src ''self''; child-src ''self''; connect-src
          ''self'' ws: wss:; img-src ''self'' data: *.gravatar.com; script-src ''unsafe-eval''
          ''unsafe-inline'' ''self''; style-src ''unsafe-inline'' ''self''']
      content-type: [application/json; charset=utf-8]
      date: ['Mon, 30 Sep 2019 12:29:58 GMT']
      etag: [W/"04ff1db334bb8c743a2f3450f82f0495"]
      foreman_api_version: ['2']
      foreman_version: [1.22.1]
      server: [Apache]
      status: [200 OK]
      strict-transport-security: [max-age=631139040; includeSubdomains]
      transfer-encoding: [chunked]
      vary: [Accept-Encoding]
      x-content-type-options: [nosniff]
      x-download-options: [noopen]
      x-frame-options: [sameorigin]
      x-permitted-cross-domain-policies: [none]
      x-powered-by: [Phusion Passenger 4.0.53]
      x-request-id: [a142fd0e-2217-48a6-a18f-c602af686ed9]
      x-runtime: ['0.019341']
      x-xss-protection: [1; mode=block]
    status: {code: 200, message: OK}
- request:
    body: !!python/unicode '{"subnet": {"domain_ids": []}}'
    headers:
      Accept: [application/json;version=2]
      Content-Length: ['30']
      Content-Type: [application/json]
      Cookie: [_session_id=3038a6ed1bc2725c1f3a2d4a741d9015]
    method: PUT
    uri: https://foreman.example.com/api/subnets/28
  response:
    body: {string: !!python/unicode '{"network":"192.168.200.0","network_type":"IPv4","cidr":27,"mask":"255.255.255.224","priority":null,"vlanid":42,"mtu":9000,"gateway":"192.168.200.1","dns_primary":"1.1.1.1","dns_secondary":"1.1.1.2","from":"192.168.200.10","to":"192.168.200.20","created_at":"2019-09-30
        12:29:58 UTC","updated_at":"2019-09-30 12:29:58 UTC","ipam":"Internal DB","boot_mode":"Static","id":28,"name":"Test
        Subnet 2","description":null,"network_address":"192.168.200.0/27","dhcp_id":null,"dhcp_name":null,"tftp_id":null,"tftp_name":null,"httpboot_id":null,"httpboot_name":null,"dns_id":null,"template_id":null,"template_name":null,"dhcp":null,"tftp":null,"httpboot":null,"dns":null,"template":null,"domains":[],"interfaces":[],"parameters":[],"locations":[{"id":40,"name":"Bar","title":"Bar","description":null},{"id":38,"name":"Foo","title":"Foo","description":null},{"id":39,"name":"Baz","title":"Foo/Baz","description":null}],"organizations":[{"id":41,"name":"Test
        Org1","title":"Test Org1","description":"A test organization"},{"id":42,"name":"Test
        Org2","title":"Test Org2","description":"A test organization"}]}'}
    headers:
      apipie-checksum: [682fdd16afbeb660a8bfcecc651151a5671d1407]
      cache-control: ['max-age=0, private, must-revalidate']
      content-security-policy: ['default-src ''self''; child-src ''self''; connect-src
          ''self'' ws: wss:; img-src ''self'' data: *.gravatar.com; script-src ''unsafe-eval''
          ''unsafe-inline'' ''self''; style-src ''unsafe-inline'' ''self''']
      content-type: [application/json; charset=utf-8]
      date: ['Mon, 30 Sep 2019 12:29:59 GMT']
      etag: [W/"9582487def19e048cb16b9ae0256218b"]
      foreman_api_version: ['2']
      foreman_version: [1.22.1]
      server: [Apache]
      set-cookie: [request_method=PUT; path=/; secure; HttpOnly; SameSite=Lax]
      status: [200 OK]
      strict-transport-security: [max-age=631139040; includeSubdomains]
      transfer-encoding: [chunked]
      vary: [Accept-Encoding]
      x-content-type-options: [nosniff]
      x-download-options: [noopen]
      x-frame-options: [sameorigin]
      x-permitted-cross-domain-policies: [none]
      x-powered-by: [Phusion Passenger 4.0.53]
      x-request-id: [84977e80-9c38-41e4-a801-cb488ff99f2a]
      x-runtime: ['0.040639']
      x-xss-protection: [1; mode=block]
    status: {code: 200, message: OK}
version: 1
