interactions:
- request:
    body: null
    headers:
      Accept:
      - application/json;version=2
      Accept-Encoding:
      - gzip, deflate
      Connection:
      - keep-alive
      User-Agent:
      - apypie (https://github.com/Apipie/apypie)
    method: GET
    uri: https://foreman.example.org/api/status
  response:
    body:
      string: '{"result":"ok","status":200,"version":"2.1.0","api_version":2}'
    headers:
      Cache-Control:
      - max-age=0, private, must-revalidate
      Connection:
      - Keep-Alive
      Content-Security-Policy:
      - 'default-src ''self''; child-src ''self''; connect-src ''self'' ws: wss:;
        img-src ''self'' data:; script-src ''unsafe-eval'' ''unsafe-inline'' ''self'';
        style-src ''unsafe-inline'' ''self'''
      Content-Type:
      - application/json; charset=utf-8
      Foreman_api_version:
      - '2'
      Foreman_current_location:
      - ; ANY
      Foreman_current_organization:
      - ; ANY
      Foreman_version:
      - 2.1.0
      Keep-Alive:
      - timeout=15, max=100
      Strict-Transport-Security:
      - max-age=631139040; includeSubdomains
      Vary:
      - Accept-Encoding
      X-Content-Type-Options:
      - nosniff
      X-Download-Options:
      - noopen
      X-Frame-Options:
      - sameorigin
      X-Permitted-Cross-Domain-Policies:
      - none
      X-XSS-Protection:
      - 1; mode=block
      content-length:
      - '62'
    status:
      code: 200
      message: OK
- request:
    body: null
    headers:
      Accept:
      - application/json;version=2
      Accept-Encoding:
      - gzip, deflate
      Connection:
      - keep-alive
      User-Agent:
      - apypie (https://github.com/Apipie/apypie)
    method: GET
    uri: https://foreman.example.org/api/subnets?search=name%3D%22Test+Subnet+2%22&per_page=4294967296
  response:
    body:
      string: "{\n  \"total\": 2,\n  \"subtotal\": 0,\n  \"page\": 1,\n  \"per_page\"\
        : 4294967296,\n  \"search\": \"name=\\\"Test Subnet 2\\\"\",\n  \"sort\":\
        \ {\n    \"by\": null,\n    \"order\": null\n  },\n  \"results\": []\n}\n"
    headers:
      Cache-Control:
      - max-age=0, private, must-revalidate
      Connection:
      - Keep-Alive
      Content-Security-Policy:
      - 'default-src ''self''; child-src ''self''; connect-src ''self'' ws: wss:;
        img-src ''self'' data:; script-src ''unsafe-eval'' ''unsafe-inline'' ''self'';
        style-src ''unsafe-inline'' ''self'''
      Content-Type:
      - application/json; charset=utf-8
      Foreman_api_version:
      - '2'
      Foreman_current_location:
      - ; ANY
      Foreman_current_organization:
      - ; ANY
      Foreman_version:
      - 2.1.0
      Keep-Alive:
      - timeout=15, max=99
      Strict-Transport-Security:
      - max-age=631139040; includeSubdomains
      Vary:
      - Accept-Encoding
      X-Content-Type-Options:
      - nosniff
      X-Download-Options:
      - noopen
      X-Frame-Options:
      - sameorigin
      X-Permitted-Cross-Domain-Policies:
      - none
      X-XSS-Protection:
      - 1; mode=block
      content-length:
      - '179'
    status:
      code: 200
      message: OK
- request:
    body: null
    headers:
      Accept:
      - application/json;version=2
      Accept-Encoding:
      - gzip, deflate
      Connection:
      - keep-alive
      User-Agent:
      - apypie (https://github.com/Apipie/apypie)
    method: GET
    uri: https://foreman.example.org/api/organizations?search=name%3D%22Test+Org1%22&per_page=4294967296
  response:
    body:
      string: "{\n  \"total\": 3,\n  \"subtotal\": 1,\n  \"page\": 1,\n  \"per_page\"\
        : 4294967296,\n  \"search\": \"name=\\\"Test Org1\\\"\",\n  \"sort\": {\n\
        \    \"by\": null,\n    \"order\": null\n  },\n  \"results\": [{\"ancestry\"\
        :null,\"parent_id\":null,\"parent_name\":null,\"created_at\":\"2020-09-03\
        \ 06:57:05 UTC\",\"updated_at\":\"2020-09-03 06:57:05 UTC\",\"id\":41,\"name\"\
        :\"Test Org1\",\"title\":\"Test Org1\",\"description\":\"A test organization\"\
        }]\n}\n"
    headers:
      Cache-Control:
      - max-age=0, private, must-revalidate
      Connection:
      - Keep-Alive
      Content-Security-Policy:
      - 'default-src ''self''; child-src ''self''; connect-src ''self'' ws: wss:;
        img-src ''self'' data:; script-src ''unsafe-eval'' ''unsafe-inline'' ''self'';
        style-src ''unsafe-inline'' ''self'''
      Content-Type:
      - application/json; charset=utf-8
      Foreman_api_version:
      - '2'
      Foreman_current_location:
      - ; ANY
      Foreman_current_organization:
      - ; ANY
      Foreman_version:
      - 2.1.0
      Keep-Alive:
      - timeout=15, max=98
      Strict-Transport-Security:
      - max-age=631139040; includeSubdomains
      Vary:
      - Accept-Encoding
      X-Content-Type-Options:
      - nosniff
      X-Download-Options:
      - noopen
      X-Frame-Options:
      - sameorigin
      X-Permitted-Cross-Domain-Policies:
      - none
      X-XSS-Protection:
      - 1; mode=block
      content-length:
      - '389'
    status:
      code: 200
      message: OK
- request:
    body: null
    headers:
      Accept:
      - application/json;version=2
      Accept-Encoding:
      - gzip, deflate
      Connection:
      - keep-alive
      User-Agent:
      - apypie (https://github.com/Apipie/apypie)
    method: GET
    uri: https://foreman.example.org/api/organizations?search=name%3D%22Test+Org2%22&per_page=4294967296
  response:
    body:
      string: "{\n  \"total\": 3,\n  \"subtotal\": 1,\n  \"page\": 1,\n  \"per_page\"\
        : 4294967296,\n  \"search\": \"name=\\\"Test Org2\\\"\",\n  \"sort\": {\n\
        \    \"by\": null,\n    \"order\": null\n  },\n  \"results\": [{\"ancestry\"\
        :null,\"parent_id\":null,\"parent_name\":null,\"created_at\":\"2020-09-03\
        \ 06:57:07 UTC\",\"updated_at\":\"2020-09-03 06:57:07 UTC\",\"id\":42,\"name\"\
        :\"Test Org2\",\"title\":\"Test Org2\",\"description\":\"A test organization\"\
        }]\n}\n"
    headers:
      Cache-Control:
      - max-age=0, private, must-revalidate
      Connection:
      - Keep-Alive
      Content-Security-Policy:
      - 'default-src ''self''; child-src ''self''; connect-src ''self'' ws: wss:;
        img-src ''self'' data:; script-src ''unsafe-eval'' ''unsafe-inline'' ''self'';
        style-src ''unsafe-inline'' ''self'''
      Content-Type:
      - application/json; charset=utf-8
      Foreman_api_version:
      - '2'
      Foreman_current_location:
      - ; ANY
      Foreman_current_organization:
      - ; ANY
      Foreman_version:
      - 2.1.0
      Keep-Alive:
      - timeout=15, max=97
      Strict-Transport-Security:
      - max-age=631139040; includeSubdomains
      Vary:
      - Accept-Encoding
      X-Content-Type-Options:
      - nosniff
      X-Download-Options:
      - noopen
      X-Frame-Options:
      - sameorigin
      X-Permitted-Cross-Domain-Policies:
      - none
      X-XSS-Protection:
      - 1; mode=block
      content-length:
      - '389'
    status:
      code: 200
      message: OK
- request:
    body: null
    headers:
      Accept:
      - application/json;version=2
      Accept-Encoding:
      - gzip, deflate
      Connection:
      - keep-alive
      User-Agent:
      - apypie (https://github.com/Apipie/apypie)
    method: GET
    uri: https://foreman.example.org/api/locations?search=title%3D%22Foo%22&per_page=4294967296
  response:
    body:
      string: "{\n  \"total\": 4,\n  \"subtotal\": 1,\n  \"page\": 1,\n  \"per_page\"\
        : 4294967296,\n  \"search\": \"title=\\\"Foo\\\"\",\n  \"sort\": {\n    \"\
        by\": null,\n    \"order\": null\n  },\n  \"results\": [{\"ancestry\":null,\"\
        parent_id\":null,\"parent_name\":null,\"created_at\":\"2020-09-03 06:57:02\
        \ UTC\",\"updated_at\":\"2020-09-03 06:57:02 UTC\",\"id\":38,\"name\":\"Foo\"\
        ,\"title\":\"Foo\",\"description\":null}]\n}\n"
    headers:
      Cache-Control:
      - max-age=0, private, must-revalidate
      Connection:
      - Keep-Alive
      Content-Security-Policy:
      - 'default-src ''self''; child-src ''self''; connect-src ''self'' ws: wss:;
        img-src ''self'' data:; script-src ''unsafe-eval'' ''unsafe-inline'' ''self'';
        style-src ''unsafe-inline'' ''self'''
      Content-Type:
      - application/json; charset=utf-8
      Foreman_api_version:
      - '2'
      Foreman_current_location:
      - ; ANY
      Foreman_current_organization:
      - ; ANY
      Foreman_version:
      - 2.1.0
      Keep-Alive:
      - timeout=15, max=96
      Strict-Transport-Security:
      - max-age=631139040; includeSubdomains
      Vary:
      - Accept-Encoding
      X-Content-Type-Options:
      - nosniff
      X-Download-Options:
      - noopen
      X-Frame-Options:
      - sameorigin
      X-Permitted-Cross-Domain-Policies:
      - none
      X-XSS-Protection:
      - 1; mode=block
      content-length:
      - '355'
    status:
      code: 200
      message: OK
- request:
    body: null
    headers:
      Accept:
      - application/json;version=2
      Accept-Encoding:
      - gzip, deflate
      Connection:
      - keep-alive
      User-Agent:
      - apypie (https://github.com/Apipie/apypie)
    method: GET
    uri: https://foreman.example.org/api/locations?search=title%3D%22Foo%2FBaz%22&per_page=4294967296
  response:
    body:
      string: "{\n  \"total\": 4,\n  \"subtotal\": 1,\n  \"page\": 1,\n  \"per_page\"\
        : 4294967296,\n  \"search\": \"title=\\\"Foo/Baz\\\"\",\n  \"sort\": {\n \
        \   \"by\": null,\n    \"order\": null\n  },\n  \"results\": [{\"ancestry\"\
        :\"38\",\"parent_id\":38,\"parent_name\":\"Foo\",\"created_at\":\"2020-09-03\
        \ 06:57:03 UTC\",\"updated_at\":\"2020-09-03 06:57:03 UTC\",\"id\":39,\"name\"\
        :\"Baz\",\"title\":\"Foo/Baz\",\"description\":null}]\n}\n"
    headers:
      Cache-Control:
      - max-age=0, private, must-revalidate
      Connection:
      - Keep-Alive
      Content-Security-Policy:
      - 'default-src ''self''; child-src ''self''; connect-src ''self'' ws: wss:;
        img-src ''self'' data:; script-src ''unsafe-eval'' ''unsafe-inline'' ''self'';
        style-src ''unsafe-inline'' ''self'''
      Content-Type:
      - application/json; charset=utf-8
      Foreman_api_version:
      - '2'
      Foreman_current_location:
      - ; ANY
      Foreman_current_organization:
      - ; ANY
      Foreman_version:
      - 2.1.0
      Keep-Alive:
      - timeout=15, max=95
      Strict-Transport-Security:
      - max-age=631139040; includeSubdomains
      Vary:
      - Accept-Encoding
      X-Content-Type-Options:
      - nosniff
      X-Download-Options:
      - noopen
      X-Frame-Options:
      - sameorigin
      X-Permitted-Cross-Domain-Policies:
      - none
      X-XSS-Protection:
      - 1; mode=block
      content-length:
      - '362'
    status:
      code: 200
      message: OK
- request:
    body: null
    headers:
      Accept:
      - application/json;version=2
      Accept-Encoding:
      - gzip, deflate
      Connection:
      - keep-alive
      User-Agent:
      - apypie (https://github.com/Apipie/apypie)
    method: GET
    uri: https://foreman.example.org/api/locations?search=title%3D%22Bar%22&per_page=4294967296
  response:
    body:
      string: "{\n  \"total\": 4,\n  \"subtotal\": 1,\n  \"page\": 1,\n  \"per_page\"\
        : 4294967296,\n  \"search\": \"title=\\\"Bar\\\"\",\n  \"sort\": {\n    \"\
        by\": null,\n    \"order\": null\n  },\n  \"results\": [{\"ancestry\":null,\"\
        parent_id\":null,\"parent_name\":null,\"created_at\":\"2020-09-03 06:57:04\
        \ UTC\",\"updated_at\":\"2020-09-03 06:57:04 UTC\",\"id\":40,\"name\":\"Bar\"\
        ,\"title\":\"Bar\",\"description\":null}]\n}\n"
    headers:
      Cache-Control:
      - max-age=0, private, must-revalidate
      Connection:
      - Keep-Alive
      Content-Security-Policy:
      - 'default-src ''self''; child-src ''self''; connect-src ''self'' ws: wss:;
        img-src ''self'' data:; script-src ''unsafe-eval'' ''unsafe-inline'' ''self'';
        style-src ''unsafe-inline'' ''self'''
      Content-Type:
      - application/json; charset=utf-8
      Foreman_api_version:
      - '2'
      Foreman_current_location:
      - ; ANY
      Foreman_current_organization:
      - ; ANY
      Foreman_version:
      - 2.1.0
      Keep-Alive:
      - timeout=15, max=94
      Strict-Transport-Security:
      - max-age=631139040; includeSubdomains
      Vary:
      - Accept-Encoding
      X-Content-Type-Options:
      - nosniff
      X-Download-Options:
      - noopen
      X-Frame-Options:
      - sameorigin
      X-Permitted-Cross-Domain-Policies:
      - none
      X-XSS-Protection:
      - 1; mode=block
      content-length:
      - '355'
    status:
      code: 200
      message: OK
- request:
    body: null
    headers:
      Accept:
      - application/json;version=2
      Accept-Encoding:
      - gzip, deflate
      Connection:
      - keep-alive
      User-Agent:
      - apypie (https://github.com/Apipie/apypie)
    method: GET
    uri: https://foreman.example.org/api/domains?search=name%3D%22foo.example.com%22&per_page=4294967296
  response:
    body:
      string: "{\n  \"total\": 3,\n  \"subtotal\": 1,\n  \"page\": 1,\n  \"per_page\"\
        : 4294967296,\n  \"search\": \"name=\\\"foo.example.com\\\"\",\n  \"sort\"\
        : {\n    \"by\": null,\n    \"order\": null\n  },\n  \"results\": [{\"fullname\"\
        :null,\"created_at\":\"2020-09-03 06:57:08 UTC\",\"updated_at\":\"2020-09-03\
        \ 06:57:08 UTC\",\"id\":12,\"name\":\"foo.example.com\",\"dns_id\":1,\"dns\"\
        :{\"name\":\"centos7-foreman-2-1.yatsu.example.com\",\"id\":1,\"url\":\"https://centos7-foreman-2-1.yatsu.example.com:8443\"\
        }}]\n}\n"
    headers:
      Cache-Control:
      - max-age=0, private, must-revalidate
      Connection:
      - Keep-Alive
      Content-Security-Policy:
      - 'default-src ''self''; child-src ''self''; connect-src ''self'' ws: wss:;
        img-src ''self'' data:; script-src ''unsafe-eval'' ''unsafe-inline'' ''self'';
        style-src ''unsafe-inline'' ''self'''
      Content-Type:
      - application/json; charset=utf-8
      Foreman_api_version:
      - '2'
      Foreman_current_location:
      - ; ANY
      Foreman_current_organization:
      - ; ANY
      Foreman_version:
      - 2.1.0
      Keep-Alive:
      - timeout=15, max=93
      Strict-Transport-Security:
      - max-age=631139040; includeSubdomains
      Vary:
      - Accept-Encoding
      X-Content-Type-Options:
      - nosniff
      X-Download-Options:
      - noopen
      X-Frame-Options:
      - sameorigin
      X-Permitted-Cross-Domain-Policies:
      - none
      X-XSS-Protection:
      - 1; mode=block
      content-length:
      - '441'
    status:
      code: 200
      message: OK
- request:
    body: null
    headers:
      Accept:
      - application/json;version=2
      Accept-Encoding:
      - gzip, deflate
      Connection:
      - keep-alive
      User-Agent:
      - apypie (https://github.com/Apipie/apypie)
    method: GET
    uri: https://foreman.example.org/api/domains?search=name%3D%22bar.example.com%22&per_page=4294967296
  response:
    body:
      string: "{\n  \"total\": 3,\n  \"subtotal\": 1,\n  \"page\": 1,\n  \"per_page\"\
        : 4294967296,\n  \"search\": \"name=\\\"bar.example.com\\\"\",\n  \"sort\"\
        : {\n    \"by\": null,\n    \"order\": null\n  },\n  \"results\": [{\"fullname\"\
        :null,\"created_at\":\"2020-09-03 06:57:09 UTC\",\"updated_at\":\"2020-09-03\
        \ 06:57:09 UTC\",\"id\":13,\"name\":\"bar.example.com\",\"dns_id\":1,\"dns\"\
        :{\"name\":\"centos7-foreman-2-1.yatsu.example.com\",\"id\":1,\"url\":\"https://centos7-foreman-2-1.yatsu.example.com:8443\"\
        }}]\n}\n"
    headers:
      Cache-Control:
      - max-age=0, private, must-revalidate
      Connection:
      - Keep-Alive
      Content-Security-Policy:
      - 'default-src ''self''; child-src ''self''; connect-src ''self'' ws: wss:;
        img-src ''self'' data:; script-src ''unsafe-eval'' ''unsafe-inline'' ''self'';
        style-src ''unsafe-inline'' ''self'''
      Content-Type:
      - application/json; charset=utf-8
      Foreman_api_version:
      - '2'
      Foreman_current_location:
      - ; ANY
      Foreman_current_organization:
      - ; ANY
      Foreman_version:
      - 2.1.0
      Keep-Alive:
      - timeout=15, max=92
      Strict-Transport-Security:
      - max-age=631139040; includeSubdomains
      Vary:
      - Accept-Encoding
      X-Content-Type-Options:
      - nosniff
      X-Download-Options:
      - noopen
      X-Frame-Options:
      - sameorigin
      X-Permitted-Cross-Domain-Policies:
      - none
      X-XSS-Protection:
      - 1; mode=block
      content-length:
      - '441'
    status:
      code: 200
      message: OK
- request:
    body: '{"subnet": {"name": "Test Subnet 2", "description": "My subnet description",
      "network_type": "IPv4", "network": "192.168.200.0", "cidr": 27, "mask": "255.255.255.224",
      "gateway": "192.168.200.1", "dns_primary": "1.1.1.1", "dns_secondary": "1.1.1.2",
      "ipam": "Internal DB", "from": "192.168.200.10", "to": "192.168.200.20", "vlanid":
      42, "mtu": 9000, "domain_ids": [12, 13], "boot_mode": "Static", "location_ids":
      [38, 39, 40], "organization_ids": [41, 42]}}'
    headers:
      Accept:
      - application/json;version=2
      Accept-Encoding:
      - gzip, deflate
      Connection:
      - keep-alive
      Content-Length:
      - '457'
      Content-Type:
      - application/json
      User-Agent:
      - apypie (https://github.com/Apipie/apypie)
    method: POST
    uri: https://foreman.example.org/api/subnets
  response:
    body:
      string: '{"network":"192.168.200.0","network_type":"IPv4","cidr":27,"mask":"255.255.255.224","priority":null,"vlanid":42,"mtu":9000,"gateway":"192.168.200.1","dns_primary":"1.1.1.1","dns_secondary":"1.1.1.2","from":"192.168.200.10","to":"192.168.200.20","created_at":"2020-09-03
        06:57:24 UTC","updated_at":"2020-09-03 06:57:24 UTC","ipam":"Internal DB","boot_mode":"Static","id":34,"name":"Test
        Subnet 2","description":"My subnet description","network_address":"192.168.200.0/27","dhcp_id":null,"dhcp_name":null,"tftp_id":null,"tftp_name":null,"httpboot_id":null,"httpboot_name":null,"externalipam_id":null,"externalipam_name":null,"dns_id":null,"template_id":null,"template_name":null,"dhcp":null,"tftp":null,"httpboot":null,"externalipam":null,"dns":null,"template":null,"domains":[{"id":12,"name":"foo.example.com"},{"id":13,"name":"bar.example.com"}],"interfaces":[],"parameters":[],"locations":[{"id":38,"name":"Foo","title":"Foo","description":null},{"id":39,"name":"Baz","title":"Foo/Baz","description":null},{"id":40,"name":"Bar","title":"Bar","description":null}],"organizations":[{"id":41,"name":"Test
        Org1","title":"Test Org1","description":"A test organization"},{"id":42,"name":"Test
        Org2","title":"Test Org2","description":"A test organization"}]}'
    headers:
      Cache-Control:
      - max-age=0, private, must-revalidate
      Connection:
      - Keep-Alive
      Content-Security-Policy:
      - 'default-src ''self''; child-src ''self''; connect-src ''self'' ws: wss:;
        img-src ''self'' data:; script-src ''unsafe-eval'' ''unsafe-inline'' ''self'';
        style-src ''unsafe-inline'' ''self'''
      Content-Type:
      - application/json; charset=utf-8
      Foreman_api_version:
      - '2'
      Foreman_current_location:
      - ; ANY
      Foreman_current_organization:
      - ; ANY
      Foreman_version:
      - 2.1.0
      Keep-Alive:
      - timeout=15, max=91
      Strict-Transport-Security:
      - max-age=631139040; includeSubdomains
      Transfer-Encoding:
      - chunked
      X-Content-Type-Options:
      - nosniff
      X-Download-Options:
      - noopen
      X-Frame-Options:
      - sameorigin
      X-Permitted-Cross-Domain-Policies:
      - none
      X-XSS-Protection:
      - 1; mode=block
    status:
      code: 201
      message: Created
version: 1
