interactions:
- request:
    body: null
    headers:
      Accept: [application/json;version=2]
    method: GET
    uri: https://foreman.example.com/api/status
  response:
    body: {string: !!python/unicode '{"result":"ok","status":200,"version":"1.22.1","api_version":2}'}
    headers:
      apipie-checksum: [682fdd16afbeb660a8bfcecc651151a5671d1407]
      cache-control: ['max-age=0, private, must-revalidate']
      content-length: ['63']
      content-security-policy: ['default-src ''self''; child-src ''self''; connect-src
          ''self'' ws: wss:; img-src ''self'' data: *.gravatar.com; script-src ''unsafe-eval''
          ''unsafe-inline'' ''self''; style-src ''unsafe-inline'' ''self''']
      content-type: [application/json; charset=utf-8]
      date: ['Mon, 30 Sep 2019 12:29:47 GMT']
      etag: [W/"7462024e111aafa1fe0b7de16a6757f0"]
      foreman_api_version: ['2']
      foreman_version: [1.22.1]
      server: [Apache]
      set-cookie: [_session_id=e5f299bcfdabaad4557b20631d09f2bb; path=/; secure; HttpOnly;
          SameSite=Lax]
      status: [200 OK]
      strict-transport-security: [max-age=631139040; includeSubdomains]
      x-content-type-options: [nosniff]
      x-download-options: [noopen]
      x-frame-options: [sameorigin]
      x-permitted-cross-domain-policies: [none]
      x-powered-by: [Phusion Passenger 4.0.53]
      x-request-id: [47abdc01-2c6f-4542-8bb2-aba041f73810]
      x-runtime: ['0.028346']
      x-xss-protection: [1; mode=block]
    status: {code: 200, message: OK}
- request:
    body: null
    headers:
      Accept: [application/json;version=2]
      Cookie: [_session_id=e5f299bcfdabaad4557b20631d09f2bb]
    method: GET
    uri: https://foreman.example.com/api/subnets?per_page=4294967296&search=name%3D%22Test+Subnet%22&thin=False
  response:
    body: {string: !!python/unicode "{\n  \"total\": 0,\n  \"subtotal\": 0,\n  \"page\":
        1,\n  \"per_page\": 4294967296,\n  \"search\": \"name=\\\"Test Subnet\\\"\",\n
        \ \"sort\": {\n    \"by\": null,\n    \"order\": null\n  },\n  \"results\":
        []\n}\n"}
    headers:
      apipie-checksum: [682fdd16afbeb660a8bfcecc651151a5671d1407]
      cache-control: ['max-age=0, private, must-revalidate']
      content-security-policy: ['default-src ''self''; child-src ''self''; connect-src
          ''self'' ws: wss:; img-src ''self'' data: *.gravatar.com; script-src ''unsafe-eval''
          ''unsafe-inline'' ''self''; style-src ''unsafe-inline'' ''self''']
      content-type: [application/json; charset=utf-8]
      date: ['Mon, 30 Sep 2019 12:29:48 GMT']
      etag: [W/"073f3aef59c83a0aed48443e2dc9e982"]
      foreman_api_version: ['2']
      foreman_version: [1.22.1]
      server: [Apache]
      status: [200 OK]
      strict-transport-security: [max-age=631139040; includeSubdomains]
      transfer-encoding: [chunked]
      vary: [Accept-Encoding]
      x-content-type-options: [nosniff]
      x-download-options: [noopen]
      x-frame-options: [sameorigin]
      x-permitted-cross-domain-policies: [none]
      x-powered-by: [Phusion Passenger 4.0.53]
      x-request-id: [6ad90aec-661d-496e-82bb-57588ecbf10c]
      x-runtime: ['0.017461']
      x-xss-protection: [1; mode=block]
    status: {code: 200, message: OK}
- request:
    body: !!python/unicode '{"subnet": {"network": "192.168.200.0", "ipam": "DHCP",
      "mask": "255.255.255.224", "name": "Test Subnet", "network_type": "IPv4", "boot_mode":
      "DHCP"}}'
    headers:
      Accept: [application/json;version=2]
      Content-Length: ['151']
      Content-Type: [application/json]
      Cookie: [_session_id=e5f299bcfdabaad4557b20631d09f2bb]
    method: POST
    uri: https://foreman.example.com/api/subnets
  response:
    body: {string: !!python/unicode '{"network":"192.168.200.0","network_type":"IPv4","cidr":27,"mask":"255.255.255.224","priority":null,"vlanid":null,"mtu":1500,"gateway":null,"dns_primary":null,"dns_secondary":null,"from":null,"to":null,"created_at":"2019-09-30
        12:29:48 UTC","updated_at":"2019-09-30 12:29:48 UTC","ipam":"DHCP","boot_mode":"DHCP","id":24,"name":"Test
        Subnet","description":null,"network_address":"192.168.200.0/27","dhcp_id":null,"dhcp_name":null,"tftp_id":null,"tftp_name":null,"httpboot_id":null,"httpboot_name":null,"dns_id":null,"template_id":null,"template_name":null,"dhcp":null,"tftp":null,"httpboot":null,"dns":null,"template":null,"domains":[],"interfaces":[],"parameters":[],"locations":[],"organizations":[]}'}
    headers:
      apipie-checksum: [682fdd16afbeb660a8bfcecc651151a5671d1407]
      cache-control: ['max-age=0, private, must-revalidate']
      content-security-policy: ['default-src ''self''; child-src ''self''; connect-src
          ''self'' ws: wss:; img-src ''self'' data: *.gravatar.com; script-src ''unsafe-eval''
          ''unsafe-inline'' ''self''; style-src ''unsafe-inline'' ''self''']
      content-type: [application/json; charset=utf-8]
      date: ['Mon, 30 Sep 2019 12:29:48 GMT']
      etag: [W/"c15332b3999b000b3d60b6bb134cb32c"]
      foreman_api_version: ['2']
      foreman_version: [1.22.1]
      server: [Apache]
      set-cookie: [request_method=POST; path=/; secure; HttpOnly; SameSite=Lax]
      status: [201 Created]
      strict-transport-security: [max-age=631139040; includeSubdomains]
      transfer-encoding: [chunked]
      x-content-type-options: [nosniff]
      x-download-options: [noopen]
      x-frame-options: [sameorigin]
      x-permitted-cross-domain-policies: [none]
      x-powered-by: [Phusion Passenger 4.0.53]
      x-request-id: [3c1b33e5-ad96-473e-8269-fe708850bf62]
      x-runtime: ['0.045326']
      x-xss-protection: [1; mode=block]
    status: {code: 201, message: Created}
- request:
    body: !!python/unicode '{"parameter": {"parameter_type": "string", "name": "subnet_param2",
      "value": "value2"}}'
    headers:
      Accept: [application/json;version=2]
      Content-Length: ['87']
      Content-Type: [application/json]
      Cookie: [request_method=POST; _session_id=e5f299bcfdabaad4557b20631d09f2bb]
    method: POST
    uri: https://foreman.example.com/api/subnets/24/parameters
  response:
    body: {string: !!python/unicode '{"priority":40,"created_at":"2019-09-30 12:29:48
        UTC","updated_at":"2019-09-30 12:29:48 UTC","id":40,"name":"subnet_param2","parameter_type":"string","value":"value2"}'}
    headers:
      apipie-checksum: [682fdd16afbeb660a8bfcecc651151a5671d1407]
      cache-control: ['max-age=0, private, must-revalidate']
      content-security-policy: ['default-src ''self''; child-src ''self''; connect-src
          ''self'' ws: wss:; img-src ''self'' data: *.gravatar.com; script-src ''unsafe-eval''
          ''unsafe-inline'' ''self''; style-src ''unsafe-inline'' ''self''']
      content-type: [application/json; charset=utf-8]
      date: ['Mon, 30 Sep 2019 12:29:48 GMT']
      etag: [W/"83a9164821747b01eabab4ca683a4b53"]
      foreman_api_version: ['2']
      foreman_version: [1.22.1]
      server: [Apache]
      status: [201 Created]
      strict-transport-security: [max-age=631139040; includeSubdomains]
      transfer-encoding: [chunked]
      x-content-type-options: [nosniff]
      x-download-options: [noopen]
      x-frame-options: [sameorigin]
      x-permitted-cross-domain-policies: [none]
      x-powered-by: [Phusion Passenger 4.0.53]
      x-request-id: [77b768cf-0e20-4907-83e8-e6e4c5d765b1]
      x-runtime: ['0.038009']
      x-xss-protection: [1; mode=block]
    status: {code: 201, message: Created}
- request:
    body: !!python/unicode '{"parameter": {"parameter_type": "string", "name": "subnet_param1",
      "value": "value1"}}'
    headers:
      Accept: [application/json;version=2]
      Content-Length: ['87']
      Content-Type: [application/json]
      Cookie: [request_method=POST; _session_id=e5f299bcfdabaad4557b20631d09f2bb]
    method: POST
    uri: https://foreman.example.com/api/subnets/24/parameters
  response:
    body: {string: !!python/unicode '{"priority":40,"created_at":"2019-09-30 12:29:48
        UTC","updated_at":"2019-09-30 12:29:48 UTC","id":41,"name":"subnet_param1","parameter_type":"string","value":"value1"}'}
    headers:
      apipie-checksum: [682fdd16afbeb660a8bfcecc651151a5671d1407]
      cache-control: ['max-age=0, private, must-revalidate']
      content-security-policy: ['default-src ''self''; child-src ''self''; connect-src
          ''self'' ws: wss:; img-src ''self'' data: *.gravatar.com; script-src ''unsafe-eval''
          ''unsafe-inline'' ''self''; style-src ''unsafe-inline'' ''self''']
      content-type: [application/json; charset=utf-8]
      date: ['Mon, 30 Sep 2019 12:29:48 GMT']
      etag: [W/"5a31177936b10cd72ec6bba3ce00be87"]
      foreman_api_version: ['2']
      foreman_version: [1.22.1]
      server: [Apache]
      status: [201 Created]
      strict-transport-security: [max-age=631139040; includeSubdomains]
      transfer-encoding: [chunked]
      x-content-type-options: [nosniff]
      x-download-options: [noopen]
      x-frame-options: [sameorigin]
      x-permitted-cross-domain-policies: [none]
      x-powered-by: [Phusion Passenger 4.0.53]
      x-request-id: [b4445794-0ec6-4b0b-be8d-ef155eb3e672]
      x-runtime: ['0.035411']
      x-xss-protection: [1; mode=block]
    status: {code: 201, message: Created}
version: 1
