interactions:
- request:
    body: null
    headers:
      Accept: [application/json;version=2]
    method: GET
    uri: https://centos7-foreman-1-22/api/status
  response:
    body: {string: !!python/unicode '{"result":"ok","status":200,"version":"1.22.0-RC2","api_version":2}'}
    headers:
      apipie-checksum: [9f3fe04d3a1b506370bbd7924e81c1ffa9070904]
      cache-control: ['max-age=0, private, must-revalidate']
      content-length: ['67']
      content-security-policy: ['default-src ''self''; child-src ''self''; connect-src
          ''self'' ws: wss:; img-src ''self'' data: *.gravatar.com; script-src ''unsafe-eval''
          ''unsafe-inline'' ''self''; style-src ''unsafe-inline'' ''self''']
      content-type: [application/json; charset=utf-8]
      date: ['Fri, 12 Jul 2019 12:07:25 GMT']
      etag: [W/"a15604a8fd6a96137136604ae49efef3"]
      foreman_api_version: ['2']
      foreman_version: [1.22.0-RC2]
      server: [Apache]
      set-cookie: [_session_id=ee7934649b005540ef4cf5cb73e08de7; path=/; secure; HttpOnly;
          SameSite=Lax]
      status: [200 OK]
      strict-transport-security: [max-age=631139040; includeSubdomains]
      x-content-type-options: [nosniff]
      x-download-options: [noopen]
      x-frame-options: [sameorigin]
      x-permitted-cross-domain-policies: [none]
      x-powered-by: [Phusion Passenger 4.0.53]
      x-request-id: [bcff11c4-1fe4-434f-b5d6-5f8f80cf962b]
      x-runtime: ['0.028845']
      x-xss-protection: [1; mode=block]
    status: {code: 200, message: OK}
- request:
    body: null
    headers:
      Accept: [application/json;version=2]
      Cookie: [_session_id=ee7934649b005540ef4cf5cb73e08de7]
    method: GET
    uri: https://centos7-foreman-1-22/api/subnets?per_page=4294967296&search=name%3D%22Test+Subnet%22&thin=False
  response:
    body: {string: !!python/unicode "{\n  \"total\": 0,\n  \"subtotal\": 0,\n  \"page\":
        1,\n  \"per_page\": 4294967296,\n  \"search\": \"name=\\\"Test Subnet\\\"\",\n
        \ \"sort\": {\n    \"by\": null,\n    \"order\": null\n  },\n  \"results\":
        []\n}\n"}
    headers:
      apipie-checksum: [9f3fe04d3a1b506370bbd7924e81c1ffa9070904]
      cache-control: ['max-age=0, private, must-revalidate']
      content-security-policy: ['default-src ''self''; child-src ''self''; connect-src
          ''self'' ws: wss:; img-src ''self'' data: *.gravatar.com; script-src ''unsafe-eval''
          ''unsafe-inline'' ''self''; style-src ''unsafe-inline'' ''self''']
      content-type: [application/json; charset=utf-8]
      date: ['Fri, 12 Jul 2019 12:07:25 GMT']
      etag: [W/"073f3aef59c83a0aed48443e2dc9e982"]
      foreman_api_version: ['2']
      foreman_version: [1.22.0-RC2]
      server: [Apache]
      status: [200 OK]
      strict-transport-security: [max-age=631139040; includeSubdomains]
      transfer-encoding: [chunked]
      vary: [Accept-Encoding]
      x-content-type-options: [nosniff]
      x-download-options: [noopen]
      x-frame-options: [sameorigin]
      x-permitted-cross-domain-policies: [none]
      x-powered-by: [Phusion Passenger 4.0.53]
      x-request-id: [3ebd5d53-421c-45b3-8a92-d9eb45353ecc]
      x-runtime: ['0.014435']
      x-xss-protection: [1; mode=block]
    status: {code: 200, message: OK}
- request:
    body: !!python/unicode '{"subnet": {"network": "192.168.200.0", "ipam": "DHCP",
      "mask": "255.255.255.224", "name": "Test Subnet", "network_type": "IPv4", "boot_mode":
      "DHCP"}}'
    headers:
      Accept: [application/json;version=2]
      Content-Length: ['151']
      Content-Type: [application/json]
      Cookie: [_session_id=ee7934649b005540ef4cf5cb73e08de7]
    method: POST
    uri: https://centos7-foreman-1-22/api/subnets
  response:
    body: {string: !!python/unicode '{"network":"192.168.200.0","network_type":"IPv4","cidr":27,"mask":"255.255.255.224","priority":null,"vlanid":null,"mtu":1500,"gateway":null,"dns_primary":null,"dns_secondary":null,"from":null,"to":null,"created_at":"2019-07-12
        12:07:25 UTC","updated_at":"2019-07-12 12:07:25 UTC","ipam":"DHCP","boot_mode":"DHCP","id":7,"name":"Test
        Subnet","description":null,"network_address":"192.168.200.0/27","dhcp_id":null,"dhcp_name":null,"tftp_id":null,"tftp_name":null,"httpboot_id":null,"httpboot_name":null,"dns_id":null,"template_id":null,"template_name":null,"dhcp":null,"tftp":null,"httpboot":null,"dns":null,"template":null,"domains":[],"interfaces":[],"parameters":[],"locations":[],"organizations":[]}'}
    headers:
      apipie-checksum: [9f3fe04d3a1b506370bbd7924e81c1ffa9070904]
      cache-control: ['max-age=0, private, must-revalidate']
      content-security-policy: ['default-src ''self''; child-src ''self''; connect-src
          ''self'' ws: wss:; img-src ''self'' data: *.gravatar.com; script-src ''unsafe-eval''
          ''unsafe-inline'' ''self''; style-src ''unsafe-inline'' ''self''']
      content-type: [application/json; charset=utf-8]
      date: ['Fri, 12 Jul 2019 12:07:25 GMT']
      etag: [W/"fc967a5109c812b17e86d691b77c18ca"]
      foreman_api_version: ['2']
      foreman_version: [1.22.0-RC2]
      server: [Apache]
      set-cookie: [request_method=POST; path=/; secure; HttpOnly; SameSite=Lax]
      status: [201 Created]
      strict-transport-security: [max-age=631139040; includeSubdomains]
      transfer-encoding: [chunked]
      x-content-type-options: [nosniff]
      x-download-options: [noopen]
      x-frame-options: [sameorigin]
      x-permitted-cross-domain-policies: [none]
      x-powered-by: [Phusion Passenger 4.0.53]
      x-request-id: [79cfb40e-fd89-42ca-918d-bd56b0dfa847]
      x-runtime: ['0.038318']
      x-xss-protection: [1; mode=block]
    status: {code: 201, message: Created}
version: 1
