interactions:
- request:
    body: null
    headers:
      Accept:
      - application/json;version=2
      Accept-Encoding:
      - gzip, deflate
      Connection:
      - keep-alive
      User-Agent:
      - apypie (https://github.com/Apipie/apypie)
    method: GET
    uri: https://centos7-foreman-1-22/api/status
  response:
    body:
      string: '{"result":"ok","status":200,"version":"1.22.1","api_version":2}'
    headers:
      Cache-Control:
      - max-age=0, private, must-revalidate
      Connection:
      - Keep-Alive
      Content-Length:
      - '63'
      Content-Security-Policy:
      - 'default-src ''self''; child-src ''self''; connect-src ''self'' ws: wss:;
        img-src ''self'' data: *.gravatar.com; script-src ''unsafe-eval'' ''unsafe-inline''
        ''self''; style-src ''unsafe-inline'' ''self'''
      Content-Type:
      - application/json; charset=utf-8
      Date:
      - Fri, 15 Nov 2019 14:39:22 GMT
      ETag:
      - W/"7462024e111aafa1fe0b7de16a6757f0"
      Foreman_api_version:
      - '2'
      Foreman_version:
      - 1.22.1
      Keep-Alive:
      - timeout=5, max=100
      Server:
      - Apache
      Set-Cookie:
      - _session_id=702fc074ea897fd5cdcbb0b876a83a9a; path=/; secure; HttpOnly; SameSite=Lax
      Status:
      - 200 OK
      Strict-Transport-Security:
      - max-age=631139040; includeSubdomains
      X-Content-Type-Options:
      - nosniff
      X-Download-Options:
      - noopen
      X-Frame-Options:
      - sameorigin
      X-Permitted-Cross-Domain-Policies:
      - none
      X-Powered-By:
      - Phusion Passenger 4.0.53
      X-Request-Id:
      - 235f2465-b06f-4945-b1fb-04a0ac4badea
      X-Runtime:
      - '0.024176'
      X-XSS-Protection:
      - 1; mode=block
    status:
      code: 200
      message: OK
- request:
    body: null
    headers:
      Accept:
      - application/json;version=2
      Accept-Encoding:
      - gzip, deflate
      Connection:
      - keep-alive
      Cookie:
      - _session_id=702fc074ea897fd5cdcbb0b876a83a9a
      User-Agent:
      - apypie (https://github.com/Apipie/apypie)
    method: GET
    uri: https://centos7-foreman-1-22/api/subnets?search=name%3D%22Test+Subnet%22&per_page=4294967296
  response:
    body:
      string: "{\n  \"total\": 1,\n  \"subtotal\": 1,\n  \"page\": 1,\n  \"per_page\":
        4294967296,\n  \"search\": \"name=\\\"Test Subnet\\\"\",\n  \"sort\": {\n
        \   \"by\": null,\n    \"order\": null\n  },\n  \"results\": [{\"network\":\"192.168.200.0\",\"network_type\":\"IPv4\",\"cidr\":27,\"mask\":\"255.255.255.224\",\"priority\":null,\"vlanid\":null,\"mtu\":1500,\"gateway\":null,\"dns_primary\":null,\"dns_secondary\":null,\"from\":null,\"to\":null,\"created_at\":\"2019-11-15
        14:39:21 UTC\",\"updated_at\":\"2019-11-15 14:39:21 UTC\",\"ipam\":\"DHCP\",\"boot_mode\":\"DHCP\",\"id\":17,\"name\":\"Test
        Subnet\",\"description\":null,\"network_address\":\"192.168.200.0/27\",\"dhcp_id\":null,\"dhcp_name\":null,\"tftp_id\":null,\"tftp_name\":null,\"httpboot_id\":null,\"httpboot_name\":null,\"dns_id\":null,\"template_id\":null,\"template_name\":null,\"dhcp\":null,\"tftp\":null,\"httpboot\":null,\"dns\":null,\"template\":null}]\n}\n"
    headers:
      Cache-Control:
      - max-age=0, private, must-revalidate
      Connection:
      - Keep-Alive
      Content-Security-Policy:
      - 'default-src ''self''; child-src ''self''; connect-src ''self'' ws: wss:;
        img-src ''self'' data: *.gravatar.com; script-src ''unsafe-eval'' ''unsafe-inline''
        ''self''; style-src ''unsafe-inline'' ''self'''
      Content-Type:
      - application/json; charset=utf-8
      Date:
      - Fri, 15 Nov 2019 14:39:22 GMT
      ETag:
      - W/"9eeed69f9680f270be3f2f10f4a10e9b-gzip"
      Foreman_api_version:
      - '2'
      Foreman_version:
      - 1.22.1
      Keep-Alive:
      - timeout=5, max=99
      Server:
      - Apache
      Status:
      - 200 OK
      Strict-Transport-Security:
      - max-age=631139040; includeSubdomains
      Vary:
      - Accept-Encoding
      X-Content-Type-Options:
      - nosniff
      X-Download-Options:
      - noopen
      X-Frame-Options:
      - sameorigin
      X-Permitted-Cross-Domain-Policies:
      - none
      X-Powered-By:
      - Phusion Passenger 4.0.53
      X-Request-Id:
      - 8c0b85f2-811d-4705-ac6d-cce7c0f90456
      X-Runtime:
      - '0.015160'
      X-XSS-Protection:
      - 1; mode=block
      content-length:
      - '800'
    status:
      code: 200
      message: OK
- request:
    body: null
    headers:
      Accept:
      - application/json;version=2
      Accept-Encoding:
      - gzip, deflate
      Connection:
      - keep-alive
      Cookie:
      - _session_id=702fc074ea897fd5cdcbb0b876a83a9a
      User-Agent:
      - apypie (https://github.com/Apipie/apypie)
    method: GET
    uri: https://centos7-foreman-1-22/api/subnets/17
  response:
    body:
      string: '{"network":"192.168.200.0","network_type":"IPv4","cidr":27,"mask":"255.255.255.224","priority":null,"vlanid":null,"mtu":1500,"gateway":null,"dns_primary":null,"dns_secondary":null,"from":null,"to":null,"created_at":"2019-11-15
        14:39:21 UTC","updated_at":"2019-11-15 14:39:21 UTC","ipam":"DHCP","boot_mode":"DHCP","id":17,"name":"Test
        Subnet","description":null,"network_address":"192.168.200.0/27","dhcp_id":null,"dhcp_name":null,"tftp_id":null,"tftp_name":null,"httpboot_id":null,"httpboot_name":null,"dns_id":null,"template_id":null,"template_name":null,"dhcp":null,"tftp":null,"httpboot":null,"dns":null,"template":null,"domains":[],"interfaces":[],"parameters":[],"locations":[],"organizations":[]}'
    headers:
      Cache-Control:
      - max-age=0, private, must-revalidate
      Connection:
      - Keep-Alive
      Content-Security-Policy:
      - 'default-src ''self''; child-src ''self''; connect-src ''self'' ws: wss:;
        img-src ''self'' data: *.gravatar.com; script-src ''unsafe-eval'' ''unsafe-inline''
        ''self''; style-src ''unsafe-inline'' ''self'''
      Content-Type:
      - application/json; charset=utf-8
      Date:
      - Fri, 15 Nov 2019 14:39:22 GMT
      ETag:
      - W/"3ec584e7c7dc431ade687d9f94d776ae-gzip"
      Foreman_api_version:
      - '2'
      Foreman_version:
      - 1.22.1
      Keep-Alive:
      - timeout=5, max=98
      Server:
      - Apache
      Status:
      - 200 OK
      Strict-Transport-Security:
      - max-age=631139040; includeSubdomains
      Vary:
      - Accept-Encoding
      X-Content-Type-Options:
      - nosniff
      X-Download-Options:
      - noopen
      X-Frame-Options:
      - sameorigin
      X-Permitted-Cross-Domain-Policies:
      - none
      X-Powered-By:
      - Phusion Passenger 4.0.53
      X-Request-Id:
      - c9808f22-5479-49b7-8b13-ecdec90c840c
      X-Runtime:
      - '0.019545'
      X-XSS-Protection:
      - 1; mode=block
      content-length:
      - '702'
    status:
      code: 200
      message: OK
version: 1
