interactions:
- request:
    body: null
    headers:
      Accept: [application/json;version=2]
    method: GET
    uri: https://centos7-katello-3-12/api/status
  response:
    body: {string: !!python/unicode '{"result":"ok","status":200,"version":"1.22.0","api_version":2}'}
    headers:
      apipie-checksum: [5adea7a94ce02bd4ebd4e9df5046899d962d1188]
      cache-control: ['max-age=0, private, must-revalidate']
      content-length: ['63']
      content-security-policy: ['default-src ''self''; child-src ''self''; connect-src
          ''self'' ws: wss:; img-src ''self'' data: *.gravatar.com; script-src ''unsafe-eval''
          ''unsafe-inline'' ''self''; style-src ''unsafe-inline'' ''self''']
      content-type: [application/json; charset=utf-8]
      date: ['Tue, 06 Aug 2019 14:41:59 GMT']
      etag: [W/"674e9dbc2140c688b559566b581c5c09"]
      foreman_api_version: ['2']
      foreman_version: [1.22.0]
      server: [Apache]
      set-cookie: [_session_id=823f3229d3e42240807b10517927106c; path=/; secure; HttpOnly;
          SameSite=Lax]
      status: [200 OK]
      strict-transport-security: [max-age=631139040; includeSubdomains]
      x-content-type-options: [nosniff]
      x-download-options: [noopen]
      x-frame-options: [sameorigin]
      x-permitted-cross-domain-policies: [none]
      x-powered-by: [Phusion Passenger 4.0.53]
      x-request-id: [0775f505-2952-4d77-bd14-e3c60c20ad2c]
      x-runtime: ['0.030485']
      x-xss-protection: [1; mode=block]
    status: {code: 200, message: OK}
- request:
    body: null
    headers:
      Accept: [application/json;version=2]
      Cookie: [_session_id=823f3229d3e42240807b10517927106c]
    method: GET
    uri: https://centos7-katello-3-12/katello/api/organizations?per_page=4294967296&search=name%3D%22Test+Organization%22&thin=True
  response:
    body: {string: !!python/unicode "{\n  \"total\": 2,\n  \"subtotal\": 1,\n  \"page\":
        1,\n  \"per_page\": 4294967296,\n  \"search\": \"name=\\\"Test Organization\\\"\",\n
        \ \"sort\": {\n    \"by\": null,\n    \"order\": null\n  },\n  \"results\":
        [{\"label\":\"Test_Organization\",\"created_at\":\"2019-08-06 14:41:53 UTC\",\"updated_at\":\"2019-08-06
        14:41:53 UTC\",\"id\":4,\"name\":\"Test Organization\",\"title\":\"Test Organization\",\"description\":\"A
        test organization\"}]\n}\n"}
    headers:
      apipie-checksum: [5adea7a94ce02bd4ebd4e9df5046899d962d1188]
      cache-control: ['max-age=0, private, must-revalidate']
      content-security-policy: ['default-src ''self''; child-src ''self''; connect-src
          ''self'' ws: wss:; img-src ''self'' data: *.gravatar.com; script-src ''unsafe-eval''
          ''unsafe-inline'' ''self''; style-src ''unsafe-inline'' ''self''']
      content-type: [application/json; charset=utf-8]
      date: ['Tue, 06 Aug 2019 14:41:59 GMT']
      etag: [W/"667f99e2afd3408909b78965cd8a391a"]
      foreman_api_version: ['2']
      foreman_version: [1.22.0]
      server: [Apache]
      status: [200 OK]
      strict-transport-security: [max-age=631139040; includeSubdomains]
      transfer-encoding: [chunked]
      vary: [Accept-Encoding]
      x-content-type-options: [nosniff]
      x-download-options: [noopen]
      x-frame-options: [sameorigin]
      x-permitted-cross-domain-policies: [none]
      x-powered-by: [Phusion Passenger 4.0.53]
      x-request-id: [0ad5e6a4-f20e-4af6-9aea-6d23a0ba1112]
      x-runtime: ['0.016740']
      x-xss-protection: [1; mode=block]
    status: {code: 200, message: OK}
- request:
    body: null
    headers:
      Accept: [application/json;version=2]
      Cookie: [_session_id=823f3229d3e42240807b10517927106c]
    method: GET
    uri: https://centos7-katello-3-12/katello/api/organizations/4/sync_plans?per_page=4294967296&search=name%3D%22Test+Sync+Plan%22&thin=False
  response:
    body: {string: !!python/unicode '{"total":1,"subtotal":1,"page":1,"per_page":"4294967296","error":null,"search":"name=\"Test
        Sync Plan\"","sort":{"by":"name","order":"asc"},"results":[{"id":16,"organization_id":4,"name":"Test
        Sync Plan","description":null,"interval":"weekly","next_sync":null,"sync_date":"2017-01-01
        00:00:00 UTC","created_at":"2019-08-06 14:41:58 UTC","updated_at":"2019-08-06
        14:41:58 UTC","enabled":false,"foreman_tasks_recurring_logic_id":18,"cron_expression":null,"products":[{"id":2,"cp_id":"731152335267","name":"Test
        Product","label":"Test_Product","description":"A happy little test product","sync_state":null,"last_sync":null,"last_sync_words":null,"repository_count":0}],"permissions":{"view_sync_plans":true,"edit_sync_plans":true,"destroy_sync_plans":true}}]}

'}
    headers:
      apipie-checksum: [5adea7a94ce02bd4ebd4e9df5046899d962d1188]
      cache-control: ['max-age=0, private, must-revalidate']
      content-security-policy: ['default-src ''self''; child-src ''self''; connect-src
          ''self'' ws: wss:; img-src ''self'' data: *.gravatar.com; script-src ''unsafe-eval''
          ''unsafe-inline'' ''self''; style-src ''unsafe-inline'' ''self''']
      content-type: [application/json; charset=utf-8]
      date: ['Tue, 06 Aug 2019 14:41:59 GMT']
      etag: [W/"16a4b8ab4d22cba7e9170bbafce03418"]
      foreman_api_version: ['2']
      foreman_version: [1.22.0]
      server: [Apache]
      status: [200 OK]
      strict-transport-security: [max-age=631139040; includeSubdomains]
      transfer-encoding: [chunked]
      vary: [Accept-Encoding]
      x-content-type-options: [nosniff]
      x-download-options: [noopen]
      x-frame-options: [sameorigin]
      x-permitted-cross-domain-policies: [none]
      x-powered-by: [Phusion Passenger 4.0.53]
      x-request-id: [2cc266ab-ca31-40cc-b92c-64dea48b6abc]
      x-runtime: ['0.035654']
      x-xss-protection: [1; mode=block]
    status: {code: 200, message: OK}
- request:
    body: null
    headers:
      Accept: [application/json;version=2]
      Cookie: [_session_id=823f3229d3e42240807b10517927106c]
    method: GET
    uri: https://centos7-katello-3-12/katello/api/organizations/4/sync_plans/16
  response:
    body: {string: !!python/unicode '  {"id":16,"organization_id":4,"name":"Test Sync
        Plan","description":null,"interval":"weekly","next_sync":null,"sync_date":"2017-01-01
        00:00:00 UTC","created_at":"2019-08-06 14:41:58 UTC","updated_at":"2019-08-06
        14:41:58 UTC","enabled":false,"foreman_tasks_recurring_logic_id":18,"cron_expression":null,"products":[{"id":2,"cp_id":"731152335267","name":"Test
        Product","label":"Test_Product","description":"A happy little test product","sync_state":null,"last_sync":null,"last_sync_words":null,"repository_count":0}],"permissions":{"view_sync_plans":true,"edit_sync_plans":true,"destroy_sync_plans":true}}

'}
    headers:
      apipie-checksum: [5adea7a94ce02bd4ebd4e9df5046899d962d1188]
      cache-control: ['max-age=0, private, must-revalidate']
      content-security-policy: ['default-src ''self''; child-src ''self''; connect-src
          ''self'' ws: wss:; img-src ''self'' data: *.gravatar.com; script-src ''unsafe-eval''
          ''unsafe-inline'' ''self''; style-src ''unsafe-inline'' ''self''']
      content-type: [application/json; charset=utf-8]
      date: ['Tue, 06 Aug 2019 14:41:59 GMT']
      etag: [W/"9fc499c58697557908ad3ea5d8cf4712"]
      foreman_api_version: ['2']
      foreman_version: [1.22.0]
      server: [Apache]
      status: [200 OK]
      strict-transport-security: [max-age=631139040; includeSubdomains]
      transfer-encoding: [chunked]
      vary: [Accept-Encoding]
      x-content-type-options: [nosniff]
      x-download-options: [noopen]
      x-frame-options: [sameorigin]
      x-permitted-cross-domain-policies: [none]
      x-powered-by: [Phusion Passenger 4.0.53]
      x-request-id: [d4273534-345e-40ef-b2d1-755f30405569]
      x-runtime: ['0.032470']
      x-xss-protection: [1; mode=block]
    status: {code: 200, message: OK}
- request:
    body: null
    headers:
      Accept: [application/json;version=2]
      Cookie: [_session_id=823f3229d3e42240807b10517927106c]
    method: GET
    uri: https://centos7-katello-3-12/katello/api/organizations/4/products?per_page=4294967296&search=name%3D%22Test+Product%22&id=16&thin=True
  response:
    body: {string: !!python/unicode '{"total":1,"subtotal":1,"page":1,"per_page":"4294967296","error":null,"search":"name=\"Test
        Product\"","sort":{"by":"name","order":"asc"},"results":[{"id":2,"cp_id":"731152335267","name":"Test
        Product","label":"Test_Product","description":"A happy little test product","provider_id":5,"sync_plan_id":16,"sync_summary":{},"gpg_key_id":null,"ssl_ca_cert_id":null,"ssl_client_cert_id":null,"ssl_client_key_id":null,"sync_state":null,"last_sync":null,"last_sync_words":null,"organization_id":4,"organization":{"name":"Test
        Organization","label":"Test_Organization","id":4},"sync_plan":{"id":16,"name":"Test
        Sync Plan","description":null,"sync_date":"2017-01-01 00:00:00 UTC","interval":"weekly","next_sync":null,"cron_expression":null},"repository_count":0}]}

'}
    headers:
      apipie-checksum: [5adea7a94ce02bd4ebd4e9df5046899d962d1188]
      cache-control: ['max-age=0, private, must-revalidate']
      content-security-policy: ['default-src ''self''; child-src ''self''; connect-src
          ''self'' ws: wss:; img-src ''self'' data: *.gravatar.com; script-src ''unsafe-eval''
          ''unsafe-inline'' ''self''; style-src ''unsafe-inline'' ''self''']
      content-type: [application/json; charset=utf-8]
      date: ['Tue, 06 Aug 2019 14:41:59 GMT']
      etag: [W/"be29a2fe93cebd9fbefc6988fc1806c7"]
      foreman_api_version: ['2']
      foreman_version: [1.22.0]
      server: [Apache]
      status: [200 OK]
      strict-transport-security: [max-age=631139040; includeSubdomains]
      transfer-encoding: [chunked]
      vary: [Accept-Encoding]
      x-content-type-options: [nosniff]
      x-download-options: [noopen]
      x-frame-options: [sameorigin]
      x-permitted-cross-domain-policies: [none]
      x-powered-by: [Phusion Passenger 4.0.53]
      x-request-id: [1543e55d-fc51-442e-a348-2d4c6cc69db0]
      x-runtime: ['0.038902']
      x-xss-protection: [1; mode=block]
    status: {code: 200, message: OK}
version: 1
