interactions:
- request:
    body: null
    headers:
      Accept:
      - application/json;version=2
      Accept-Encoding:
      - gzip, deflate
      Connection:
      - keep-alive
      User-Agent:
      - apypie (https://github.com/Apipie/apypie)
    method: GET
    uri: https://centos7-katello-3-13.yatsu.example.com/api/status
  response:
    body:
      string: !!python/unicode '{"result":"ok","status":200,"version":"1.23.0","api_version":2}'
    headers:
      cache-control:
      - max-age=0, private, must-revalidate
      connection:
      - Keep-Alive
      content-length:
      - '63'
      content-security-policy:
      - 'default-src ''self''; child-src ''self''; connect-src ''self'' ws: wss:;
        img-src ''self'' data: *.gravatar.com; script-src ''unsafe-eval'' ''unsafe-inline''
        ''self''; style-src ''unsafe-inline'' ''self'''
      content-type:
      - application/json; charset=utf-8
      date:
      - Fri, 01 Nov 2019 12:39:29 GMT
      etag:
      - W/"e155d3039d3e53c9bd4f09acfe48e637"
      foreman_api_version:
      - '2'
      foreman_current_location:
      - ; ANY
      foreman_current_organization:
      - ; ANY
      foreman_version:
      - 1.23.0
      keep-alive:
      - timeout=5, max=10000
      server:
      - Apache
      set-cookie:
      - _session_id=a3e77e199a7d5721a5cdc1f40909a7cf; path=/; secure; HttpOnly; SameSite=Lax
      status:
      - 200 OK
      strict-transport-security:
      - max-age=631139040; includeSubdomains
      x-content-type-options:
      - nosniff
      x-download-options:
      - noopen
      x-frame-options:
      - sameorigin
      x-permitted-cross-domain-policies:
      - none
      x-powered-by:
      - Phusion Passenger 4.0.53
      x-request-id:
      - 815fa06e-3db4-463b-8c61-a0930b6b8322
      x-runtime:
      - '0.121672'
      x-xss-protection:
      - 1; mode=block
    status:
      code: 200
      message: OK
- request:
    body: null
    headers:
      Accept:
      - application/json;version=2
      Accept-Encoding:
      - gzip, deflate
      Connection:
      - keep-alive
      Cookie:
      - _session_id=a3e77e199a7d5721a5cdc1f40909a7cf
      User-Agent:
      - apypie (https://github.com/Apipie/apypie)
    method: GET
    uri: https://centos7-katello-3-13.yatsu.example.com/katello/api/organizations?per_page=4294967296&search=name%3D%22Test+Organization%22
  response:
    body:
      string: !!python/unicode "{\n  \"total\": 2,\n  \"subtotal\": 1,\n  \"page\":
        1,\n  \"per_page\": 4294967296,\n  \"search\": \"name=\\\"Test Organization\\\"\",\n
        \ \"sort\": {\n    \"by\": null,\n    \"order\": null\n  },\n  \"results\":
        [{\"label\":\"Test_Organization\",\"created_at\":\"2019-11-01 12:39:19 UTC\",\"updated_at\":\"2019-11-01
        12:39:19 UTC\",\"id\":17,\"name\":\"Test Organization\",\"title\":\"Test Organization\",\"description\":\"A
        test organization\"}]\n}\n"
    headers:
      cache-control:
      - max-age=0, private, must-revalidate
      connection:
      - Keep-Alive
      content-length:
      - '389'
      content-security-policy:
      - 'default-src ''self''; child-src ''self''; connect-src ''self'' ws: wss:;
        img-src ''self'' data: *.gravatar.com; script-src ''unsafe-eval'' ''unsafe-inline''
        ''self''; style-src ''unsafe-inline'' ''self'''
      content-type:
      - application/json; charset=utf-8
      date:
      - Fri, 01 Nov 2019 12:39:29 GMT
      etag:
      - W/"11fae8342a92fce668b8c62444d18190-gzip"
      foreman_api_version:
      - '2'
      foreman_current_location:
      - ; ANY
      foreman_current_organization:
      - ; ANY
      foreman_version:
      - 1.23.0
      keep-alive:
      - timeout=5, max=9999
      server:
      - Apache
      status:
      - 200 OK
      strict-transport-security:
      - max-age=631139040; includeSubdomains
      vary:
      - Accept-Encoding
      x-content-type-options:
      - nosniff
      x-download-options:
      - noopen
      x-frame-options:
      - sameorigin
      x-permitted-cross-domain-policies:
      - none
      x-powered-by:
      - Phusion Passenger 4.0.53
      x-request-id:
      - f6d7ea9e-3e90-4cb1-a70b-3dfa6844c6a0
      x-runtime:
      - '0.015636'
      x-xss-protection:
      - 1; mode=block
    status:
      code: 200
      message: OK
- request:
    body: null
    headers:
      Accept:
      - application/json;version=2
      Accept-Encoding:
      - gzip, deflate
      Connection:
      - keep-alive
      Cookie:
      - _session_id=a3e77e199a7d5721a5cdc1f40909a7cf
      User-Agent:
      - apypie (https://github.com/Apipie/apypie)
    method: GET
    uri: https://centos7-katello-3-13.yatsu.example.com/katello/api/organizations/17/sync_plans?per_page=4294967296&search=name%3D%22Test+Sync+Plan%22
  response:
    body:
      string: !!python/unicode '{"total":1,"subtotal":1,"page":1,"per_page":"4294967296","error":null,"search":"name=\"Test
        Sync Plan\"","sort":{"by":"name","order":"asc"},"results":[{"id":4,"organization_id":17,"name":"Test
        Sync Plan","description":"Sync daily, not weekly","interval":"daily","next_sync":"2019-11-02
        00:00:00 UTC","sync_date":"2017-01-01 00:00:00 UTC","created_at":"2019-11-01
        12:39:25 UTC","updated_at":"2019-11-01 12:39:28 UTC","enabled":true,"foreman_tasks_recurring_logic_id":7,"cron_expression":null,"products":[],"permissions":{"view_sync_plans":true,"edit_sync_plans":true,"destroy_sync_plans":true}}]}

'
    headers:
      cache-control:
      - max-age=0, private, must-revalidate
      connection:
      - Keep-Alive
      content-length:
      - '596'
      content-security-policy:
      - 'default-src ''self''; child-src ''self''; connect-src ''self'' ws: wss:;
        img-src ''self'' data: *.gravatar.com; script-src ''unsafe-eval'' ''unsafe-inline''
        ''self''; style-src ''unsafe-inline'' ''self'''
      content-type:
      - application/json; charset=utf-8
      date:
      - Fri, 01 Nov 2019 12:39:29 GMT
      etag:
      - W/"f7586beba381bed6479356a1201ed1f2-gzip"
      foreman_api_version:
      - '2'
      foreman_current_location:
      - ; ANY
      foreman_current_organization:
      - 17; Test Organization
      foreman_version:
      - 1.23.0
      keep-alive:
      - timeout=5, max=9998
      server:
      - Apache
      status:
      - 200 OK
      strict-transport-security:
      - max-age=631139040; includeSubdomains
      vary:
      - Accept-Encoding
      x-content-type-options:
      - nosniff
      x-download-options:
      - noopen
      x-frame-options:
      - sameorigin
      x-permitted-cross-domain-policies:
      - none
      x-powered-by:
      - Phusion Passenger 4.0.53
      x-request-id:
      - dbbd90ae-e065-4841-8dcd-3f0dc70522cd
      x-runtime:
      - '0.022566'
      x-xss-protection:
      - 1; mode=block
    status:
      code: 200
      message: OK
- request:
    body: null
    headers:
      Accept:
      - application/json;version=2
      Accept-Encoding:
      - gzip, deflate
      Connection:
      - keep-alive
      Cookie:
      - _session_id=a3e77e199a7d5721a5cdc1f40909a7cf
      User-Agent:
      - apypie (https://github.com/Apipie/apypie)
    method: GET
    uri: https://centos7-katello-3-13.yatsu.example.com/katello/api/organizations/17/sync_plans/4
  response:
    body:
      string: !!python/unicode '  {"id":4,"organization_id":17,"name":"Test Sync Plan","description":"Sync
        daily, not weekly","interval":"daily","next_sync":"2019-11-02 00:00:00 UTC","sync_date":"2017-01-01
        00:00:00 UTC","created_at":"2019-11-01 12:39:25 UTC","updated_at":"2019-11-01
        12:39:28 UTC","enabled":true,"foreman_tasks_recurring_logic_id":7,"cron_expression":null,"products":[],"permissions":{"view_sync_plans":true,"edit_sync_plans":true,"destroy_sync_plans":true}}

'
    headers:
      cache-control:
      - max-age=0, private, must-revalidate
      connection:
      - Keep-Alive
      content-length:
      - '445'
      content-security-policy:
      - 'default-src ''self''; child-src ''self''; connect-src ''self'' ws: wss:;
        img-src ''self'' data: *.gravatar.com; script-src ''unsafe-eval'' ''unsafe-inline''
        ''self''; style-src ''unsafe-inline'' ''self'''
      content-type:
      - application/json; charset=utf-8
      date:
      - Fri, 01 Nov 2019 12:39:29 GMT
      etag:
      - W/"5f5f2397351b63494f1cc01046bd0add-gzip"
      foreman_api_version:
      - '2'
      foreman_current_location:
      - ; ANY
      foreman_current_organization:
      - 17; Test Organization
      foreman_version:
      - 1.23.0
      keep-alive:
      - timeout=5, max=9997
      server:
      - Apache
      status:
      - 200 OK
      strict-transport-security:
      - max-age=631139040; includeSubdomains
      vary:
      - Accept-Encoding
      x-content-type-options:
      - nosniff
      x-download-options:
      - noopen
      x-frame-options:
      - sameorigin
      x-permitted-cross-domain-policies:
      - none
      x-powered-by:
      - Phusion Passenger 4.0.53
      x-request-id:
      - d82d04c8-da67-4783-9cc7-6dd32acd5796
      x-runtime:
      - '0.017857'
      x-xss-protection:
      - 1; mode=block
    status:
      code: 200
      message: OK
- request:
    body: !!python/unicode '{"cron_expression": "* * * * */5", "interval": "custom
      cron", "enabled": false}'
    headers:
      Accept:
      - application/json;version=2
      Accept-Encoding:
      - gzip, deflate
      Connection:
      - keep-alive
      Content-Length:
      - '79'
      Content-Type:
      - application/json
      Cookie:
      - _session_id=a3e77e199a7d5721a5cdc1f40909a7cf
      User-Agent:
      - apypie (https://github.com/Apipie/apypie)
    method: PUT
    uri: https://centos7-katello-3-13.yatsu.example.com/katello/api/organizations/17/sync_plans/4
  response:
    body:
      string: !!python/unicode '  {"id":4,"organization_id":17,"name":"Test Sync Plan","description":"Sync
        daily, not weekly","interval":"custom cron","next_sync":null,"sync_date":"2017-01-01
        00:00:00 UTC","created_at":"2019-11-01 12:39:25 UTC","updated_at":"2019-11-01
        12:39:29 UTC","enabled":false,"foreman_tasks_recurring_logic_id":8,"cron_expression":"*
        * * * */5","products":[],"permissions":{"view_sync_plans":true,"edit_sync_plans":true,"destroy_sync_plans":true}}

'
    headers:
      cache-control:
      - max-age=0, private, must-revalidate
      connection:
      - Keep-Alive
      content-length:
      - '440'
      content-security-policy:
      - 'default-src ''self''; child-src ''self''; connect-src ''self'' ws: wss:;
        img-src ''self'' data: *.gravatar.com; script-src ''unsafe-eval'' ''unsafe-inline''
        ''self''; style-src ''unsafe-inline'' ''self'''
      content-type:
      - application/json; charset=utf-8
      date:
      - Fri, 01 Nov 2019 12:39:29 GMT
      etag:
      - W/"1c586cbba4d629e2adcd42e9e1e3f334-gzip"
      foreman_api_version:
      - '2'
      foreman_current_location:
      - ; ANY
      foreman_current_organization:
      - 17; Test Organization
      foreman_version:
      - 1.23.0
      keep-alive:
      - timeout=5, max=9996
      server:
      - Apache
      set-cookie:
      - request_method=PUT; path=/; secure; HttpOnly; SameSite=Lax
      status:
      - 200 OK
      strict-transport-security:
      - max-age=631139040; includeSubdomains
      vary:
      - Accept-Encoding
      x-content-type-options:
      - nosniff
      x-download-options:
      - noopen
      x-frame-options:
      - sameorigin
      x-permitted-cross-domain-policies:
      - none
      x-powered-by:
      - Phusion Passenger 4.0.53
      x-request-id:
      - f0098b70-6e59-46d8-b634-3a4b6abcdd9e
      x-runtime:
      - '0.126725'
      x-xss-protection:
      - 1; mode=block
    status:
      code: 200
      message: OK
version: 1
