interactions:
- request:
    body: null
    headers:
      Accept:
      - application/json;version=2
    method: GET
    uri: https://centos7-foreman-1-22/api/status
  response:
    body:
      string: '{"result":"ok","status":200,"version":"1.22.0","api_version":2}'
    headers:
      Apipie-Checksum:
      - d3e1ab676c84fc216ffc13da25fd35b92959027b
      Cache-Control:
      - max-age=0, private, must-revalidate
      Content-Length:
      - '63'
      Content-Security-Policy:
      - 'default-src ''self''; child-src ''self''; connect-src ''self'' ws: wss:;
        img-src ''self'' data: *.gravatar.com; script-src ''unsafe-eval'' ''unsafe-inline''
        ''self''; style-src ''unsafe-inline'' ''self'''
      Content-Type:
      - application/json; charset=utf-8
      Date:
      - Wed, 10 Jul 2019 15:05:23 GMT
      ETag:
      - W/"674e9dbc2140c688b559566b581c5c09"
      Foreman_api_version:
      - '2'
      Foreman_version:
      - 1.22.0
      Server:
      - Apache
      Set-Cookie:
      - _session_id=25152a4ec9436c83c1fac47ea8457099; path=/; secure; HttpOnly; SameSite=Lax
      Status:
      - 200 OK
      Strict-Transport-Security:
      - max-age=631139040; includeSubdomains
      X-Content-Type-Options:
      - nosniff
      X-Download-Options:
      - noopen
      X-Frame-Options:
      - sameorigin
      X-Permitted-Cross-Domain-Policies:
      - none
      X-Powered-By:
      - Phusion Passenger 4.0.53
      X-Request-Id:
      - 908efeef-6433-4130-8e13-d66552398e38
      X-Runtime:
      - '0.064654'
      X-XSS-Protection:
      - 1; mode=block
    status:
      code: 200
      message: OK
- request:
    body: null
    headers:
      Accept:
      - application/json;version=2
      Cookie:
      - _session_id=25152a4ec9436c83c1fac47ea8457099
    method: GET
    uri: https://centos7-foreman-1-22/api/architectures?thin=True&search=name%3D%22Test_Architecture%22&per_page=4294967296
  response:
    body:
      string: "{\n  \"total\": 3,\n  \"subtotal\": 1,\n  \"page\": 1,\n  \"per_page\"\
        : 4294967296,\n  \"search\": \"name=\\\"Test_Architecture\\\"\",\n  \"sort\"\
        : {\n    \"by\": null,\n    \"order\": null\n  },\n  \"results\": [{\"created_at\"\
        :\"2019-07-10 15:05:20 UTC\",\"updated_at\":\"2019-07-10 15:05:20 UTC\",\"\
        name\":\"Test_Architecture\",\"id\":4}]\n}\n"
    headers:
      Apipie-Checksum:
      - d3e1ab676c84fc216ffc13da25fd35b92959027b
      Cache-Control:
      - max-age=0, private, must-revalidate
      Content-Security-Policy:
      - 'default-src ''self''; child-src ''self''; connect-src ''self'' ws: wss:;
        img-src ''self'' data: *.gravatar.com; script-src ''unsafe-eval'' ''unsafe-inline''
        ''self''; style-src ''unsafe-inline'' ''self'''
      Content-Type:
      - application/json; charset=utf-8
      Date:
      - Wed, 10 Jul 2019 15:05:23 GMT
      ETag:
      - W/"eea7e976c72f501ef6604bd4ab1e59b6"
      Foreman_api_version:
      - '2'
      Foreman_version:
      - 1.22.0
      Server:
      - Apache
      Status:
      - 200 OK
      Strict-Transport-Security:
      - max-age=631139040; includeSubdomains
      Transfer-Encoding:
      - chunked
      Vary:
      - Accept-Encoding
      X-Content-Type-Options:
      - nosniff
      X-Download-Options:
      - noopen
      X-Frame-Options:
      - sameorigin
      X-Permitted-Cross-Domain-Policies:
      - none
      X-Powered-By:
      - Phusion Passenger 4.0.53
      X-Request-Id:
      - 806c6bd4-1059-40eb-89ab-5504b11fbd7e
      X-Runtime:
      - '0.031323'
      X-XSS-Protection:
      - 1; mode=block
    status:
      code: 200
      message: OK
- request:
    body: null
    headers:
      Accept:
      - application/json;version=2
      Content-Length:
      - '0'
      Cookie:
      - _session_id=25152a4ec9436c83c1fac47ea8457099
    method: DELETE
    uri: https://centos7-foreman-1-22/api/architectures/4
  response:
    body:
      string: '{"id":4,"name":"Test_Architecture","created_at":"2019-07-10T15:05:20.705Z","updated_at":"2019-07-10T15:05:20.705Z"}'
    headers:
      Apipie-Checksum:
      - d3e1ab676c84fc216ffc13da25fd35b92959027b
      Cache-Control:
      - max-age=0, private, must-revalidate
      Content-Security-Policy:
      - 'default-src ''self''; child-src ''self''; connect-src ''self'' ws: wss:;
        img-src ''self'' data: *.gravatar.com; script-src ''unsafe-eval'' ''unsafe-inline''
        ''self''; style-src ''unsafe-inline'' ''self'''
      Content-Type:
      - application/json; charset=utf-8
      Date:
      - Wed, 10 Jul 2019 15:05:23 GMT
      ETag:
      - W/"6e726802b1389e799e94d9609366ccae"
      Foreman_api_version:
      - '2'
      Foreman_version:
      - 1.22.0
      Server:
      - Apache
      Set-Cookie:
      - request_method=DELETE; path=/; secure; HttpOnly; SameSite=Lax
      Status:
      - 200 OK
      Strict-Transport-Security:
      - max-age=631139040; includeSubdomains
      Transfer-Encoding:
      - chunked
      Vary:
      - Accept-Encoding
      X-Content-Type-Options:
      - nosniff
      X-Download-Options:
      - noopen
      X-Frame-Options:
      - sameorigin
      X-Permitted-Cross-Domain-Policies:
      - none
      X-Powered-By:
      - Phusion Passenger 4.0.53
      X-Request-Id:
      - 040d187d-21ed-4dfe-a2a5-9cd5f27c3e31
      X-Runtime:
      - '0.049314'
      X-XSS-Protection:
      - 1; mode=block
    status:
      code: 200
      message: OK
version: 1
