interactions:
- request:
    body: null
    headers:
      Accept: [application/json;version=2]
    method: GET
    uri: https://foreman.example.com/api/status
  response:
    body: {string: !!python/unicode '{"result":"ok","status":200,"version":"1.21.3","api_version":2}'}
    headers:
      apipie-checksum: [51e9a9f745b34b1bb81e54e8dd7f7c521ef109c8]
      cache-control: ['max-age=0, private, must-revalidate']
      content-length: ['63']
      content-security-policy: ['default-src ''self''; child-src ''self''; connect-src
          ''self'' ws: wss:; img-src ''self'' data: *.gravatar.com; script-src ''unsafe-eval''
          ''unsafe-inline'' ''self''; style-src ''unsafe-inline'' ''self''']
      content-type: [application/json; charset=utf-8]
      date: ['Mon, 03 Jun 2019 07:14:55 GMT']
      etag: [W/"8ae0d3efe0e232e2a73486dc1f2e0fbb"]
      foreman_api_version: ['2']
      foreman_version: [1.21.3]
      server: [Apache]
      set-cookie: [_session_id=3ea6453dc6447d6c8d967b7c7f9605bc; path=/; secure; HttpOnly;
          SameSite=Lax]
      status: [200 OK]
      strict-transport-security: [max-age=631139040; includeSubdomains]
      x-content-type-options: [nosniff]
      x-download-options: [noopen]
      x-frame-options: [sameorigin]
      x-permitted-cross-domain-policies: [none]
      x-powered-by: [Phusion Passenger 4.0.53]
      x-request-id: [cd4d3b6a-e3f0-4b7e-b3f4-422cae0eb2e4]
      x-runtime: ['0.031706']
      x-xss-protection: [1; mode=block]
    status: {code: 200, message: OK}
- request:
    body: null
    headers:
      Accept: [application/json;version=2]
      Cookie: [_session_id=3ea6453dc6447d6c8d967b7c7f9605bc]
    method: GET
    uri: https://foreman.example.com/katello/api/organizations?per_page=4294967296&search=name%3D%22Test+Organization%22&thin=False
  response:
    body: {string: !!python/unicode "{\n  \"total\": 2,\n  \"subtotal\": 1,\n  \"\
        page\": 1,\n  \"per_page\": 4294967296,\n  \"search\": \"name=\\\"Test Organization\\\
        \"\",\n  \"sort\": {\n    \"by\": null,\n    \"order\": null\n  },\n  \"results\"\
        : [{\"label\":\"Test_Organization\",\"created_at\":\"2019-06-03 07:14:49 UTC\"\
        ,\"updated_at\":\"2019-06-03 07:14:54 UTC\",\"id\":41,\"name\":\"Test Organization\"\
        ,\"title\":\"Test Organization\",\"description\":\"A test organization\"}]\n\
        }\n"}
    headers:
      apipie-checksum: [51e9a9f745b34b1bb81e54e8dd7f7c521ef109c8]
      cache-control: ['max-age=0, private, must-revalidate']
      content-security-policy: ['default-src ''self''; child-src ''self''; connect-src
          ''self'' ws: wss:; img-src ''self'' data: *.gravatar.com; script-src ''unsafe-eval''
          ''unsafe-inline'' ''self''; style-src ''unsafe-inline'' ''self''']
      content-type: [application/json; charset=utf-8]
      date: ['Mon, 03 Jun 2019 07:14:55 GMT']
      etag: [W/"05dfd51e4907b94b92e186c80be48527"]
      foreman_api_version: ['2']
      foreman_version: [1.21.3]
      server: [Apache]
      status: [200 OK]
      strict-transport-security: [max-age=631139040; includeSubdomains]
      transfer-encoding: [chunked]
      vary: [Accept-Encoding]
      x-content-type-options: [nosniff]
      x-download-options: [noopen]
      x-frame-options: [sameorigin]
      x-permitted-cross-domain-policies: [none]
      x-powered-by: [Phusion Passenger 4.0.53]
      x-request-id: [a6d18738-63ac-4f2f-b777-aeda624913d8]
      x-runtime: ['0.017576']
      x-xss-protection: [1; mode=block]
    status: {code: 200, message: OK}
- request:
    body: null
    headers:
      Accept: [application/json;version=2]
      Cookie: [_session_id=3ea6453dc6447d6c8d967b7c7f9605bc]
    method: GET
    uri: https://foreman.example.com/katello/api/organizations/41
  response:
    body: {string: !!python/unicode '{"label":"Test_Organization","owner_details":{"created":"2019-06-03T07:14:50+0000","updated":"2019-06-03T07:14:50+0000","id":"4028f9af6b02dd6f016b1c30d5d80019","key":"Test_Organization","displayName":"Test
        Organization","parentOwner":null,"contentPrefix":"/Test_Organization/$env","defaultServiceLevel":null,"upstreamConsumer":null,"logLevel":null,"autobindDisabled":false,"contentAccessMode":"entitlement","contentAccessModeList":"entitlement","lastRefreshed":null,"href":"/owners/Test_Organization","virt_who":false},"redhat_repository_url":"https://cdn.redhat.com","system_purposes":{"addons":[],"roles":[],"usage":[],"support_level":[]},"service_levels":[],"service_level":null,"select_all_types":[],"description":"A
        test organization","created_at":"2019-06-03 07:14:49 UTC","updated_at":"2019-06-03
        07:14:54 UTC","ancestry":null,"parent_id":null,"parent_name":null,"id":41,"name":"Test
        Organization","title":"Test Organization","users":[],"smart_proxies":[{"name":"centos7-katello-3-11.yatsu.example.com","id":1,"url":"https://centos7-katello-3-11.yatsu.example.com:9090"}],"subnets":[],"compute_resources":[],"media":[],"config_templates":[{"id":66,"name":"Alterator
        default","template_kind_id":5,"template_kind_name":"provision"},{"id":78,"name":"Alterator
        default finish","template_kind_id":6,"template_kind_name":"finish"},{"id":12,"name":"Alterator
        default PXELinux","template_kind_id":1,"template_kind_name":"PXELinux"},{"id":37,"name":"alterator_pkglist","template_kind_id":null,"template_kind_name":null},{"id":58,"name":"ansible_provisioning_callback","template_kind_id":null,"template_kind_name":null},{"id":43,"name":"ansible_tower_callback_script","template_kind_id":null,"template_kind_name":null},{"id":34,"name":"ansible_tower_callback_service","template_kind_id":null,"template_kind_name":null},{"id":76,"name":"Atomic
        Kickstart default","template_kind_id":5,"template_kind_name":"provision"},{"id":67,"name":"AutoYaST
        default","template_kind_id":5,"template_kind_name":"provision"},{"id":88,"name":"AutoYaST
        default iPXE","template_kind_id":4,"template_kind_name":"iPXE"},{"id":5,"name":"AutoYaST
        default PXELinux","template_kind_id":1,"template_kind_name":"PXELinux"},{"id":22,"name":"AutoYaST
        default user data","template_kind_id":8,"template_kind_name":"user_data"},{"id":74,"name":"AutoYaST
        SLES default","template_kind_id":5,"template_kind_name":"provision"},{"id":41,"name":"blacklist_kernel_modules","template_kind_id":null,"template_kind_name":null},{"id":54,"name":"bmc_nic_setup","template_kind_id":null,"template_kind_name":null},{"id":44,"name":"built","template_kind_id":null,"template_kind_name":null},{"id":52,"name":"chef_client","template_kind_id":null,"template_kind_name":null},{"id":47,"name":"coreos_cloudconfig","template_kind_id":null,"template_kind_name":null},{"id":69,"name":"CoreOS
        provision","template_kind_id":5,"template_kind_name":"provision"},{"id":14,"name":"CoreOS
        PXELinux","template_kind_id":1,"template_kind_name":"PXELinux"},{"id":33,"name":"create_users","template_kind_id":null,"template_kind_name":null},{"id":28,"name":"csr_attributes.yaml","template_kind_id":null,"template_kind_name":null},{"id":42,"name":"epel","template_kind_id":null,"template_kind_name":null},{"id":49,"name":"fix_hosts","template_kind_id":null,"template_kind_name":null},{"id":77,"name":"FreeBSD
        (mfsBSD) finish","template_kind_id":6,"template_kind_name":"finish"},{"id":70,"name":"FreeBSD
        (mfsBSD) provision","template_kind_id":5,"template_kind_name":"provision"},{"id":18,"name":"FreeBSD
        (mfsBSD) PXELinux","template_kind_id":1,"template_kind_name":"PXELinux"},{"id":56,"name":"freeipa_register","template_kind_id":null,"template_kind_name":null},{"id":85,"name":"Grubby
        default","template_kind_id":7,"template_kind_name":"script"},{"id":39,"name":"http_proxy","template_kind_id":null,"template_kind_name":null},{"id":91,"name":"iPXE
        default local boot","template_kind_id":4,"template_kind_name":"iPXE"},{"id":87,"name":"iPXE
        global default","template_kind_id":4,"template_kind_name":"iPXE"},{"id":90,"name":"iPXE
        intermediate script","template_kind_id":4,"template_kind_name":"iPXE"},{"id":73,"name":"Jumpstart
        default","template_kind_id":5,"template_kind_name":"provision"},{"id":80,"name":"Jumpstart
        default finish","template_kind_id":6,"template_kind_name":"finish"},{"id":61,"name":"Jumpstart
        default PXEGrub","template_kind_id":2,"template_kind_name":"PXEGrub"},{"id":79,"name":"Junos
        default finish","template_kind_id":6,"template_kind_name":"finish"},{"id":71,"name":"Junos
        default SLAX","template_kind_id":5,"template_kind_name":"provision"},{"id":84,"name":"Junos
        default ZTP config","template_kind_id":9,"template_kind_name":"ZTP"},{"id":65,"name":"Kickstart
        default","template_kind_id":5,"template_kind_name":"provision"},{"id":83,"name":"Kickstart
        default finish","template_kind_id":6,"template_kind_name":"finish"},{"id":89,"name":"Kickstart
        default iPXE","template_kind_id":4,"template_kind_name":"iPXE"},{"id":62,"name":"Kickstart
        default PXEGrub","template_kind_id":2,"template_kind_name":"PXEGrub"},{"id":4,"name":"Kickstart
        default PXEGrub2","template_kind_id":3,"template_kind_name":"PXEGrub2"},{"id":10,"name":"Kickstart
        default PXELinux","template_kind_id":1,"template_kind_name":"PXELinux"},{"id":23,"name":"Kickstart
        default user data","template_kind_id":8,"template_kind_name":"user_data"},{"id":50,"name":"kickstart_ifcfg_bonded_interface","template_kind_id":null,"template_kind_name":null},{"id":36,"name":"kickstart_ifcfg_bond_interface","template_kind_id":null,"template_kind_name":null},{"id":31,"name":"kickstart_ifcfg_generic_interface","template_kind_id":null,"template_kind_name":null},{"id":26,"name":"kickstart_ifcfg_get_identifier_names","template_kind_id":null,"template_kind_name":null},{"id":48,"name":"kickstart_networking_setup","template_kind_id":null,"template_kind_name":null},{"id":75,"name":"Kickstart
        oVirt-RHVH","template_kind_id":5,"template_kind_name":"provision"},{"id":17,"name":"Kickstart
        oVirt-RHVH PXELinux","template_kind_id":1,"template_kind_name":"PXELinux"},{"id":59,"name":"NX-OS
        default POAP setup","template_kind_id":10,"template_kind_name":"POAP"},{"id":68,"name":"Preseed
        default","template_kind_id":5,"template_kind_name":"provision"},{"id":81,"name":"Preseed
        default finish","template_kind_id":6,"template_kind_name":"finish"},{"id":86,"name":"Preseed
        default iPXE","template_kind_id":4,"template_kind_name":"iPXE"},{"id":1,"name":"Preseed
        default PXEGrub2","template_kind_id":3,"template_kind_name":"PXEGrub2"},{"id":11,"name":"Preseed
        default PXELinux","template_kind_id":1,"template_kind_name":"PXELinux"},{"id":21,"name":"Preseed
        default user data","template_kind_id":8,"template_kind_name":"user_data"},{"id":57,"name":"preseed_networking_setup","template_kind_id":null,"template_kind_name":null},{"id":46,"name":"puppet.conf","template_kind_id":null,"template_kind_name":null},{"id":29,"name":"puppetlabs_repo","template_kind_id":null,"template_kind_name":null},{"id":53,"name":"puppet_setup","template_kind_id":null,"template_kind_name":null},{"id":35,"name":"pxegrub2_chainload","template_kind_id":null,"template_kind_name":null},{"id":2,"name":"PXEGrub2
        default local boot","template_kind_id":3,"template_kind_name":"PXEGrub2"},{"id":30,"name":"pxegrub2_discovery","template_kind_id":null,"template_kind_name":null},{"id":3,"name":"PXEGrub2
        global default","template_kind_id":3,"template_kind_name":"PXEGrub2"},{"id":25,"name":"pxegrub_chainload","template_kind_id":null,"template_kind_name":null},{"id":63,"name":"PXEGrub
        default local boot","template_kind_id":2,"template_kind_name":"PXEGrub"},{"id":27,"name":"pxegrub_discovery","template_kind_id":null,"template_kind_name":null},{"id":60,"name":"PXEGrub
        global default","template_kind_id":2,"template_kind_name":"PXEGrub"},{"id":15,"name":"PXELinux
        chain iPXE","template_kind_id":1,"template_kind_name":"PXELinux"},{"id":19,"name":"PXELinux
        chain iPXE UNDI","template_kind_id":1,"template_kind_name":"PXELinux"},{"id":40,"name":"pxelinux_chainload","template_kind_id":null,"template_kind_name":null},{"id":9,"name":"PXELinux
        default local boot","template_kind_id":1,"template_kind_name":"PXELinux"},{"id":8,"name":"PXELinux
        default memdisk","template_kind_id":1,"template_kind_name":"PXELinux"},{"id":55,"name":"pxelinux_discovery","template_kind_id":null,"template_kind_name":null},{"id":7,"name":"PXELinux
        global default","template_kind_id":1,"template_kind_name":"PXELinux"},{"id":32,"name":"rancheros_cloudconfig","template_kind_id":null,"template_kind_name":null},{"id":64,"name":"RancherOS
        provision","template_kind_id":5,"template_kind_name":"provision"},{"id":16,"name":"RancherOS
        PXELinux","template_kind_id":1,"template_kind_name":"PXELinux"},{"id":24,"name":"redhat_register","template_kind_id":null,"template_kind_name":null},{"id":38,"name":"remote_execution_ssh_keys","template_kind_id":null,"template_kind_name":null},{"id":45,"name":"saltstack_minion","template_kind_id":null,"template_kind_name":null},{"id":51,"name":"saltstack_setup","template_kind_id":null,"template_kind_name":null},{"id":20,"name":"UserData
        default","template_kind_id":8,"template_kind_name":"user_data"},{"id":6,"name":"WAIK
        default PXELinux","template_kind_id":1,"template_kind_name":"PXELinux"},{"id":72,"name":"XenServer
        default answerfile","template_kind_id":5,"template_kind_name":"provision"},{"id":82,"name":"XenServer
        default finish","template_kind_id":6,"template_kind_name":"finish"},{"id":13,"name":"XenServer
        default PXELinux","template_kind_id":1,"template_kind_name":"PXELinux"}],"ptables":[{"os_family":"Suse","created_at":"2019-05-14
        11:58:34 UTC","updated_at":"2019-05-14 11:58:34 UTC","name":"AutoYaST entire
        SCSI disk","id":96},{"os_family":"Suse","created_at":"2019-05-14 11:58:34
        UTC","updated_at":"2019-05-14 11:58:34 UTC","name":"AutoYaST entire virtual
        disk","id":105},{"os_family":"Suse","created_at":"2019-05-14 11:58:34 UTC","updated_at":"2019-05-14
        11:58:34 UTC","name":"AutoYaST LVM","id":103},{"os_family":"Coreos","created_at":"2019-05-14
        11:58:34 UTC","updated_at":"2019-05-14 11:58:34 UTC","name":"CoreOS default
        fake","id":104},{"os_family":"Rancheros","created_at":"2019-05-14 11:58:34
        UTC","updated_at":"2019-05-14 11:58:34 UTC","name":"Empty","id":101},{"os_family":"Freebsd","created_at":"2019-05-14
        11:58:34 UTC","updated_at":"2019-05-14 11:58:34 UTC","name":"FreeBSD default
        fake","id":94},{"os_family":"Solaris","created_at":"2019-05-14 11:58:34 UTC","updated_at":"2019-05-14
        11:58:34 UTC","name":"Jumpstart default","id":102},{"os_family":"Solaris","created_at":"2019-05-14
        11:58:34 UTC","updated_at":"2019-05-14 11:58:34 UTC","name":"Jumpstart mirrored","id":99},{"os_family":"Junos","created_at":"2019-05-14
        11:58:34 UTC","updated_at":"2019-05-14 11:58:34 UTC","name":"Junos default
        fake","id":106},{"os_family":"Redhat","created_at":"2019-05-14 11:58:34 UTC","updated_at":"2019-05-14
        11:58:34 UTC","name":"Kickstart default","id":93},{"os_family":"Redhat","created_at":"2019-05-14
        11:58:34 UTC","updated_at":"2019-05-14 11:58:34 UTC","name":"Kickstart default
        thin","id":100},{"os_family":"NXOS","created_at":"2019-05-14 11:58:34 UTC","updated_at":"2019-05-14
        11:58:34 UTC","name":"NX-OS default fake","id":92},{"os_family":"Debian","created_at":"2019-05-14
        11:58:34 UTC","updated_at":"2019-05-14 11:58:34 UTC","name":"Preseed default","id":95},{"os_family":"Debian","created_at":"2019-05-14
        11:58:34 UTC","updated_at":"2019-05-14 11:58:34 UTC","name":"Preseed default
        LVM","id":98},{"os_family":"Xenserver","created_at":"2019-05-14 11:58:34 UTC","updated_at":"2019-05-14
        11:58:34 UTC","name":"XenServer default","id":97}],"provisioning_templates":[{"id":66,"name":"Alterator
        default","template_kind_id":5,"template_kind_name":"provision"},{"id":78,"name":"Alterator
        default finish","template_kind_id":6,"template_kind_name":"finish"},{"id":12,"name":"Alterator
        default PXELinux","template_kind_id":1,"template_kind_name":"PXELinux"},{"id":37,"name":"alterator_pkglist","template_kind_id":null,"template_kind_name":null},{"id":58,"name":"ansible_provisioning_callback","template_kind_id":null,"template_kind_name":null},{"id":43,"name":"ansible_tower_callback_script","template_kind_id":null,"template_kind_name":null},{"id":34,"name":"ansible_tower_callback_service","template_kind_id":null,"template_kind_name":null},{"id":76,"name":"Atomic
        Kickstart default","template_kind_id":5,"template_kind_name":"provision"},{"id":67,"name":"AutoYaST
        default","template_kind_id":5,"template_kind_name":"provision"},{"id":88,"name":"AutoYaST
        default iPXE","template_kind_id":4,"template_kind_name":"iPXE"},{"id":5,"name":"AutoYaST
        default PXELinux","template_kind_id":1,"template_kind_name":"PXELinux"},{"id":22,"name":"AutoYaST
        default user data","template_kind_id":8,"template_kind_name":"user_data"},{"id":74,"name":"AutoYaST
        SLES default","template_kind_id":5,"template_kind_name":"provision"},{"id":41,"name":"blacklist_kernel_modules","template_kind_id":null,"template_kind_name":null},{"id":54,"name":"bmc_nic_setup","template_kind_id":null,"template_kind_name":null},{"id":44,"name":"built","template_kind_id":null,"template_kind_name":null},{"id":52,"name":"chef_client","template_kind_id":null,"template_kind_name":null},{"id":47,"name":"coreos_cloudconfig","template_kind_id":null,"template_kind_name":null},{"id":69,"name":"CoreOS
        provision","template_kind_id":5,"template_kind_name":"provision"},{"id":14,"name":"CoreOS
        PXELinux","template_kind_id":1,"template_kind_name":"PXELinux"},{"id":33,"name":"create_users","template_kind_id":null,"template_kind_name":null},{"id":28,"name":"csr_attributes.yaml","template_kind_id":null,"template_kind_name":null},{"id":42,"name":"epel","template_kind_id":null,"template_kind_name":null},{"id":49,"name":"fix_hosts","template_kind_id":null,"template_kind_name":null},{"id":77,"name":"FreeBSD
        (mfsBSD) finish","template_kind_id":6,"template_kind_name":"finish"},{"id":70,"name":"FreeBSD
        (mfsBSD) provision","template_kind_id":5,"template_kind_name":"provision"},{"id":18,"name":"FreeBSD
        (mfsBSD) PXELinux","template_kind_id":1,"template_kind_name":"PXELinux"},{"id":56,"name":"freeipa_register","template_kind_id":null,"template_kind_name":null},{"id":85,"name":"Grubby
        default","template_kind_id":7,"template_kind_name":"script"},{"id":39,"name":"http_proxy","template_kind_id":null,"template_kind_name":null},{"id":91,"name":"iPXE
        default local boot","template_kind_id":4,"template_kind_name":"iPXE"},{"id":87,"name":"iPXE
        global default","template_kind_id":4,"template_kind_name":"iPXE"},{"id":90,"name":"iPXE
        intermediate script","template_kind_id":4,"template_kind_name":"iPXE"},{"id":73,"name":"Jumpstart
        default","template_kind_id":5,"template_kind_name":"provision"},{"id":80,"name":"Jumpstart
        default finish","template_kind_id":6,"template_kind_name":"finish"},{"id":61,"name":"Jumpstart
        default PXEGrub","template_kind_id":2,"template_kind_name":"PXEGrub"},{"id":79,"name":"Junos
        default finish","template_kind_id":6,"template_kind_name":"finish"},{"id":71,"name":"Junos
        default SLAX","template_kind_id":5,"template_kind_name":"provision"},{"id":84,"name":"Junos
        default ZTP config","template_kind_id":9,"template_kind_name":"ZTP"},{"id":65,"name":"Kickstart
        default","template_kind_id":5,"template_kind_name":"provision"},{"id":83,"name":"Kickstart
        default finish","template_kind_id":6,"template_kind_name":"finish"},{"id":89,"name":"Kickstart
        default iPXE","template_kind_id":4,"template_kind_name":"iPXE"},{"id":62,"name":"Kickstart
        default PXEGrub","template_kind_id":2,"template_kind_name":"PXEGrub"},{"id":4,"name":"Kickstart
        default PXEGrub2","template_kind_id":3,"template_kind_name":"PXEGrub2"},{"id":10,"name":"Kickstart
        default PXELinux","template_kind_id":1,"template_kind_name":"PXELinux"},{"id":23,"name":"Kickstart
        default user data","template_kind_id":8,"template_kind_name":"user_data"},{"id":50,"name":"kickstart_ifcfg_bonded_interface","template_kind_id":null,"template_kind_name":null},{"id":36,"name":"kickstart_ifcfg_bond_interface","template_kind_id":null,"template_kind_name":null},{"id":31,"name":"kickstart_ifcfg_generic_interface","template_kind_id":null,"template_kind_name":null},{"id":26,"name":"kickstart_ifcfg_get_identifier_names","template_kind_id":null,"template_kind_name":null},{"id":48,"name":"kickstart_networking_setup","template_kind_id":null,"template_kind_name":null},{"id":75,"name":"Kickstart
        oVirt-RHVH","template_kind_id":5,"template_kind_name":"provision"},{"id":17,"name":"Kickstart
        oVirt-RHVH PXELinux","template_kind_id":1,"template_kind_name":"PXELinux"},{"id":59,"name":"NX-OS
        default POAP setup","template_kind_id":10,"template_kind_name":"POAP"},{"id":68,"name":"Preseed
        default","template_kind_id":5,"template_kind_name":"provision"},{"id":81,"name":"Preseed
        default finish","template_kind_id":6,"template_kind_name":"finish"},{"id":86,"name":"Preseed
        default iPXE","template_kind_id":4,"template_kind_name":"iPXE"},{"id":1,"name":"Preseed
        default PXEGrub2","template_kind_id":3,"template_kind_name":"PXEGrub2"},{"id":11,"name":"Preseed
        default PXELinux","template_kind_id":1,"template_kind_name":"PXELinux"},{"id":21,"name":"Preseed
        default user data","template_kind_id":8,"template_kind_name":"user_data"},{"id":57,"name":"preseed_networking_setup","template_kind_id":null,"template_kind_name":null},{"id":46,"name":"puppet.conf","template_kind_id":null,"template_kind_name":null},{"id":29,"name":"puppetlabs_repo","template_kind_id":null,"template_kind_name":null},{"id":53,"name":"puppet_setup","template_kind_id":null,"template_kind_name":null},{"id":35,"name":"pxegrub2_chainload","template_kind_id":null,"template_kind_name":null},{"id":2,"name":"PXEGrub2
        default local boot","template_kind_id":3,"template_kind_name":"PXEGrub2"},{"id":30,"name":"pxegrub2_discovery","template_kind_id":null,"template_kind_name":null},{"id":3,"name":"PXEGrub2
        global default","template_kind_id":3,"template_kind_name":"PXEGrub2"},{"id":25,"name":"pxegrub_chainload","template_kind_id":null,"template_kind_name":null},{"id":63,"name":"PXEGrub
        default local boot","template_kind_id":2,"template_kind_name":"PXEGrub"},{"id":27,"name":"pxegrub_discovery","template_kind_id":null,"template_kind_name":null},{"id":60,"name":"PXEGrub
        global default","template_kind_id":2,"template_kind_name":"PXEGrub"},{"id":15,"name":"PXELinux
        chain iPXE","template_kind_id":1,"template_kind_name":"PXELinux"},{"id":19,"name":"PXELinux
        chain iPXE UNDI","template_kind_id":1,"template_kind_name":"PXELinux"},{"id":40,"name":"pxelinux_chainload","template_kind_id":null,"template_kind_name":null},{"id":9,"name":"PXELinux
        default local boot","template_kind_id":1,"template_kind_name":"PXELinux"},{"id":8,"name":"PXELinux
        default memdisk","template_kind_id":1,"template_kind_name":"PXELinux"},{"id":55,"name":"pxelinux_discovery","template_kind_id":null,"template_kind_name":null},{"id":7,"name":"PXELinux
        global default","template_kind_id":1,"template_kind_name":"PXELinux"},{"id":32,"name":"rancheros_cloudconfig","template_kind_id":null,"template_kind_name":null},{"id":64,"name":"RancherOS
        provision","template_kind_id":5,"template_kind_name":"provision"},{"id":16,"name":"RancherOS
        PXELinux","template_kind_id":1,"template_kind_name":"PXELinux"},{"id":24,"name":"redhat_register","template_kind_id":null,"template_kind_name":null},{"id":38,"name":"remote_execution_ssh_keys","template_kind_id":null,"template_kind_name":null},{"id":45,"name":"saltstack_minion","template_kind_id":null,"template_kind_name":null},{"id":51,"name":"saltstack_setup","template_kind_id":null,"template_kind_name":null},{"id":20,"name":"UserData
        default","template_kind_id":8,"template_kind_name":"user_data"},{"id":6,"name":"WAIK
        default PXELinux","template_kind_id":1,"template_kind_name":"PXELinux"},{"id":72,"name":"XenServer
        default answerfile","template_kind_id":5,"template_kind_name":"provision"},{"id":82,"name":"XenServer
        default finish","template_kind_id":6,"template_kind_name":"finish"},{"id":13,"name":"XenServer
        default PXELinux","template_kind_id":1,"template_kind_name":"PXELinux"}],"domains":[],"realms":[],"environments":[],"hostgroups":[],"locations":[],"hosts_count":0,"parameters":[],"default_content_view_id":26,"library_id":26}'}
    headers:
      apipie-checksum: [51e9a9f745b34b1bb81e54e8dd7f7c521ef109c8]
      cache-control: ['max-age=0, private, must-revalidate']
      content-security-policy: ['default-src ''self''; child-src ''self''; connect-src
          ''self'' ws: wss:; img-src ''self'' data: *.gravatar.com; script-src ''unsafe-eval''
          ''unsafe-inline'' ''self''; style-src ''unsafe-inline'' ''self''']
      content-type: [application/json; charset=utf-8]
      date: ['Mon, 03 Jun 2019 07:14:55 GMT']
      etag: [W/"191f0ac126d8a4ba35d3dacca21d486c"]
      foreman_api_version: ['2']
      foreman_version: [1.21.3]
      server: [Apache]
      status: [200 OK]
      strict-transport-security: [max-age=631139040; includeSubdomains]
      transfer-encoding: [chunked]
      vary: [Accept-Encoding]
      x-content-type-options: [nosniff]
      x-download-options: [noopen]
      x-frame-options: [sameorigin]
      x-permitted-cross-domain-policies: [none]
      x-powered-by: [Phusion Passenger 4.0.53]
      x-request-id: [76e90655-aa82-4068-bfc1-cb4fe5dd3337]
      x-runtime: ['0.149747']
      x-xss-protection: [1; mode=block]
    status: {code: 200, message: OK}
- request:
    body: null
    headers:
      Accept: [application/json;version=2]
      Content-Length: ['0']
      Cookie: [_session_id=3ea6453dc6447d6c8d967b7c7f9605bc]
    method: DELETE
    uri: https://foreman.example.com/katello/api/organizations/41
  response:
    body: {string: !!python/unicode '  {"id":"0f69aebc-2683-4ca3-8b93-923ddf9e0de6","label":"Actions::Katello::Organization::Destroy","pending":true,"action":"Destroy
        organization ''Test Organization''","username":"admin","started_at":"2019-06-03
        07:14:56 UTC","ended_at":null,"state":"planned","result":"pending","progress":0.0,"input":{"organization":{"id":41,"name":"Test
        Organization","label":"Test_Organization"},"services_checked":["candlepin","candlepin_auth"],"remote_user":"admin","remote_cp_user":"admin","current_timezone":"UTC","current_user_id":4,"current_organization_id":null,"current_location_id":null},"output":{},"humanized":{"action":"Destroy","input":[["organization",{"text":"organization
        ''Test Organization''","link":"/organizations/41/edit"}]],"output":"","errors":[]},"cli_example":null}

        '}
    headers:
      apipie-checksum: [51e9a9f745b34b1bb81e54e8dd7f7c521ef109c8]
      cache-control: [no-cache]
      content-security-policy: ['default-src ''self''; child-src ''self''; connect-src
          ''self'' ws: wss:; img-src ''self'' data: *.gravatar.com; script-src ''unsafe-eval''
          ''unsafe-inline'' ''self''; style-src ''unsafe-inline'' ''self''']
      content-type: [application/json; charset=utf-8]
      date: ['Mon, 03 Jun 2019 07:14:56 GMT']
      foreman_api_version: ['2']
      foreman_version: [1.21.3]
      server: [Apache]
      set-cookie: [request_method=DELETE; path=/; secure; HttpOnly; SameSite=Lax]
      status: [202 Accepted]
      strict-transport-security: [max-age=631139040; includeSubdomains]
      transfer-encoding: [chunked]
      x-content-type-options: [nosniff]
      x-download-options: [noopen]
      x-frame-options: [sameorigin]
      x-permitted-cross-domain-policies: [none]
      x-powered-by: [Phusion Passenger 4.0.53]
      x-request-id: [7b22f925-30b0-4174-acce-081360fa3471]
      x-runtime: ['0.504289']
      x-xss-protection: [1; mode=block]
    status: {code: 202, message: Accepted}
version: 1
